[2021-05-20T10:33:56.465+0000][8][gc] Using G1
[2021-05-20T10:33:56.521+0000][8][gc,init] Version: 16+36 (release)
[2021-05-20T10:33:56.522+0000][8][gc,init] CPUs: 4 total, 4 available
[2021-05-20T10:33:56.523+0000][8][gc,init] Memory: 3936M
[2021-05-20T10:33:56.524+0000][8][gc,init] Large Page Support: Disabled
[2021-05-20T10:33:56.526+0000][8][gc,init] NUMA Support: Disabled
[2021-05-20T10:33:56.528+0000][8][gc,init] Compressed Oops: Enabled (32-bit)
[2021-05-20T10:33:56.529+0000][8][gc,init] Heap Region Size: 4M
[2021-05-20T10:33:56.530+0000][8][gc,init] Heap Min Capacity: 512M
[2021-05-20T10:33:56.532+0000][8][gc,init] Heap Initial Capacity: 512M
[2021-05-20T10:33:56.533+0000][8][gc,init] Heap Max Capacity: 512M
[2021-05-20T10:33:56.534+0000][8][gc,init] Pre-touch: Enabled
[2021-05-20T10:33:56.535+0000][8][gc,init] Parallel Workers: 4
[2021-05-20T10:33:56.536+0000][8][gc,init] Concurrent Workers: 1
[2021-05-20T10:33:56.536+0000][8][gc,init] Concurrent Refinement Workers: 4
[2021-05-20T10:33:56.537+0000][8][gc,init] Periodic GC: Disabled
[2021-05-20T10:33:56.538+0000][8][gc,metaspace] CDS archive(s) mapped at: [0x0000000800000000-0x0000000800bea000-0x0000000800bea000), size 12492800, SharedBaseAddress: 0x0000000800000000, ArchiveRelocationMode: 0.
[2021-05-20T10:33:56.538+0000][8][gc,metaspace] Compressed class space mapped at: 0x0000000800c00000-0x0000000840c00000, reserved size: 1073741824
[2021-05-20T10:33:56.539+0000][8][gc,metaspace] Narrow klass base: 0x0000000800000000, Narrow klass shift: 3, Narrow klass range: 0x100000000
[2021-05-20T10:33:57.321+0000][8][safepoint   ] Safepoint "ICBufferFull", Time since last: 770604100 ns, Reaching safepoint: 1989600 ns, At safepoint: 212400 ns, Total: 2202000 ns
[2021-05-20T10:33:57.563+0000][8][gc,start    ] GC(0) Pause Young (Normal) (G1 Evacuation Pause)
[2021-05-20T10:33:57.566+0000][8][gc,task     ] GC(0) Using 4 workers of 4 for evacuation
[2021-05-20T10:33:57.567+0000][8][gc,age      ] GC(0) Desired survivor size 2097152 bytes, new threshold 15 (max threshold 15)
[2021-05-20T10:33:57.574+0000][8][gc,age      ] GC(0) Age table with threshold 15 (max threshold 15)
[2021-05-20T10:33:57.575+0000][8][gc,age      ] GC(0) - age   1:    4172568 bytes,    4172568 total
[2021-05-20T10:33:57.576+0000][8][gc,phases   ] GC(0)   Pre Evacuate Collection Set: 0.1ms
[2021-05-20T10:33:57.576+0000][8][gc,phases   ] GC(0)   Merge Heap Roots: 0.2ms
[2021-05-20T10:33:57.577+0000][8][gc,phases   ] GC(0)   Evacuate Collection Set: 3.5ms
[2021-05-20T10:33:57.578+0000][8][gc,phases   ] GC(0)   Post Evacuate Collection Set: 1.5ms
[2021-05-20T10:33:57.579+0000][8][gc,phases   ] GC(0)   Other: 7.6ms
[2021-05-20T10:33:57.580+0000][8][gc,heap     ] GC(0) Eden regions: 6->0(5)
[2021-05-20T10:33:57.580+0000][8][gc,heap     ] GC(0) Survivor regions: 0->1(1)
[2021-05-20T10:33:57.581+0000][8][gc,heap     ] GC(0) Old regions: 0->1
[2021-05-20T10:33:57.582+0000][8][gc,heap     ] GC(0) Archive regions: 2->2
[2021-05-20T10:33:57.583+0000][8][gc,heap     ] GC(0) Humongous regions: 0->0
[2021-05-20T10:33:57.584+0000][8][gc,metaspace] GC(0) Metaspace: 8196K(8320K)->8196K(8320K) NonClass: 7285K(7360K)->7285K(7360K) Class: 910K(960K)->910K(960K)
[2021-05-20T10:33:57.585+0000][8][gc          ] GC(0) Pause Young (Normal) (G1 Evacuation Pause) 27M->8M(512M) 22.357ms
[2021-05-20T10:33:57.586+0000][8][gc,cpu      ] GC(0) User=0.03s Sys=0.01s Real=0.03s
[2021-05-20T10:33:57.587+0000][8][safepoint   ] Safepoint "G1CollectForAllocation", Time since last: 239987400 ns, Reaching safepoint: 1280500 ns, At safepoint: 23996700 ns, Total: 25277200 ns
[2021-05-20T10:33:58.320+0000][8][gc,start    ] GC(1) Pause Young (Normal) (G1 Evacuation Pause)
[2021-05-20T10:33:58.321+0000][8][gc,task     ] GC(1) Using 4 workers of 4 for evacuation
[2021-05-20T10:33:58.323+0000][8][gc,age      ] GC(1) Desired survivor size 2097152 bytes, new threshold 1 (max threshold 15)
[2021-05-20T10:33:58.332+0000][8][gc,age      ] GC(1) Age table with threshold 1 (max threshold 15)
[2021-05-20T10:33:58.334+0000][8][gc,age      ] GC(1) - age   1:    1714248 bytes,    1714248 total
[2021-05-20T10:33:58.336+0000][8][gc,phases   ] GC(1)   Pre Evacuate Collection Set: 0.6ms
[2021-05-20T10:33:58.336+0000][8][gc,phases   ] GC(1)   Merge Heap Roots: 0.6ms
[2021-05-20T10:33:58.337+0000][8][gc,phases   ] GC(1)   Evacuate Collection Set: 5.0ms
[2021-05-20T10:33:58.338+0000][8][gc,phases   ] GC(1)   Post Evacuate Collection Set: 2.3ms
[2021-05-20T10:33:58.339+0000][8][gc,phases   ] GC(1)   Other: 7.0ms
[2021-05-20T10:33:58.340+0000][8][gc,heap     ] GC(1) Eden regions: 5->0(7)
[2021-05-20T10:33:58.341+0000][8][gc,heap     ] GC(1) Survivor regions: 1->1(1)
[2021-05-20T10:33:58.341+0000][8][gc,heap     ] GC(1) Old regions: 1->2
[2021-05-20T10:33:58.342+0000][8][gc,heap     ] GC(1) Archive regions: 2->2
[2021-05-20T10:33:58.343+0000][8][gc,heap     ] GC(1) Humongous regions: 0->0
[2021-05-20T10:33:58.343+0000][8][gc,metaspace] GC(1) Metaspace: 11704K(11904K)->11704K(11904K) NonClass: 10320K(10432K)->10320K(10432K) Class: 1384K(1472K)->1384K(1472K)
[2021-05-20T10:33:58.344+0000][8][gc          ] GC(1) Pause Young (Normal) (G1 Evacuation Pause) 28M->9M(512M) 23.858ms
[2021-05-20T10:33:58.345+0000][8][gc,cpu      ] GC(1) User=0.01s Sys=0.01s Real=0.02s
[2021-05-20T10:33:58.346+0000][8][safepoint   ] Safepoint "G1CollectForAllocation", Time since last: 733208900 ns, Reaching safepoint: 418000 ns, At safepoint: 25333700 ns, Total: 25751700 ns
[2021-05-20T10:33:58.883+0000][8][gc,start    ] GC(2) Pause Young (Normal) (G1 Evacuation Pause)
[2021-05-20T10:33:58.884+0000][8][gc,task     ] GC(2) Using 4 workers of 4 for evacuation
[2021-05-20T10:33:58.885+0000][8][gc,age      ] GC(2) Desired survivor size 2097152 bytes, new threshold 15 (max threshold 15)
[2021-05-20T10:33:58.892+0000][8][gc,age      ] GC(2) Age table with threshold 15 (max threshold 15)
[2021-05-20T10:33:58.893+0000][8][gc,age      ] GC(2) - age   1:    1083352 bytes,    1083352 total
[2021-05-20T10:33:58.894+0000][8][gc,age      ] GC(2) - age   2:    1642720 bytes,    2726072 total
[2021-05-20T10:33:58.894+0000][8][gc,phases   ] GC(2)   Pre Evacuate Collection Set: 0.1ms
[2021-05-20T10:33:58.895+0000][8][gc,phases   ] GC(2)   Merge Heap Roots: 0.1ms
[2021-05-20T10:33:58.895+0000][8][gc,phases   ] GC(2)   Evacuate Collection Set: 4.1ms
[2021-05-20T10:33:58.896+0000][8][gc,phases   ] GC(2)   Post Evacuate Collection Set: 1.6ms
[2021-05-20T10:33:58.896+0000][8][gc,phases   ] GC(2)   Other: 5.0ms
[2021-05-20T10:33:58.897+0000][8][gc,heap     ] GC(2) Eden regions: 7->0(23)
[2021-05-20T10:33:58.898+0000][8][gc,heap     ] GC(2) Survivor regions: 1->1(1)
[2021-05-20T10:33:58.899+0000][8][gc,heap     ] GC(2) Old regions: 2->2
[2021-05-20T10:33:58.899+0000][8][gc,heap     ] GC(2) Archive regions: 2->2
[2021-05-20T10:33:58.900+0000][8][gc,heap     ] GC(2) Humongous regions: 0->0
[2021-05-20T10:33:58.901+0000][8][gc,metaspace] GC(2) Metaspace: 14190K(14400K)->14190K(14400K) NonClass: 12553K(12672K)->12553K(12672K) Class: 1636K(1728K)->1636K(1728K)
[2021-05-20T10:33:58.902+0000][8][gc          ] GC(2) Pause Young (Normal) (G1 Evacuation Pause) 37M->10M(512M) 18.367ms
[2021-05-20T10:33:58.902+0000][8][gc,cpu      ] GC(2) User=0.01s Sys=0.00s Real=0.02s
[2021-05-20T10:33:58.905+0000][8][safepoint   ] Safepoint "G1CollectForAllocation", Time since last: 537289000 ns, Reaching safepoint: 336600 ns, At safepoint: 21453900 ns, Total: 21790500 ns
[2021-05-20T10:33:59.282+0000][8][safepoint   ] Safepoint "ICBufferFull", Time since last: 375525500 ns, Reaching safepoint: 2169200 ns, At safepoint: 31100 ns, Total: 2200300 ns
[2021-05-20T10:33:59.289+0000][8][safepoint   ] Safepoint "ICBufferFull", Time since last: 6347900 ns, Reaching safepoint: 135300 ns, At safepoint: 30100 ns, Total: 165400 ns
[2021-05-20T10:33:59.294+0000][8][safepoint   ] Safepoint "ICBufferFull", Time since last: 5034200 ns, Reaching safepoint: 251700 ns, At safepoint: 22600 ns, Total: 274300 ns
[2021-05-20T10:33:59.300+0000][8][safepoint   ] Safepoint "ICBufferFull", Time since last: 5601400 ns, Reaching safepoint: 108200 ns, At safepoint: 79700 ns, Total: 187900 ns
[2021-05-20T10:33:59.307+0000][8][safepoint   ] Safepoint "ICBufferFull", Time since last: 6816800 ns, Reaching safepoint: 330100 ns, At safepoint: 19900 ns, Total: 350000 ns
[2021-05-20T10:33:59.313+0000][8][safepoint   ] Safepoint "ICBufferFull", Time since last: 5210600 ns, Reaching safepoint: 224000 ns, At safepoint: 23200 ns, Total: 247200 ns
[2021-05-20T10:33:59.318+0000][8][safepoint   ] Safepoint "ICBufferFull", Time since last: 5074700 ns, Reaching safepoint: 157000 ns, At safepoint: 21300 ns, Total: 178300 ns
[2021-05-20T10:33:59.323+0000][8][safepoint   ] Safepoint "ICBufferFull", Time since last: 4508700 ns, Reaching safepoint: 206200 ns, At safepoint: 24700 ns, Total: 230900 ns
[2021-05-20T10:33:59.328+0000][8][safepoint   ] Safepoint "ICBufferFull", Time since last: 5030600 ns, Reaching safepoint: 80000 ns, At safepoint: 20900 ns, Total: 100900 ns
[2021-05-20T10:33:59.333+0000][8][safepoint   ] Safepoint "ICBufferFull", Time since last: 4931300 ns, Reaching safepoint: 77700 ns, At safepoint: 21700 ns, Total: 99400 ns
[2021-05-20T10:33:59.339+0000][8][safepoint   ] Safepoint "ICBufferFull", Time since last: 6419200 ns, Reaching safepoint: 78700 ns, At safepoint: 21400 ns, Total: 100100 ns
[2021-05-20T10:33:59.345+0000][8][safepoint   ] Safepoint "ICBufferFull", Time since last: 5030400 ns, Reaching safepoint: 127600 ns, At safepoint: 42100 ns, Total: 169700 ns
[2021-05-20T10:33:59.351+0000][8][safepoint   ] Safepoint "ICBufferFull", Time since last: 6269500 ns, Reaching safepoint: 142500 ns, At safepoint: 81900 ns, Total: 224400 ns
[2021-05-20T10:33:59.358+0000][8][safepoint   ] Safepoint "ICBufferFull", Time since last: 6715600 ns, Reaching safepoint: 86900 ns, At safepoint: 25100 ns, Total: 112000 ns
[2021-05-20T10:33:59.368+0000][8][safepoint   ] Safepoint "ICBufferFull", Time since last: 10062400 ns, Reaching safepoint: 309800 ns, At safepoint: 23800 ns, Total: 333600 ns
[2021-05-20T10:33:59.374+0000][8][safepoint   ] Safepoint "ICBufferFull", Time since last: 5316800 ns, Reaching safepoint: 64100 ns, At safepoint: 98200 ns, Total: 162300 ns
[2021-05-20T10:33:59.378+0000][8][safepoint   ] Safepoint "ICBufferFull", Time since last: 4587400 ns, Reaching safepoint: 69200 ns, At safepoint: 41200 ns, Total: 110400 ns
[2021-05-20T10:33:59.384+0000][8][safepoint   ] Safepoint "ICBufferFull", Time since last: 5876700 ns, Reaching safepoint: 77400 ns, At safepoint: 22500 ns, Total: 99900 ns
[2021-05-20T10:33:59.391+0000][8][safepoint   ] Safepoint "ICBufferFull", Time since last: 6951200 ns, Reaching safepoint: 53600 ns, At safepoint: 22400 ns, Total: 76000 ns
[2021-05-20T10:33:59.397+0000][8][safepoint   ] Safepoint "ICBufferFull", Time since last: 5040500 ns, Reaching safepoint: 163700 ns, At safepoint: 39000 ns, Total: 202700 ns
[2021-05-20T10:33:59.399+0000][8][safepoint   ] Safepoint "ICBufferFull", Time since last: 2403300 ns, Reaching safepoint: 154700 ns, At safepoint: 41500 ns, Total: 196200 ns
[2021-05-20T10:33:59.401+0000][8][safepoint   ] Safepoint "ICBufferFull", Time since last: 2078900 ns, Reaching safepoint: 61200 ns, At safepoint: 21700 ns, Total: 82900 ns
[2021-05-20T10:33:59.404+0000][8][safepoint   ] Safepoint "ICBufferFull", Time since last: 1990600 ns, Reaching safepoint: 60700 ns, At safepoint: 23600 ns, Total: 84300 ns
[2021-05-20T10:33:59.405+0000][8][safepoint   ] Safepoint "ICBufferFull", Time since last: 1805800 ns, Reaching safepoint: 75400 ns, At safepoint: 49300 ns, Total: 124700 ns
[2021-05-20T10:33:59.408+0000][8][safepoint   ] Safepoint "ICBufferFull", Time since last: 2352300 ns, Reaching safepoint: 62800 ns, At safepoint: 22800 ns, Total: 85600 ns
[2021-05-20T10:33:59.410+0000][8][safepoint   ] Safepoint "ICBufferFull", Time since last: 1958900 ns, Reaching safepoint: 61000 ns, At safepoint: 23200 ns, Total: 84200 ns
[2021-05-20T10:33:59.413+0000][8][safepoint   ] Safepoint "ICBufferFull", Time since last: 2586900 ns, Reaching safepoint: 68600 ns, At safepoint: 21900 ns, Total: 90500 ns
[2021-05-20T10:33:59.415+0000][8][safepoint   ] Safepoint "ICBufferFull", Time since last: 2445900 ns, Reaching safepoint: 62100 ns, At safepoint: 26700 ns, Total: 88800 ns
[2021-05-20T10:33:59.417+0000][8][safepoint   ] Safepoint "ICBufferFull", Time since last: 1810700 ns, Reaching safepoint: 123300 ns, At safepoint: 42800 ns, Total: 166100 ns
[2021-05-20T10:33:59.552+0000][8][gc,start    ] GC(3) Pause Young (Normal) (G1 Evacuation Pause)
[2021-05-20T10:33:59.553+0000][8][gc,task     ] GC(3) Using 4 workers of 4 for evacuation
[2021-05-20T10:33:59.554+0000][8][gc,age      ] GC(3) Desired survivor size 6291456 bytes, new threshold 15 (max threshold 15)
[2021-05-20T10:33:59.563+0000][8][gc,age      ] GC(3) Age table with threshold 15 (max threshold 15)
[2021-05-20T10:33:59.564+0000][8][gc,age      ] GC(3) - age   1:    2904872 bytes,    2904872 total
[2021-05-20T10:33:59.564+0000][8][gc,age      ] GC(3) - age   2:    1047096 bytes,    3951968 total
[2021-05-20T10:33:59.565+0000][8][gc,age      ] GC(3) - age   3:    1628512 bytes,    5580480 total
[2021-05-20T10:33:59.566+0000][8][gc,phases   ] GC(3)   Pre Evacuate Collection Set: 0.2ms
[2021-05-20T10:33:59.567+0000][8][gc,phases   ] GC(3)   Merge Heap Roots: 0.3ms
[2021-05-20T10:33:59.568+0000][8][gc,phases   ] GC(3)   Evacuate Collection Set: 5.8ms
[2021-05-20T10:33:59.569+0000][8][gc,phases   ] GC(3)   Post Evacuate Collection Set: 1.5ms
[2021-05-20T10:33:59.570+0000][8][gc,phases   ] GC(3)   Other: 5.9ms
[2021-05-20T10:33:59.571+0000][8][gc,heap     ] GC(3) Eden regions: 23->0(74)
[2021-05-20T10:33:59.571+0000][8][gc,heap     ] GC(3) Survivor regions: 1->2(3)
[2021-05-20T10:33:59.572+0000][8][gc,heap     ] GC(3) Old regions: 2->2
[2021-05-20T10:33:59.573+0000][8][gc,heap     ] GC(3) Archive regions: 2->2
[2021-05-20T10:33:59.573+0000][8][gc,heap     ] GC(3) Humongous regions: 0->0
[2021-05-20T10:33:59.574+0000][8][gc,metaspace] GC(3) Metaspace: 16366K(16576K)->16366K(16576K) NonClass: 14438K(14528K)->14438K(14528K) Class: 1928K(2048K)->1928K(2048K)
[2021-05-20T10:33:59.575+0000][8][gc          ] GC(3) Pause Young (Normal) (G1 Evacuation Pause) 102M->13M(512M) 22.589ms
[2021-05-20T10:33:59.576+0000][8][gc,cpu      ] GC(3) User=0.04s Sys=0.00s Real=0.03s
[2021-05-20T10:33:59.577+0000][8][safepoint   ] Safepoint "G1CollectForAllocation", Time since last: 135199100 ns, Reaching safepoint: 89700 ns, At safepoint: 24475400 ns, Total: 24565100 ns
[2021-05-20T10:34:00.089+0000][8][safepoint   ] Safepoint "ICBufferFull", Time since last: 512190500 ns, Reaching safepoint: 208500 ns, At safepoint: 43000 ns, Total: 251500 ns
[2021-05-20T10:34:00.483+0000][8][gc,start    ] GC(4) Pause Young (Normal) (G1 Evacuation Pause)
[2021-05-20T10:34:00.484+0000][8][gc,task     ] GC(4) Using 4 workers of 4 for evacuation
[2021-05-20T10:34:00.485+0000][8][gc,age      ] GC(4) Desired survivor size 20971520 bytes, new threshold 15 (max threshold 15)
[2021-05-20T10:34:00.506+0000][8][gc,age      ] GC(4) Age table with threshold 15 (max threshold 15)
[2021-05-20T10:34:00.507+0000][8][gc,age      ] GC(4) - age   1:    4246824 bytes,    4246824 total
[2021-05-20T10:34:00.508+0000][8][gc,age      ] GC(4) - age   2:    1970304 bytes,    6217128 total
[2021-05-20T10:34:00.508+0000][8][gc,age      ] GC(4) - age   3:    1046976 bytes,    7264104 total
[2021-05-20T10:34:00.509+0000][8][gc,age      ] GC(4) - age   4:    1628512 bytes,    8892616 total
[2021-05-20T10:34:00.510+0000][8][gc,phases   ] GC(4)   Pre Evacuate Collection Set: 1.9ms
[2021-05-20T10:34:00.510+0000][8][gc,phases   ] GC(4)   Merge Heap Roots: 1.1ms
[2021-05-20T10:34:00.511+0000][8][gc,phases   ] GC(4)   Evacuate Collection Set: 13.1ms
[2021-05-20T10:34:00.511+0000][8][gc,phases   ] GC(4)   Post Evacuate Collection Set: 3.6ms
[2021-05-20T10:34:00.512+0000][8][gc,phases   ] GC(4)   Other: 6.8ms
[2021-05-20T10:34:00.512+0000][8][gc,heap     ] GC(4) Eden regions: 74->0(73)
[2021-05-20T10:34:00.513+0000][8][gc,heap     ] GC(4) Survivor regions: 2->3(10)
[2021-05-20T10:34:00.514+0000][8][gc,heap     ] GC(4) Old regions: 2->2
[2021-05-20T10:34:00.514+0000][8][gc,heap     ] GC(4) Archive regions: 2->2
[2021-05-20T10:34:00.515+0000][8][gc,heap     ] GC(4) Humongous regions: 0->0
[2021-05-20T10:34:00.515+0000][8][gc,metaspace] GC(4) Metaspace: 18618K(19008K)->18618K(19008K) NonClass: 16398K(16640K)->16398K(16640K) Class: 2220K(2368K)->2220K(2368K)
[2021-05-20T10:34:00.516+0000][8][gc          ] GC(4) Pause Young (Normal) (G1 Evacuation Pause) 309M->16M(512M) 32.659ms
[2021-05-20T10:34:00.517+0000][8][gc,cpu      ] GC(4) User=0.03s Sys=0.00s Real=0.04s
[2021-05-20T10:34:00.517+0000][8][safepoint   ] Safepoint "G1CollectForAllocation", Time since last: 393612500 ns, Reaching safepoint: 145300 ns, At safepoint: 34183300 ns, Total: 34328600 ns
[2021-05-20T10:34:01.072+0000][8][gc,start    ] GC(5) Pause Young (Normal) (G1 Evacuation Pause)
[2021-05-20T10:34:01.074+0000][8][gc,task     ] GC(5) Using 4 workers of 4 for evacuation
[2021-05-20T10:34:01.075+0000][8][gc,age      ] GC(5) Desired survivor size 20971520 bytes, new threshold 15 (max threshold 15)
[2021-05-20T10:34:01.088+0000][8][gc,age      ] GC(5) Age table with threshold 15 (max threshold 15)
[2021-05-20T10:34:01.089+0000][8][gc,age      ] GC(5) - age   1:    4110680 bytes,    4110680 total
[2021-05-20T10:34:01.090+0000][8][gc,age      ] GC(5) - age   2:    3759352 bytes,    7870032 total
[2021-05-20T10:34:01.091+0000][8][gc,age      ] GC(5) - age   3:    1969952 bytes,    9839984 total
[2021-05-20T10:34:01.091+0000][8][gc,age      ] GC(5) - age   4:    1046976 bytes,   10886960 total
[2021-05-20T10:34:01.092+0000][8][gc,age      ] GC(5) - age   5:    1628512 bytes,   12515472 total
[2021-05-20T10:34:01.093+0000][8][gc,phases   ] GC(5)   Pre Evacuate Collection Set: 0.3ms
[2021-05-20T10:34:01.093+0000][8][gc,phases   ] GC(5)   Merge Heap Roots: 0.3ms
[2021-05-20T10:34:01.094+0000][8][gc,phases   ] GC(5)   Evacuate Collection Set: 9.4ms
[2021-05-20T10:34:01.094+0000][8][gc,phases   ] GC(5)   Post Evacuate Collection Set: 2.0ms
[2021-05-20T10:34:01.095+0000][8][gc,phases   ] GC(5)   Other: 9.0ms
[2021-05-20T10:34:01.095+0000][8][gc,heap     ] GC(5) Eden regions: 73->0(72)
[2021-05-20T10:34:01.096+0000][8][gc,heap     ] GC(5) Survivor regions: 3->4(10)
[2021-05-20T10:34:01.097+0000][8][gc,heap     ] GC(5) Old regions: 2->2
[2021-05-20T10:34:01.097+0000][8][gc,heap     ] GC(5) Archive regions: 2->2
[2021-05-20T10:34:01.098+0000][8][gc,heap     ] GC(5) Humongous regions: 0->0
[2021-05-20T10:34:01.098+0000][8][gc,metaspace] GC(5) Metaspace: 19025K(19392K)->19025K(19392K) NonClass: 16758K(16960K)->16758K(16960K) Class: 2267K(2432K)->2267K(2432K)
[2021-05-20T10:34:01.099+0000][8][gc          ] GC(5) Pause Young (Normal) (G1 Evacuation Pause) 308M->20M(512M) 27.056ms
[2021-05-20T10:34:01.099+0000][8][gc,cpu      ] GC(5) User=0.04s Sys=0.01s Real=0.03s
[2021-05-20T10:34:01.100+0000][8][safepoint   ] Safepoint "G1CollectForAllocation", Time since last: 554109200 ns, Reaching safepoint: 131700 ns, At safepoint: 28346200 ns, Total: 28477900 ns
[2021-05-20T10:34:01.673+0000][8][gc,start    ] GC(6) Pause Young (Normal) (G1 Evacuation Pause)
[2021-05-20T10:34:01.675+0000][8][gc,task     ] GC(6) Using 4 workers of 4 for evacuation
[2021-05-20T10:34:01.676+0000][8][gc,age      ] GC(6) Desired survivor size 20971520 bytes, new threshold 15 (max threshold 15)
[2021-05-20T10:34:01.688+0000][8][gc,age      ] GC(6) Age table with threshold 15 (max threshold 15)
[2021-05-20T10:34:01.689+0000][8][gc,age      ] GC(6) - age   1:    2330928 bytes,    2330928 total
[2021-05-20T10:34:01.690+0000][8][gc,age      ] GC(6) - age   2:    2546120 bytes,    4877048 total
[2021-05-20T10:34:01.691+0000][8][gc,age      ] GC(6) - age   3:    3758040 bytes,    8635088 total
[2021-05-20T10:34:01.691+0000][8][gc,age      ] GC(6) - age   4:    1969952 bytes,   10605040 total
[2021-05-20T10:34:01.692+0000][8][gc,age      ] GC(6) - age   5:    1046976 bytes,   11652016 total
[2021-05-20T10:34:01.693+0000][8][gc,age      ] GC(6) - age   6:    1628512 bytes,   13280528 total
[2021-05-20T10:34:01.694+0000][8][gc,phases   ] GC(6)   Pre Evacuate Collection Set: 0.1ms
[2021-05-20T10:34:01.695+0000][8][gc,phases   ] GC(6)   Merge Heap Roots: 0.2ms
[2021-05-20T10:34:01.695+0000][8][gc,phases   ] GC(6)   Evacuate Collection Set: 7.8ms
[2021-05-20T10:34:01.696+0000][8][gc,phases   ] GC(6)   Post Evacuate Collection Set: 3.6ms
[2021-05-20T10:34:01.698+0000][8][gc,phases   ] GC(6)   Other: 9.2ms
[2021-05-20T10:34:01.698+0000][8][gc,heap     ] GC(6) Eden regions: 72->0(72)
[2021-05-20T10:34:01.699+0000][8][gc,heap     ] GC(6) Survivor regions: 4->4(10)
[2021-05-20T10:34:01.700+0000][8][gc,heap     ] GC(6) Old regions: 2->2
[2021-05-20T10:34:01.700+0000][8][gc,heap     ] GC(6) Archive regions: 2->2
[2021-05-20T10:34:01.701+0000][8][gc,heap     ] GC(6) Humongous regions: 0->0
[2021-05-20T10:34:01.702+0000][8][gc,metaspace] GC(6) Metaspace: 19414K(19904K)->19414K(19904K) NonClass: 17076K(17344K)->17076K(17344K) Class: 2338K(2560K)->2338K(2560K)
[2021-05-20T10:34:01.702+0000][8][gc          ] GC(6) Pause Young (Normal) (G1 Evacuation Pause) 308M->21M(512M) 29.680ms
[2021-05-20T10:34:01.703+0000][8][gc,cpu      ] GC(6) User=0.03s Sys=0.01s Real=0.03s
[2021-05-20T10:34:01.704+0000][8][safepoint   ] Safepoint "G1CollectForAllocation", Time since last: 572735300 ns, Reaching safepoint: 104200 ns, At safepoint: 31225800 ns, Total: 31330000 ns
[2021-05-20T10:34:02.256+0000][8][gc,start    ] GC(7) Pause Young (Normal) (G1 Evacuation Pause)
[2021-05-20T10:34:02.257+0000][8][gc,task     ] GC(7) Using 4 workers of 4 for evacuation
[2021-05-20T10:34:02.257+0000][8][gc,age      ] GC(7) Desired survivor size 20971520 bytes, new threshold 15 (max threshold 15)
[2021-05-20T10:34:02.274+0000][8][gc,age      ] GC(7) Age table with threshold 15 (max threshold 15)
[2021-05-20T10:34:02.275+0000][8][gc,age      ] GC(7) - age   1:    4087392 bytes,    4087392 total
[2021-05-20T10:34:02.276+0000][8][gc,age      ] GC(7) - age   2:     577984 bytes,    4665376 total
[2021-05-20T10:34:02.276+0000][8][gc,age      ] GC(7) - age   3:    2544992 bytes,    7210368 total
[2021-05-20T10:34:02.277+0000][8][gc,age      ] GC(7) - age   4:    3757480 bytes,   10967848 total
[2021-05-20T10:34:02.278+0000][8][gc,age      ] GC(7) - age   5:    1969904 bytes,   12937752 total
[2021-05-20T10:34:02.278+0000][8][gc,age      ] GC(7) - age   6:    1038752 bytes,   13976504 total
[2021-05-20T10:34:02.279+0000][8][gc,age      ] GC(7) - age   7:    1628256 bytes,   15604760 total
[2021-05-20T10:34:02.280+0000][8][gc,phases   ] GC(7)   Pre Evacuate Collection Set: 0.3ms
[2021-05-20T10:34:02.280+0000][8][gc,phases   ] GC(7)   Merge Heap Roots: 0.3ms
[2021-05-20T10:34:02.281+0000][8][gc,phases   ] GC(7)   Evacuate Collection Set: 10.5ms
[2021-05-20T10:34:02.281+0000][8][gc,phases   ] GC(7)   Post Evacuate Collection Set: 5.0ms
[2021-05-20T10:34:02.282+0000][8][gc,phases   ] GC(7)   Other: 7.7ms
[2021-05-20T10:34:02.283+0000][8][gc,heap     ] GC(7) Eden regions: 72->0(72)
[2021-05-20T10:34:02.283+0000][8][gc,heap     ] GC(7) Survivor regions: 4->4(10)
[2021-05-20T10:34:02.284+0000][8][gc,heap     ] GC(7) Old regions: 2->2
[2021-05-20T10:34:02.285+0000][8][gc,heap     ] GC(7) Archive regions: 2->2
[2021-05-20T10:34:02.285+0000][8][gc,heap     ] GC(7) Humongous regions: 0->0
[2021-05-20T10:34:02.286+0000][8][gc,metaspace] GC(7) Metaspace: 20764K(21248K)->20764K(21248K) NonClass: 18250K(18560K)->18250K(18560K) Class: 2513K(2688K)->2513K(2688K)
[2021-05-20T10:34:02.287+0000][8][gc          ] GC(7) Pause Young (Normal) (G1 Evacuation Pause) 309M->24M(512M) 31.084ms
[2021-05-20T10:34:02.288+0000][8][gc,cpu      ] GC(7) User=0.05s Sys=0.01s Real=0.03s
[2021-05-20T10:34:02.288+0000][8][safepoint   ] Safepoint "G1CollectForAllocation", Time since last: 551743000 ns, Reaching safepoint: 142800 ns, At safepoint: 32434700 ns, Total: 32577500 ns
[2021-05-20T10:34:02.374+0000][8][gc,start    ] GC(8) Pause Young (Concurrent Start) (Metadata GC Threshold)
[2021-05-20T10:34:02.375+0000][8][gc,task     ] GC(8) Using 4 workers of 4 for evacuation
[2021-05-20T10:34:02.376+0000][8][gc,age      ] GC(8) Desired survivor size 20971520 bytes, new threshold 15 (max threshold 15)
[2021-05-20T10:34:02.389+0000][8][gc,age      ] GC(8) Age table with threshold 15 (max threshold 15)
[2021-05-20T10:34:02.390+0000][8][gc,age      ] GC(8) - age   1:     132448 bytes,     132448 total
[2021-05-20T10:34:02.390+0000][8][gc,age      ] GC(8) - age   2:    2345712 bytes,    2478160 total
[2021-05-20T10:34:02.391+0000][8][gc,age      ] GC(8) - age   3:     577984 bytes,    3056144 total
[2021-05-20T10:34:02.392+0000][8][gc,age      ] GC(8) - age   4:    2544992 bytes,    5601136 total
[2021-05-20T10:34:02.393+0000][8][gc,age      ] GC(8) - age   5:    3757480 bytes,    9358616 total
[2021-05-20T10:34:02.393+0000][8][gc,age      ] GC(8) - age   6:    1969904 bytes,   11328520 total
[2021-05-20T10:34:02.394+0000][8][gc,age      ] GC(8) - age   7:    1038752 bytes,   12367272 total
[2021-05-20T10:34:02.395+0000][8][gc,age      ] GC(8) - age   8:    1628256 bytes,   13995528 total
[2021-05-20T10:34:02.395+0000][8][gc,phases   ] GC(8)   Pre Evacuate Collection Set: 0.4ms
[2021-05-20T10:34:02.396+0000][8][gc,phases   ] GC(8)   Merge Heap Roots: 0.4ms
[2021-05-20T10:34:02.396+0000][8][gc,phases   ] GC(8)   Evacuate Collection Set: 9.1ms
[2021-05-20T10:34:02.397+0000][8][gc,phases   ] GC(8)   Post Evacuate Collection Set: 2.5ms
[2021-05-20T10:34:02.398+0000][8][gc,phases   ] GC(8)   Other: 9.1ms
[2021-05-20T10:34:02.398+0000][8][gc,heap     ] GC(8) Eden regions: 16->0(72)
[2021-05-20T10:34:02.399+0000][8][gc,heap     ] GC(8) Survivor regions: 4->4(10)
[2021-05-20T10:34:02.399+0000][8][gc,heap     ] GC(8) Old regions: 2->2
[2021-05-20T10:34:02.400+0000][8][gc,heap     ] GC(8) Archive regions: 2->2
[2021-05-20T10:34:02.401+0000][8][gc,heap     ] GC(8) Humongous regions: 0->0
[2021-05-20T10:34:02.401+0000][8][gc,metaspace] GC(8) Metaspace: 20828K(21248K)->20828K(21248K) NonClass: 18306K(18560K)->18306K(18560K) Class: 2522K(2688K)->2522K(2688K)
[2021-05-20T10:34:02.402+0000][8][gc          ] GC(8) Pause Young (Concurrent Start) (Metadata GC Threshold) 86M->22M(512M) 27.934ms
[2021-05-20T10:34:02.402+0000][8][gc,cpu      ] GC(8) User=0.01s Sys=0.00s Real=0.03s
[2021-05-20T10:34:02.403+0000][8][safepoint   ] Safepoint "CollectForMetadataAllocation", Time since last: 85335000 ns, Reaching safepoint: 223400 ns, At safepoint: 29219600 ns, Total: 29443000 ns
[2021-05-20T10:34:02.403+0000][8][gc          ] GC(9) Concurrent Mark Cycle
[2021-05-20T10:34:02.404+0000][8][gc,marking  ] GC(9) Concurrent Clear Claimed Marks
[2021-05-20T10:34:02.405+0000][8][gc,marking  ] GC(9) Concurrent Clear Claimed Marks 0.978ms
[2021-05-20T10:34:02.406+0000][8][gc,marking  ] GC(9) Concurrent Scan Root Regions
[2021-05-20T10:34:02.410+0000][8][gc,marking  ] GC(9) Concurrent Scan Root Regions 4.296ms
[2021-05-20T10:34:02.411+0000][8][gc,marking  ] GC(9) Concurrent Mark
[2021-05-20T10:34:02.412+0000][8][gc,marking  ] GC(9) Concurrent Mark From Roots
[2021-05-20T10:34:02.413+0000][8][gc,task     ] GC(9) Using 1 workers of 1 for marking
[2021-05-20T10:34:02.418+0000][8][gc,marking  ] GC(9) Concurrent Mark From Roots 5.788ms
[2021-05-20T10:34:02.419+0000][8][gc,marking  ] GC(9) Concurrent Preclean
[2021-05-20T10:34:02.420+0000][8][gc,marking  ] GC(9) Concurrent Preclean 1.030ms
[2021-05-20T10:34:02.421+0000][8][gc,start    ] GC(9) Pause Remark
[2021-05-20T10:34:02.426+0000][8][gc          ] GC(9) Pause Remark 30M->30M(512M) 5.180ms
[2021-05-20T10:34:02.427+0000][8][gc,cpu      ] GC(9) User=0.00s Sys=0.00s Real=0.01s
[2021-05-20T10:34:02.428+0000][8][safepoint   ] Safepoint "G1Concurrent", Time since last: 17870600 ns, Reaching safepoint: 293900 ns, At safepoint: 6888000 ns, Total: 7181900 ns
[2021-05-20T10:34:02.429+0000][8][gc,marking  ] GC(9) Concurrent Mark 17.302ms
[2021-05-20T10:34:02.429+0000][8][gc,marking  ] GC(9) Concurrent Rebuild Remembered Sets
[2021-05-20T10:34:02.434+0000][8][gc,marking  ] GC(9) Concurrent Rebuild Remembered Sets 4.463ms
[2021-05-20T10:34:02.435+0000][8][gc,start    ] GC(9) Pause Cleanup
[2021-05-20T10:34:02.436+0000][8][gc          ] GC(9) Pause Cleanup 34M->34M(512M) 0.998ms
[2021-05-20T10:34:02.437+0000][8][gc,cpu      ] GC(9) User=0.00s Sys=0.00s Real=0.01s
[2021-05-20T10:34:02.437+0000][8][safepoint   ] Safepoint "G1Concurrent", Time since last: 6556200 ns, Reaching safepoint: 321800 ns, At safepoint: 2431000 ns, Total: 2752800 ns
[2021-05-20T10:34:02.438+0000][8][gc,marking  ] GC(9) Concurrent Cleanup for Next Mark
[2021-05-20T10:34:02.439+0000][8][gc,marking  ] GC(9) Concurrent Cleanup for Next Mark 1.247ms
[2021-05-20T10:34:02.440+0000][8][gc          ] GC(9) Concurrent Mark Cycle 36.785ms
[2021-05-20T10:34:03.414+0000][8][gc,start    ] GC(10) Pause Young (Normal) (G1 Evacuation Pause)
[2021-05-20T10:34:03.419+0000][8][gc,task     ] GC(10) Using 4 workers of 4 for evacuation
[2021-05-20T10:34:03.420+0000][8][gc,age      ] GC(10) Desired survivor size 20971520 bytes, new threshold 15 (max threshold 15)
[2021-05-20T10:34:03.440+0000][8][gc,age      ] GC(10) Age table with threshold 15 (max threshold 15)
[2021-05-20T10:34:03.441+0000][8][gc,age      ] GC(10) - age   1:    1561096 bytes,    1561096 total
[2021-05-20T10:34:03.442+0000][8][gc,age      ] GC(10) - age   2:     108248 bytes,    1669344 total
[2021-05-20T10:34:03.443+0000][8][gc,age      ] GC(10) - age   3:    2332520 bytes,    4001864 total
[2021-05-20T10:34:03.444+0000][8][gc,age      ] GC(10) - age   4:     567744 bytes,    4569608 total
[2021-05-20T10:34:03.445+0000][8][gc,age      ] GC(10) - age   5:    2531968 bytes,    7101576 total
[2021-05-20T10:34:03.446+0000][8][gc,age      ] GC(10) - age   6:    3746840 bytes,   10848416 total
[2021-05-20T10:34:03.447+0000][8][gc,age      ] GC(10) - age   7:    1944440 bytes,   12792856 total
[2021-05-20T10:34:03.448+0000][8][gc,age      ] GC(10) - age   8:    1038016 bytes,   13830872 total
[2021-05-20T10:34:03.449+0000][8][gc,age      ] GC(10) - age   9:    1626080 bytes,   15456952 total
[2021-05-20T10:34:03.450+0000][8][gc,phases   ] GC(10)   Pre Evacuate Collection Set: 0.2ms
[2021-05-20T10:34:03.452+0000][8][gc,phases   ] GC(10)   Merge Heap Roots: 0.5ms
[2021-05-20T10:34:03.452+0000][8][gc,phases   ] GC(10)   Evacuate Collection Set: 14.3ms
[2021-05-20T10:34:03.453+0000][8][gc,phases   ] GC(10)   Post Evacuate Collection Set: 2.9ms
[2021-05-20T10:34:03.454+0000][8][gc,phases   ] GC(10)   Other: 18.6ms
[2021-05-20T10:34:03.455+0000][8][gc,heap     ] GC(10) Eden regions: 72->0(72)
[2021-05-20T10:34:03.456+0000][8][gc,heap     ] GC(10) Survivor regions: 4->4(10)
[2021-05-20T10:34:03.457+0000][8][gc,heap     ] GC(10) Old regions: 2->2
[2021-05-20T10:34:03.458+0000][8][gc,heap     ] GC(10) Archive regions: 2->2
[2021-05-20T10:34:03.459+0000][8][gc,heap     ] GC(10) Humongous regions: 0->0
[2021-05-20T10:34:03.460+0000][8][gc,metaspace] GC(10) Metaspace: 23674K(24256K)->23674K(24256K) NonClass: 20780K(21120K)->20780K(21120K) Class: 2893K(3136K)->2893K(3136K)
[2021-05-20T10:34:03.461+0000][8][gc          ] GC(10) Pause Young (Normal) (G1 Evacuation Pause) 310M->23M(512M) 46.478ms
[2021-05-20T10:34:03.462+0000][8][gc,cpu      ] GC(10) User=0.05s Sys=0.01s Real=0.05s
[2021-05-20T10:34:03.463+0000][8][safepoint   ] Safepoint "G1CollectForAllocation", Time since last: 971899400 ns, Reaching safepoint: 4778500 ns, At safepoint: 48529600 ns, Total: 53308100 ns
[2021-05-20T10:34:05.195+0000][8][safepoint   ] Safepoint "ICBufferFull", Time since last: 1732124200 ns, Reaching safepoint: 628900 ns, At safepoint: 48800 ns, Total: 677700 ns
[2021-05-20T10:34:06.198+0000][8][safepoint   ] Safepoint "Cleanup", Time since last: 1001160700 ns, Reaching safepoint: 1024700 ns, At safepoint: 38800 ns, Total: 1063500 ns
[2021-05-20T10:34:07.288+0000][8][gc,start    ] GC(11) Pause Young (Normal) (G1 Evacuation Pause)
[2021-05-20T10:34:07.302+0000][8][gc,task     ] GC(11) Using 4 workers of 4 for evacuation
[2021-05-20T10:34:07.303+0000][8][gc,age      ] GC(11) Desired survivor size 20971520 bytes, new threshold 15 (max threshold 15)
[2021-05-20T10:34:07.375+0000][8][gc,age      ] GC(11) Age table with threshold 15 (max threshold 15)
[2021-05-20T10:34:07.376+0000][8][gc,age      ] GC(11) - age   1:   26452840 bytes,   26452840 total
[2021-05-20T10:34:07.376+0000][8][gc,age      ] GC(11) - age   2:    1535640 bytes,   27988480 total
[2021-05-20T10:34:07.377+0000][8][gc,age      ] GC(11) - age   3:     108024 bytes,   28096504 total
[2021-05-20T10:34:07.378+0000][8][gc,age      ] GC(11) - age   4:    2304672 bytes,   30401176 total
[2021-05-20T10:34:07.379+0000][8][gc,age      ] GC(11) - age   5:     564688 bytes,   30965864 total
[2021-05-20T10:34:07.379+0000][8][gc,age      ] GC(11) - age   6:    2524336 bytes,   33490200 total
[2021-05-20T10:34:07.380+0000][8][gc,age      ] GC(11) - age   7:    3730232 bytes,   37220432 total
[2021-05-20T10:34:07.381+0000][8][gc,age      ] GC(11) - age   8:    1920736 bytes,   39141168 total
[2021-05-20T10:34:07.381+0000][8][gc,age      ] GC(11) - age   9:    1015832 bytes,   40157000 total
[2021-05-20T10:34:07.382+0000][8][gc,age      ] GC(11) - age  10:    1618960 bytes,   41775960 total
[2021-05-20T10:34:07.383+0000][8][gc,phases   ] GC(11)   Pre Evacuate Collection Set: 0.3ms
[2021-05-20T10:34:07.384+0000][8][gc,phases   ] GC(11)   Merge Heap Roots: 0.2ms
[2021-05-20T10:34:07.384+0000][8][gc,phases   ] GC(11)   Evacuate Collection Set: 48.0ms
[2021-05-20T10:34:07.385+0000][8][gc,phases   ] GC(11)   Post Evacuate Collection Set: 3.6ms
[2021-05-20T10:34:07.386+0000][8][gc,phases   ] GC(11)   Other: 43.3ms
[2021-05-20T10:34:07.387+0000][8][gc,heap     ] GC(11) Eden regions: 72->0(66)
[2021-05-20T10:34:07.388+0000][8][gc,heap     ] GC(11) Survivor regions: 4->10(10)
[2021-05-20T10:34:07.389+0000][8][gc,heap     ] GC(11) Old regions: 2->4
[2021-05-20T10:34:07.390+0000][8][gc,heap     ] GC(11) Archive regions: 2->2
[2021-05-20T10:34:07.391+0000][8][gc,heap     ] GC(11) Humongous regions: 0->0
[2021-05-20T10:34:07.391+0000][8][gc,metaspace] GC(11) Metaspace: 34438K(35328K)->34438K(35328K) NonClass: 30005K(30528K)->30005K(30528K) Class: 4433K(4800K)->4433K(4800K)
[2021-05-20T10:34:07.392+0000][8][gc          ] GC(11) Pause Young (Normal) (G1 Evacuation Pause) 311M->59M(512M) 104.398ms
[2021-05-20T10:34:07.393+0000][8][gc,cpu      ] GC(11) User=0.09s Sys=0.01s Real=0.10s
[2021-05-20T10:34:07.393+0000][8][safepoint   ] Safepoint "G1CollectForAllocation", Time since last: 1089662200 ns, Reaching safepoint: 168300 ns, At safepoint: 105951000 ns, Total: 106119300 ns
[2021-05-20T10:34:07.426+0000][8][gc,start    ] GC(12) Pause Young (Concurrent Start) (Metadata GC Threshold)
[2021-05-20T10:34:07.427+0000][8][gc,task     ] GC(12) Using 4 workers of 4 for evacuation
[2021-05-20T10:34:07.427+0000][8][gc,age      ] GC(12) Desired survivor size 20971520 bytes, new threshold 1 (max threshold 15)
[2021-05-20T10:34:07.473+0000][8][gc,age      ] GC(12) Age table with threshold 1 (max threshold 15)
[2021-05-20T10:34:07.474+0000][8][gc,age      ] GC(12) - age   1:      40600 bytes,      40600 total
[2021-05-20T10:34:07.475+0000][8][gc,phases   ] GC(12)   Pre Evacuate Collection Set: 0.3ms
[2021-05-20T10:34:07.476+0000][8][gc,phases   ] GC(12)   Merge Heap Roots: 0.5ms
[2021-05-20T10:34:07.477+0000][8][gc,phases   ] GC(12)   Evacuate Collection Set: 41.9ms
[2021-05-20T10:34:07.478+0000][8][gc,phases   ] GC(12)   Post Evacuate Collection Set: 1.7ms
[2021-05-20T10:34:07.479+0000][8][gc,phases   ] GC(12)   Other: 5.4ms
[2021-05-20T10:34:07.480+0000][8][gc,heap     ] GC(12) Eden regions: 1->0(74)
[2021-05-20T10:34:07.480+0000][8][gc,heap     ] GC(12) Survivor regions: 10->2(10)
[2021-05-20T10:34:07.481+0000][8][gc,heap     ] GC(12) Old regions: 4->14
[2021-05-20T10:34:07.482+0000][8][gc,heap     ] GC(12) Archive regions: 2->2
[2021-05-20T10:34:07.483+0000][8][gc,heap     ] GC(12) Humongous regions: 0->0
[2021-05-20T10:34:07.483+0000][8][gc,metaspace] GC(12) Metaspace: 34667K(35520K)->34667K(35520K) NonClass: 30207K(30720K)->30207K(30720K) Class: 4460K(4800K)->4460K(4800K)
[2021-05-20T10:34:07.484+0000][8][gc          ] GC(12) Pause Young (Concurrent Start) (Metadata GC Threshold) 61M->65M(512M) 58.428ms
[2021-05-20T10:34:07.485+0000][8][gc,cpu      ] GC(12) User=0.08s Sys=0.01s Real=0.05s
[2021-05-20T10:34:07.485+0000][8][gc          ] GC(13) Concurrent Mark Cycle
[2021-05-20T10:34:07.486+0000][8][gc,marking  ] GC(13) Concurrent Clear Claimed Marks
[2021-05-20T10:34:07.487+0000][8][gc,marking  ] GC(13) Concurrent Clear Claimed Marks 0.554ms
[2021-05-20T10:34:07.487+0000][8][gc,marking  ] GC(13) Concurrent Scan Root Regions
[2021-05-20T10:34:07.491+0000][8][safepoint   ] Safepoint "CollectForMetadataAllocation", Time since last: 27309900 ns, Reaching safepoint: 4820900 ns, At safepoint: 60083500 ns, Total: 64904400 ns
[2021-05-20T10:34:07.514+0000][8][gc,marking  ] GC(13) Concurrent Scan Root Regions 26.160ms
[2021-05-20T10:34:07.514+0000][8][gc,marking  ] GC(13) Concurrent Mark
[2021-05-20T10:34:07.515+0000][8][gc,marking  ] GC(13) Concurrent Mark From Roots
[2021-05-20T10:34:07.515+0000][8][gc,task     ] GC(13) Using 1 workers of 1 for marking
[2021-05-20T10:34:07.525+0000][8][safepoint   ] Safepoint "CollectForMetadataAllocation", Time since last: 38908000 ns, Reaching safepoint: 86000 ns, At safepoint: 70300 ns, Total: 156300 ns
[2021-05-20T10:34:07.551+0000][8][safepoint   ] Safepoint "CollectForMetadataAllocation", Time since last: 25706700 ns, Reaching safepoint: 94500 ns, At safepoint: 63800 ns, Total: 158300 ns
[2021-05-20T10:34:07.551+0000][8][gc,marking  ] GC(13) Concurrent Mark From Roots 35.873ms
[2021-05-20T10:34:07.552+0000][8][gc,marking  ] GC(13) Concurrent Preclean
[2021-05-20T10:34:07.553+0000][8][gc,marking  ] GC(13) Concurrent Preclean 0.762ms
[2021-05-20T10:34:07.554+0000][8][gc,start    ] GC(13) Pause Remark
[2021-05-20T10:34:07.560+0000][8][gc          ] GC(13) Pause Remark 69M->69M(512M) 5.963ms
[2021-05-20T10:34:07.561+0000][8][gc,cpu      ] GC(13) User=0.01s Sys=0.00s Real=0.01s
[2021-05-20T10:34:07.562+0000][8][safepoint   ] Safepoint "G1Concurrent", Time since last: 2961500 ns, Reaching safepoint: 702400 ns, At safepoint: 7575900 ns, Total: 8278300 ns
[2021-05-20T10:34:07.563+0000][8][gc,marking  ] GC(13) Concurrent Mark 48.358ms
[2021-05-20T10:34:07.563+0000][8][gc,marking  ] GC(13) Concurrent Rebuild Remembered Sets
[2021-05-20T10:34:07.668+0000][8][gc,marking  ] GC(13) Concurrent Rebuild Remembered Sets 105.201ms
[2021-05-20T10:34:07.670+0000][8][gc,start    ] GC(13) Pause Cleanup
[2021-05-20T10:34:07.671+0000][8][gc          ] GC(13) Pause Cleanup 131M->131M(512M) 1.031ms
[2021-05-20T10:34:07.672+0000][8][gc,cpu      ] GC(13) User=0.00s Sys=0.00s Real=0.00s
[2021-05-20T10:34:07.673+0000][8][safepoint   ] Safepoint "G1Concurrent", Time since last: 107737700 ns, Reaching safepoint: 320300 ns, At safepoint: 3238000 ns, Total: 3558300 ns
[2021-05-20T10:34:07.674+0000][8][gc,marking  ] GC(13) Concurrent Cleanup for Next Mark
[2021-05-20T10:34:07.675+0000][8][gc,marking  ] GC(13) Concurrent Cleanup for Next Mark 1.490ms
[2021-05-20T10:34:07.676+0000][8][gc          ] GC(13) Concurrent Mark Cycle 190.428ms
[2021-05-20T10:34:08.690+0000][8][safepoint   ] Safepoint "Cleanup", Time since last: 1016524100 ns, Reaching safepoint: 105600 ns, At safepoint: 40900 ns, Total: 146500 ns
[2021-05-20T10:34:10.427+0000][8][safepoint   ] Safepoint "Cleanup", Time since last: 1736853500 ns, Reaching safepoint: 315800 ns, At safepoint: 26500 ns, Total: 342300 ns
[2021-05-20T10:34:10.831+0000][8][gc,start    ] GC(14) Pause Young (Concurrent Start) (G1 Evacuation Pause)
[2021-05-20T10:34:10.833+0000][8][gc,task     ] GC(14) Using 4 workers of 4 for evacuation
[2021-05-20T10:34:10.834+0000][8][gc,age      ] GC(14) Desired survivor size 20971520 bytes, new threshold 15 (max threshold 15)
[2021-05-20T10:34:10.862+0000][8][gc,age      ] GC(14) Age table with threshold 15 (max threshold 15)
[2021-05-20T10:34:10.864+0000][8][gc,age      ] GC(14) - age   1:    8735632 bytes,    8735632 total
[2021-05-20T10:34:10.864+0000][8][gc,age      ] GC(14) - age   2:      32672 bytes,    8768304 total
[2021-05-20T10:34:10.866+0000][8][gc,phases   ] GC(14)   Pre Evacuate Collection Set: 0.5ms
[2021-05-20T10:34:10.867+0000][8][gc,phases   ] GC(14)   Merge Heap Roots: 0.5ms
[2021-05-20T10:34:10.869+0000][8][gc,phases   ] GC(14)   Evacuate Collection Set: 19.3ms
[2021-05-20T10:34:10.870+0000][8][gc,phases   ] GC(14)   Post Evacuate Collection Set: 6.5ms
[2021-05-20T10:34:10.871+0000][8][gc,phases   ] GC(14)   Other: 7.3ms
[2021-05-20T10:34:10.873+0000][8][gc,heap     ] GC(14) Eden regions: 74->0(73)
[2021-05-20T10:34:10.873+0000][8][gc,heap     ] GC(14) Survivor regions: 2->3(10)
[2021-05-20T10:34:10.874+0000][8][gc,heap     ] GC(14) Old regions: 14->14
[2021-05-20T10:34:10.875+0000][8][gc,heap     ] GC(14) Archive regions: 2->2
[2021-05-20T10:34:10.876+0000][8][gc,heap     ] GC(14) Humongous regions: 0->0
[2021-05-20T10:34:10.877+0000][8][gc,metaspace] GC(14) Metaspace: 56859K(58048K)->56859K(58048K) NonClass: 49310K(49984K)->49310K(49984K) Class: 7548K(8064K)->7548K(8064K)
[2021-05-20T10:34:10.878+0000][8][gc          ] GC(14) Pause Young (Concurrent Start) (G1 Evacuation Pause) 361M->68M(512M) 46.257ms
[2021-05-20T10:34:10.878+0000][8][gc,cpu      ] GC(14) User=0.03s Sys=0.01s Real=0.05s
[2021-05-20T10:34:10.879+0000][8][gc          ] GC(15) Concurrent Mark Cycle
[2021-05-20T10:34:10.882+0000][8][gc,marking  ] GC(15) Concurrent Clear Claimed Marks
[2021-05-20T10:34:10.882+0000][8][safepoint   ] Safepoint "G1CollectForAllocation", Time since last: 403869300 ns, Reaching safepoint: 514000 ns, At safepoint: 50230100 ns, Total: 50744100 ns
[2021-05-20T10:34:10.884+0000][8][gc,marking  ] GC(15) Concurrent Clear Claimed Marks 1.751ms
[2021-05-20T10:34:10.886+0000][8][gc,marking  ] GC(15) Concurrent Scan Root Regions
[2021-05-20T10:34:10.899+0000][8][gc,marking  ] GC(15) Concurrent Scan Root Regions 13.527ms
[2021-05-20T10:34:10.901+0000][8][gc,marking  ] GC(15) Concurrent Mark
[2021-05-20T10:34:10.902+0000][8][gc,marking  ] GC(15) Concurrent Mark From Roots
[2021-05-20T10:34:10.903+0000][8][gc,task     ] GC(15) Using 1 workers of 1 for marking
[2021-05-20T10:34:11.063+0000][8][gc,marking  ] GC(15) Concurrent Mark From Roots 160.954ms
[2021-05-20T10:34:11.064+0000][8][gc,marking  ] GC(15) Concurrent Preclean
[2021-05-20T10:34:11.065+0000][8][gc,marking  ] GC(15) Concurrent Preclean 1.607ms
[2021-05-20T10:34:11.067+0000][8][gc,start    ] GC(15) Pause Remark
[2021-05-20T10:34:11.076+0000][8][gc          ] GC(15) Pause Remark 72M->72M(512M) 9.059ms
[2021-05-20T10:34:11.077+0000][8][gc,cpu      ] GC(15) User=0.01s Sys=0.01s Real=0.01s
[2021-05-20T10:34:11.079+0000][8][safepoint   ] Safepoint "G1Concurrent", Time since last: 184728300 ns, Reaching safepoint: 182700 ns, At safepoint: 12108300 ns, Total: 12291000 ns
[2021-05-20T10:34:11.080+0000][8][gc,marking  ] GC(15) Concurrent Mark 178.453ms
[2021-05-20T10:34:11.080+0000][8][gc,marking  ] GC(15) Concurrent Rebuild Remembered Sets
[2021-05-20T10:34:11.157+0000][8][gc,marking  ] GC(15) Concurrent Rebuild Remembered Sets 76.634ms
[2021-05-20T10:34:11.158+0000][8][gc,start    ] GC(15) Pause Cleanup
[2021-05-20T10:34:11.159+0000][8][gc          ] GC(15) Pause Cleanup 74M->74M(512M) 0.885ms
[2021-05-20T10:34:11.160+0000][8][gc,cpu      ] GC(15) User=0.00s Sys=0.00s Real=0.00s
[2021-05-20T10:34:11.161+0000][8][safepoint   ] Safepoint "G1Concurrent", Time since last: 79671500 ns, Reaching safepoint: 38300 ns, At safepoint: 2501300 ns, Total: 2539600 ns
[2021-05-20T10:34:11.161+0000][8][gc,marking  ] GC(15) Concurrent Cleanup for Next Mark
[2021-05-20T10:34:11.163+0000][8][gc,marking  ] GC(15) Concurrent Cleanup for Next Mark 1.223ms
[2021-05-20T10:34:11.163+0000][8][gc          ] GC(15) Concurrent Mark Cycle 283.804ms
[2021-05-20T10:34:11.884+0000][8][safepoint   ] Safepoint "ICBufferFull", Time since last: 722748900 ns, Reaching safepoint: 814800 ns, At safepoint: 23600 ns, Total: 838400 ns
[2021-05-20T10:34:12.887+0000][8][safepoint   ] Safepoint "Cleanup", Time since last: 1001142000 ns, Reaching safepoint: 1395700 ns, At safepoint: 34200 ns, Total: 1429900 ns
[2021-05-20T10:34:14.020+0000][8][safepoint   ] Safepoint "Cleanup", Time since last: 1167906900 ns, Reaching safepoint: 145600 ns, At safepoint: 79400 ns, Total: 225000 ns
[2021-05-20T10:34:15.293+0000][8][safepoint   ] Safepoint "ICBufferFull", Time since last: 1272819900 ns, Reaching safepoint: 132200 ns, At safepoint: 23400 ns, Total: 155600 ns
[2021-05-20T10:34:15.823+0000][8][safepoint   ] Safepoint "ICBufferFull", Time since last: 529431500 ns, Reaching safepoint: 157900 ns, At safepoint: 24200 ns, Total: 182100 ns
[2021-05-20T10:34:16.285+0000][8][gc,start    ] GC(16) Pause Young (Normal) (G1 Evacuation Pause)
[2021-05-20T10:34:16.286+0000][8][gc,task     ] GC(16) Using 4 workers of 4 for evacuation
[2021-05-20T10:34:16.287+0000][8][gc,age      ] GC(16) Desired survivor size 20971520 bytes, new threshold 15 (max threshold 15)
[2021-05-20T10:34:16.327+0000][8][gc,age      ] GC(16) Age table with threshold 15 (max threshold 15)
[2021-05-20T10:34:16.328+0000][8][gc,age      ] GC(16) - age   1:   12565088 bytes,   12565088 total
[2021-05-20T10:34:16.329+0000][8][gc,age      ] GC(16) - age   2:    8466544 bytes,   21031632 total
[2021-05-20T10:34:16.331+0000][8][gc,age      ] GC(16) - age   3:      32480 bytes,   21064112 total
[2021-05-20T10:34:16.332+0000][8][gc,phases   ] GC(16)   Pre Evacuate Collection Set: 0.1ms
[2021-05-20T10:34:16.332+0000][8][gc,phases   ] GC(16)   Merge Heap Roots: 0.4ms
[2021-05-20T10:34:16.333+0000][8][gc,phases   ] GC(16)   Evacuate Collection Set: 32.1ms
[2021-05-20T10:34:16.334+0000][8][gc,phases   ] GC(16)   Post Evacuate Collection Set: 6.6ms
[2021-05-20T10:34:16.334+0000][8][gc,phases   ] GC(16)   Other: 7.7ms
[2021-05-20T10:34:16.335+0000][8][gc,heap     ] GC(16) Eden regions: 73->0(70)
[2021-05-20T10:34:16.336+0000][8][gc,heap     ] GC(16) Survivor regions: 3->6(10)
[2021-05-20T10:34:16.337+0000][8][gc,heap     ] GC(16) Old regions: 14->14
[2021-05-20T10:34:16.337+0000][8][gc,heap     ] GC(16) Archive regions: 2->2
[2021-05-20T10:34:16.338+0000][8][gc,heap     ] GC(16) Humongous regions: 0->0
[2021-05-20T10:34:16.338+0000][8][gc,metaspace] GC(16) Metaspace: 85362K(86720K)->85362K(86720K) NonClass: 73706K(74560K)->73706K(74560K) Class: 11655K(12160K)->11655K(12160K)
[2021-05-20T10:34:16.339+0000][8][gc          ] GC(16) Pause Young (Normal) (G1 Evacuation Pause) 360M->80M(512M) 54.699ms
[2021-05-20T10:34:16.340+0000][8][gc,cpu      ] GC(16) User=0.06s Sys=0.01s Real=0.05s
[2021-05-20T10:34:16.341+0000][8][safepoint   ] Safepoint "G1CollectForAllocation", Time since last: 461281200 ns, Reaching safepoint: 334700 ns, At safepoint: 56597300 ns, Total: 56932000 ns
[2021-05-20T10:34:16.810+0000][8][safepoint   ] Safepoint "ICBufferFull", Time since last: 468073900 ns, Reaching safepoint: 353900 ns, At safepoint: 21400 ns, Total: 375300 ns
[2021-05-20T10:34:18.108+0000][8][safepoint   ] Safepoint "Cleanup", Time since last: 1297730800 ns, Reaching safepoint: 212000 ns, At safepoint: 43200 ns, Total: 255200 ns
[2021-05-20T10:34:19.109+0000][8][safepoint   ] Safepoint "Cleanup", Time since last: 1001336000 ns, Reaching safepoint: 88800 ns, At safepoint: 23600 ns, Total: 112400 ns
[2021-05-20T10:34:20.111+0000][8][safepoint   ] Safepoint "Cleanup", Time since last: 1002291000 ns, Reaching safepoint: 90600 ns, At safepoint: 30400 ns, Total: 121000 ns
[2021-05-20T10:34:23.114+0000][8][safepoint   ] Safepoint "Cleanup", Time since last: 3002373900 ns, Reaching safepoint: 130100 ns, At safepoint: 31900 ns, Total: 162000 ns
[2021-05-20T10:34:24.116+0000][8][safepoint   ] Safepoint "Cleanup", Time since last: 1001505200 ns, Reaching safepoint: 168200 ns, At safepoint: 57100 ns, Total: 225300 ns
[2021-05-20T10:34:35.131+0000][8][safepoint   ] Safepoint "Cleanup", Time since last: 11014449200 ns, Reaching safepoint: 705500 ns, At safepoint: 84600 ns, Total: 790100 ns
[2021-05-20T10:34:37.136+0000][8][safepoint   ] Safepoint "Cleanup", Time since last: 2004895300 ns, Reaching safepoint: 552300 ns, At safepoint: 61100 ns, Total: 613400 ns
[2021-05-20T10:34:39.141+0000][8][safepoint   ] Safepoint "Cleanup", Time since last: 2003605300 ns, Reaching safepoint: 643500 ns, At safepoint: 89100 ns, Total: 732600 ns
[2021-05-20T10:34:44.114+0000][8][safepoint   ] Safepoint "Cleanup", Time since last: 5007957300 ns, Reaching safepoint: 181000 ns, At safepoint: 44800 ns, Total: 225800 ns
[2021-05-20T10:34:45.119+0000][8][safepoint   ] Safepoint "Cleanup", Time since last: 1003815200 ns, Reaching safepoint: 592200 ns, At safepoint: 401400 ns, Total: 993600 ns
[2021-05-20T10:34:54.132+0000][8][safepoint   ] Safepoint "Cleanup", Time since last: 9012233000 ns, Reaching safepoint: 958900 ns, At safepoint: 95500 ns, Total: 1054400 ns
[2021-05-20T10:34:59.147+0000][8][safepoint   ] Safepoint "Cleanup", Time since last: 5014020300 ns, Reaching safepoint: 632300 ns, At safepoint: 125400 ns, Total: 757700 ns
[2021-05-20T10:35:01.155+0000][8][safepoint   ] Safepoint "Cleanup", Time since last: 2007900800 ns, Reaching safepoint: 242200 ns, At safepoint: 104700 ns, Total: 346900 ns
[2021-05-20T10:35:02.161+0000][8][safepoint   ] Safepoint "Cleanup", Time since last: 1004875200 ns, Reaching safepoint: 1093200 ns, At safepoint: 115600 ns, Total: 1208800 ns
[2021-05-20T10:35:05.170+0000][8][safepoint   ] Safepoint "Cleanup", Time since last: 3008209900 ns, Reaching safepoint: 247700 ns, At safepoint: 63000 ns, Total: 310700 ns
[2021-05-20T10:35:06.178+0000][8][safepoint   ] Safepoint "Cleanup", Time since last: 1006395800 ns, Reaching safepoint: 1520700 ns, At safepoint: 228200 ns, Total: 1748900 ns
[2021-05-20T10:35:09.186+0000][8][safepoint   ] Safepoint "Cleanup", Time since last: 3007204100 ns, Reaching safepoint: 545100 ns, At safepoint: 126900 ns, Total: 672000 ns
[2021-05-20T10:35:10.190+0000][8][safepoint   ] Safepoint "Cleanup", Time since last: 1003267700 ns, Reaching safepoint: 665300 ns, At safepoint: 78400 ns, Total: 743700 ns
[2021-05-20T10:35:26.173+0000][8][safepoint   ] Safepoint "Cleanup", Time since last: 16017156200 ns, Reaching safepoint: 995600 ns, At safepoint: 150600 ns, Total: 1146200 ns
[2021-05-20T10:35:28.178+0000][8][safepoint   ] Safepoint "Cleanup", Time since last: 2003671400 ns, Reaching safepoint: 319000 ns, At safepoint: 168800 ns, Total: 487800 ns
[2021-05-20T10:35:30.183+0000][8][safepoint   ] Safepoint "Cleanup", Time since last: 2004364300 ns, Reaching safepoint: 504300 ns, At safepoint: 98200 ns, Total: 602500 ns
[2021-05-20T10:35:32.188+0000][8][safepoint   ] Safepoint "Cleanup", Time since last: 2005036300 ns, Reaching safepoint: 436700 ns, At safepoint: 75800 ns, Total: 512500 ns
[2021-05-20T10:35:34.192+0000][8][safepoint   ] Safepoint "Cleanup", Time since last: 2004101600 ns, Reaching safepoint: 137200 ns, At safepoint: 39600 ns, Total: 176800 ns
[2021-05-20T10:35:40.202+0000][8][safepoint   ] Safepoint "Cleanup", Time since last: 6008748300 ns, Reaching safepoint: 811500 ns, At safepoint: 279600 ns, Total: 1091100 ns
[2021-05-20T10:35:46.175+0000][8][safepoint   ] Safepoint "Cleanup", Time since last: 6007361200 ns, Reaching safepoint: 475900 ns, At safepoint: 65500 ns, Total: 541400 ns
[2021-05-20T10:35:50.183+0000][8][safepoint   ] Safepoint "Cleanup", Time since last: 4007399100 ns, Reaching safepoint: 411400 ns, At safepoint: 60200 ns, Total: 471600 ns
[2021-05-20T10:35:51.187+0000][8][safepoint   ] Safepoint "Cleanup", Time since last: 1003340300 ns, Reaching safepoint: 431700 ns, At safepoint: 306200 ns, Total: 737900 ns
[2021-05-20T10:35:55.194+0000][8][safepoint   ] Safepoint "Cleanup", Time since last: 4006591100 ns, Reaching safepoint: 269100 ns, At safepoint: 41300 ns, Total: 310400 ns
[2021-05-20T10:35:57.198+0000][8][safepoint   ] Safepoint "Cleanup", Time since last: 2003511100 ns, Reaching safepoint: 182300 ns, At safepoint: 70200 ns, Total: 252500 ns
[2021-05-20T10:35:59.203+0000][8][safepoint   ] Safepoint "Cleanup", Time since last: 2004066100 ns, Reaching safepoint: 388200 ns, At safepoint: 69000 ns, Total: 457200 ns
[2021-05-20T10:36:08.217+0000][8][safepoint   ] Safepoint "Cleanup", Time since last: 9013025400 ns, Reaching safepoint: 706200 ns, At safepoint: 164900 ns, Total: 871100 ns
[2021-05-20T10:36:10.221+0000][8][safepoint   ] Safepoint "Cleanup", Time since last: 2003762700 ns, Reaching safepoint: 187900 ns, At safepoint: 71100 ns, Total: 259000 ns
[2021-05-20T10:36:12.226+0000][8][safepoint   ] Safepoint "Cleanup", Time since last: 2004794200 ns, Reaching safepoint: 650800 ns, At safepoint: 317800 ns, Total: 968600 ns
[2021-05-20T10:36:13.257+0000][8][safepoint   ] Safepoint "Cleanup", Time since last: 1030076700 ns, Reaching safepoint: 368200 ns, At safepoint: 111700 ns, Total: 479900 ns
[2021-05-20T10:36:16.232+0000][8][safepoint   ] Safepoint "Cleanup", Time since last: 3008973100 ns, Reaching safepoint: 595500 ns, At safepoint: 113300 ns, Total: 708800 ns
[2021-05-20T10:36:22.244+0000][8][safepoint   ] Safepoint "Cleanup", Time since last: 6011692000 ns, Reaching safepoint: 193000 ns, At safepoint: 67800 ns, Total: 260800 ns
[2021-05-20T10:36:23.252+0000][8][safepoint   ] Safepoint "Cleanup", Time since last: 1007503500 ns, Reaching safepoint: 692500 ns, At safepoint: 102700 ns, Total: 795200 ns
[2021-05-20T10:36:48.255+0000][8][safepoint   ] Safepoint "Cleanup", Time since last: 25037591800 ns, Reaching safepoint: 262800 ns, At safepoint: 33700 ns, Total: 296500 ns
[2021-05-20T10:36:53.261+0000][8][safepoint   ] Safepoint "Cleanup", Time since last: 5005031100 ns, Reaching safepoint: 152700 ns, At safepoint: 45200 ns, Total: 197900 ns
[2021-05-20T10:37:17.267+0000][8][safepoint   ] Safepoint "Cleanup", Time since last: 24040070600 ns, Reaching safepoint: 395500 ns, At safepoint: 46800 ns, Total: 442300 ns
[2021-05-20T10:37:19.275+0000][8][safepoint   ] Safepoint "Cleanup", Time since last: 2008238500 ns, Reaching safepoint: 162700 ns, At safepoint: 60000 ns, Total: 222700 ns
[2021-05-20T10:37:24.281+0000][8][safepoint   ] Safepoint "Cleanup", Time since last: 5004354000 ns, Reaching safepoint: 498600 ns, At safepoint: 525800 ns, Total: 1024400 ns
[2021-05-20T10:37:27.287+0000][8][safepoint   ] Safepoint "Cleanup", Time since last: 3005529500 ns, Reaching safepoint: 240200 ns, At safepoint: 221300 ns, Total: 461500 ns
[2021-05-20T10:37:29.293+0000][8][safepoint   ] Safepoint "Cleanup", Time since last: 2005879600 ns, Reaching safepoint: 142300 ns, At safepoint: 50700 ns, Total: 193000 ns
[2021-05-20T10:37:44.275+0000][8][safepoint   ] Safepoint "Cleanup", Time since last: 15016647100 ns, Reaching safepoint: 613800 ns, At safepoint: 68800 ns, Total: 682600 ns
[2021-05-20T10:37:54.290+0000][8][safepoint   ] Safepoint "Cleanup", Time since last: 10013762000 ns, Reaching safepoint: 516300 ns, At safepoint: 420500 ns, Total: 936800 ns
[2021-05-20T10:37:57.296+0000][8][safepoint   ] Safepoint "Cleanup", Time since last: 3005525900 ns, Reaching safepoint: 978400 ns, At safepoint: 106600 ns, Total: 1085000 ns
[2021-05-20T10:37:59.301+0000][8][safepoint   ] Safepoint "Cleanup", Time since last: 2003638500 ns, Reaching safepoint: 584700 ns, At safepoint: 60900 ns, Total: 645600 ns
[2021-05-20T10:38:15.292+0000][8][safepoint   ] Safepoint "Cleanup", Time since last: 16025118200 ns, Reaching safepoint: 158100 ns, At safepoint: 52500 ns, Total: 210600 ns
[2021-05-20T10:38:39.330+0000][8][safepoint   ] Safepoint "Cleanup", Time since last: 24037269200 ns, Reaching safepoint: 897500 ns, At safepoint: 114100 ns, Total: 1011600 ns
[2021-05-20T10:38:44.306+0000][8][safepoint   ] Safepoint "Cleanup", Time since last: 5010337400 ns, Reaching safepoint: 173700 ns, At safepoint: 92200 ns, Total: 265900 ns
[2021-05-20T10:39:00.340+0000][8][safepoint   ] Safepoint "Cleanup", Time since last: 16034037400 ns, Reaching safepoint: 284600 ns, At safepoint: 117600 ns, Total: 402200 ns
[2021-05-20T10:39:04.354+0000][8][safepoint   ] Safepoint "Cleanup", Time since last: 4013617400 ns, Reaching safepoint: 297900 ns, At safepoint: 97400 ns, Total: 395300 ns
[2021-05-20T10:39:08.364+0000][8][safepoint   ] Safepoint "Cleanup", Time since last: 4008927300 ns, Reaching safepoint: 593100 ns, At safepoint: 105100 ns, Total: 698200 ns
[2021-05-20T10:39:14.339+0000][8][safepoint   ] Safepoint "Cleanup", Time since last: 6009682900 ns, Reaching safepoint: 356900 ns, At safepoint: 54200 ns, Total: 411100 ns
[2021-05-20T10:39:24.350+0000][8][safepoint   ] Safepoint "Cleanup", Time since last: 10010519600 ns, Reaching safepoint: 196700 ns, At safepoint: 67800 ns, Total: 264500 ns
[2021-05-20T10:40:58.395+0000][8][safepoint   ] Safepoint "Cleanup", Time since last: 94148891000 ns, Reaching safepoint: 355200 ns, At safepoint: 147000 ns, Total: 502200 ns
[2021-05-20T10:41:09.410+0000][8][safepoint   ] Safepoint "Cleanup", Time since last: 11014649000 ns, Reaching safepoint: 352700 ns, At safepoint: 159900 ns, Total: 512600 ns
[2021-05-20T10:41:17.382+0000][8][safepoint   ] Safepoint "Cleanup", Time since last: 8006573300 ns, Reaching safepoint: 222300 ns, At safepoint: 82500 ns, Total: 304800 ns
[2021-05-20T10:41:18.987+0000][8][gc,heap,exit] Heap
[2021-05-20T10:41:18.988+0000][8][gc,heap,exit]  garbage-first heap   total 524288K, used 258888K [0x00000000e0000000, 0x0000000100000000)
[2021-05-20T10:41:18.988+0000][8][gc,heap,exit]   region size 4096K, 49 young (200704K), 6 survivors (24576K)
[2021-05-20T10:41:18.989+0000][8][gc,heap,exit]  Metaspace       used 89655K, committed 90944K, reserved 1130496K
[2021-05-20T10:41:18.990+0000][8][gc,heap,exit]   class space    used 12302K, committed 12800K, reserved 1048576K
