[2021-05-20T03:42:30.954+0000][9][gc] Using G1
[2021-05-20T03:42:31.020+0000][9][gc,init] Version: 16+36 (release)
[2021-05-20T03:42:31.021+0000][9][gc,init] CPUs: 4 total, 4 available
[2021-05-20T03:42:31.022+0000][9][gc,init] Memory: 3936M
[2021-05-20T03:42:31.023+0000][9][gc,init] Large Page Support: Disabled
[2021-05-20T03:42:31.024+0000][9][gc,init] NUMA Support: Disabled
[2021-05-20T03:42:31.028+0000][9][gc,init] Compressed Oops: Enabled (32-bit)
[2021-05-20T03:42:31.028+0000][9][gc,init] Heap Region Size: 4M
[2021-05-20T03:42:31.032+0000][9][gc,init] Heap Min Capacity: 512M
[2021-05-20T03:42:31.036+0000][9][gc,init] Heap Initial Capacity: 512M
[2021-05-20T03:42:31.037+0000][9][gc,init] Heap Max Capacity: 512M
[2021-05-20T03:42:31.037+0000][9][gc,init] Pre-touch: Enabled
[2021-05-20T03:42:31.038+0000][9][gc,init] Parallel Workers: 4
[2021-05-20T03:42:31.038+0000][9][gc,init] Concurrent Workers: 1
[2021-05-20T03:42:31.039+0000][9][gc,init] Concurrent Refinement Workers: 4
[2021-05-20T03:42:31.039+0000][9][gc,init] Periodic GC: Disabled
[2021-05-20T03:42:31.040+0000][9][gc,metaspace] CDS archive(s) mapped at: [0x0000000800000000-0x0000000800bea000-0x0000000800bea000), size 12492800, SharedBaseAddress: 0x0000000800000000, ArchiveRelocationMode: 0.
[2021-05-20T03:42:31.041+0000][9][gc,metaspace] Compressed class space mapped at: 0x0000000800c00000-0x0000000840c00000, reserved size: 1073741824
[2021-05-20T03:42:31.041+0000][9][gc,metaspace] Narrow klass base: 0x0000000800000000, Narrow klass shift: 3, Narrow klass range: 0x100000000
[2021-05-20T03:42:31.820+0000][9][safepoint   ] Safepoint "ICBufferFull", Time since last: 770215100 ns, Reaching safepoint: 289600 ns, At safepoint: 45800 ns, Total: 335400 ns
[2021-05-20T03:42:32.073+0000][9][gc,start    ] GC(0) Pause Young (Normal) (G1 Evacuation Pause)
[2021-05-20T03:42:32.075+0000][9][gc,task     ] GC(0) Using 4 workers of 4 for evacuation
[2021-05-20T03:42:32.076+0000][9][gc,age      ] GC(0) Desired survivor size 2097152 bytes, new threshold 15 (max threshold 15)
[2021-05-20T03:42:32.084+0000][9][gc,age      ] GC(0) Age table with threshold 15 (max threshold 15)
[2021-05-20T03:42:32.085+0000][9][gc,age      ] GC(0) - age   1:    4166360 bytes,    4166360 total
[2021-05-20T03:42:32.086+0000][9][gc,phases   ] GC(0)   Pre Evacuate Collection Set: 0.2ms
[2021-05-20T03:42:32.087+0000][9][gc,phases   ] GC(0)   Merge Heap Roots: 0.2ms
[2021-05-20T03:42:32.088+0000][9][gc,phases   ] GC(0)   Evacuate Collection Set: 3.5ms
[2021-05-20T03:42:32.088+0000][9][gc,phases   ] GC(0)   Post Evacuate Collection Set: 3.4ms
[2021-05-20T03:42:32.089+0000][9][gc,phases   ] GC(0)   Other: 6.6ms
[2021-05-20T03:42:32.089+0000][9][gc,heap     ] GC(0) Eden regions: 6->0(5)
[2021-05-20T03:42:32.090+0000][9][gc,heap     ] GC(0) Survivor regions: 0->1(1)
[2021-05-20T03:42:32.091+0000][9][gc,heap     ] GC(0) Old regions: 0->1
[2021-05-20T03:42:32.091+0000][9][gc,heap     ] GC(0) Archive regions: 2->2
[2021-05-20T03:42:32.092+0000][9][gc,heap     ] GC(0) Humongous regions: 0->0
[2021-05-20T03:42:32.092+0000][9][gc,metaspace] GC(0) Metaspace: 8211K(8384K)->8211K(8384K) NonClass: 7299K(7424K)->7299K(7424K) Class: 911K(960K)->911K(960K)
[2021-05-20T03:42:32.093+0000][9][gc          ] GC(0) Pause Young (Normal) (G1 Evacuation Pause) 27M->8M(512M) 20.454ms
[2021-05-20T03:42:32.094+0000][9][gc,cpu      ] GC(0) User=0.02s Sys=0.01s Real=0.02s
[2021-05-20T03:42:32.094+0000][9][safepoint   ] Safepoint "G1CollectForAllocation", Time since last: 252017900 ns, Reaching safepoint: 64900 ns, At safepoint: 21873000 ns, Total: 21937900 ns
[2021-05-20T03:42:32.755+0000][9][gc,start    ] GC(1) Pause Young (Normal) (G1 Evacuation Pause)
[2021-05-20T03:42:32.756+0000][9][gc,task     ] GC(1) Using 4 workers of 4 for evacuation
[2021-05-20T03:42:32.757+0000][9][gc,age      ] GC(1) Desired survivor size 2097152 bytes, new threshold 1 (max threshold 15)
[2021-05-20T03:42:32.764+0000][9][gc,age      ] GC(1) Age table with threshold 1 (max threshold 15)
[2021-05-20T03:42:32.765+0000][9][gc,age      ] GC(1) - age   1:    1710240 bytes,    1710240 total
[2021-05-20T03:42:32.766+0000][9][gc,phases   ] GC(1)   Pre Evacuate Collection Set: 0.1ms
[2021-05-20T03:42:32.767+0000][9][gc,phases   ] GC(1)   Merge Heap Roots: 0.2ms
[2021-05-20T03:42:32.767+0000][9][gc,phases   ] GC(1)   Evacuate Collection Set: 4.4ms
[2021-05-20T03:42:32.768+0000][9][gc,phases   ] GC(1)   Post Evacuate Collection Set: 1.3ms
[2021-05-20T03:42:32.769+0000][9][gc,phases   ] GC(1)   Other: 4.6ms
[2021-05-20T03:42:32.769+0000][9][gc,heap     ] GC(1) Eden regions: 5->0(7)
[2021-05-20T03:42:32.770+0000][9][gc,heap     ] GC(1) Survivor regions: 1->1(1)
[2021-05-20T03:42:32.771+0000][9][gc,heap     ] GC(1) Old regions: 1->2
[2021-05-20T03:42:32.772+0000][9][gc,heap     ] GC(1) Archive regions: 2->2
[2021-05-20T03:42:32.772+0000][9][gc,heap     ] GC(1) Humongous regions: 0->0
[2021-05-20T03:42:32.773+0000][9][gc,metaspace] GC(1) Metaspace: 11754K(11968K)->11754K(11968K) NonClass: 10367K(10496K)->10367K(10496K) Class: 1387K(1472K)->1387K(1472K)
[2021-05-20T03:42:32.773+0000][9][gc          ] GC(1) Pause Young (Normal) (G1 Evacuation Pause) 28M->9M(512M) 17.888ms
[2021-05-20T03:42:32.774+0000][9][gc,cpu      ] GC(1) User=0.01s Sys=0.00s Real=0.02s
[2021-05-20T03:42:32.774+0000][9][safepoint   ] Safepoint "G1CollectForAllocation", Time since last: 660593900 ns, Reaching safepoint: 257800 ns, At safepoint: 19244400 ns, Total: 19502200 ns
[2021-05-20T03:42:33.334+0000][9][gc,start    ] GC(2) Pause Young (Normal) (G1 Evacuation Pause)
[2021-05-20T03:42:33.335+0000][9][gc,task     ] GC(2) Using 4 workers of 4 for evacuation
[2021-05-20T03:42:33.336+0000][9][gc,age      ] GC(2) Desired survivor size 2097152 bytes, new threshold 15 (max threshold 15)
[2021-05-20T03:42:33.342+0000][9][gc,age      ] GC(2) Age table with threshold 15 (max threshold 15)
[2021-05-20T03:42:33.344+0000][9][gc,age      ] GC(2) - age   1:    1094968 bytes,    1094968 total
[2021-05-20T03:42:33.344+0000][9][gc,age      ] GC(2) - age   2:    1639824 bytes,    2734792 total
[2021-05-20T03:42:33.345+0000][9][gc,phases   ] GC(2)   Pre Evacuate Collection Set: 0.1ms
[2021-05-20T03:42:33.346+0000][9][gc,phases   ] GC(2)   Merge Heap Roots: 0.2ms
[2021-05-20T03:42:33.347+0000][9][gc,phases   ] GC(2)   Evacuate Collection Set: 3.3ms
[2021-05-20T03:42:33.347+0000][9][gc,phases   ] GC(2)   Post Evacuate Collection Set: 2.1ms
[2021-05-20T03:42:33.348+0000][9][gc,phases   ] GC(2)   Other: 5.8ms
[2021-05-20T03:42:33.349+0000][9][gc,heap     ] GC(2) Eden regions: 7->0(23)
[2021-05-20T03:42:33.349+0000][9][gc,heap     ] GC(2) Survivor regions: 1->1(1)
[2021-05-20T03:42:33.350+0000][9][gc,heap     ] GC(2) Old regions: 2->2
[2021-05-20T03:42:33.351+0000][9][gc,heap     ] GC(2) Archive regions: 2->2
[2021-05-20T03:42:33.351+0000][9][gc,heap     ] GC(2) Humongous regions: 0->0
[2021-05-20T03:42:33.352+0000][9][gc,metaspace] GC(2) Metaspace: 14247K(14464K)->14247K(14464K) NonClass: 12606K(12736K)->12606K(12736K) Class: 1640K(1728K)->1640K(1728K)
[2021-05-20T03:42:33.353+0000][9][gc          ] GC(2) Pause Young (Normal) (G1 Evacuation Pause) 37M->10M(512M) 18.989ms
[2021-05-20T03:42:33.353+0000][9][gc,cpu      ] GC(2) User=0.01s Sys=0.00s Real=0.02s
[2021-05-20T03:42:33.354+0000][9][safepoint   ] Safepoint "G1CollectForAllocation", Time since last: 593532200 ns, Reaching safepoint: 135300 ns, At safepoint: 20244600 ns, Total: 20379900 ns
[2021-05-20T03:42:33.868+0000][9][safepoint   ] Safepoint "ICBufferFull", Time since last: 513928100 ns, Reaching safepoint: 198800 ns, At safepoint: 26000 ns, Total: 224800 ns
[2021-05-20T03:42:33.877+0000][9][safepoint   ] Safepoint "ICBufferFull", Time since last: 8524300 ns, Reaching safepoint: 100100 ns, At safepoint: 36900 ns, Total: 137000 ns
[2021-05-20T03:42:33.882+0000][9][safepoint   ] Safepoint "ICBufferFull", Time since last: 4939700 ns, Reaching safepoint: 61500 ns, At safepoint: 20800 ns, Total: 82300 ns
[2021-05-20T03:42:33.888+0000][9][safepoint   ] Safepoint "ICBufferFull", Time since last: 6183600 ns, Reaching safepoint: 63000 ns, At safepoint: 22400 ns, Total: 85400 ns
[2021-05-20T03:42:33.893+0000][9][safepoint   ] Safepoint "ICBufferFull", Time since last: 5065000 ns, Reaching safepoint: 72900 ns, At safepoint: 20100 ns, Total: 93000 ns
[2021-05-20T03:42:33.901+0000][9][safepoint   ] Safepoint "ICBufferFull", Time since last: 7370200 ns, Reaching safepoint: 74800 ns, At safepoint: 31400 ns, Total: 106200 ns
[2021-05-20T03:42:33.908+0000][9][safepoint   ] Safepoint "ICBufferFull", Time since last: 7186300 ns, Reaching safepoint: 35400 ns, At safepoint: 20800 ns, Total: 56200 ns
[2021-05-20T03:42:33.913+0000][9][safepoint   ] Safepoint "ICBufferFull", Time since last: 4826600 ns, Reaching safepoint: 51500 ns, At safepoint: 40500 ns, Total: 92000 ns
[2021-05-20T03:42:33.918+0000][9][safepoint   ] Safepoint "ICBufferFull", Time since last: 4593800 ns, Reaching safepoint: 188200 ns, At safepoint: 22700 ns, Total: 210900 ns
[2021-05-20T03:42:33.923+0000][9][safepoint   ] Safepoint "ICBufferFull", Time since last: 5224800 ns, Reaching safepoint: 147900 ns, At safepoint: 20100 ns, Total: 168000 ns
[2021-05-20T03:42:33.929+0000][9][safepoint   ] Safepoint "ICBufferFull", Time since last: 5794600 ns, Reaching safepoint: 113300 ns, At safepoint: 21400 ns, Total: 134700 ns
[2021-05-20T03:42:33.934+0000][9][safepoint   ] Safepoint "ICBufferFull", Time since last: 4472500 ns, Reaching safepoint: 149800 ns, At safepoint: 24200 ns, Total: 174000 ns
[2021-05-20T03:42:33.940+0000][9][safepoint   ] Safepoint "ICBufferFull", Time since last: 6137200 ns, Reaching safepoint: 75000 ns, At safepoint: 21200 ns, Total: 96200 ns
[2021-05-20T03:42:33.946+0000][9][safepoint   ] Safepoint "ICBufferFull", Time since last: 6017900 ns, Reaching safepoint: 71100 ns, At safepoint: 22000 ns, Total: 93100 ns
[2021-05-20T03:42:33.951+0000][9][safepoint   ] Safepoint "ICBufferFull", Time since last: 4760300 ns, Reaching safepoint: 66100 ns, At safepoint: 21200 ns, Total: 87300 ns
[2021-05-20T03:42:34.057+0000][9][safepoint   ] Safepoint "ICBufferFull", Time since last: 105947100 ns, Reaching safepoint: 767500 ns, At safepoint: 22800 ns, Total: 790300 ns
[2021-05-20T03:42:34.183+0000][9][gc,start    ] GC(3) Pause Young (Normal) (G1 Evacuation Pause)
[2021-05-20T03:42:34.184+0000][9][gc,task     ] GC(3) Using 4 workers of 4 for evacuation
[2021-05-20T03:42:34.186+0000][9][gc,age      ] GC(3) Desired survivor size 6291456 bytes, new threshold 15 (max threshold 15)
[2021-05-20T03:42:34.193+0000][9][gc,age      ] GC(3) Age table with threshold 15 (max threshold 15)
[2021-05-20T03:42:34.194+0000][9][gc,age      ] GC(3) - age   1:    3042208 bytes,    3042208 total
[2021-05-20T03:42:34.194+0000][9][gc,age      ] GC(3) - age   2:    1056720 bytes,    4098928 total
[2021-05-20T03:42:34.195+0000][9][gc,age      ] GC(3) - age   3:    1625648 bytes,    5724576 total
[2021-05-20T03:42:34.196+0000][9][gc,phases   ] GC(3)   Pre Evacuate Collection Set: 0.1ms
[2021-05-20T03:42:34.196+0000][9][gc,phases   ] GC(3)   Merge Heap Roots: 0.2ms
[2021-05-20T03:42:34.197+0000][9][gc,phases   ] GC(3)   Evacuate Collection Set: 4.5ms
[2021-05-20T03:42:34.197+0000][9][gc,phases   ] GC(3)   Post Evacuate Collection Set: 1.5ms
[2021-05-20T03:42:34.198+0000][9][gc,phases   ] GC(3)   Other: 6.3ms
[2021-05-20T03:42:34.198+0000][9][gc,heap     ] GC(3) Eden regions: 23->0(74)
[2021-05-20T03:42:34.199+0000][9][gc,heap     ] GC(3) Survivor regions: 1->2(3)
[2021-05-20T03:42:34.200+0000][9][gc,heap     ] GC(3) Old regions: 2->2
[2021-05-20T03:42:34.200+0000][9][gc,heap     ] GC(3) Archive regions: 2->2
[2021-05-20T03:42:34.201+0000][9][gc,heap     ] GC(3) Humongous regions: 0->0
[2021-05-20T03:42:34.202+0000][9][gc,metaspace] GC(3) Metaspace: 16485K(16704K)->16485K(16704K) NonClass: 14553K(14656K)->14553K(14656K) Class: 1932K(2048K)->1932K(2048K)
[2021-05-20T03:42:34.202+0000][9][gc          ] GC(3) Pause Young (Normal) (G1 Evacuation Pause) 102M->13M(512M) 19.009ms
[2021-05-20T03:42:34.203+0000][9][gc,cpu      ] GC(3) User=0.01s Sys=0.00s Real=0.02s
[2021-05-20T03:42:34.203+0000][9][safepoint   ] Safepoint "G1CollectForAllocation", Time since last: 125200000 ns, Reaching safepoint: 337400 ns, At safepoint: 20265600 ns, Total: 20603000 ns
[2021-05-20T03:42:35.134+0000][9][safepoint   ] Safepoint "ICBufferFull", Time since last: 930786600 ns, Reaching safepoint: 173000 ns, At safepoint: 23800 ns, Total: 196800 ns
[2021-05-20T03:42:35.308+0000][9][gc,start    ] GC(4) Pause Young (Normal) (G1 Evacuation Pause)
[2021-05-20T03:42:35.309+0000][9][gc,task     ] GC(4) Using 4 workers of 4 for evacuation
[2021-05-20T03:42:35.310+0000][9][gc,age      ] GC(4) Desired survivor size 20971520 bytes, new threshold 15 (max threshold 15)
[2021-05-20T03:42:35.321+0000][9][gc,age      ] GC(4) Age table with threshold 15 (max threshold 15)
[2021-05-20T03:42:35.322+0000][9][gc,age      ] GC(4) - age   1:    4316568 bytes,    4316568 total
[2021-05-20T03:42:35.323+0000][9][gc,age      ] GC(4) - age   2:    1972672 bytes,    6289240 total
[2021-05-20T03:42:35.324+0000][9][gc,age      ] GC(4) - age   3:    1056600 bytes,    7345840 total
[2021-05-20T03:42:35.325+0000][9][gc,age      ] GC(4) - age   4:    1625648 bytes,    8971488 total
[2021-05-20T03:42:35.325+0000][9][gc,phases   ] GC(4)   Pre Evacuate Collection Set: 0.1ms
[2021-05-20T03:42:35.326+0000][9][gc,phases   ] GC(4)   Merge Heap Roots: 0.1ms
[2021-05-20T03:42:35.327+0000][9][gc,phases   ] GC(4)   Evacuate Collection Set: 8.6ms
[2021-05-20T03:42:35.327+0000][9][gc,phases   ] GC(4)   Post Evacuate Collection Set: 1.7ms
[2021-05-20T03:42:35.328+0000][9][gc,phases   ] GC(4)   Other: 6.6ms
[2021-05-20T03:42:35.328+0000][9][gc,heap     ] GC(4) Eden regions: 74->0(73)
[2021-05-20T03:42:35.329+0000][9][gc,heap     ] GC(4) Survivor regions: 2->3(10)
[2021-05-20T03:42:35.330+0000][9][gc,heap     ] GC(4) Old regions: 2->2
[2021-05-20T03:42:35.330+0000][9][gc,heap     ] GC(4) Archive regions: 2->2
[2021-05-20T03:42:35.331+0000][9][gc,heap     ] GC(4) Humongous regions: 0->0
[2021-05-20T03:42:35.332+0000][9][gc,metaspace] GC(4) Metaspace: 18679K(18944K)->18679K(18944K) NonClass: 16453K(16576K)->16453K(16576K) Class: 2225K(2368K)->2225K(2368K)
[2021-05-20T03:42:35.332+0000][9][gc          ] GC(4) Pause Young (Normal) (G1 Evacuation Pause) 309M->16M(512M) 23.943ms
[2021-05-20T03:42:35.333+0000][9][gc,cpu      ] GC(4) User=0.03s Sys=0.00s Real=0.02s
[2021-05-20T03:42:35.334+0000][9][safepoint   ] Safepoint "G1CollectForAllocation", Time since last: 173928600 ns, Reaching safepoint: 71400 ns, At safepoint: 25366500 ns, Total: 25437900 ns
[2021-05-20T03:42:36.014+0000][9][gc,start    ] GC(5) Pause Young (Normal) (G1 Evacuation Pause)
[2021-05-20T03:42:36.015+0000][9][gc,task     ] GC(5) Using 4 workers of 4 for evacuation
[2021-05-20T03:42:36.016+0000][9][gc,age      ] GC(5) Desired survivor size 20971520 bytes, new threshold 15 (max threshold 15)
[2021-05-20T03:42:36.039+0000][9][gc,age      ] GC(5) Age table with threshold 15 (max threshold 15)
[2021-05-20T03:42:36.040+0000][9][gc,age      ] GC(5) - age   1:    4220672 bytes,    4220672 total
[2021-05-20T03:42:36.040+0000][9][gc,age      ] GC(5) - age   2:    3759376 bytes,    7980048 total
[2021-05-20T03:42:36.041+0000][9][gc,age      ] GC(5) - age   3:    1972320 bytes,    9952368 total
[2021-05-20T03:42:36.042+0000][9][gc,age      ] GC(5) - age   4:    1056600 bytes,   11008968 total
[2021-05-20T03:42:36.043+0000][9][gc,age      ] GC(5) - age   5:    1625648 bytes,   12634616 total
[2021-05-20T03:42:36.044+0000][9][gc,phases   ] GC(5)   Pre Evacuate Collection Set: 0.1ms
[2021-05-20T03:42:36.045+0000][9][gc,phases   ] GC(5)   Merge Heap Roots: 0.4ms
[2021-05-20T03:42:36.045+0000][9][gc,phases   ] GC(5)   Evacuate Collection Set: 18.7ms
[2021-05-20T03:42:36.046+0000][9][gc,phases   ] GC(5)   Post Evacuate Collection Set: 2.4ms
[2021-05-20T03:42:36.047+0000][9][gc,phases   ] GC(5)   Other: 8.5ms
[2021-05-20T03:42:36.048+0000][9][gc,heap     ] GC(5) Eden regions: 73->0(72)
[2021-05-20T03:42:36.048+0000][9][gc,heap     ] GC(5) Survivor regions: 3->4(10)
[2021-05-20T03:42:36.049+0000][9][gc,heap     ] GC(5) Old regions: 2->2
[2021-05-20T03:42:36.049+0000][9][gc,heap     ] GC(5) Archive regions: 2->2
[2021-05-20T03:42:36.050+0000][9][gc,heap     ] GC(5) Humongous regions: 0->0
[2021-05-20T03:42:36.051+0000][9][gc,metaspace] GC(5) Metaspace: 19083K(19456K)->19083K(19456K) NonClass: 16811K(17024K)->16811K(17024K) Class: 2272K(2432K)->2272K(2432K)
[2021-05-20T03:42:36.051+0000][9][gc          ] GC(5) Pause Young (Normal) (G1 Evacuation Pause) 308M->20M(512M) 37.409ms
[2021-05-20T03:42:36.052+0000][9][gc,cpu      ] GC(5) User=0.02s Sys=0.00s Real=0.04s
[2021-05-20T03:42:36.052+0000][9][safepoint   ] Safepoint "G1CollectForAllocation", Time since last: 680184100 ns, Reaching safepoint: 88200 ns, At safepoint: 38557100 ns, Total: 38645300 ns
[2021-05-20T03:42:36.601+0000][9][gc,start    ] GC(6) Pause Young (Normal) (G1 Evacuation Pause)
[2021-05-20T03:42:36.602+0000][9][gc,task     ] GC(6) Using 4 workers of 4 for evacuation
[2021-05-20T03:42:36.603+0000][9][gc,age      ] GC(6) Desired survivor size 20971520 bytes, new threshold 15 (max threshold 15)
[2021-05-20T03:42:36.621+0000][9][gc,age      ] GC(6) Age table with threshold 15 (max threshold 15)
[2021-05-20T03:42:36.622+0000][9][gc,age      ] GC(6) - age   1:    2352400 bytes,    2352400 total
[2021-05-20T03:42:36.623+0000][9][gc,age      ] GC(6) - age   2:    2546120 bytes,    4898520 total
[2021-05-20T03:42:36.623+0000][9][gc,age      ] GC(6) - age   3:    3758064 bytes,    8656584 total
[2021-05-20T03:42:36.624+0000][9][gc,age      ] GC(6) - age   4:    1972320 bytes,   10628904 total
[2021-05-20T03:42:36.625+0000][9][gc,age      ] GC(6) - age   5:    1056600 bytes,   11685504 total
[2021-05-20T03:42:36.626+0000][9][gc,age      ] GC(6) - age   6:    1625648 bytes,   13311152 total
[2021-05-20T03:42:36.627+0000][9][gc,phases   ] GC(6)   Pre Evacuate Collection Set: 0.1ms
[2021-05-20T03:42:36.627+0000][9][gc,phases   ] GC(6)   Merge Heap Roots: 0.2ms
[2021-05-20T03:42:36.628+0000][9][gc,phases   ] GC(6)   Evacuate Collection Set: 14.0ms
[2021-05-20T03:42:36.628+0000][9][gc,phases   ] GC(6)   Post Evacuate Collection Set: 2.7ms
[2021-05-20T03:42:36.629+0000][9][gc,phases   ] GC(6)   Other: 8.7ms
[2021-05-20T03:42:36.630+0000][9][gc,heap     ] GC(6) Eden regions: 72->0(72)
[2021-05-20T03:42:36.631+0000][9][gc,heap     ] GC(6) Survivor regions: 4->4(10)
[2021-05-20T03:42:36.631+0000][9][gc,heap     ] GC(6) Old regions: 2->2
[2021-05-20T03:42:36.632+0000][9][gc,heap     ] GC(6) Archive regions: 2->2
[2021-05-20T03:42:36.632+0000][9][gc,heap     ] GC(6) Humongous regions: 0->0
[2021-05-20T03:42:36.633+0000][9][gc,metaspace] GC(6) Metaspace: 19474K(19904K)->19474K(19904K) NonClass: 17130K(17408K)->17130K(17408K) Class: 2343K(2496K)->2343K(2496K)
[2021-05-20T03:42:36.634+0000][9][gc          ] GC(6) Pause Young (Normal) (G1 Evacuation Pause) 308M->21M(512M) 33.067ms
[2021-05-20T03:42:36.635+0000][9][gc,cpu      ] GC(6) User=0.03s Sys=0.01s Real=0.03s
[2021-05-20T03:42:36.636+0000][9][safepoint   ] Safepoint "G1CollectForAllocation", Time since last: 548223500 ns, Reaching safepoint: 76600 ns, At safepoint: 34790100 ns, Total: 34866700 ns
[2021-05-20T03:42:37.394+0000][9][gc,start    ] GC(7) Pause Young (Normal) (G1 Evacuation Pause)
[2021-05-20T03:42:37.395+0000][9][gc,task     ] GC(7) Using 4 workers of 4 for evacuation
[2021-05-20T03:42:37.396+0000][9][gc,age      ] GC(7) Desired survivor size 20971520 bytes, new threshold 15 (max threshold 15)
[2021-05-20T03:42:37.407+0000][9][gc,age      ] GC(7) Age table with threshold 15 (max threshold 15)
[2021-05-20T03:42:37.408+0000][9][gc,age      ] GC(7) - age   1:    4087456 bytes,    4087456 total
[2021-05-20T03:42:37.409+0000][9][gc,age      ] GC(7) - age   2:     577920 bytes,    4665376 total
[2021-05-20T03:42:37.410+0000][9][gc,age      ] GC(7) - age   3:    2544960 bytes,    7210336 total
[2021-05-20T03:42:37.410+0000][9][gc,age      ] GC(7) - age   4:    3757440 bytes,   10967776 total
[2021-05-20T03:42:37.411+0000][9][gc,age      ] GC(7) - age   5:    1972240 bytes,   12940016 total
[2021-05-20T03:42:37.412+0000][9][gc,age      ] GC(7) - age   6:    1048376 bytes,   13988392 total
[2021-05-20T03:42:37.412+0000][9][gc,age      ] GC(7) - age   7:    1625392 bytes,   15613784 total
[2021-05-20T03:42:37.413+0000][9][gc,phases   ] GC(7)   Pre Evacuate Collection Set: 0.2ms
[2021-05-20T03:42:37.416+0000][9][gc,phases   ] GC(7)   Merge Heap Roots: 0.1ms
[2021-05-20T03:42:37.416+0000][9][gc,phases   ] GC(7)   Evacuate Collection Set: 8.1ms
[2021-05-20T03:42:37.417+0000][9][gc,phases   ] GC(7)   Post Evacuate Collection Set: 2.1ms
[2021-05-20T03:42:37.418+0000][9][gc,phases   ] GC(7)   Other: 8.3ms
[2021-05-20T03:42:37.419+0000][9][gc,heap     ] GC(7) Eden regions: 72->0(72)
[2021-05-20T03:42:37.419+0000][9][gc,heap     ] GC(7) Survivor regions: 4->4(10)
[2021-05-20T03:42:37.420+0000][9][gc,heap     ] GC(7) Old regions: 2->2
[2021-05-20T03:42:37.421+0000][9][gc,heap     ] GC(7) Archive regions: 2->2
[2021-05-20T03:42:37.422+0000][9][gc,heap     ] GC(7) Humongous regions: 0->0
[2021-05-20T03:42:37.422+0000][9][gc,metaspace] GC(7) Metaspace: 20773K(21248K)->20773K(21248K) NonClass: 18258K(18560K)->18258K(18560K) Class: 2514K(2688K)->2514K(2688K)
[2021-05-20T03:42:37.423+0000][9][gc          ] GC(7) Pause Young (Normal) (G1 Evacuation Pause) 309M->23M(512M) 28.757ms
[2021-05-20T03:42:37.424+0000][9][gc,cpu      ] GC(7) User=0.01s Sys=0.01s Real=0.03s
[2021-05-20T03:42:37.425+0000][9][safepoint   ] Safepoint "G1CollectForAllocation", Time since last: 758500800 ns, Reaching safepoint: 133600 ns, At safepoint: 30382600 ns, Total: 30516200 ns
[2021-05-20T03:42:37.443+0000][9][gc,start    ] GC(8) Pause Young (Concurrent Start) (Metadata GC Threshold)
[2021-05-20T03:42:37.444+0000][9][gc,task     ] GC(8) Using 4 workers of 4 for evacuation
[2021-05-20T03:42:37.445+0000][9][gc,age      ] GC(8) Desired survivor size 20971520 bytes, new threshold 15 (max threshold 15)
[2021-05-20T03:42:37.456+0000][9][gc,age      ] GC(8) Age table with threshold 15 (max threshold 15)
[2021-05-20T03:42:37.457+0000][9][gc,age      ] GC(8) - age   1:      70536 bytes,      70536 total
[2021-05-20T03:42:37.458+0000][9][gc,age      ] GC(8) - age   2:    2338240 bytes,    2408776 total
[2021-05-20T03:42:37.458+0000][9][gc,age      ] GC(8) - age   3:     577920 bytes,    2986696 total
[2021-05-20T03:42:37.459+0000][9][gc,age      ] GC(8) - age   4:    2544960 bytes,    5531656 total
[2021-05-20T03:42:37.460+0000][9][gc,age      ] GC(8) - age   5:    3757440 bytes,    9289096 total
[2021-05-20T03:42:37.460+0000][9][gc,age      ] GC(8) - age   6:    1972240 bytes,   11261336 total
[2021-05-20T03:42:37.461+0000][9][gc,age      ] GC(8) - age   7:    1048376 bytes,   12309712 total
[2021-05-20T03:42:37.462+0000][9][gc,age      ] GC(8) - age   8:    1625392 bytes,   13935104 total
[2021-05-20T03:42:37.463+0000][9][gc,phases   ] GC(8)   Pre Evacuate Collection Set: 0.2ms
[2021-05-20T03:42:37.464+0000][9][gc,phases   ] GC(8)   Merge Heap Roots: 0.4ms
[2021-05-20T03:42:37.464+0000][9][gc,phases   ] GC(8)   Evacuate Collection Set: 7.0ms
[2021-05-20T03:42:37.465+0000][9][gc,phases   ] GC(8)   Post Evacuate Collection Set: 1.9ms
[2021-05-20T03:42:37.466+0000][9][gc,phases   ] GC(8)   Other: 10.0ms
[2021-05-20T03:42:37.467+0000][9][gc,heap     ] GC(8) Eden regions: 2->0(72)
[2021-05-20T03:42:37.468+0000][9][gc,heap     ] GC(8) Survivor regions: 4->4(10)
[2021-05-20T03:42:37.468+0000][9][gc,heap     ] GC(8) Old regions: 2->2
[2021-05-20T03:42:37.469+0000][9][gc,heap     ] GC(8) Archive regions: 2->2
[2021-05-20T03:42:37.470+0000][9][gc,heap     ] GC(8) Humongous regions: 0->0
[2021-05-20T03:42:37.471+0000][9][gc,metaspace] GC(8) Metaspace: 20799K(21248K)->20799K(21248K) NonClass: 18283K(18560K)->18283K(18560K) Class: 2516K(2688K)->2516K(2688K)
[2021-05-20T03:42:37.472+0000][9][gc          ] GC(8) Pause Young (Concurrent Start) (Metadata GC Threshold) 29M->21M(512M) 28.347ms
[2021-05-20T03:42:37.472+0000][9][gc,cpu      ] GC(8) User=0.01s Sys=0.01s Real=0.03s
[2021-05-20T03:42:37.473+0000][9][gc          ] GC(9) Concurrent Mark Cycle
[2021-05-20T03:42:37.474+0000][9][gc,marking  ] GC(9) Concurrent Clear Claimed Marks
[2021-05-20T03:42:37.474+0000][9][safepoint   ] Safepoint "CollectForMetadataAllocation", Time since last: 18438600 ns, Reaching safepoint: 127800 ns, At safepoint: 30208800 ns, Total: 30336600 ns
[2021-05-20T03:42:37.475+0000][9][gc,marking  ] GC(9) Concurrent Clear Claimed Marks 0.726ms
[2021-05-20T03:42:37.476+0000][9][gc,marking  ] GC(9) Concurrent Scan Root Regions
[2021-05-20T03:42:37.480+0000][9][gc,marking  ] GC(9) Concurrent Scan Root Regions 4.319ms
[2021-05-20T03:42:37.481+0000][9][gc,marking  ] GC(9) Concurrent Mark
[2021-05-20T03:42:37.482+0000][9][gc,marking  ] GC(9) Concurrent Mark From Roots
[2021-05-20T03:42:37.483+0000][9][gc,task     ] GC(9) Using 1 workers of 1 for marking
[2021-05-20T03:42:37.487+0000][9][gc,marking  ] GC(9) Concurrent Mark From Roots 5.578ms
[2021-05-20T03:42:37.493+0000][9][gc,marking  ] GC(9) Concurrent Preclean
[2021-05-20T03:42:37.495+0000][9][gc,marking  ] GC(9) Concurrent Preclean 1.075ms
[2021-05-20T03:42:37.496+0000][9][gc,start    ] GC(9) Pause Remark
[2021-05-20T03:42:37.503+0000][9][gc          ] GC(9) Pause Remark 35M->35M(512M) 7.364ms
[2021-05-20T03:42:37.504+0000][9][gc,cpu      ] GC(9) User=0.01s Sys=0.00s Real=0.01s
[2021-05-20T03:42:37.505+0000][9][safepoint   ] Safepoint "G1Concurrent", Time since last: 22469800 ns, Reaching safepoint: 64400 ns, At safepoint: 9227500 ns, Total: 9291900 ns
[2021-05-20T03:42:37.506+0000][9][gc,marking  ] GC(9) Concurrent Mark 24.968ms
[2021-05-20T03:42:37.507+0000][9][gc,marking  ] GC(9) Concurrent Rebuild Remembered Sets
[2021-05-20T03:42:37.510+0000][9][gc,marking  ] GC(9) Concurrent Rebuild Remembered Sets 3.183ms
[2021-05-20T03:42:37.511+0000][9][gc,start    ] GC(9) Pause Cleanup
[2021-05-20T03:42:37.513+0000][9][gc          ] GC(9) Pause Cleanup 41M->41M(512M) 1.526ms
[2021-05-20T03:42:37.514+0000][9][gc,cpu      ] GC(9) User=0.00s Sys=0.00s Real=0.00s
[2021-05-20T03:42:37.515+0000][9][safepoint   ] Safepoint "G1Concurrent", Time since last: 5658500 ns, Reaching safepoint: 379700 ns, At safepoint: 3433500 ns, Total: 3813200 ns
[2021-05-20T03:42:37.516+0000][9][gc,marking  ] GC(9) Concurrent Cleanup for Next Mark
[2021-05-20T03:42:37.517+0000][9][gc,marking  ] GC(9) Concurrent Cleanup for Next Mark 1.092ms
[2021-05-20T03:42:37.518+0000][9][gc          ] GC(9) Concurrent Mark Cycle 44.321ms
[2021-05-20T03:42:37.914+0000][9][gc,start    ] GC(10) Pause Young (Normal) (G1 Evacuation Pause)
[2021-05-20T03:42:37.916+0000][9][gc,task     ] GC(10) Using 4 workers of 4 for evacuation
[2021-05-20T03:42:37.917+0000][9][gc,age      ] GC(10) Desired survivor size 20971520 bytes, new threshold 15 (max threshold 15)
[2021-05-20T03:42:37.933+0000][9][gc,age      ] GC(10) Age table with threshold 15 (max threshold 15)
[2021-05-20T03:42:37.935+0000][9][gc,age      ] GC(10) - age   1:    2857104 bytes,    2857104 total
[2021-05-20T03:42:37.935+0000][9][gc,age      ] GC(10) - age   2:      34456 bytes,    2891560 total
[2021-05-20T03:42:37.936+0000][9][gc,age      ] GC(10) - age   3:    2335992 bytes,    5227552 total
[2021-05-20T03:42:37.937+0000][9][gc,age      ] GC(10) - age   4:     577160 bytes,    5804712 total
[2021-05-20T03:42:37.937+0000][9][gc,age      ] GC(10) - age   5:    2544960 bytes,    8349672 total
[2021-05-20T03:42:37.938+0000][9][gc,age      ] GC(10) - age   6:    3757440 bytes,   12107112 total
[2021-05-20T03:42:37.939+0000][9][gc,age      ] GC(10) - age   7:    1972176 bytes,   14079288 total
[2021-05-20T03:42:37.940+0000][9][gc,age      ] GC(10) - age   8:    1047768 bytes,   15127056 total
[2021-05-20T03:42:37.941+0000][9][gc,age      ] GC(10) - age   9:    1623600 bytes,   16750656 total
[2021-05-20T03:42:37.942+0000][9][gc,phases   ] GC(10)   Pre Evacuate Collection Set: 0.2ms
[2021-05-20T03:42:37.943+0000][9][gc,phases   ] GC(10)   Merge Heap Roots: 0.4ms
[2021-05-20T03:42:37.944+0000][9][gc,phases   ] GC(10)   Evacuate Collection Set: 12.3ms
[2021-05-20T03:42:37.945+0000][9][gc,phases   ] GC(10)   Post Evacuate Collection Set: 2.5ms
[2021-05-20T03:42:37.945+0000][9][gc,phases   ] GC(10)   Other: 12.3ms
[2021-05-20T03:42:37.946+0000][9][gc,heap     ] GC(10) Eden regions: 72->0(71)
[2021-05-20T03:42:37.947+0000][9][gc,heap     ] GC(10) Survivor regions: 4->5(10)
[2021-05-20T03:42:37.948+0000][9][gc,heap     ] GC(10) Old regions: 2->2
[2021-05-20T03:42:37.948+0000][9][gc,heap     ] GC(10) Archive regions: 2->2
[2021-05-20T03:42:37.949+0000][9][gc,heap     ] GC(10) Humongous regions: 0->0
[2021-05-20T03:42:37.950+0000][9][gc,metaspace] GC(10) Metaspace: 20891K(21376K)->20891K(21376K) NonClass: 18355K(18688K)->18355K(18688K) Class: 2536K(2688K)->2536K(2688K)
[2021-05-20T03:42:37.951+0000][9][gc          ] GC(10) Pause Young (Normal) (G1 Evacuation Pause) 309M->25M(512M) 36.506ms
[2021-05-20T03:42:37.952+0000][9][gc,cpu      ] GC(10) User=0.02s Sys=0.01s Real=0.04s
[2021-05-20T03:42:37.952+0000][9][safepoint   ] Safepoint "G1CollectForAllocation", Time since last: 399640000 ns, Reaching safepoint: 42300 ns, At safepoint: 38040900 ns, Total: 38083200 ns
[2021-05-20T03:42:39.151+0000][9][safepoint   ] Safepoint "Cleanup", Time since last: 1197805900 ns, Reaching safepoint: 574800 ns, At safepoint: 65400 ns, Total: 640200 ns
[2021-05-20T03:42:40.532+0000][9][safepoint   ] Safepoint "Cleanup", Time since last: 1380752900 ns, Reaching safepoint: 437100 ns, At safepoint: 52800 ns, Total: 489900 ns
[2021-05-20T03:42:40.828+0000][9][gc,start    ] GC(11) Pause Young (Normal) (G1 Evacuation Pause)
[2021-05-20T03:42:40.829+0000][9][gc,task     ] GC(11) Using 4 workers of 4 for evacuation
[2021-05-20T03:42:40.830+0000][9][gc,age      ] GC(11) Desired survivor size 20971520 bytes, new threshold 15 (max threshold 15)
[2021-05-20T03:42:40.870+0000][9][gc,age      ] GC(11) Age table with threshold 15 (max threshold 15)
[2021-05-20T03:42:40.871+0000][9][gc,age      ] GC(11) - age   1:   27263096 bytes,   27263096 total
[2021-05-20T03:42:40.872+0000][9][gc,age      ] GC(11) - age   2:     781656 bytes,   28044752 total
[2021-05-20T03:42:40.873+0000][9][gc,age      ] GC(11) - age   3:      34360 bytes,   28079112 total
[2021-05-20T03:42:40.873+0000][9][gc,age      ] GC(11) - age   4:    2306992 bytes,   30386104 total
[2021-05-20T03:42:40.874+0000][9][gc,age      ] GC(11) - age   5:     564656 bytes,   30950760 total
[2021-05-20T03:42:40.875+0000][9][gc,age      ] GC(11) - age   6:    2524368 bytes,   33475128 total
[2021-05-20T03:42:40.876+0000][9][gc,age      ] GC(11) - age   7:    3734360 bytes,   37209488 total
[2021-05-20T03:42:40.876+0000][9][gc,age      ] GC(11) - age   8:    1924224 bytes,   39133712 total
[2021-05-20T03:42:40.877+0000][9][gc,age      ] GC(11) - age   9:    1025456 bytes,   40159168 total
[2021-05-20T03:42:40.878+0000][9][gc,age      ] GC(11) - age  10:    1616272 bytes,   41775440 total
[2021-05-20T03:42:40.878+0000][9][gc,phases   ] GC(11)   Pre Evacuate Collection Set: 0.3ms
[2021-05-20T03:42:40.879+0000][9][gc,phases   ] GC(11)   Merge Heap Roots: 0.2ms
[2021-05-20T03:42:40.880+0000][9][gc,phases   ] GC(11)   Evacuate Collection Set: 32.3ms
[2021-05-20T03:42:40.880+0000][9][gc,phases   ] GC(11)   Post Evacuate Collection Set: 5.6ms
[2021-05-20T03:42:40.881+0000][9][gc,phases   ] GC(11)   Other: 11.9ms
[2021-05-20T03:42:40.882+0000][9][gc,heap     ] GC(11) Eden regions: 71->0(66)
[2021-05-20T03:42:40.883+0000][9][gc,heap     ] GC(11) Survivor regions: 5->10(10)
[2021-05-20T03:42:40.883+0000][9][gc,heap     ] GC(11) Old regions: 2->2
[2021-05-20T03:42:40.884+0000][9][gc,heap     ] GC(11) Archive regions: 2->2
[2021-05-20T03:42:40.885+0000][9][gc,heap     ] GC(11) Humongous regions: 0->0
[2021-05-20T03:42:40.886+0000][9][gc,metaspace] GC(11) Metaspace: 29364K(30272K)->29364K(30272K) NonClass: 25651K(26176K)->25651K(26176K) Class: 3713K(4096K)->3713K(4096K)
[2021-05-20T03:42:40.887+0000][9][gc          ] GC(11) Pause Young (Normal) (G1 Evacuation Pause) 309M->51M(512M) 58.575ms
[2021-05-20T03:42:40.888+0000][9][gc,cpu      ] GC(11) User=0.07s Sys=0.02s Real=0.06s
[2021-05-20T03:42:40.889+0000][9][safepoint   ] Safepoint "G1CollectForAllocation", Time since last: 295819600 ns, Reaching safepoint: 280400 ns, At safepoint: 60645000 ns, Total: 60925400 ns
[2021-05-20T03:42:41.671+0000][9][gc,start    ] GC(12) Pause Young (Concurrent Start) (Metadata GC Threshold)
[2021-05-20T03:42:41.673+0000][9][gc,task     ] GC(12) Using 4 workers of 4 for evacuation
[2021-05-20T03:42:41.674+0000][9][gc,age      ] GC(12) Desired survivor size 20971520 bytes, new threshold 1 (max threshold 15)
[2021-05-20T03:42:41.715+0000][9][gc,age      ] GC(12) Age table with threshold 1 (max threshold 15)
[2021-05-20T03:42:41.716+0000][9][gc,age      ] GC(12) - age   1:    8755248 bytes,    8755248 total
[2021-05-20T03:42:41.717+0000][9][gc,phases   ] GC(12)   Pre Evacuate Collection Set: 0.2ms
[2021-05-20T03:42:41.718+0000][9][gc,phases   ] GC(12)   Merge Heap Roots: 0.2ms
[2021-05-20T03:42:41.719+0000][9][gc,phases   ] GC(12)   Evacuate Collection Set: 37.9ms
[2021-05-20T03:42:41.719+0000][9][gc,phases   ] GC(12)   Post Evacuate Collection Set: 2.2ms
[2021-05-20T03:42:41.720+0000][9][gc,phases   ] GC(12)   Other: 5.6ms
[2021-05-20T03:42:41.720+0000][9][gc,heap     ] GC(12) Eden regions: 16->0(71)
[2021-05-20T03:42:41.721+0000][9][gc,heap     ] GC(12) Survivor regions: 10->3(10)
[2021-05-20T03:42:41.721+0000][9][gc,heap     ] GC(12) Old regions: 2->12
[2021-05-20T03:42:41.722+0000][9][gc,heap     ] GC(12) Archive regions: 2->2
[2021-05-20T03:42:41.722+0000][9][gc,heap     ] GC(12) Humongous regions: 0->0
[2021-05-20T03:42:41.723+0000][9][gc,metaspace] GC(12) Metaspace: 34676K(35520K)->34676K(35520K) NonClass: 30204K(30656K)->30204K(30656K) Class: 4471K(4864K)->4471K(4864K)
[2021-05-20T03:42:41.724+0000][9][gc          ] GC(12) Pause Young (Concurrent Start) (Metadata GC Threshold) 115M->62M(512M) 52.500ms
[2021-05-20T03:42:41.725+0000][9][gc,cpu      ] GC(12) User=0.08s Sys=0.00s Real=0.05s
[2021-05-20T03:42:41.725+0000][9][gc          ] GC(13) Concurrent Mark Cycle
[2021-05-20T03:42:41.726+0000][9][gc,marking  ] GC(13) Concurrent Clear Claimed Marks
[2021-05-20T03:42:41.727+0000][9][gc,marking  ] GC(13) Concurrent Clear Claimed Marks 0.707ms
[2021-05-20T03:42:41.727+0000][9][gc,marking  ] GC(13) Concurrent Scan Root Regions
[2021-05-20T03:42:41.725+0000][9][safepoint   ] Safepoint "CollectForMetadataAllocation", Time since last: 782414800 ns, Reaching safepoint: 116400 ns, At safepoint: 54123900 ns, Total: 54240300 ns
[2021-05-20T03:42:41.755+0000][9][gc,marking  ] GC(13) Concurrent Scan Root Regions 27.350ms
[2021-05-20T03:42:41.755+0000][9][gc,marking  ] GC(13) Concurrent Mark
[2021-05-20T03:42:41.756+0000][9][gc,marking  ] GC(13) Concurrent Mark From Roots
[2021-05-20T03:42:41.757+0000][9][gc,task     ] GC(13) Using 1 workers of 1 for marking
[2021-05-20T03:42:41.756+0000][9][safepoint   ] Safepoint "CollectForMetadataAllocation", Time since last: 29421500 ns, Reaching safepoint: 731500 ns, At safepoint: 798000 ns, Total: 1529500 ns
[2021-05-20T03:42:41.787+0000][9][gc,marking  ] GC(13) Concurrent Mark From Roots 31.125ms
[2021-05-20T03:42:41.788+0000][9][gc,marking  ] GC(13) Concurrent Preclean
[2021-05-20T03:42:41.788+0000][9][gc,marking  ] GC(13) Concurrent Preclean 0.771ms
[2021-05-20T03:42:41.790+0000][9][gc,start    ] GC(13) Pause Remark
[2021-05-20T03:42:41.797+0000][9][gc          ] GC(13) Pause Remark 82M->82M(512M) 7.591ms
[2021-05-20T03:42:41.798+0000][9][gc,cpu      ] GC(13) User=0.01s Sys=0.00s Real=0.01s
[2021-05-20T03:42:41.799+0000][9][safepoint   ] Safepoint "G1Concurrent", Time since last: 32848900 ns, Reaching safepoint: 401100 ns, At safepoint: 9116400 ns, Total: 9517500 ns
[2021-05-20T03:42:41.799+0000][9][gc,marking  ] GC(13) Concurrent Mark 44.135ms
[2021-05-20T03:42:41.800+0000][9][gc,marking  ] GC(13) Concurrent Rebuild Remembered Sets
[2021-05-20T03:42:41.877+0000][9][gc,marking  ] GC(13) Concurrent Rebuild Remembered Sets 76.642ms
[2021-05-20T03:42:41.879+0000][9][gc,start    ] GC(13) Pause Cleanup
[2021-05-20T03:42:41.880+0000][9][gc          ] GC(13) Pause Cleanup 168M->168M(512M) 1.220ms
[2021-05-20T03:42:41.881+0000][9][gc,cpu      ] GC(13) User=0.00s Sys=0.00s Real=0.00s
[2021-05-20T03:42:41.882+0000][9][safepoint   ] Safepoint "G1Concurrent", Time since last: 79847400 ns, Reaching safepoint: 407300 ns, At safepoint: 3431300 ns, Total: 3838600 ns
[2021-05-20T03:42:41.884+0000][9][gc,marking  ] GC(13) Concurrent Cleanup for Next Mark
[2021-05-20T03:42:41.887+0000][9][gc,marking  ] GC(13) Concurrent Cleanup for Next Mark 3.514ms
[2021-05-20T03:42:41.889+0000][9][gc          ] GC(13) Concurrent Mark Cycle 163.602ms
[2021-05-20T03:42:43.598+0000][9][safepoint   ] Safepoint "ICBufferFull", Time since last: 1715806000 ns, Reaching safepoint: 159200 ns, At safepoint: 38700 ns, Total: 197900 ns
[2021-05-20T03:42:44.124+0000][9][safepoint   ] Safepoint "ICBufferFull", Time since last: 524979900 ns, Reaching safepoint: 284100 ns, At safepoint: 45300 ns, Total: 329400 ns
[2021-05-20T03:42:44.610+0000][9][gc,start    ] GC(14) Pause Young (Concurrent Start) (G1 Evacuation Pause)
[2021-05-20T03:42:44.611+0000][9][gc,task     ] GC(14) Using 4 workers of 4 for evacuation
[2021-05-20T03:42:44.612+0000][9][gc,age      ] GC(14) Desired survivor size 20971520 bytes, new threshold 15 (max threshold 15)
[2021-05-20T03:42:44.633+0000][9][gc,age      ] GC(14) Age table with threshold 15 (max threshold 15)
[2021-05-20T03:42:44.634+0000][9][gc,age      ] GC(14) - age   1:    8168400 bytes,    8168400 total
[2021-05-20T03:42:44.635+0000][9][gc,age      ] GC(14) - age   2:    8683536 bytes,   16851936 total
[2021-05-20T03:42:44.635+0000][9][gc,phases   ] GC(14)   Pre Evacuate Collection Set: 0.2ms
[2021-05-20T03:42:44.637+0000][9][gc,phases   ] GC(14)   Merge Heap Roots: 0.4ms
[2021-05-20T03:42:44.639+0000][9][gc,phases   ] GC(14)   Evacuate Collection Set: 15.5ms
[2021-05-20T03:42:44.640+0000][9][gc,phases   ] GC(14)   Post Evacuate Collection Set: 3.4ms
[2021-05-20T03:42:44.641+0000][9][gc,phases   ] GC(14)   Other: 5.7ms
[2021-05-20T03:42:44.641+0000][9][gc,heap     ] GC(14) Eden regions: 71->0(71)
[2021-05-20T03:42:44.642+0000][9][gc,heap     ] GC(14) Survivor regions: 3->5(10)
[2021-05-20T03:42:44.643+0000][9][gc,heap     ] GC(14) Old regions: 12->12
[2021-05-20T03:42:44.643+0000][9][gc,heap     ] GC(14) Archive regions: 2->2
[2021-05-20T03:42:44.644+0000][9][gc,heap     ] GC(14) Humongous regions: 0->0
[2021-05-20T03:42:44.645+0000][9][gc,metaspace] GC(14) Metaspace: 54606K(55808K)->54606K(55808K) NonClass: 47276K(47936K)->47276K(47936K) Class: 7329K(7872K)->7329K(7872K)
[2021-05-20T03:42:44.646+0000][9][gc          ] GC(14) Pause Young (Concurrent Start) (G1 Evacuation Pause) 346M->68M(512M) 35.494ms
[2021-05-20T03:42:44.647+0000][9][gc,cpu      ] GC(14) User=0.03s Sys=0.02s Real=0.03s
[2021-05-20T03:42:44.647+0000][9][safepoint   ] Safepoint "G1CollectForAllocation", Time since last: 486092400 ns, Reaching safepoint: 236800 ns, At safepoint: 37241200 ns, Total: 37478000 ns
[2021-05-20T03:42:44.647+0000][9][gc          ] GC(15) Concurrent Mark Cycle
[2021-05-20T03:42:44.649+0000][9][gc,marking  ] GC(15) Concurrent Clear Claimed Marks
[2021-05-20T03:42:44.650+0000][9][gc,marking  ] GC(15) Concurrent Clear Claimed Marks 1.088ms
[2021-05-20T03:42:44.651+0000][9][gc,marking  ] GC(15) Concurrent Scan Root Regions
[2021-05-20T03:42:44.665+0000][9][gc,marking  ] GC(15) Concurrent Scan Root Regions 13.959ms
[2021-05-20T03:42:44.670+0000][9][gc,marking  ] GC(15) Concurrent Mark
[2021-05-20T03:42:44.670+0000][9][gc,marking  ] GC(15) Concurrent Mark From Roots
[2021-05-20T03:42:44.671+0000][9][gc,task     ] GC(15) Using 1 workers of 1 for marking
[2021-05-20T03:42:44.733+0000][9][gc,marking  ] GC(15) Concurrent Mark From Roots 62.163ms
[2021-05-20T03:42:44.734+0000][9][gc,marking  ] GC(15) Concurrent Preclean
[2021-05-20T03:42:44.735+0000][9][gc,marking  ] GC(15) Concurrent Preclean 1.198ms
[2021-05-20T03:42:44.737+0000][9][gc,start    ] GC(15) Pause Remark
[2021-05-20T03:42:44.752+0000][9][gc          ] GC(15) Pause Remark 72M->72M(512M) 15.115ms
[2021-05-20T03:42:44.754+0000][9][gc,cpu      ] GC(15) User=0.02s Sys=0.00s Real=0.02s
[2021-05-20T03:42:44.754+0000][9][safepoint   ] Safepoint "G1Concurrent", Time since last: 88456400 ns, Reaching safepoint: 1501500 ns, At safepoint: 16961000 ns, Total: 18462500 ns
[2021-05-20T03:42:44.755+0000][9][gc,marking  ] GC(15) Concurrent Mark 85.559ms
[2021-05-20T03:42:44.756+0000][9][gc,marking  ] GC(15) Concurrent Rebuild Remembered Sets
[2021-05-20T03:42:44.818+0000][9][gc,marking  ] GC(15) Concurrent Rebuild Remembered Sets 62.241ms
[2021-05-20T03:42:44.820+0000][9][gc,start    ] GC(15) Pause Cleanup
[2021-05-20T03:42:44.821+0000][9][gc          ] GC(15) Pause Cleanup 74M->74M(512M) 1.383ms
[2021-05-20T03:42:44.822+0000][9][gc,cpu      ] GC(15) User=0.00s Sys=0.00s Real=0.00s
[2021-05-20T03:42:44.823+0000][9][safepoint   ] Safepoint "G1Concurrent", Time since last: 64819000 ns, Reaching safepoint: 461800 ns, At safepoint: 3275500 ns, Total: 3737300 ns
[2021-05-20T03:42:44.824+0000][9][gc,marking  ] GC(15) Concurrent Cleanup for Next Mark
[2021-05-20T03:42:44.825+0000][9][gc,marking  ] GC(15) Concurrent Cleanup for Next Mark 1.022ms
[2021-05-20T03:42:44.825+0000][9][gc          ] GC(15) Concurrent Mark Cycle 177.835ms
[2021-05-20T03:42:45.898+0000][9][safepoint   ] Safepoint "ICBufferFull", Time since last: 1074634100 ns, Reaching safepoint: 323800 ns, At safepoint: 20500 ns, Total: 344300 ns
[2021-05-20T03:42:46.900+0000][9][safepoint   ] Safepoint "Cleanup", Time since last: 1001206600 ns, Reaching safepoint: 828600 ns, At safepoint: 24300 ns, Total: 852900 ns
[2021-05-20T03:42:48.201+0000][9][safepoint   ] Safepoint "ICBufferFull", Time since last: 1300474800 ns, Reaching safepoint: 361500 ns, At safepoint: 44800 ns, Total: 406300 ns
[2021-05-20T03:42:49.423+0000][9][safepoint   ] Safepoint "Cleanup", Time since last: 1222339400 ns, Reaching safepoint: 109600 ns, At safepoint: 23300 ns, Total: 132900 ns
[2021-05-20T03:42:49.920+0000][9][safepoint   ] Safepoint "ICBufferFull", Time since last: 496915600 ns, Reaching safepoint: 201800 ns, At safepoint: 27400 ns, Total: 229200 ns
[2021-05-20T03:42:49.922+0000][9][safepoint   ] Safepoint "ICBufferFull", Time since last: 1673300 ns, Reaching safepoint: 220600 ns, At safepoint: 52200 ns, Total: 272800 ns
[2021-05-20T03:42:49.929+0000][9][gc,heap,exit] Heap
[2021-05-20T03:42:49.930+0000][9][gc,heap,exit]  garbage-first heap   total 524288K, used 361414K [0x00000000e0000000, 0x0000000100000000)
[2021-05-20T03:42:49.931+0000][9][gc,heap,exit]   region size 4096K, 76 young (311296K), 5 survivors (20480K)
[2021-05-20T03:42:49.931+0000][9][gc,heap,exit]  Metaspace       used 83862K, committed 85248K, reserved 1122304K
[2021-05-20T03:42:49.932+0000][9][gc,heap,exit]   class space    used 11465K, committed 12032K, reserved 1048576K
