[2021-05-20T10:41:29.762+0000][175][gc] Using G1
[2021-05-20T10:41:29.767+0000][175][gc,init] Version: 16+36 (release)
[2021-05-20T10:41:29.768+0000][175][gc,init] CPUs: 4 total, 4 available
[2021-05-20T10:41:29.769+0000][175][gc,init] Memory: 3936M
[2021-05-20T10:41:29.770+0000][175][gc,init] Large Page Support: Disabled
[2021-05-20T10:41:29.770+0000][175][gc,init] NUMA Support: Disabled
[2021-05-20T10:41:29.771+0000][175][gc,init] Compressed Oops: Enabled (32-bit)
[2021-05-20T10:41:29.771+0000][175][gc,init] Heap Region Size: 1M
[2021-05-20T10:41:29.772+0000][175][gc,init] Heap Min Capacity: 512M
[2021-05-20T10:41:29.772+0000][175][gc,init] Heap Initial Capacity: 512M
[2021-05-20T10:41:29.773+0000][175][gc,init] Heap Max Capacity: 512M
[2021-05-20T10:41:29.773+0000][175][gc,init] Pre-touch: Disabled
[2021-05-20T10:41:29.774+0000][175][gc,init] Parallel Workers: 4
[2021-05-20T10:41:29.774+0000][175][gc,init] Concurrent Workers: 1
[2021-05-20T10:41:29.775+0000][175][gc,init] Concurrent Refinement Workers: 4
[2021-05-20T10:41:29.775+0000][175][gc,init] Periodic GC: Disabled
[2021-05-20T10:41:29.776+0000][175][gc,metaspace] CDS disabled.
[2021-05-20T10:41:29.777+0000][175][gc,metaspace] Compressed class space mapped at: 0x0000000100000000-0x0000000140000000, reserved size: 1073741824
[2021-05-20T10:41:29.777+0000][175][gc,metaspace] Narrow klass base: 0x0000000000000000, Narrow klass shift: 3, Narrow klass range: 0x140000000
[2021-05-20T10:41:29.867+0000][175][gc,heap,exit] Heap
[2021-05-20T10:41:29.868+0000][175][gc,heap,exit]  garbage-first heap   total 524288K, used 2048K [0x00000000e0000000, 0x0000000100000000)
[2021-05-20T10:41:29.869+0000][175][gc,heap,exit]   region size 1024K, 2 young (2048K), 0 survivors (0K)
[2021-05-20T10:41:29.870+0000][175][gc,heap,exit]  Metaspace       used 3563K, committed 3648K, reserved 1056768K
[2021-05-20T10:41:29.870+0000][175][gc,heap,exit]   class space    used 282K, committed 320K, reserved 1048576K
