[2021-05-20T10:29:11.933+0000][7][gc] Using G1
[2021-05-20T10:29:11.977+0000][7][gc,init] Version: 16+36 (release)
[2021-05-20T10:29:11.978+0000][7][gc,init] CPUs: 4 total, 4 available
[2021-05-20T10:29:11.979+0000][7][gc,init] Memory: 3936M
[2021-05-20T10:29:11.979+0000][7][gc,init] Large Page Support: Disabled
[2021-05-20T10:29:11.980+0000][7][gc,init] NUMA Support: Disabled
[2021-05-20T10:29:11.980+0000][7][gc,init] Compressed Oops: Enabled (32-bit)
[2021-05-20T10:29:11.981+0000][7][gc,init] Heap Region Size: 4M
[2021-05-20T10:29:11.982+0000][7][gc,init] Heap Min Capacity: 512M
[2021-05-20T10:29:11.982+0000][7][gc,init] Heap Initial Capacity: 512M
[2021-05-20T10:29:11.983+0000][7][gc,init] Heap Max Capacity: 512M
[2021-05-20T10:29:11.983+0000][7][gc,init] Pre-touch: Enabled
[2021-05-20T10:29:11.984+0000][7][gc,init] Parallel Workers: 4
[2021-05-20T10:29:11.984+0000][7][gc,init] Concurrent Workers: 1
[2021-05-20T10:29:11.984+0000][7][gc,init] Concurrent Refinement Workers: 4
[2021-05-20T10:29:11.985+0000][7][gc,init] Periodic GC: Disabled
[2021-05-20T10:29:11.986+0000][7][gc,metaspace] CDS archive(s) mapped at: [0x0000000800000000-0x0000000800bea000-0x0000000800bea000), size 12492800, SharedBaseAddress: 0x0000000800000000, ArchiveRelocationMode: 0.
[2021-05-20T10:29:11.986+0000][7][gc,metaspace] Compressed class space mapped at: 0x0000000800c00000-0x0000000840c00000, reserved size: 1073741824
[2021-05-20T10:29:11.987+0000][7][gc,metaspace] Narrow klass base: 0x0000000800000000, Narrow klass shift: 3, Narrow klass range: 0x100000000
[2021-05-20T10:29:12.501+0000][7][safepoint   ] Safepoint "ICBufferFull", Time since last: 504973200 ns, Reaching safepoint: 430100 ns, At safepoint: 24600 ns, Total: 454700 ns
[2021-05-20T10:29:12.800+0000][7][gc,start    ] GC(0) Pause Young (Normal) (G1 Evacuation Pause)
[2021-05-20T10:29:12.801+0000][7][gc,task     ] GC(0) Using 4 workers of 4 for evacuation
[2021-05-20T10:29:12.802+0000][7][gc,age      ] GC(0) Desired survivor size 2097152 bytes, new threshold 15 (max threshold 15)
[2021-05-20T10:29:12.807+0000][7][gc,age      ] GC(0) Age table with threshold 15 (max threshold 15)
[2021-05-20T10:29:12.808+0000][7][gc,age      ] GC(0) - age   1:    4179760 bytes,    4179760 total
[2021-05-20T10:29:12.809+0000][7][gc,phases   ] GC(0)   Pre Evacuate Collection Set: 0.2ms
[2021-05-20T10:29:12.810+0000][7][gc,phases   ] GC(0)   Merge Heap Roots: 0.2ms
[2021-05-20T10:29:12.810+0000][7][gc,phases   ] GC(0)   Evacuate Collection Set: 2.7ms
[2021-05-20T10:29:12.811+0000][7][gc,phases   ] GC(0)   Post Evacuate Collection Set: 1.4ms
[2021-05-20T10:29:12.812+0000][7][gc,phases   ] GC(0)   Other: 4.4ms
[2021-05-20T10:29:12.812+0000][7][gc,heap     ] GC(0) Eden regions: 6->0(5)
[2021-05-20T10:29:12.813+0000][7][gc,heap     ] GC(0) Survivor regions: 0->1(1)
[2021-05-20T10:29:12.813+0000][7][gc,heap     ] GC(0) Old regions: 0->1
[2021-05-20T10:29:12.814+0000][7][gc,heap     ] GC(0) Archive regions: 2->2
[2021-05-20T10:29:12.814+0000][7][gc,heap     ] GC(0) Humongous regions: 0->0
[2021-05-20T10:29:12.815+0000][7][gc,metaspace] GC(0) Metaspace: 8259K(8448K)->8259K(8448K) NonClass: 7345K(7488K)->7345K(7488K) Class: 913K(960K)->913K(960K)
[2021-05-20T10:29:12.816+0000][7][gc          ] GC(0) Pause Young (Normal) (G1 Evacuation Pause) 27M->8M(512M) 15.565ms
[2021-05-20T10:29:12.816+0000][7][gc,cpu      ] GC(0) User=0.01s Sys=0.01s Real=0.02s
[2021-05-20T10:29:12.817+0000][7][safepoint   ] Safepoint "G1CollectForAllocation", Time since last: 298693600 ns, Reaching safepoint: 615300 ns, At safepoint: 16930400 ns, Total: 17545700 ns
[2021-05-20T10:29:13.408+0000][7][gc,start    ] GC(1) Pause Young (Normal) (G1 Evacuation Pause)
[2021-05-20T10:29:13.409+0000][7][gc,task     ] GC(1) Using 4 workers of 4 for evacuation
[2021-05-20T10:29:13.410+0000][7][gc,age      ] GC(1) Desired survivor size 2097152 bytes, new threshold 1 (max threshold 15)
[2021-05-20T10:29:13.417+0000][7][gc,age      ] GC(1) Age table with threshold 1 (max threshold 15)
[2021-05-20T10:29:13.418+0000][7][gc,age      ] GC(1) - age   1:    1712912 bytes,    1712912 total
[2021-05-20T10:29:13.419+0000][7][gc,phases   ] GC(1)   Pre Evacuate Collection Set: 0.1ms
[2021-05-20T10:29:13.419+0000][7][gc,phases   ] GC(1)   Merge Heap Roots: 0.2ms
[2021-05-20T10:29:13.420+0000][7][gc,phases   ] GC(1)   Evacuate Collection Set: 3.6ms
[2021-05-20T10:29:13.421+0000][7][gc,phases   ] GC(1)   Post Evacuate Collection Set: 2.0ms
[2021-05-20T10:29:13.421+0000][7][gc,phases   ] GC(1)   Other: 5.2ms
[2021-05-20T10:29:13.422+0000][7][gc,heap     ] GC(1) Eden regions: 5->0(7)
[2021-05-20T10:29:13.422+0000][7][gc,heap     ] GC(1) Survivor regions: 1->1(1)
[2021-05-20T10:29:13.423+0000][7][gc,heap     ] GC(1) Old regions: 1->2
[2021-05-20T10:29:13.424+0000][7][gc,heap     ] GC(1) Archive regions: 2->2
[2021-05-20T10:29:13.424+0000][7][gc,heap     ] GC(1) Humongous regions: 0->0
[2021-05-20T10:29:13.424+0000][7][gc,metaspace] GC(1) Metaspace: 11771K(11968K)->11771K(11968K) NonClass: 10387K(10496K)->10387K(10496K) Class: 1384K(1472K)->1384K(1472K)
[2021-05-20T10:29:13.425+0000][7][gc          ] GC(1) Pause Young (Normal) (G1 Evacuation Pause) 28M->9M(512M) 17.638ms
[2021-05-20T10:29:13.426+0000][7][gc,cpu      ] GC(1) User=0.01s Sys=0.00s Real=0.02s
[2021-05-20T10:29:13.426+0000][7][safepoint   ] Safepoint "G1CollectForAllocation", Time since last: 590287600 ns, Reaching safepoint: 212500 ns, At safepoint: 18729000 ns, Total: 18941500 ns
[2021-05-20T10:29:13.868+0000][7][gc,start    ] GC(2) Pause Young (Normal) (G1 Evacuation Pause)
[2021-05-20T10:29:13.869+0000][7][gc,task     ] GC(2) Using 4 workers of 4 for evacuation
[2021-05-20T10:29:13.870+0000][7][gc,age      ] GC(2) Desired survivor size 2097152 bytes, new threshold 15 (max threshold 15)
[2021-05-20T10:29:13.876+0000][7][gc,age      ] GC(2) Age table with threshold 15 (max threshold 15)
[2021-05-20T10:29:13.876+0000][7][gc,age      ] GC(2) - age   1:    1100840 bytes,    1100840 total
[2021-05-20T10:29:13.877+0000][7][gc,age      ] GC(2) - age   2:    1639768 bytes,    2740608 total
[2021-05-20T10:29:13.878+0000][7][gc,phases   ] GC(2)   Pre Evacuate Collection Set: 0.2ms
[2021-05-20T10:29:13.878+0000][7][gc,phases   ] GC(2)   Merge Heap Roots: 0.2ms
[2021-05-20T10:29:13.879+0000][7][gc,phases   ] GC(2)   Evacuate Collection Set: 2.5ms
[2021-05-20T10:29:13.879+0000][7][gc,phases   ] GC(2)   Post Evacuate Collection Set: 1.7ms
[2021-05-20T10:29:13.880+0000][7][gc,phases   ] GC(2)   Other: 5.3ms
[2021-05-20T10:29:13.880+0000][7][gc,heap     ] GC(2) Eden regions: 7->0(23)
[2021-05-20T10:29:13.881+0000][7][gc,heap     ] GC(2) Survivor regions: 1->1(1)
[2021-05-20T10:29:13.882+0000][7][gc,heap     ] GC(2) Old regions: 2->2
[2021-05-20T10:29:13.882+0000][7][gc,heap     ] GC(2) Archive regions: 2->2
[2021-05-20T10:29:13.883+0000][7][gc,heap     ] GC(2) Humongous regions: 0->0
[2021-05-20T10:29:13.883+0000][7][gc,metaspace] GC(2) Metaspace: 14327K(14592K)->14327K(14592K) NonClass: 12687K(12864K)->12687K(12864K) Class: 1640K(1728K)->1640K(1728K)
[2021-05-20T10:29:13.884+0000][7][gc          ] GC(2) Pause Young (Normal) (G1 Evacuation Pause) 37M->10M(512M) 16.189ms
[2021-05-20T10:29:13.884+0000][7][gc,cpu      ] GC(2) User=0.01s Sys=0.01s Real=0.02s
[2021-05-20T10:29:13.885+0000][7][safepoint   ] Safepoint "G1CollectForAllocation", Time since last: 441230600 ns, Reaching safepoint: 187500 ns, At safepoint: 17475000 ns, Total: 17662500 ns
[2021-05-20T10:29:14.179+0000][7][safepoint   ] Safepoint "ICBufferFull", Time since last: 329001900 ns, Reaching safepoint: 117500 ns, At safepoint: 98000 ns, Total: 215500 ns
[2021-05-20T10:29:14.186+0000][7][safepoint   ] Safepoint "ICBufferFull", Time since last: 6826800 ns, Reaching safepoint: 466200 ns, At safepoint: 30800 ns, Total: 497000 ns
[2021-05-20T10:29:14.192+0000][7][safepoint   ] Safepoint "ICBufferFull", Time since last: 4801400 ns, Reaching safepoint: 402400 ns, At safepoint: 28700 ns, Total: 431100 ns
[2021-05-20T10:29:14.199+0000][7][safepoint   ] Safepoint "ICBufferFull", Time since last: 6633400 ns, Reaching safepoint: 147100 ns, At safepoint: 28500 ns, Total: 175600 ns
[2021-05-20T10:29:14.205+0000][7][safepoint   ] Safepoint "ICBufferFull", Time since last: 6496400 ns, Reaching safepoint: 228300 ns, At safepoint: 24500 ns, Total: 252800 ns
[2021-05-20T10:29:14.210+0000][7][safepoint   ] Safepoint "ICBufferFull", Time since last: 4801400 ns, Reaching safepoint: 163500 ns, At safepoint: 21000 ns, Total: 184500 ns
[2021-05-20T10:29:14.215+0000][7][safepoint   ] Safepoint "ICBufferFull", Time since last: 4814900 ns, Reaching safepoint: 155400 ns, At safepoint: 20500 ns, Total: 175900 ns
[2021-05-20T10:29:14.219+0000][7][safepoint   ] Safepoint "ICBufferFull", Time since last: 3955300 ns, Reaching safepoint: 135200 ns, At safepoint: 22800 ns, Total: 158000 ns
[2021-05-20T10:29:14.224+0000][7][safepoint   ] Safepoint "ICBufferFull", Time since last: 4195400 ns, Reaching safepoint: 154100 ns, At safepoint: 20000 ns, Total: 174100 ns
[2021-05-20T10:29:14.230+0000][7][safepoint   ] Safepoint "ICBufferFull", Time since last: 5877800 ns, Reaching safepoint: 315000 ns, At safepoint: 22600 ns, Total: 337600 ns
[2021-05-20T10:29:14.236+0000][7][safepoint   ] Safepoint "ICBufferFull", Time since last: 5847200 ns, Reaching safepoint: 196100 ns, At safepoint: 22600 ns, Total: 218700 ns
[2021-05-20T10:29:14.241+0000][7][safepoint   ] Safepoint "ICBufferFull", Time since last: 4772900 ns, Reaching safepoint: 169800 ns, At safepoint: 22600 ns, Total: 192400 ns
[2021-05-20T10:29:14.246+0000][7][safepoint   ] Safepoint "ICBufferFull", Time since last: 5228400 ns, Reaching safepoint: 141400 ns, At safepoint: 22300 ns, Total: 163700 ns
[2021-05-20T10:29:14.253+0000][7][safepoint   ] Safepoint "ICBufferFull", Time since last: 6415000 ns, Reaching safepoint: 405400 ns, At safepoint: 22300 ns, Total: 427700 ns
[2021-05-20T10:29:14.258+0000][7][safepoint   ] Safepoint "ICBufferFull", Time since last: 4533400 ns, Reaching safepoint: 177300 ns, At safepoint: 22300 ns, Total: 199600 ns
[2021-05-20T10:29:14.264+0000][7][safepoint   ] Safepoint "ICBufferFull", Time since last: 5607000 ns, Reaching safepoint: 226700 ns, At safepoint: 29300 ns, Total: 256000 ns
[2021-05-20T10:29:14.375+0000][7][gc,start    ] GC(3) Pause Young (Normal) (G1 Evacuation Pause)
[2021-05-20T10:29:14.376+0000][7][gc,task     ] GC(3) Using 4 workers of 4 for evacuation
[2021-05-20T10:29:14.378+0000][7][gc,age      ] GC(3) Desired survivor size 6291456 bytes, new threshold 15 (max threshold 15)
[2021-05-20T10:29:14.385+0000][7][gc,age      ] GC(3) Age table with threshold 15 (max threshold 15)
[2021-05-20T10:29:14.386+0000][7][gc,age      ] GC(3) - age   1:    2893616 bytes,    2893616 total
[2021-05-20T10:29:14.386+0000][7][gc,age      ] GC(3) - age   2:    1056888 bytes,    3950504 total
[2021-05-20T10:29:14.387+0000][7][gc,age      ] GC(3) - age   3:    1625656 bytes,    5576160 total
[2021-05-20T10:29:14.388+0000][7][gc,phases   ] GC(3)   Pre Evacuate Collection Set: 0.2ms
[2021-05-20T10:29:14.389+0000][7][gc,phases   ] GC(3)   Merge Heap Roots: 0.3ms
[2021-05-20T10:29:14.389+0000][7][gc,phases   ] GC(3)   Evacuate Collection Set: 4.0ms
[2021-05-20T10:29:14.390+0000][7][gc,phases   ] GC(3)   Post Evacuate Collection Set: 1.8ms
[2021-05-20T10:29:14.391+0000][7][gc,phases   ] GC(3)   Other: 7.2ms
[2021-05-20T10:29:14.391+0000][7][gc,heap     ] GC(3) Eden regions: 23->0(74)
[2021-05-20T10:29:14.392+0000][7][gc,heap     ] GC(3) Survivor regions: 1->2(3)
[2021-05-20T10:29:14.393+0000][7][gc,heap     ] GC(3) Old regions: 2->2
[2021-05-20T10:29:14.393+0000][7][gc,heap     ] GC(3) Archive regions: 2->2
[2021-05-20T10:29:14.394+0000][7][gc,heap     ] GC(3) Humongous regions: 0->0
[2021-05-20T10:29:14.395+0000][7][gc,metaspace] GC(3) Metaspace: 16526K(16768K)->16526K(16768K) NonClass: 14593K(14720K)->14593K(14720K) Class: 1932K(2048K)->1932K(2048K)
[2021-05-20T10:29:14.395+0000][7][gc          ] GC(3) Pause Young (Normal) (G1 Evacuation Pause) 102M->13M(512M) 20.714ms
[2021-05-20T10:29:14.396+0000][7][gc,cpu      ] GC(3) User=0.02s Sys=0.00s Real=0.02s
[2021-05-20T10:29:14.397+0000][7][safepoint   ] Safepoint "G1CollectForAllocation", Time since last: 110541300 ns, Reaching safepoint: 106000 ns, At safepoint: 22436800 ns, Total: 22542800 ns
[2021-05-20T10:29:14.958+0000][7][safepoint   ] Safepoint "ICBufferFull", Time since last: 560655600 ns, Reaching safepoint: 512100 ns, At safepoint: 27600 ns, Total: 539700 ns
[2021-05-20T10:29:15.091+0000][7][gc,start    ] GC(4) Pause Young (Normal) (G1 Evacuation Pause)
[2021-05-20T10:29:15.092+0000][7][gc,task     ] GC(4) Using 4 workers of 4 for evacuation
[2021-05-20T10:29:15.093+0000][7][gc,age      ] GC(4) Desired survivor size 20971520 bytes, new threshold 15 (max threshold 15)
[2021-05-20T10:29:15.103+0000][7][gc,age      ] GC(4) Age table with threshold 15 (max threshold 15)
[2021-05-20T10:29:15.104+0000][7][gc,age      ] GC(4) - age   1:    4211376 bytes,    4211376 total
[2021-05-20T10:29:15.105+0000][7][gc,age      ] GC(4) - age   2:    1971672 bytes,    6183048 total
[2021-05-20T10:29:15.106+0000][7][gc,age      ] GC(4) - age   3:    1056768 bytes,    7239816 total
[2021-05-20T10:29:15.107+0000][7][gc,age      ] GC(4) - age   4:    1625656 bytes,    8865472 total
[2021-05-20T10:29:15.107+0000][7][gc,phases   ] GC(4)   Pre Evacuate Collection Set: 0.2ms
[2021-05-20T10:29:15.108+0000][7][gc,phases   ] GC(4)   Merge Heap Roots: 0.3ms
[2021-05-20T10:29:15.109+0000][7][gc,phases   ] GC(4)   Evacuate Collection Set: 6.3ms
[2021-05-20T10:29:15.109+0000][7][gc,phases   ] GC(4)   Post Evacuate Collection Set: 2.5ms
[2021-05-20T10:29:15.110+0000][7][gc,phases   ] GC(4)   Other: 7.4ms
[2021-05-20T10:29:15.111+0000][7][gc,heap     ] GC(4) Eden regions: 74->0(73)
[2021-05-20T10:29:15.112+0000][7][gc,heap     ] GC(4) Survivor regions: 2->3(10)
[2021-05-20T10:29:15.112+0000][7][gc,heap     ] GC(4) Old regions: 2->2
[2021-05-20T10:29:15.113+0000][7][gc,heap     ] GC(4) Archive regions: 2->2
[2021-05-20T10:29:15.113+0000][7][gc,heap     ] GC(4) Humongous regions: 0->0
[2021-05-20T10:29:15.114+0000][7][gc,metaspace] GC(4) Metaspace: 18740K(19072K)->18740K(19072K) NonClass: 16515K(16704K)->16515K(16704K) Class: 2225K(2368K)->2225K(2368K)
[2021-05-20T10:29:15.115+0000][7][gc          ] GC(4) Pause Young (Normal) (G1 Evacuation Pause) 309M->16M(512M) 23.889ms
[2021-05-20T10:29:15.115+0000][7][gc,cpu      ] GC(4) User=0.02s Sys=0.00s Real=0.02s
[2021-05-20T10:29:15.116+0000][7][safepoint   ] Safepoint "G1CollectForAllocation", Time since last: 132469000 ns, Reaching safepoint: 141500 ns, At safepoint: 25318800 ns, Total: 25460300 ns
[2021-05-20T10:29:15.574+0000][7][gc,start    ] GC(5) Pause Young (Normal) (G1 Evacuation Pause)
[2021-05-20T10:29:15.575+0000][7][gc,task     ] GC(5) Using 4 workers of 4 for evacuation
[2021-05-20T10:29:15.576+0000][7][gc,age      ] GC(5) Desired survivor size 20971520 bytes, new threshold 15 (max threshold 15)
[2021-05-20T10:29:15.588+0000][7][gc,age      ] GC(5) Age table with threshold 15 (max threshold 15)
[2021-05-20T10:29:15.589+0000][7][gc,age      ] GC(5) - age   1:    4075360 bytes,    4075360 total
[2021-05-20T10:29:15.590+0000][7][gc,age      ] GC(5) - age   2:    3759792 bytes,    7835152 total
[2021-05-20T10:29:15.591+0000][7][gc,age      ] GC(5) - age   3:    1971320 bytes,    9806472 total
[2021-05-20T10:29:15.592+0000][7][gc,age      ] GC(5) - age   4:    1056768 bytes,   10863240 total
[2021-05-20T10:29:15.593+0000][7][gc,age      ] GC(5) - age   5:    1625656 bytes,   12488896 total
[2021-05-20T10:29:15.593+0000][7][gc,phases   ] GC(5)   Pre Evacuate Collection Set: 0.3ms
[2021-05-20T10:29:15.594+0000][7][gc,phases   ] GC(5)   Merge Heap Roots: 0.5ms
[2021-05-20T10:29:15.595+0000][7][gc,phases   ] GC(5)   Evacuate Collection Set: 6.9ms
[2021-05-20T10:29:15.596+0000][7][gc,phases   ] GC(5)   Post Evacuate Collection Set: 2.8ms
[2021-05-20T10:29:15.596+0000][7][gc,phases   ] GC(5)   Other: 8.7ms
[2021-05-20T10:29:15.597+0000][7][gc,heap     ] GC(5) Eden regions: 73->0(72)
[2021-05-20T10:29:15.598+0000][7][gc,heap     ] GC(5) Survivor regions: 3->4(10)
[2021-05-20T10:29:15.599+0000][7][gc,heap     ] GC(5) Old regions: 2->2
[2021-05-20T10:29:15.599+0000][7][gc,heap     ] GC(5) Archive regions: 2->2
[2021-05-20T10:29:15.600+0000][7][gc,heap     ] GC(5) Humongous regions: 0->0
[2021-05-20T10:29:15.601+0000][7][gc,metaspace] GC(5) Metaspace: 19149K(19520K)->19149K(19520K) NonClass: 16877K(17088K)->16877K(17088K) Class: 2271K(2432K)->2271K(2432K)
[2021-05-20T10:29:15.601+0000][7][gc          ] GC(5) Pause Young (Normal) (G1 Evacuation Pause) 308M->20M(512M) 26.860ms
[2021-05-20T10:29:15.602+0000][7][gc,cpu      ] GC(5) User=0.04s Sys=0.02s Real=0.03s
[2021-05-20T10:29:15.603+0000][7][safepoint   ] Safepoint "G1CollectForAllocation", Time since last: 458015100 ns, Reaching safepoint: 248800 ns, At safepoint: 28524500 ns, Total: 28773300 ns
[2021-05-20T10:29:16.054+0000][7][gc,start    ] GC(6) Pause Young (Normal) (G1 Evacuation Pause)
[2021-05-20T10:29:16.056+0000][7][gc,task     ] GC(6) Using 4 workers of 4 for evacuation
[2021-05-20T10:29:16.057+0000][7][gc,age      ] GC(6) Desired survivor size 20971520 bytes, new threshold 15 (max threshold 15)
[2021-05-20T10:29:16.072+0000][7][gc,age      ] GC(6) Age table with threshold 15 (max threshold 15)
[2021-05-20T10:29:16.073+0000][7][gc,age      ] GC(6) - age   1:    2330832 bytes,    2330832 total
[2021-05-20T10:29:16.073+0000][7][gc,age      ] GC(6) - age   2:    2546120 bytes,    4876952 total
[2021-05-20T10:29:16.074+0000][7][gc,age      ] GC(6) - age   3:    3758480 bytes,    8635432 total
[2021-05-20T10:29:16.075+0000][7][gc,age      ] GC(6) - age   4:    1971320 bytes,   10606752 total
[2021-05-20T10:29:16.076+0000][7][gc,age      ] GC(6) - age   5:    1056768 bytes,   11663520 total
[2021-05-20T10:29:16.077+0000][7][gc,age      ] GC(6) - age   6:    1625656 bytes,   13289176 total
[2021-05-20T10:29:16.078+0000][7][gc,phases   ] GC(6)   Pre Evacuate Collection Set: 0.2ms
[2021-05-20T10:29:16.078+0000][7][gc,phases   ] GC(6)   Merge Heap Roots: 0.4ms
[2021-05-20T10:29:16.079+0000][7][gc,phases   ] GC(6)   Evacuate Collection Set: 10.2ms
[2021-05-20T10:29:16.080+0000][7][gc,phases   ] GC(6)   Post Evacuate Collection Set: 2.3ms
[2021-05-20T10:29:16.080+0000][7][gc,phases   ] GC(6)   Other: 10.3ms
[2021-05-20T10:29:16.081+0000][7][gc,heap     ] GC(6) Eden regions: 72->0(72)
[2021-05-20T10:29:16.082+0000][7][gc,heap     ] GC(6) Survivor regions: 4->4(10)
[2021-05-20T10:29:16.083+0000][7][gc,heap     ] GC(6) Old regions: 2->2
[2021-05-20T10:29:16.084+0000][7][gc,heap     ] GC(6) Archive regions: 2->2
[2021-05-20T10:29:16.085+0000][7][gc,heap     ] GC(6) Humongous regions: 0->0
[2021-05-20T10:29:16.085+0000][7][gc,metaspace] GC(6) Metaspace: 19534K(20032K)->19534K(20032K) NonClass: 17191K(17472K)->17191K(17472K) Class: 2343K(2560K)->2343K(2560K)
[2021-05-20T10:29:16.086+0000][7][gc          ] GC(6) Pause Young (Normal) (G1 Evacuation Pause) 308M->21M(512M) 31.543ms
[2021-05-20T10:29:16.087+0000][7][gc,cpu      ] GC(6) User=0.05s Sys=0.00s Real=0.03s
[2021-05-20T10:29:16.087+0000][7][safepoint   ] Safepoint "G1CollectForAllocation", Time since last: 451325200 ns, Reaching safepoint: 241100 ns, At safepoint: 32950500 ns, Total: 33191600 ns
[2021-05-20T10:29:16.549+0000][7][gc,start    ] GC(7) Pause Young (Concurrent Start) (Metadata GC Threshold)
[2021-05-20T10:29:16.550+0000][7][gc,task     ] GC(7) Using 4 workers of 4 for evacuation
[2021-05-20T10:29:16.551+0000][7][gc,age      ] GC(7) Desired survivor size 20971520 bytes, new threshold 15 (max threshold 15)
[2021-05-20T10:29:16.567+0000][7][gc,age      ] GC(7) Age table with threshold 15 (max threshold 15)
[2021-05-20T10:29:16.568+0000][7][gc,age      ] GC(7) - age   1:    2300144 bytes,    2300144 total
[2021-05-20T10:29:16.568+0000][7][gc,age      ] GC(7) - age   2:     578880 bytes,    2879024 total
[2021-05-20T10:29:16.569+0000][7][gc,age      ] GC(7) - age   3:    2544992 bytes,    5424016 total
[2021-05-20T10:29:16.570+0000][7][gc,age      ] GC(7) - age   4:    3757920 bytes,    9181936 total
[2021-05-20T10:29:16.570+0000][7][gc,age      ] GC(7) - age   5:    1971272 bytes,   11153208 total
[2021-05-20T10:29:16.571+0000][7][gc,age      ] GC(7) - age   6:    1048512 bytes,   12201720 total
[2021-05-20T10:29:16.571+0000][7][gc,age      ] GC(7) - age   7:    1625336 bytes,   13827056 total
[2021-05-20T10:29:16.572+0000][7][gc,phases   ] GC(7)   Pre Evacuate Collection Set: 0.3ms
[2021-05-20T10:29:16.573+0000][7][gc,phases   ] GC(7)   Merge Heap Roots: 0.5ms
[2021-05-20T10:29:16.573+0000][7][gc,phases   ] GC(7)   Evacuate Collection Set: 10.9ms
[2021-05-20T10:29:16.574+0000][7][gc,phases   ] GC(7)   Post Evacuate Collection Set: 2.7ms
[2021-05-20T10:29:16.575+0000][7][gc,phases   ] GC(7)   Other: 9.1ms
[2021-05-20T10:29:16.575+0000][7][gc,heap     ] GC(7) Eden regions: 60->0(72)
[2021-05-20T10:29:16.576+0000][7][gc,heap     ] GC(7) Survivor regions: 4->4(10)
[2021-05-20T10:29:16.577+0000][7][gc,heap     ] GC(7) Old regions: 2->2
[2021-05-20T10:29:16.577+0000][7][gc,heap     ] GC(7) Archive regions: 2->2
[2021-05-20T10:29:16.578+0000][7][gc,heap     ] GC(7) Humongous regions: 0->0
[2021-05-20T10:29:16.578+0000][7][gc,metaspace] GC(7) Metaspace: 20762K(21248K)->20762K(21248K) NonClass: 18260K(18560K)->18260K(18560K) Class: 2502K(2688K)->2502K(2688K)
[2021-05-20T10:29:16.579+0000][7][gc          ] GC(7) Pause Young (Concurrent Start) (Metadata GC Threshold) 261M->22M(512M) 30.031ms
[2021-05-20T10:29:16.579+0000][7][gc,cpu      ] GC(7) User=0.02s Sys=0.01s Real=0.03s
[2021-05-20T10:29:16.580+0000][7][gc          ] GC(8) Concurrent Mark Cycle
[2021-05-20T10:29:16.580+0000][7][safepoint   ] Safepoint "CollectForMetadataAllocation", Time since last: 460749800 ns, Reaching safepoint: 440300 ns, At safepoint: 31408400 ns, Total: 31848700 ns
[2021-05-20T10:29:16.580+0000][7][gc,marking  ] GC(8) Concurrent Clear Claimed Marks
[2021-05-20T10:29:16.582+0000][7][gc,marking  ] GC(8) Concurrent Clear Claimed Marks 1.318ms
[2021-05-20T10:29:16.582+0000][7][gc,marking  ] GC(8) Concurrent Scan Root Regions
[2021-05-20T10:29:16.586+0000][7][gc,marking  ] GC(8) Concurrent Scan Root Regions 3.980ms
[2021-05-20T10:29:16.587+0000][7][gc,marking  ] GC(8) Concurrent Mark
[2021-05-20T10:29:16.588+0000][7][gc,marking  ] GC(8) Concurrent Mark From Roots
[2021-05-20T10:29:16.588+0000][7][gc,task     ] GC(8) Using 1 workers of 1 for marking
[2021-05-20T10:29:16.593+0000][7][gc,marking  ] GC(8) Concurrent Mark From Roots 5.246ms
[2021-05-20T10:29:16.594+0000][7][gc,marking  ] GC(8) Concurrent Preclean
[2021-05-20T10:29:16.595+0000][7][gc,marking  ] GC(8) Concurrent Preclean 0.700ms
[2021-05-20T10:29:16.595+0000][7][gc,start    ] GC(8) Pause Remark
[2021-05-20T10:29:16.603+0000][7][gc          ] GC(8) Pause Remark 32M->32M(512M) 7.057ms
[2021-05-20T10:29:16.603+0000][7][gc,cpu      ] GC(8) User=0.00s Sys=0.00s Real=0.01s
[2021-05-20T10:29:16.604+0000][7][safepoint   ] Safepoint "G1Concurrent", Time since last: 15279600 ns, Reaching safepoint: 229700 ns, At safepoint: 8411000 ns, Total: 8640700 ns
[2021-05-20T10:29:16.604+0000][7][gc,marking  ] GC(8) Concurrent Mark 17.290ms
[2021-05-20T10:29:16.605+0000][7][gc,marking  ] GC(8) Concurrent Rebuild Remembered Sets
[2021-05-20T10:29:16.608+0000][7][gc,marking  ] GC(8) Concurrent Rebuild Remembered Sets 3.420ms
[2021-05-20T10:29:16.609+0000][7][gc,start    ] GC(8) Pause Cleanup
[2021-05-20T10:29:16.610+0000][7][gc          ] GC(8) Pause Cleanup 36M->36M(512M) 0.769ms
[2021-05-20T10:29:16.611+0000][7][gc,cpu      ] GC(8) User=0.00s Sys=0.00s Real=0.00s
[2021-05-20T10:29:16.611+0000][7][safepoint   ] Safepoint "G1Concurrent", Time since last: 5189100 ns, Reaching safepoint: 276300 ns, At safepoint: 1963700 ns, Total: 2240000 ns
[2021-05-20T10:29:16.612+0000][7][gc,marking  ] GC(8) Concurrent Cleanup for Next Mark
[2021-05-20T10:29:16.613+0000][7][gc,marking  ] GC(8) Concurrent Cleanup for Next Mark 0.928ms
[2021-05-20T10:29:16.614+0000][7][gc          ] GC(8) Concurrent Mark Cycle 33.790ms
[2021-05-20T10:29:16.971+0000][7][gc,start    ] GC(9) Pause Young (Normal) (G1 Evacuation Pause)
[2021-05-20T10:29:16.972+0000][7][gc,task     ] GC(9) Using 4 workers of 4 for evacuation
[2021-05-20T10:29:16.972+0000][7][gc,age      ] GC(9) Desired survivor size 20971520 bytes, new threshold 15 (max threshold 15)
[2021-05-20T10:29:16.983+0000][7][gc,age      ] GC(9) Age table with threshold 15 (max threshold 15)
[2021-05-20T10:29:16.984+0000][7][gc,age      ] GC(9) - age   1:     866184 bytes,     866184 total
[2021-05-20T10:29:16.984+0000][7][gc,age      ] GC(9) - age   2:    2275776 bytes,    3141960 total
[2021-05-20T10:29:16.985+0000][7][gc,age      ] GC(9) - age   3:     577128 bytes,    3719088 total
[2021-05-20T10:29:16.986+0000][7][gc,age      ] GC(9) - age   4:    2544992 bytes,    6264080 total
[2021-05-20T10:29:16.987+0000][7][gc,age      ] GC(9) - age   5:    3757920 bytes,   10022000 total
[2021-05-20T10:29:16.987+0000][7][gc,age      ] GC(9) - age   6:    1971240 bytes,   11993240 total
[2021-05-20T10:29:16.988+0000][7][gc,age      ] GC(9) - age   7:    1047872 bytes,   13041112 total
[2021-05-20T10:29:16.988+0000][7][gc,age      ] GC(9) - age   8:    1623480 bytes,   14664592 total
[2021-05-20T10:29:16.989+0000][7][gc,phases   ] GC(9)   Pre Evacuate Collection Set: 0.1ms
[2021-05-20T10:29:16.989+0000][7][gc,phases   ] GC(9)   Merge Heap Roots: 0.1ms
[2021-05-20T10:29:16.990+0000][7][gc,phases   ] GC(9)   Evacuate Collection Set: 7.4ms
[2021-05-20T10:29:16.991+0000][7][gc,phases   ] GC(9)   Post Evacuate Collection Set: 1.9ms
[2021-05-20T10:29:16.992+0000][7][gc,phases   ] GC(9)   Other: 8.9ms
[2021-05-20T10:29:16.992+0000][7][gc,heap     ] GC(9) Eden regions: 72->0(72)
[2021-05-20T10:29:16.993+0000][7][gc,heap     ] GC(9) Survivor regions: 4->4(10)
[2021-05-20T10:29:16.993+0000][7][gc,heap     ] GC(9) Old regions: 2->2
[2021-05-20T10:29:16.994+0000][7][gc,heap     ] GC(9) Archive regions: 2->2
[2021-05-20T10:29:16.995+0000][7][gc,heap     ] GC(9) Humongous regions: 0->0
[2021-05-20T10:29:16.995+0000][7][gc,metaspace] GC(9) Metaspace: 20905K(21504K)->20905K(21504K) NonClass: 18375K(18752K)->18375K(18752K) Class: 2529K(2752K)->2529K(2752K)
[2021-05-20T10:29:16.996+0000][7][gc          ] GC(9) Pause Young (Normal) (G1 Evacuation Pause) 310M->23M(512M) 25.524ms
[2021-05-20T10:29:16.997+0000][7][gc,cpu      ] GC(9) User=0.02s Sys=0.01s Real=0.02s
[2021-05-20T10:29:16.997+0000][7][safepoint   ] Safepoint "G1CollectForAllocation", Time since last: 358791600 ns, Reaching safepoint: 313400 ns, At safepoint: 26968700 ns, Total: 27282100 ns
[2021-05-20T10:29:17.748+0000][7][safepoint   ] Safepoint "ICBufferFull", Time since last: 750223500 ns, Reaching safepoint: 448800 ns, At safepoint: 26500 ns, Total: 475300 ns
[2021-05-20T10:29:18.551+0000][7][safepoint   ] Safepoint "ICBufferFull", Time since last: 801992700 ns, Reaching safepoint: 694700 ns, At safepoint: 81600 ns, Total: 776300 ns
[2021-05-20T10:29:19.158+0000][7][gc,start    ] GC(10) Pause Young (Normal) (G1 Evacuation Pause)
[2021-05-20T10:29:19.159+0000][7][gc,task     ] GC(10) Using 4 workers of 4 for evacuation
[2021-05-20T10:29:19.160+0000][7][gc,age      ] GC(10) Desired survivor size 20971520 bytes, new threshold 15 (max threshold 15)
[2021-05-20T10:29:19.181+0000][7][gc,age      ] GC(10) Age table with threshold 15 (max threshold 15)
[2021-05-20T10:29:19.182+0000][7][gc,age      ] GC(10) - age   1:   24778032 bytes,   24778032 total
[2021-05-20T10:29:19.183+0000][7][gc,age      ] GC(10) - age   2:     685096 bytes,   25463128 total
[2021-05-20T10:29:19.184+0000][7][gc,age      ] GC(10) - age   3:    2248712 bytes,   27711840 total
[2021-05-20T10:29:19.185+0000][7][gc,age      ] GC(10) - age   4:     564656 bytes,   28276496 total
[2021-05-20T10:29:19.186+0000][7][gc,age      ] GC(10) - age   5:    2524464 bytes,   30800960 total
[2021-05-20T10:29:19.186+0000][7][gc,age      ] GC(10) - age   6:    3736048 bytes,   34537008 total
[2021-05-20T10:29:19.187+0000][7][gc,age      ] GC(10) - age   7:    1922784 bytes,   36459792 total
[2021-05-20T10:29:19.187+0000][7][gc,age      ] GC(10) - age   8:    1025592 bytes,   37485384 total
[2021-05-20T10:29:19.188+0000][7][gc,age      ] GC(10) - age   9:    1616120 bytes,   39101504 total
[2021-05-20T10:29:19.188+0000][7][gc,phases   ] GC(10)   Pre Evacuate Collection Set: 0.1ms
[2021-05-20T10:29:19.189+0000][7][gc,phases   ] GC(10)   Merge Heap Roots: 0.2ms
[2021-05-20T10:29:19.190+0000][7][gc,phases   ] GC(10)   Evacuate Collection Set: 17.2ms
[2021-05-20T10:29:19.190+0000][7][gc,phases   ] GC(10)   Post Evacuate Collection Set: 2.5ms
[2021-05-20T10:29:19.191+0000][7][gc,phases   ] GC(10)   Other: 10.3ms
[2021-05-20T10:29:19.192+0000][7][gc,heap     ] GC(10) Eden regions: 72->0(66)
[2021-05-20T10:29:19.192+0000][7][gc,heap     ] GC(10) Survivor regions: 4->10(10)
[2021-05-20T10:29:19.193+0000][7][gc,heap     ] GC(10) Old regions: 2->2
[2021-05-20T10:29:19.193+0000][7][gc,heap     ] GC(10) Archive regions: 2->2
[2021-05-20T10:29:19.194+0000][7][gc,heap     ] GC(10) Humongous regions: 0->0
[2021-05-20T10:29:19.194+0000][7][gc,metaspace] GC(10) Metaspace: 30333K(31168K)->30333K(31168K) NonClass: 26537K(27072K)->26537K(27072K) Class: 3795K(4096K)->3795K(4096K)
[2021-05-20T10:29:19.195+0000][7][gc          ] GC(10) Pause Young (Normal) (G1 Evacuation Pause) 311M->46M(512M) 36.782ms
[2021-05-20T10:29:19.196+0000][7][gc,cpu      ] GC(10) User=0.06s Sys=0.01s Real=0.03s
[2021-05-20T10:29:19.196+0000][7][safepoint   ] Safepoint "G1CollectForAllocation", Time since last: 607192300 ns, Reaching safepoint: 170700 ns, At safepoint: 38037300 ns, Total: 38208000 ns
[2021-05-20T10:29:19.954+0000][7][gc,start    ] GC(11) Pause Young (Concurrent Start) (Metadata GC Threshold)
[2021-05-20T10:29:19.956+0000][7][gc,task     ] GC(11) Using 4 workers of 4 for evacuation
[2021-05-20T10:29:19.957+0000][7][gc,age      ] GC(11) Desired survivor size 20971520 bytes, new threshold 1 (max threshold 15)
[2021-05-20T10:29:19.993+0000][7][gc,age      ] GC(11) Age table with threshold 1 (max threshold 15)
[2021-05-20T10:29:19.994+0000][7][gc,age      ] GC(11) - age   1:   14900080 bytes,   14900080 total
[2021-05-20T10:29:19.996+0000][7][gc,phases   ] GC(11)   Pre Evacuate Collection Set: 0.3ms
[2021-05-20T10:29:19.997+0000][7][gc,phases   ] GC(11)   Merge Heap Roots: 0.3ms
[2021-05-20T10:29:19.998+0000][7][gc,phases   ] GC(11)   Evacuate Collection Set: 31.9ms
[2021-05-20T10:29:19.998+0000][7][gc,phases   ] GC(11)   Post Evacuate Collection Set: 2.2ms
[2021-05-20T10:29:19.999+0000][7][gc,phases   ] GC(11)   Other: 6.6ms
[2021-05-20T10:29:20.000+0000][7][gc,heap     ] GC(11) Eden regions: 27->0(71)
[2021-05-20T10:29:20.000+0000][7][gc,heap     ] GC(11) Survivor regions: 10->5(10)
[2021-05-20T10:29:20.001+0000][7][gc,heap     ] GC(11) Old regions: 2->11
[2021-05-20T10:29:20.002+0000][7][gc,heap     ] GC(11) Archive regions: 2->2
[2021-05-20T10:29:20.002+0000][7][gc,heap     ] GC(11) Humongous regions: 0->0
[2021-05-20T10:29:20.003+0000][7][gc,metaspace] GC(11) Metaspace: 34743K(35520K)->34743K(35520K) NonClass: 30276K(30720K)->30276K(30720K) Class: 4467K(4800K)->4467K(4800K)
[2021-05-20T10:29:20.004+0000][7][gc          ] GC(11) Pause Young (Concurrent Start) (Metadata GC Threshold) 154M->64M(512M) 49.592ms
[2021-05-20T10:29:20.005+0000][7][gc,cpu      ] GC(11) User=0.10s Sys=0.00s Real=0.05s
[2021-05-20T10:29:20.005+0000][7][safepoint   ] Safepoint "CollectForMetadataAllocation", Time since last: 757799000 ns, Reaching safepoint: 346500 ns, At safepoint: 51101800 ns, Total: 51448300 ns
[2021-05-20T10:29:20.006+0000][7][gc          ] GC(12) Concurrent Mark Cycle
[2021-05-20T10:29:20.010+0000][7][gc,marking  ] GC(12) Concurrent Clear Claimed Marks
[2021-05-20T10:29:20.011+0000][7][gc,marking  ] GC(12) Concurrent Clear Claimed Marks 0.989ms
[2021-05-20T10:29:20.012+0000][7][gc,marking  ] GC(12) Concurrent Scan Root Regions
[2021-05-20T10:29:20.034+0000][7][gc,marking  ] GC(12) Concurrent Scan Root Regions 22.091ms
[2021-05-20T10:29:20.035+0000][7][gc,marking  ] GC(12) Concurrent Mark
[2021-05-20T10:29:20.036+0000][7][gc,marking  ] GC(12) Concurrent Mark From Roots
[2021-05-20T10:29:20.036+0000][7][gc,task     ] GC(12) Using 1 workers of 1 for marking
[2021-05-20T10:29:20.042+0000][7][gc,marking  ] GC(12) Concurrent Mark From Roots 6.668ms
[2021-05-20T10:29:20.043+0000][7][gc,marking  ] GC(12) Concurrent Preclean
[2021-05-20T10:29:20.044+0000][7][gc,marking  ] GC(12) Concurrent Preclean 0.538ms
[2021-05-20T10:29:20.045+0000][7][gc,start    ] GC(12) Pause Remark
[2021-05-20T10:29:20.049+0000][7][gc          ] GC(12) Pause Remark 66M->66M(512M) 4.029ms
[2021-05-20T10:29:20.049+0000][7][gc,cpu      ] GC(12) User=0.00s Sys=0.00s Real=0.01s
[2021-05-20T10:29:20.050+0000][7][safepoint   ] Safepoint "G1Concurrent", Time since last: 38976100 ns, Reaching safepoint: 247700 ns, At safepoint: 5344600 ns, Total: 5592300 ns
[2021-05-20T10:29:20.051+0000][7][gc,marking  ] GC(12) Concurrent Mark 15.720ms
[2021-05-20T10:29:20.052+0000][7][gc,marking  ] GC(12) Concurrent Rebuild Remembered Sets
[2021-05-20T10:29:20.083+0000][7][gc,marking  ] GC(12) Concurrent Rebuild Remembered Sets 31.057ms
[2021-05-20T10:29:20.085+0000][7][gc,start    ] GC(12) Pause Cleanup
[2021-05-20T10:29:20.086+0000][7][gc          ] GC(12) Pause Cleanup 68M->68M(512M) 1.236ms
[2021-05-20T10:29:20.086+0000][7][gc,cpu      ] GC(12) User=0.00s Sys=0.00s Real=0.00s
[2021-05-20T10:29:20.087+0000][7][safepoint   ] Safepoint "G1Concurrent", Time since last: 34208200 ns, Reaching safepoint: 371700 ns, At safepoint: 2450700 ns, Total: 2822400 ns
[2021-05-20T10:29:20.088+0000][7][gc,marking  ] GC(12) Concurrent Cleanup for Next Mark
[2021-05-20T10:29:20.089+0000][7][gc,marking  ] GC(12) Concurrent Cleanup for Next Mark 1.146ms
[2021-05-20T10:29:20.090+0000][7][gc          ] GC(12) Concurrent Mark Cycle 84.082ms
[2021-05-20T10:29:20.871+0000][7][safepoint   ] Safepoint "ICBufferFull", Time since last: 783582900 ns, Reaching safepoint: 161000 ns, At safepoint: 23000 ns, Total: 184000 ns
[2021-05-20T10:29:21.873+0000][7][safepoint   ] Safepoint "Cleanup", Time since last: 1001431000 ns, Reaching safepoint: 334100 ns, At safepoint: 40300 ns, Total: 374400 ns
[2021-05-20T10:29:22.209+0000][7][gc,start    ] GC(13) Pause Young (Normal) (G1 Evacuation Pause)
[2021-05-20T10:29:22.210+0000][7][gc,task     ] GC(13) Using 4 workers of 4 for evacuation
[2021-05-20T10:29:22.211+0000][7][gc,age      ] GC(13) Desired survivor size 20971520 bytes, new threshold 15 (max threshold 15)
[2021-05-20T10:29:22.231+0000][7][gc,age      ] GC(13) Age table with threshold 15 (max threshold 15)
[2021-05-20T10:29:22.232+0000][7][gc,age      ] GC(13) - age   1:    8201512 bytes,    8201512 total
[2021-05-20T10:29:22.233+0000][7][gc,age      ] GC(13) - age   2:   14805872 bytes,   23007384 total
[2021-05-20T10:29:22.234+0000][7][gc,phases   ] GC(13)   Pre Evacuate Collection Set: 0.2ms
[2021-05-20T10:29:22.234+0000][7][gc,phases   ] GC(13)   Merge Heap Roots: 0.5ms
[2021-05-20T10:29:22.235+0000][7][gc,phases   ] GC(13)   Evacuate Collection Set: 15.7ms
[2021-05-20T10:29:22.236+0000][7][gc,phases   ] GC(13)   Post Evacuate Collection Set: 2.8ms
[2021-05-20T10:29:22.236+0000][7][gc,phases   ] GC(13)   Other: 6.0ms
[2021-05-20T10:29:22.237+0000][7][gc,heap     ] GC(13) Eden regions: 71->0(70)
[2021-05-20T10:29:22.238+0000][7][gc,heap     ] GC(13) Survivor regions: 5->6(10)
[2021-05-20T10:29:22.238+0000][7][gc,heap     ] GC(13) Old regions: 11->11
[2021-05-20T10:29:22.239+0000][7][gc,heap     ] GC(13) Archive regions: 2->2
[2021-05-20T10:29:22.239+0000][7][gc,heap     ] GC(13) Humongous regions: 0->0
[2021-05-20T10:29:22.240+0000][7][gc,metaspace] GC(13) Metaspace: 55103K(56192K)->55103K(56192K) NonClass: 47752K(48384K)->47752K(48384K) Class: 7351K(7808K)->7351K(7808K)
[2021-05-20T10:29:22.241+0000][7][gc          ] GC(13) Pause Young (Normal) (G1 Evacuation Pause) 348M->68M(512M) 31.992ms
[2021-05-20T10:29:22.241+0000][7][gc,cpu      ] GC(13) User=0.04s Sys=0.01s Real=0.03s
[2021-05-20T10:29:22.242+0000][7][safepoint   ] Safepoint "G1CollectForAllocation", Time since last: 335934900 ns, Reaching safepoint: 159100 ns, At safepoint: 33094600 ns, Total: 33253700 ns
[2021-05-20T10:29:22.990+0000][7][safepoint   ] Safepoint "ICBufferFull", Time since last: 747809100 ns, Reaching safepoint: 390200 ns, At safepoint: 26700 ns, Total: 416900 ns
[2021-05-20T10:29:23.051+0000][7][gc,start    ] GC(14) Pause Young (Concurrent Start) (Metadata GC Threshold)
[2021-05-20T10:29:23.052+0000][7][gc,task     ] GC(14) Using 4 workers of 4 for evacuation
[2021-05-20T10:29:23.052+0000][7][gc,age      ] GC(14) Desired survivor size 20971520 bytes, new threshold 2 (max threshold 15)
[2021-05-20T10:29:23.071+0000][7][gc,age      ] GC(14) Age table with threshold 2 (max threshold 15)
[2021-05-20T10:29:23.072+0000][7][gc,age      ] GC(14) - age   1:    2991416 bytes,    2991416 total
[2021-05-20T10:29:23.072+0000][7][gc,age      ] GC(14) - age   2:    8019288 bytes,   11010704 total
[2021-05-20T10:29:23.073+0000][7][gc,phases   ] GC(14)   Pre Evacuate Collection Set: 0.2ms
[2021-05-20T10:29:23.073+0000][7][gc,phases   ] GC(14)   Merge Heap Roots: 0.2ms
[2021-05-20T10:29:23.074+0000][7][gc,phases   ] GC(14)   Evacuate Collection Set: 15.4ms
[2021-05-20T10:29:23.074+0000][7][gc,phases   ] GC(14)   Post Evacuate Collection Set: 1.9ms
[2021-05-20T10:29:23.075+0000][7][gc,phases   ] GC(14)   Other: 4.2ms
[2021-05-20T10:29:23.075+0000][7][gc,heap     ] GC(14) Eden regions: 27->0(73)
[2021-05-20T10:29:23.076+0000][7][gc,heap     ] GC(14) Survivor regions: 6->3(10)
[2021-05-20T10:29:23.077+0000][7][gc,heap     ] GC(14) Old regions: 11->14
[2021-05-20T10:29:23.077+0000][7][gc,heap     ] GC(14) Archive regions: 2->2
[2021-05-20T10:29:23.078+0000][7][gc,heap     ] GC(14) Humongous regions: 0->0
[2021-05-20T10:29:23.078+0000][7][gc,metaspace] GC(14) Metaspace: 58518K(59648K)->58518K(59648K) NonClass: 50781K(51392K)->50781K(51392K) Class: 7737K(8256K)->7737K(8256K)
[2021-05-20T10:29:23.079+0000][7][gc          ] GC(14) Pause Young (Concurrent Start) (Metadata GC Threshold) 176M->71M(512M) 28.095ms
[2021-05-20T10:29:23.080+0000][7][gc,cpu      ] GC(14) User=0.04s Sys=0.00s Real=0.03s
[2021-05-20T10:29:23.080+0000][7][gc          ] GC(15) Concurrent Mark Cycle
[2021-05-20T10:29:23.080+0000][7][safepoint   ] Safepoint "CollectForMetadataAllocation", Time since last: 60384300 ns, Reaching safepoint: 471800 ns, At safepoint: 29512200 ns, Total: 29984000 ns
[2021-05-20T10:29:23.081+0000][7][gc,marking  ] GC(15) Concurrent Clear Claimed Marks
[2021-05-20T10:29:23.083+0000][7][gc,marking  ] GC(15) Concurrent Clear Claimed Marks 1.315ms
[2021-05-20T10:29:23.083+0000][7][gc,marking  ] GC(15) Concurrent Scan Root Regions
[2021-05-20T10:29:23.097+0000][7][gc,marking  ] GC(15) Concurrent Scan Root Regions 13.686ms
[2021-05-20T10:29:23.098+0000][7][gc,marking  ] GC(15) Concurrent Mark
[2021-05-20T10:29:23.098+0000][7][gc,marking  ] GC(15) Concurrent Mark From Roots
[2021-05-20T10:29:23.099+0000][7][gc,task     ] GC(15) Using 1 workers of 1 for marking
[2021-05-20T10:29:23.126+0000][7][safepoint   ] Safepoint "CollectForMetadataAllocation", Time since last: 44984700 ns, Reaching safepoint: 298600 ns, At safepoint: 89100 ns, Total: 387700 ns
[2021-05-20T10:29:23.159+0000][7][gc,marking  ] GC(15) Concurrent Mark From Roots 60.269ms
[2021-05-20T10:29:23.159+0000][7][gc,marking  ] GC(15) Concurrent Preclean
[2021-05-20T10:29:23.160+0000][7][gc,marking  ] GC(15) Concurrent Preclean 0.878ms
[2021-05-20T10:29:23.161+0000][7][gc,start    ] GC(15) Pause Remark
[2021-05-20T10:29:23.167+0000][7][gc          ] GC(15) Pause Remark 75M->75M(512M) 5.264ms
[2021-05-20T10:29:23.168+0000][7][gc,cpu      ] GC(15) User=0.01s Sys=0.00s Real=0.01s
[2021-05-20T10:29:23.168+0000][7][safepoint   ] Safepoint "G1Concurrent", Time since last: 35446000 ns, Reaching safepoint: 96900 ns, At safepoint: 7016800 ns, Total: 7113700 ns
[2021-05-20T10:29:23.169+0000][7][gc,marking  ] GC(15) Concurrent Mark 71.277ms
[2021-05-20T10:29:23.169+0000][7][gc,marking  ] GC(15) Concurrent Rebuild Remembered Sets
[2021-05-20T10:29:23.231+0000][7][gc,marking  ] GC(15) Concurrent Rebuild Remembered Sets 61.897ms
[2021-05-20T10:29:23.233+0000][7][gc,start    ] GC(15) Pause Cleanup
[2021-05-20T10:29:23.234+0000][7][gc          ] GC(15) Pause Cleanup 77M->77M(512M) 0.725ms
[2021-05-20T10:29:23.235+0000][7][gc,cpu      ] GC(15) User=0.00s Sys=0.00s Real=0.00s
[2021-05-20T10:29:23.236+0000][7][safepoint   ] Safepoint "G1Concurrent", Time since last: 64203000 ns, Reaching safepoint: 399500 ns, At safepoint: 2578400 ns, Total: 2977900 ns
[2021-05-20T10:29:23.236+0000][7][gc,marking  ] GC(15) Concurrent Cleanup for Next Mark
[2021-05-20T10:29:23.238+0000][7][gc,marking  ] GC(15) Concurrent Cleanup for Next Mark 1.619ms
[2021-05-20T10:29:23.239+0000][7][gc          ] GC(15) Concurrent Mark Cycle 158.502ms
[2021-05-20T10:29:24.237+0000][7][safepoint   ] Safepoint "Cleanup", Time since last: 1000845000 ns, Reaching safepoint: 438900 ns, At safepoint: 27800 ns, Total: 466700 ns
[2021-05-20T10:29:25.244+0000][7][safepoint   ] Safepoint "Cleanup", Time since last: 1006497700 ns, Reaching safepoint: 526300 ns, At safepoint: 111800 ns, Total: 638100 ns
[2021-05-20T10:29:26.250+0000][7][safepoint   ] Safepoint "Cleanup", Time since last: 1005677000 ns, Reaching safepoint: 146700 ns, At safepoint: 23300 ns, Total: 170000 ns
[2021-05-20T10:29:26.477+0000][7][gc,heap,exit] Heap
[2021-05-20T10:29:26.478+0000][7][gc,heap,exit]  garbage-first heap   total 524288K, used 260086K [0x00000000e0000000, 0x0000000100000000)
[2021-05-20T10:29:26.479+0000][7][gc,heap,exit]   region size 4096K, 49 young (200704K), 3 survivors (12288K)
[2021-05-20T10:29:26.479+0000][7][gc,heap,exit]  Metaspace       used 84366K, committed 85760K, reserved 1130496K
[2021-05-20T10:29:26.480+0000][7][gc,heap,exit]   class space    used 11529K, committed 12096K, reserved 1048576K
