[2021-05-20T10:21:17.524+0000][7][gc] Using G1
[2021-05-20T10:21:17.571+0000][7][gc,init] Version: 16+36 (release)
[2021-05-20T10:21:17.572+0000][7][gc,init] CPUs: 4 total, 4 available
[2021-05-20T10:21:17.573+0000][7][gc,init] Memory: 3936M
[2021-05-20T10:21:17.574+0000][7][gc,init] Large Page Support: Disabled
[2021-05-20T10:21:17.575+0000][7][gc,init] NUMA Support: Disabled
[2021-05-20T10:21:17.576+0000][7][gc,init] Compressed Oops: Enabled (32-bit)
[2021-05-20T10:21:17.576+0000][7][gc,init] Heap Region Size: 4M
[2021-05-20T10:21:17.577+0000][7][gc,init] Heap Min Capacity: 512M
[2021-05-20T10:21:17.578+0000][7][gc,init] Heap Initial Capacity: 512M
[2021-05-20T10:21:17.578+0000][7][gc,init] Heap Max Capacity: 512M
[2021-05-20T10:21:17.579+0000][7][gc,init] Pre-touch: Enabled
[2021-05-20T10:21:17.580+0000][7][gc,init] Parallel Workers: 4
[2021-05-20T10:21:17.580+0000][7][gc,init] Concurrent Workers: 1
[2021-05-20T10:21:17.581+0000][7][gc,init] Concurrent Refinement Workers: 4
[2021-05-20T10:21:17.581+0000][7][gc,init] Periodic GC: Disabled
[2021-05-20T10:21:17.583+0000][7][gc,metaspace] CDS archive(s) mapped at: [0x0000000800000000-0x0000000800bea000-0x0000000800bea000), size 12492800, SharedBaseAddress: 0x0000000800000000, ArchiveRelocationMode: 0.
[2021-05-20T10:21:17.584+0000][7][gc,metaspace] Compressed class space mapped at: 0x0000000800c00000-0x0000000840c00000, reserved size: 1073741824
[2021-05-20T10:21:17.585+0000][7][gc,metaspace] Narrow klass base: 0x0000000800000000, Narrow klass shift: 3, Narrow klass range: 0x100000000
[2021-05-20T10:21:18.400+0000][7][safepoint   ] Safepoint "ICBufferFull", Time since last: 807110500 ns, Reaching safepoint: 304200 ns, At safepoint: 21000 ns, Total: 325200 ns
[2021-05-20T10:21:18.749+0000][7][gc,start    ] GC(0) Pause Young (Normal) (G1 Evacuation Pause)
[2021-05-20T10:21:18.750+0000][7][gc,task     ] GC(0) Using 4 workers of 4 for evacuation
[2021-05-20T10:21:18.751+0000][7][gc,age      ] GC(0) Desired survivor size 2097152 bytes, new threshold 15 (max threshold 15)
[2021-05-20T10:21:18.757+0000][7][gc,age      ] GC(0) Age table with threshold 15 (max threshold 15)
[2021-05-20T10:21:18.758+0000][7][gc,age      ] GC(0) - age   1:    4182320 bytes,    4182320 total
[2021-05-20T10:21:18.759+0000][7][gc,phases   ] GC(0)   Pre Evacuate Collection Set: 0.3ms
[2021-05-20T10:21:18.759+0000][7][gc,phases   ] GC(0)   Merge Heap Roots: 0.2ms
[2021-05-20T10:21:18.760+0000][7][gc,phases   ] GC(0)   Evacuate Collection Set: 2.4ms
[2021-05-20T10:21:18.761+0000][7][gc,phases   ] GC(0)   Post Evacuate Collection Set: 2.0ms
[2021-05-20T10:21:18.761+0000][7][gc,phases   ] GC(0)   Other: 4.7ms
[2021-05-20T10:21:18.762+0000][7][gc,heap     ] GC(0) Eden regions: 6->0(5)
[2021-05-20T10:21:18.762+0000][7][gc,heap     ] GC(0) Survivor regions: 0->1(1)
[2021-05-20T10:21:18.763+0000][7][gc,heap     ] GC(0) Old regions: 0->1
[2021-05-20T10:21:18.764+0000][7][gc,heap     ] GC(0) Archive regions: 2->2
[2021-05-20T10:21:18.764+0000][7][gc,heap     ] GC(0) Humongous regions: 0->0
[2021-05-20T10:21:18.765+0000][7][gc,metaspace] GC(0) Metaspace: 8111K(8256K)->8111K(8256K) NonClass: 7208K(7296K)->7208K(7296K) Class: 903K(960K)->903K(960K)
[2021-05-20T10:21:18.766+0000][7][gc          ] GC(0) Pause Young (Normal) (G1 Evacuation Pause) 27M->8M(512M) 16.802ms
[2021-05-20T10:21:18.767+0000][7][gc,cpu      ] GC(0) User=0.02s Sys=0.01s Real=0.02s
[2021-05-20T10:21:18.767+0000][7][safepoint   ] Safepoint "G1CollectForAllocation", Time since last: 348498500 ns, Reaching safepoint: 248300 ns, At safepoint: 18398200 ns, Total: 18646500 ns
[2021-05-20T10:21:19.423+0000][7][gc,start    ] GC(1) Pause Young (Normal) (G1 Evacuation Pause)
[2021-05-20T10:21:19.424+0000][7][gc,task     ] GC(1) Using 4 workers of 4 for evacuation
[2021-05-20T10:21:19.425+0000][7][gc,age      ] GC(1) Desired survivor size 2097152 bytes, new threshold 1 (max threshold 15)
[2021-05-20T10:21:19.433+0000][7][gc,age      ] GC(1) Age table with threshold 1 (max threshold 15)
[2021-05-20T10:21:19.434+0000][7][gc,age      ] GC(1) - age   1:    1706576 bytes,    1706576 total
[2021-05-20T10:21:19.435+0000][7][gc,phases   ] GC(1)   Pre Evacuate Collection Set: 0.4ms
[2021-05-20T10:21:19.436+0000][7][gc,phases   ] GC(1)   Merge Heap Roots: 0.4ms
[2021-05-20T10:21:19.437+0000][7][gc,phases   ] GC(1)   Evacuate Collection Set: 3.9ms
[2021-05-20T10:21:19.438+0000][7][gc,phases   ] GC(1)   Post Evacuate Collection Set: 2.3ms
[2021-05-20T10:21:19.438+0000][7][gc,phases   ] GC(1)   Other: 5.5ms
[2021-05-20T10:21:19.439+0000][7][gc,heap     ] GC(1) Eden regions: 5->0(7)
[2021-05-20T10:21:19.440+0000][7][gc,heap     ] GC(1) Survivor regions: 1->1(1)
[2021-05-20T10:21:19.440+0000][7][gc,heap     ] GC(1) Old regions: 1->2
[2021-05-20T10:21:19.441+0000][7][gc,heap     ] GC(1) Archive regions: 2->2
[2021-05-20T10:21:19.442+0000][7][gc,heap     ] GC(1) Humongous regions: 0->0
[2021-05-20T10:21:19.443+0000][7][gc,metaspace] GC(1) Metaspace: 11610K(11840K)->11610K(11840K) NonClass: 10233K(10368K)->10233K(10368K) Class: 1376K(1472K)->1376K(1472K)
[2021-05-20T10:21:19.444+0000][7][gc          ] GC(1) Pause Young (Normal) (G1 Evacuation Pause) 28M->9M(512M) 20.721ms
[2021-05-20T10:21:19.444+0000][7][gc,cpu      ] GC(1) User=0.01s Sys=0.01s Real=0.02s
[2021-05-20T10:21:19.445+0000][7][safepoint   ] Safepoint "G1CollectForAllocation", Time since last: 655410000 ns, Reaching safepoint: 188800 ns, At safepoint: 22232200 ns, Total: 22421000 ns
[2021-05-20T10:21:19.949+0000][7][gc,start    ] GC(2) Pause Young (Normal) (G1 Evacuation Pause)
[2021-05-20T10:21:19.949+0000][7][gc,task     ] GC(2) Using 4 workers of 4 for evacuation
[2021-05-20T10:21:19.950+0000][7][gc,age      ] GC(2) Desired survivor size 2097152 bytes, new threshold 15 (max threshold 15)
[2021-05-20T10:21:19.958+0000][7][gc,age      ] GC(2) Age table with threshold 15 (max threshold 15)
[2021-05-20T10:21:19.961+0000][7][gc,age      ] GC(2) - age   1:    1141936 bytes,    1141936 total
[2021-05-20T10:21:19.966+0000][7][gc,age      ] GC(2) - age   2:    1635936 bytes,    2777872 total
[2021-05-20T10:21:19.967+0000][7][gc,phases   ] GC(2)   Pre Evacuate Collection Set: 0.2ms
[2021-05-20T10:21:19.968+0000][7][gc,phases   ] GC(2)   Merge Heap Roots: 0.1ms
[2021-05-20T10:21:19.969+0000][7][gc,phases   ] GC(2)   Evacuate Collection Set: 4.5ms
[2021-05-20T10:21:19.970+0000][7][gc,phases   ] GC(2)   Post Evacuate Collection Set: 2.0ms
[2021-05-20T10:21:19.971+0000][7][gc,phases   ] GC(2)   Other: 12.1ms
[2021-05-20T10:21:19.972+0000][7][gc,heap     ] GC(2) Eden regions: 7->0(23)
[2021-05-20T10:21:19.973+0000][7][gc,heap     ] GC(2) Survivor regions: 1->1(1)
[2021-05-20T10:21:19.974+0000][7][gc,heap     ] GC(2) Old regions: 2->2
[2021-05-20T10:21:19.975+0000][7][gc,heap     ] GC(2) Archive regions: 2->2
[2021-05-20T10:21:19.976+0000][7][gc,heap     ] GC(2) Humongous regions: 0->0
[2021-05-20T10:21:19.977+0000][7][gc,metaspace] GC(2) Metaspace: 14131K(14336K)->14131K(14336K) NonClass: 12506K(12608K)->12506K(12608K) Class: 1625K(1728K)->1625K(1728K)
[2021-05-20T10:21:19.978+0000][7][gc          ] GC(2) Pause Young (Normal) (G1 Evacuation Pause) 37M->10M(512M) 29.273ms
[2021-05-20T10:21:19.979+0000][7][gc,cpu      ] GC(2) User=0.04s Sys=0.01s Real=0.03s
[2021-05-20T10:21:19.979+0000][7][safepoint   ] Safepoint "G1CollectForAllocation", Time since last: 502978500 ns, Reaching safepoint: 226800 ns, At safepoint: 31014400 ns, Total: 31241200 ns
[2021-05-20T10:21:20.473+0000][7][safepoint   ] Safepoint "ICBufferFull", Time since last: 493590500 ns, Reaching safepoint: 208700 ns, At safepoint: 25100 ns, Total: 233800 ns
[2021-05-20T10:21:20.483+0000][7][safepoint   ] Safepoint "ICBufferFull", Time since last: 9101700 ns, Reaching safepoint: 197100 ns, At safepoint: 27800 ns, Total: 224900 ns
[2021-05-20T10:21:20.488+0000][7][safepoint   ] Safepoint "ICBufferFull", Time since last: 5485200 ns, Reaching safepoint: 189700 ns, At safepoint: 28000 ns, Total: 217700 ns
[2021-05-20T10:21:20.495+0000][7][safepoint   ] Safepoint "ICBufferFull", Time since last: 7047800 ns, Reaching safepoint: 111900 ns, At safepoint: 24600 ns, Total: 136500 ns
[2021-05-20T10:21:20.502+0000][7][safepoint   ] Safepoint "ICBufferFull", Time since last: 5960800 ns, Reaching safepoint: 210800 ns, At safepoint: 23700 ns, Total: 234500 ns
[2021-05-20T10:21:20.510+0000][7][safepoint   ] Safepoint "ICBufferFull", Time since last: 7682700 ns, Reaching safepoint: 231700 ns, At safepoint: 23500 ns, Total: 255200 ns
[2021-05-20T10:21:20.515+0000][7][safepoint   ] Safepoint "ICBufferFull", Time since last: 5601200 ns, Reaching safepoint: 202600 ns, At safepoint: 81700 ns, Total: 284300 ns
[2021-05-20T10:21:20.521+0000][7][safepoint   ] Safepoint "ICBufferFull", Time since last: 5746600 ns, Reaching safepoint: 169100 ns, At safepoint: 28000 ns, Total: 197100 ns
[2021-05-20T10:21:20.527+0000][7][safepoint   ] Safepoint "ICBufferFull", Time since last: 4913500 ns, Reaching safepoint: 246000 ns, At safepoint: 21100 ns, Total: 267100 ns
[2021-05-20T10:21:20.532+0000][7][safepoint   ] Safepoint "ICBufferFull", Time since last: 5340200 ns, Reaching safepoint: 396200 ns, At safepoint: 22800 ns, Total: 419000 ns
[2021-05-20T10:21:20.540+0000][7][safepoint   ] Safepoint "ICBufferFull", Time since last: 7219300 ns, Reaching safepoint: 196600 ns, At safepoint: 90600 ns, Total: 287200 ns
[2021-05-20T10:21:20.545+0000][7][safepoint   ] Safepoint "ICBufferFull", Time since last: 4856200 ns, Reaching safepoint: 265000 ns, At safepoint: 74300 ns, Total: 339300 ns
[2021-05-20T10:21:20.553+0000][7][safepoint   ] Safepoint "ICBufferFull", Time since last: 7211500 ns, Reaching safepoint: 339500 ns, At safepoint: 26100 ns, Total: 365600 ns
[2021-05-20T10:21:20.560+0000][7][safepoint   ] Safepoint "ICBufferFull", Time since last: 6384000 ns, Reaching safepoint: 390600 ns, At safepoint: 48700 ns, Total: 439300 ns
[2021-05-20T10:21:20.566+0000][7][safepoint   ] Safepoint "ICBufferFull", Time since last: 6485800 ns, Reaching safepoint: 234600 ns, At safepoint: 22300 ns, Total: 256900 ns
[2021-05-20T10:21:20.572+0000][7][safepoint   ] Safepoint "ICBufferFull", Time since last: 5536200 ns, Reaching safepoint: 105500 ns, At safepoint: 23900 ns, Total: 129400 ns
[2021-05-20T10:21:20.578+0000][7][safepoint   ] Safepoint "ICBufferFull", Time since last: 6159700 ns, Reaching safepoint: 76300 ns, At safepoint: 28400 ns, Total: 104700 ns
[2021-05-20T10:21:20.585+0000][7][safepoint   ] Safepoint "ICBufferFull", Time since last: 6896900 ns, Reaching safepoint: 389200 ns, At safepoint: 23300 ns, Total: 412500 ns
[2021-05-20T10:21:20.593+0000][7][safepoint   ] Safepoint "ICBufferFull", Time since last: 7244600 ns, Reaching safepoint: 353700 ns, At safepoint: 24100 ns, Total: 377800 ns
[2021-05-20T10:21:20.601+0000][7][safepoint   ] Safepoint "ICBufferFull", Time since last: 7030700 ns, Reaching safepoint: 443100 ns, At safepoint: 36200 ns, Total: 479300 ns
[2021-05-20T10:21:20.603+0000][7][safepoint   ] Safepoint "ICBufferFull", Time since last: 2527100 ns, Reaching safepoint: 274100 ns, At safepoint: 23700 ns, Total: 297800 ns
[2021-05-20T10:21:20.606+0000][7][safepoint   ] Safepoint "ICBufferFull", Time since last: 2170100 ns, Reaching safepoint: 384700 ns, At safepoint: 20700 ns, Total: 405400 ns
[2021-05-20T10:21:20.608+0000][7][safepoint   ] Safepoint "ICBufferFull", Time since last: 1748700 ns, Reaching safepoint: 182400 ns, At safepoint: 21500 ns, Total: 203900 ns
[2021-05-20T10:21:20.611+0000][7][safepoint   ] Safepoint "ICBufferFull", Time since last: 2404700 ns, Reaching safepoint: 179900 ns, At safepoint: 389700 ns, Total: 569600 ns
[2021-05-20T10:21:20.614+0000][7][safepoint   ] Safepoint "ICBufferFull", Time since last: 2715100 ns, Reaching safepoint: 183200 ns, At safepoint: 25200 ns, Total: 208400 ns
[2021-05-20T10:21:20.616+0000][7][safepoint   ] Safepoint "ICBufferFull", Time since last: 2348500 ns, Reaching safepoint: 243800 ns, At safepoint: 22700 ns, Total: 266500 ns
[2021-05-20T10:21:20.619+0000][7][safepoint   ] Safepoint "ICBufferFull", Time since last: 1941000 ns, Reaching safepoint: 320600 ns, At safepoint: 97300 ns, Total: 417900 ns
[2021-05-20T10:21:20.621+0000][7][safepoint   ] Safepoint "ICBufferFull", Time since last: 1854000 ns, Reaching safepoint: 37700 ns, At safepoint: 30000 ns, Total: 67700 ns
[2021-05-20T10:21:20.623+0000][7][safepoint   ] Safepoint "ICBufferFull", Time since last: 2300900 ns, Reaching safepoint: 41300 ns, At safepoint: 22500 ns, Total: 63800 ns
[2021-05-20T10:21:20.625+0000][7][safepoint   ] Safepoint "ICBufferFull", Time since last: 2092800 ns, Reaching safepoint: 40700 ns, At safepoint: 23000 ns, Total: 63700 ns
[2021-05-20T10:21:20.627+0000][7][safepoint   ] Safepoint "ICBufferFull", Time since last: 2119600 ns, Reaching safepoint: 43400 ns, At safepoint: 24300 ns, Total: 67700 ns
[2021-05-20T10:21:20.631+0000][7][safepoint   ] Safepoint "ICBufferFull", Time since last: 3369200 ns, Reaching safepoint: 38900 ns, At safepoint: 21600 ns, Total: 60500 ns
[2021-05-20T10:21:20.633+0000][7][safepoint   ] Safepoint "ICBufferFull", Time since last: 1839700 ns, Reaching safepoint: 40400 ns, At safepoint: 22400 ns, Total: 62800 ns
[2021-05-20T10:21:20.635+0000][7][safepoint   ] Safepoint "ICBufferFull", Time since last: 1802800 ns, Reaching safepoint: 41900 ns, At safepoint: 22600 ns, Total: 64500 ns
[2021-05-20T10:21:20.636+0000][7][safepoint   ] Safepoint "ICBufferFull", Time since last: 1748500 ns, Reaching safepoint: 46800 ns, At safepoint: 30300 ns, Total: 77100 ns
[2021-05-20T10:21:20.639+0000][7][safepoint   ] Safepoint "ICBufferFull", Time since last: 2182700 ns, Reaching safepoint: 42800 ns, At safepoint: 22000 ns, Total: 64800 ns
[2021-05-20T10:21:20.641+0000][7][safepoint   ] Safepoint "ICBufferFull", Time since last: 2219900 ns, Reaching safepoint: 41200 ns, At safepoint: 22400 ns, Total: 63600 ns
[2021-05-20T10:21:20.783+0000][7][gc,start    ] GC(3) Pause Young (Normal) (G1 Evacuation Pause)
[2021-05-20T10:21:20.784+0000][7][gc,task     ] GC(3) Using 4 workers of 4 for evacuation
[2021-05-20T10:21:20.785+0000][7][gc,age      ] GC(3) Desired survivor size 6291456 bytes, new threshold 15 (max threshold 15)
[2021-05-20T10:21:20.798+0000][7][gc,age      ] GC(3) Age table with threshold 15 (max threshold 15)
[2021-05-20T10:21:20.799+0000][7][gc,age      ] GC(3) - age   1:    2979208 bytes,    2979208 total
[2021-05-20T10:21:20.800+0000][7][gc,age      ] GC(3) - age   2:    1058704 bytes,    4037912 total
[2021-05-20T10:21:20.801+0000][7][gc,age      ] GC(3) - age   3:    1621760 bytes,    5659672 total
[2021-05-20T10:21:20.801+0000][7][gc,phases   ] GC(3)   Pre Evacuate Collection Set: 0.2ms
[2021-05-20T10:21:20.802+0000][7][gc,phases   ] GC(3)   Merge Heap Roots: 0.2ms
[2021-05-20T10:21:20.803+0000][7][gc,phases   ] GC(3)   Evacuate Collection Set: 6.8ms
[2021-05-20T10:21:20.803+0000][7][gc,phases   ] GC(3)   Post Evacuate Collection Set: 5.3ms
[2021-05-20T10:21:20.804+0000][7][gc,phases   ] GC(3)   Other: 6.1ms
[2021-05-20T10:21:20.805+0000][7][gc,heap     ] GC(3) Eden regions: 23->0(74)
[2021-05-20T10:21:20.806+0000][7][gc,heap     ] GC(3) Survivor regions: 1->2(3)
[2021-05-20T10:21:20.806+0000][7][gc,heap     ] GC(3) Old regions: 2->2
[2021-05-20T10:21:20.807+0000][7][gc,heap     ] GC(3) Archive regions: 2->2
[2021-05-20T10:21:20.808+0000][7][gc,heap     ] GC(3) Humongous regions: 0->0
[2021-05-20T10:21:20.808+0000][7][gc,metaspace] GC(3) Metaspace: 16292K(16512K)->16292K(16512K) NonClass: 14375K(14464K)->14375K(14464K) Class: 1917K(2048K)->1917K(2048K)
[2021-05-20T10:21:20.809+0000][7][gc          ] GC(3) Pause Young (Normal) (G1 Evacuation Pause) 102M->13M(512M) 26.495ms
[2021-05-20T10:21:20.810+0000][7][gc,cpu      ] GC(3) User=0.02s Sys=0.01s Real=0.02s
[2021-05-20T10:21:20.811+0000][7][safepoint   ] Safepoint "G1CollectForAllocation", Time since last: 141109900 ns, Reaching safepoint: 739200 ns, At safepoint: 28035700 ns, Total: 28774900 ns
[2021-05-20T10:21:21.572+0000][7][safepoint   ] Safepoint "ICBufferFull", Time since last: 760510600 ns, Reaching safepoint: 275900 ns, At safepoint: 41700 ns, Total: 317600 ns
[2021-05-20T10:21:22.425+0000][7][gc,start    ] GC(4) Pause Young (Normal) (G1 Evacuation Pause)
[2021-05-20T10:21:22.425+0000][7][gc,task     ] GC(4) Using 4 workers of 4 for evacuation
[2021-05-20T10:21:22.426+0000][7][gc,age      ] GC(4) Desired survivor size 20971520 bytes, new threshold 15 (max threshold 15)
[2021-05-20T10:21:22.438+0000][7][gc,age      ] GC(4) Age table with threshold 15 (max threshold 15)
[2021-05-20T10:21:22.439+0000][7][gc,age      ] GC(4) - age   1:    4318432 bytes,    4318432 total
[2021-05-20T10:21:22.440+0000][7][gc,age      ] GC(4) - age   2:    1965296 bytes,    6283728 total
[2021-05-20T10:21:22.440+0000][7][gc,age      ] GC(4) - age   3:    1058584 bytes,    7342312 total
[2021-05-20T10:21:22.441+0000][7][gc,age      ] GC(4) - age   4:    1621656 bytes,    8963968 total
[2021-05-20T10:21:22.442+0000][7][gc,phases   ] GC(4)   Pre Evacuate Collection Set: 0.2ms
[2021-05-20T10:21:22.443+0000][7][gc,phases   ] GC(4)   Merge Heap Roots: 0.3ms
[2021-05-20T10:21:22.444+0000][7][gc,phases   ] GC(4)   Evacuate Collection Set: 7.8ms
[2021-05-20T10:21:22.445+0000][7][gc,phases   ] GC(4)   Post Evacuate Collection Set: 2.5ms
[2021-05-20T10:21:22.445+0000][7][gc,phases   ] GC(4)   Other: 6.9ms
[2021-05-20T10:21:22.446+0000][7][gc,heap     ] GC(4) Eden regions: 74->0(73)
[2021-05-20T10:21:22.447+0000][7][gc,heap     ] GC(4) Survivor regions: 2->3(10)
[2021-05-20T10:21:22.448+0000][7][gc,heap     ] GC(4) Old regions: 2->2
[2021-05-20T10:21:22.449+0000][7][gc,heap     ] GC(4) Archive regions: 2->2
[2021-05-20T10:21:22.449+0000][7][gc,heap     ] GC(4) Humongous regions: 0->0
[2021-05-20T10:21:22.450+0000][7][gc,metaspace] GC(4) Metaspace: 18554K(18880K)->18554K(18880K) NonClass: 16346K(16512K)->16346K(16512K) Class: 2208K(2368K)->2208K(2368K)
[2021-05-20T10:21:22.451+0000][7][gc          ] GC(4) Pause Young (Normal) (G1 Evacuation Pause) 309M->17M(512M) 26.454ms
[2021-05-20T10:21:22.452+0000][7][gc,cpu      ] GC(4) User=0.03s Sys=0.01s Real=0.02s
[2021-05-20T10:21:22.452+0000][7][safepoint   ] Safepoint "G1CollectForAllocation", Time since last: 852562700 ns, Reaching safepoint: 166200 ns, At safepoint: 27982300 ns, Total: 28148500 ns
[2021-05-20T10:21:22.987+0000][7][gc,start    ] GC(5) Pause Young (Normal) (G1 Evacuation Pause)
[2021-05-20T10:21:22.988+0000][7][gc,task     ] GC(5) Using 4 workers of 4 for evacuation
[2021-05-20T10:21:22.989+0000][7][gc,age      ] GC(5) Desired survivor size 20971520 bytes, new threshold 15 (max threshold 15)
[2021-05-20T10:21:23.002+0000][7][gc,age      ] GC(5) Age table with threshold 15 (max threshold 15)
[2021-05-20T10:21:23.003+0000][7][gc,age      ] GC(5) - age   1:    4273632 bytes,    4273632 total
[2021-05-20T10:21:23.003+0000][7][gc,age      ] GC(5) - age   2:    3759944 bytes,    8033576 total
[2021-05-20T10:21:23.005+0000][7][gc,age      ] GC(5) - age   3:    1964944 bytes,    9998520 total
[2021-05-20T10:21:23.005+0000][7][gc,age      ] GC(5) - age   4:    1058584 bytes,   11057104 total
[2021-05-20T10:21:23.006+0000][7][gc,age      ] GC(5) - age   5:    1621656 bytes,   12678760 total
[2021-05-20T10:21:23.007+0000][7][gc,phases   ] GC(5)   Pre Evacuate Collection Set: 0.1ms
[2021-05-20T10:21:23.008+0000][7][gc,phases   ] GC(5)   Merge Heap Roots: 0.1ms
[2021-05-20T10:21:23.008+0000][7][gc,phases   ] GC(5)   Evacuate Collection Set: 9.4ms
[2021-05-20T10:21:23.009+0000][7][gc,phases   ] GC(5)   Post Evacuate Collection Set: 2.2ms
[2021-05-20T10:21:23.009+0000][7][gc,phases   ] GC(5)   Other: 7.9ms
[2021-05-20T10:21:23.010+0000][7][gc,heap     ] GC(5) Eden regions: 73->0(72)
[2021-05-20T10:21:23.011+0000][7][gc,heap     ] GC(5) Survivor regions: 3->4(10)
[2021-05-20T10:21:23.011+0000][7][gc,heap     ] GC(5) Old regions: 2->2
[2021-05-20T10:21:23.012+0000][7][gc,heap     ] GC(5) Archive regions: 2->2
[2021-05-20T10:21:23.013+0000][7][gc,heap     ] GC(5) Humongous regions: 0->0
[2021-05-20T10:21:23.013+0000][7][gc,metaspace] GC(5) Metaspace: 18958K(19328K)->18958K(19328K) NonClass: 16702K(16896K)->16702K(16896K) Class: 2255K(2432K)->2255K(2432K)
[2021-05-20T10:21:23.014+0000][7][gc          ] GC(5) Pause Young (Normal) (G1 Evacuation Pause) 309M->20M(512M) 26.747ms
[2021-05-20T10:21:23.014+0000][7][gc,cpu      ] GC(5) User=0.04s Sys=0.01s Real=0.03s
[2021-05-20T10:21:23.015+0000][7][safepoint   ] Safepoint "G1CollectForAllocation", Time since last: 534541700 ns, Reaching safepoint: 100200 ns, At safepoint: 27830400 ns, Total: 27930600 ns
[2021-05-20T10:21:23.498+0000][7][gc,start    ] GC(6) Pause Young (Normal) (G1 Evacuation Pause)
[2021-05-20T10:21:23.499+0000][7][gc,task     ] GC(6) Using 4 workers of 4 for evacuation
[2021-05-20T10:21:23.500+0000][7][gc,age      ] GC(6) Desired survivor size 20971520 bytes, new threshold 15 (max threshold 15)
[2021-05-20T10:21:23.533+0000][7][gc,age      ] GC(6) Age table with threshold 15 (max threshold 15)
[2021-05-20T10:21:23.534+0000][7][gc,age      ] GC(6) - age   1:    2408864 bytes,    2408864 total
[2021-05-20T10:21:23.535+0000][7][gc,age      ] GC(6) - age   2:    2546120 bytes,    4954984 total
[2021-05-20T10:21:23.535+0000][7][gc,age      ] GC(6) - age   3:    3758632 bytes,    8713616 total
[2021-05-20T10:21:23.536+0000][7][gc,age      ] GC(6) - age   4:    1964944 bytes,   10678560 total
[2021-05-20T10:21:23.536+0000][7][gc,age      ] GC(6) - age   5:    1058584 bytes,   11737144 total
[2021-05-20T10:21:23.537+0000][7][gc,age      ] GC(6) - age   6:    1621656 bytes,   13358800 total
[2021-05-20T10:21:23.537+0000][7][gc,phases   ] GC(6)   Pre Evacuate Collection Set: 0.3ms
[2021-05-20T10:21:23.538+0000][7][gc,phases   ] GC(6)   Merge Heap Roots: 0.2ms
[2021-05-20T10:21:23.539+0000][7][gc,phases   ] GC(6)   Evacuate Collection Set: 20.2ms
[2021-05-20T10:21:23.539+0000][7][gc,phases   ] GC(6)   Post Evacuate Collection Set: 11.1ms
[2021-05-20T10:21:23.540+0000][7][gc,phases   ] GC(6)   Other: 7.4ms
[2021-05-20T10:21:23.541+0000][7][gc,heap     ] GC(6) Eden regions: 72->0(72)
[2021-05-20T10:21:23.541+0000][7][gc,heap     ] GC(6) Survivor regions: 4->4(10)
[2021-05-20T10:21:23.542+0000][7][gc,heap     ] GC(6) Old regions: 2->2
[2021-05-20T10:21:23.542+0000][7][gc,heap     ] GC(6) Archive regions: 2->2
[2021-05-20T10:21:23.543+0000][7][gc,heap     ] GC(6) Humongous regions: 0->0
[2021-05-20T10:21:23.543+0000][7][gc,metaspace] GC(6) Metaspace: 19346K(19776K)->19346K(19776K) NonClass: 17019K(17280K)->17019K(17280K) Class: 2327K(2496K)->2327K(2496K)
[2021-05-20T10:21:23.544+0000][7][gc          ] GC(6) Pause Young (Normal) (G1 Evacuation Pause) 308M->22M(512M) 45.910ms
[2021-05-20T10:21:23.545+0000][7][gc,cpu      ] GC(6) User=0.02s Sys=0.01s Real=0.05s
[2021-05-20T10:21:23.545+0000][7][safepoint   ] Safepoint "G1CollectForAllocation", Time since last: 482815700 ns, Reaching safepoint: 425500 ns, At safepoint: 47270700 ns, Total: 47696200 ns
[2021-05-20T10:21:24.096+0000][7][gc,start    ] GC(7) Pause Young (Normal) (G1 Evacuation Pause)
[2021-05-20T10:21:24.097+0000][7][gc,task     ] GC(7) Using 4 workers of 4 for evacuation
[2021-05-20T10:21:24.098+0000][7][gc,age      ] GC(7) Desired survivor size 20971520 bytes, new threshold 15 (max threshold 15)
[2021-05-20T10:21:24.116+0000][7][gc,age      ] GC(7) Age table with threshold 15 (max threshold 15)
[2021-05-20T10:21:24.117+0000][7][gc,age      ] GC(7) - age   1:    4159096 bytes,    4159096 total
[2021-05-20T10:21:24.118+0000][7][gc,age      ] GC(7) - age   2:     578184 bytes,    4737280 total
[2021-05-20T10:21:24.119+0000][7][gc,age      ] GC(7) - age   3:    2544992 bytes,    7282272 total
[2021-05-20T10:21:24.120+0000][7][gc,age      ] GC(7) - age   4:    3758104 bytes,   11040376 total
[2021-05-20T10:21:24.121+0000][7][gc,age      ] GC(7) - age   5:    1964896 bytes,   13005272 total
[2021-05-20T10:21:24.121+0000][7][gc,age      ] GC(7) - age   6:    1050392 bytes,   14055664 total
[2021-05-20T10:21:24.122+0000][7][gc,age      ] GC(7) - age   7:    1621400 bytes,   15677064 total
[2021-05-20T10:21:24.123+0000][7][gc,phases   ] GC(7)   Pre Evacuate Collection Set: 0.2ms
[2021-05-20T10:21:24.123+0000][7][gc,phases   ] GC(7)   Merge Heap Roots: 0.2ms
[2021-05-20T10:21:24.124+0000][7][gc,phases   ] GC(7)   Evacuate Collection Set: 15.2ms
[2021-05-20T10:21:24.125+0000][7][gc,phases   ] GC(7)   Post Evacuate Collection Set: 1.9ms
[2021-05-20T10:21:24.126+0000][7][gc,phases   ] GC(7)   Other: 9.3ms
[2021-05-20T10:21:24.127+0000][7][gc,heap     ] GC(7) Eden regions: 72->0(71)
[2021-05-20T10:21:24.127+0000][7][gc,heap     ] GC(7) Survivor regions: 4->5(10)
[2021-05-20T10:21:24.128+0000][7][gc,heap     ] GC(7) Old regions: 2->2
[2021-05-20T10:21:24.128+0000][7][gc,heap     ] GC(7) Archive regions: 2->2
[2021-05-20T10:21:24.129+0000][7][gc,heap     ] GC(7) Humongous regions: 0->0
[2021-05-20T10:21:24.129+0000][7][gc,metaspace] GC(7) Metaspace: 20686K(21184K)->20686K(21184K) NonClass: 18183K(18496K)->18183K(18496K) Class: 2503K(2688K)->2503K(2688K)
[2021-05-20T10:21:24.130+0000][7][gc          ] GC(7) Pause Young (Normal) (G1 Evacuation Pause) 310M->24M(512M) 33.788ms
[2021-05-20T10:21:24.130+0000][7][gc,cpu      ] GC(7) User=0.03s Sys=0.01s Real=0.03s
[2021-05-20T10:21:24.131+0000][7][safepoint   ] Safepoint "G1CollectForAllocation", Time since last: 549197700 ns, Reaching safepoint: 1347100 ns, At safepoint: 34894200 ns, Total: 36241300 ns
[2021-05-20T10:21:24.299+0000][7][gc,start    ] GC(8) Pause Young (Concurrent Start) (Metadata GC Threshold)
[2021-05-20T10:21:24.300+0000][7][gc,task     ] GC(8) Using 4 workers of 4 for evacuation
[2021-05-20T10:21:24.301+0000][7][gc,age      ] GC(8) Desired survivor size 20971520 bytes, new threshold 15 (max threshold 15)
[2021-05-20T10:21:24.313+0000][7][gc,age      ] GC(8) Age table with threshold 15 (max threshold 15)
[2021-05-20T10:21:24.314+0000][7][gc,age      ] GC(8) - age   1:     509480 bytes,     509480 total
[2021-05-20T10:21:24.314+0000][7][gc,age      ] GC(8) - age   2:    2345528 bytes,    2855008 total
[2021-05-20T10:21:24.315+0000][7][gc,age      ] GC(8) - age   3:     577640 bytes,    3432648 total
[2021-05-20T10:21:24.316+0000][7][gc,age      ] GC(8) - age   4:    2544992 bytes,    5977640 total
[2021-05-20T10:21:24.316+0000][7][gc,age      ] GC(8) - age   5:    3758104 bytes,    9735744 total
[2021-05-20T10:21:24.317+0000][7][gc,age      ] GC(8) - age   6:    1964896 bytes,   11700640 total
[2021-05-20T10:21:24.318+0000][7][gc,age      ] GC(8) - age   7:    1050392 bytes,   12751032 total
[2021-05-20T10:21:24.319+0000][7][gc,age      ] GC(8) - age   8:    1621400 bytes,   14372432 total
[2021-05-20T10:21:24.319+0000][7][gc,phases   ] GC(8)   Pre Evacuate Collection Set: 0.1ms
[2021-05-20T10:21:24.320+0000][7][gc,phases   ] GC(8)   Merge Heap Roots: 0.4ms
[2021-05-20T10:21:24.321+0000][7][gc,phases   ] GC(8)   Evacuate Collection Set: 7.9ms
[2021-05-20T10:21:24.323+0000][7][gc,phases   ] GC(8)   Post Evacuate Collection Set: 2.4ms
[2021-05-20T10:21:24.324+0000][7][gc,phases   ] GC(8)   Other: 9.6ms
[2021-05-20T10:21:24.325+0000][7][gc,heap     ] GC(8) Eden regions: 25->0(72)
[2021-05-20T10:21:24.326+0000][7][gc,heap     ] GC(8) Survivor regions: 5->4(10)
[2021-05-20T10:21:24.328+0000][7][gc,heap     ] GC(8) Old regions: 2->2
[2021-05-20T10:21:24.330+0000][7][gc,heap     ] GC(8) Archive regions: 2->2
[2021-05-20T10:21:24.331+0000][7][gc,heap     ] GC(8) Humongous regions: 0->0
[2021-05-20T10:21:24.332+0000][7][gc,metaspace] GC(8) Metaspace: 20765K(21248K)->20765K(21248K) NonClass: 18250K(18560K)->18250K(18560K) Class: 2514K(2688K)->2514K(2688K)
[2021-05-20T10:21:24.333+0000][7][gc          ] GC(8) Pause Young (Concurrent Start) (Metadata GC Threshold) 124M->23M(512M) 33.620ms
[2021-05-20T10:21:24.333+0000][7][gc,cpu      ] GC(8) User=0.01s Sys=0.01s Real=0.04s
[2021-05-20T10:21:24.334+0000][7][safepoint   ] Safepoint "CollectForMetadataAllocation", Time since last: 166858300 ns, Reaching safepoint: 61100 ns, At safepoint: 36261300 ns, Total: 36322400 ns
[2021-05-20T10:21:24.334+0000][7][gc          ] GC(9) Concurrent Mark Cycle
[2021-05-20T10:21:24.335+0000][7][gc,marking  ] GC(9) Concurrent Clear Claimed Marks
[2021-05-20T10:21:24.336+0000][7][gc,marking  ] GC(9) Concurrent Clear Claimed Marks 0.900ms
[2021-05-20T10:21:24.337+0000][7][gc,marking  ] GC(9) Concurrent Scan Root Regions
[2021-05-20T10:21:24.343+0000][7][gc,marking  ] GC(9) Concurrent Scan Root Regions 5.640ms
[2021-05-20T10:21:24.344+0000][7][gc,marking  ] GC(9) Concurrent Mark
[2021-05-20T10:21:24.345+0000][7][gc,marking  ] GC(9) Concurrent Mark From Roots
[2021-05-20T10:21:24.345+0000][7][gc,task     ] GC(9) Using 1 workers of 1 for marking
[2021-05-20T10:21:24.350+0000][7][gc,marking  ] GC(9) Concurrent Mark From Roots 5.557ms
[2021-05-20T10:21:24.351+0000][7][gc,marking  ] GC(9) Concurrent Preclean
[2021-05-20T10:21:24.353+0000][7][gc,marking  ] GC(9) Concurrent Preclean 1.217ms
[2021-05-20T10:21:24.353+0000][7][gc,start    ] GC(9) Pause Remark
[2021-05-20T10:21:24.358+0000][7][gc          ] GC(9) Pause Remark 39M->39M(512M) 4.399ms
[2021-05-20T10:21:24.360+0000][7][gc,cpu      ] GC(9) User=0.00s Sys=0.00s Real=0.00s
[2021-05-20T10:21:24.362+0000][7][safepoint   ] Safepoint "G1Concurrent", Time since last: 19249200 ns, Reaching safepoint: 78900 ns, At safepoint: 8852100 ns, Total: 8931000 ns
[2021-05-20T10:21:24.364+0000][7][gc,marking  ] GC(9) Concurrent Mark 19.728ms
[2021-05-20T10:21:24.365+0000][7][gc,marking  ] GC(9) Concurrent Rebuild Remembered Sets
[2021-05-20T10:21:24.369+0000][7][gc,marking  ] GC(9) Concurrent Rebuild Remembered Sets 4.135ms
[2021-05-20T10:21:24.370+0000][7][gc,start    ] GC(9) Pause Cleanup
[2021-05-20T10:21:24.371+0000][7][gc          ] GC(9) Pause Cleanup 43M->43M(512M) 1.185ms
[2021-05-20T10:21:24.372+0000][7][gc,cpu      ] GC(9) User=0.00s Sys=0.00s Real=0.00s
[2021-05-20T10:21:24.374+0000][7][safepoint   ] Safepoint "G1Concurrent", Time since last: 7566100 ns, Reaching safepoint: 316000 ns, At safepoint: 3713100 ns, Total: 4029100 ns
[2021-05-20T10:21:24.376+0000][7][gc,marking  ] GC(9) Concurrent Cleanup for Next Mark
[2021-05-20T10:21:24.378+0000][7][gc,marking  ] GC(9) Concurrent Cleanup for Next Mark 1.886ms
[2021-05-20T10:21:24.378+0000][7][gc          ] GC(9) Concurrent Mark Cycle 44.396ms
[2021-05-20T10:21:25.377+0000][7][safepoint   ] Safepoint "Cleanup", Time since last: 1001035300 ns, Reaching safepoint: 2376200 ns, At safepoint: 21100 ns, Total: 2397300 ns
[2021-05-20T10:21:26.140+0000][7][gc,start    ] GC(10) Pause Young (Normal) (G1 Evacuation Pause)
[2021-05-20T10:21:26.141+0000][7][gc,task     ] GC(10) Using 4 workers of 4 for evacuation
[2021-05-20T10:21:26.142+0000][7][gc,age      ] GC(10) Desired survivor size 20971520 bytes, new threshold 15 (max threshold 15)
[2021-05-20T10:21:26.168+0000][7][gc,age      ] GC(10) Age table with threshold 15 (max threshold 15)
[2021-05-20T10:21:26.169+0000][7][gc,age      ] GC(10) - age   1:    7326472 bytes,    7326472 total
[2021-05-20T10:21:26.170+0000][7][gc,age      ] GC(10) - age   2:     489536 bytes,    7816008 total
[2021-05-20T10:21:26.171+0000][7][gc,age      ] GC(10) - age   3:    2316144 bytes,   10132152 total
[2021-05-20T10:21:26.171+0000][7][gc,age      ] GC(10) - age   4:     564984 bytes,   10697136 total
[2021-05-20T10:21:26.172+0000][7][gc,age      ] GC(10) - age   5:    2524416 bytes,   13221552 total
[2021-05-20T10:21:26.173+0000][7][gc,age      ] GC(10) - age   6:    3736160 bytes,   16957712 total
[2021-05-20T10:21:26.174+0000][7][gc,age      ] GC(10) - age   7:    1916568 bytes,   18874280 total
[2021-05-20T10:21:26.175+0000][7][gc,age      ] GC(10) - age   8:    1027472 bytes,   19901752 total
[2021-05-20T10:21:26.175+0000][7][gc,age      ] GC(10) - age   9:    1612056 bytes,   21513808 total
[2021-05-20T10:21:26.176+0000][7][gc,phases   ] GC(10)   Pre Evacuate Collection Set: 0.2ms
[2021-05-20T10:21:26.177+0000][7][gc,phases   ] GC(10)   Merge Heap Roots: 0.2ms
[2021-05-20T10:21:26.178+0000][7][gc,phases   ] GC(10)   Evacuate Collection Set: 21.6ms
[2021-05-20T10:21:26.179+0000][7][gc,phases   ] GC(10)   Post Evacuate Collection Set: 3.0ms
[2021-05-20T10:21:26.179+0000][7][gc,phases   ] GC(10)   Other: 10.9ms
[2021-05-20T10:21:26.180+0000][7][gc,heap     ] GC(10) Eden regions: 72->0(70)
[2021-05-20T10:21:26.181+0000][7][gc,heap     ] GC(10) Survivor regions: 4->6(10)
[2021-05-20T10:21:26.182+0000][7][gc,heap     ] GC(10) Old regions: 2->2
[2021-05-20T10:21:26.182+0000][7][gc,heap     ] GC(10) Archive regions: 2->2
[2021-05-20T10:21:26.183+0000][7][gc,heap     ] GC(10) Humongous regions: 0->0
[2021-05-20T10:21:26.184+0000][7][gc,metaspace] GC(10) Metaspace: 29904K(30784K)->29904K(30784K) NonClass: 26163K(26688K)->26163K(26688K) Class: 3740K(4096K)->3740K(4096K)
[2021-05-20T10:21:26.185+0000][7][gc          ] GC(10) Pause Young (Normal) (G1 Evacuation Pause) 311M->29M(512M) 44.455ms
[2021-05-20T10:21:26.185+0000][7][gc,cpu      ] GC(10) User=0.04s Sys=0.01s Real=0.05s
[2021-05-20T10:21:26.186+0000][7][safepoint   ] Safepoint "G1CollectForAllocation", Time since last: 762640900 ns, Reaching safepoint: 273000 ns, At safepoint: 46093700 ns, Total: 46366700 ns
[2021-05-20T10:21:27.194+0000][7][safepoint   ] Safepoint "Cleanup", Time since last: 1004531900 ns, Reaching safepoint: 2896300 ns, At safepoint: 60200 ns, Total: 2956500 ns
[2021-05-20T10:21:28.308+0000][7][gc,start    ] GC(11) Pause Young (Concurrent Start) (Metadata GC Threshold)
[2021-05-20T10:21:28.309+0000][7][gc,task     ] GC(11) Using 4 workers of 4 for evacuation
[2021-05-20T10:21:28.310+0000][7][gc,age      ] GC(11) Desired survivor size 20971520 bytes, new threshold 9 (max threshold 15)
[2021-05-20T10:21:28.366+0000][7][gc,age      ] GC(11) Age table with threshold 9 (max threshold 15)
[2021-05-20T10:21:28.367+0000][7][gc,age      ] GC(11) - age   1:   22439728 bytes,   22439728 total
[2021-05-20T10:21:28.368+0000][7][gc,age      ] GC(11) - age   2:    6744168 bytes,   29183896 total
[2021-05-20T10:21:28.369+0000][7][gc,age      ] GC(11) - age   3:     489536 bytes,   29673432 total
[2021-05-20T10:21:28.371+0000][7][gc,age      ] GC(11) - age   4:    2304808 bytes,   31978240 total
[2021-05-20T10:21:28.372+0000][7][gc,age      ] GC(11) - age   5:     564952 bytes,   32543192 total
[2021-05-20T10:21:28.373+0000][7][gc,age      ] GC(11) - age   6:    2524304 bytes,   35067496 total
[2021-05-20T10:21:28.373+0000][7][gc,age      ] GC(11) - age   7:    3730792 bytes,   38798288 total
[2021-05-20T10:21:28.374+0000][7][gc,age      ] GC(11) - age   8:    1915888 bytes,   40714176 total
[2021-05-20T10:21:28.375+0000][7][gc,age      ] GC(11) - age   9:    1027344 bytes,   41741520 total
[2021-05-20T10:21:28.376+0000][7][gc,phases   ] GC(11)   Pre Evacuate Collection Set: 0.2ms
[2021-05-20T10:21:28.377+0000][7][gc,phases   ] GC(11)   Merge Heap Roots: 1.3ms
[2021-05-20T10:21:28.379+0000][7][gc,phases   ] GC(11)   Evacuate Collection Set: 52.2ms
[2021-05-20T10:21:28.380+0000][7][gc,phases   ] GC(11)   Post Evacuate Collection Set: 2.3ms
[2021-05-20T10:21:28.381+0000][7][gc,phases   ] GC(11)   Other: 12.6ms
[2021-05-20T10:21:28.382+0000][7][gc,heap     ] GC(11) Eden regions: 63->0(66)
[2021-05-20T10:21:28.382+0000][7][gc,heap     ] GC(11) Survivor regions: 6->10(10)
[2021-05-20T10:21:28.383+0000][7][gc,heap     ] GC(11) Old regions: 2->4
[2021-05-20T10:21:28.384+0000][7][gc,heap     ] GC(11) Archive regions: 2->2
[2021-05-20T10:21:28.385+0000][7][gc,heap     ] GC(11) Humongous regions: 0->0
[2021-05-20T10:21:28.385+0000][7][gc,metaspace] GC(11) Metaspace: 34681K(35520K)->34681K(35520K) NonClass: 30220K(30720K)->30220K(30720K) Class: 4461K(4800K)->4461K(4800K)
[2021-05-20T10:21:28.386+0000][7][gc          ] GC(11) Pause Young (Concurrent Start) (Metadata GC Threshold) 281M->59M(512M) 78.298ms
[2021-05-20T10:21:28.387+0000][7][gc,cpu      ] GC(11) User=0.13s Sys=0.02s Real=0.08s
[2021-05-20T10:21:28.388+0000][7][gc          ] GC(12) Concurrent Mark Cycle
[2021-05-20T10:21:28.388+0000][7][safepoint   ] Safepoint "CollectForMetadataAllocation", Time since last: 1111123800 ns, Reaching safepoint: 2722900 ns, At safepoint: 80334300 ns, Total: 83057200 ns
[2021-05-20T10:21:28.389+0000][7][gc,marking  ] GC(12) Concurrent Clear Claimed Marks
[2021-05-20T10:21:28.391+0000][7][gc,marking  ] GC(12) Concurrent Clear Claimed Marks 2.044ms
[2021-05-20T10:21:28.392+0000][7][gc,marking  ] GC(12) Concurrent Scan Root Regions
[2021-05-20T10:21:28.429+0000][7][safepoint   ] Safepoint "CollectForMetadataAllocation", Time since last: 40712900 ns, Reaching safepoint: 146100 ns, At safepoint: 52200 ns, Total: 198300 ns
[2021-05-20T10:21:28.442+0000][7][gc,marking  ] GC(12) Concurrent Scan Root Regions 50.779ms
[2021-05-20T10:21:28.443+0000][7][gc,marking  ] GC(12) Concurrent Mark
[2021-05-20T10:21:28.444+0000][7][gc,marking  ] GC(12) Concurrent Mark From Roots
[2021-05-20T10:21:28.445+0000][7][gc,task     ] GC(12) Using 1 workers of 1 for marking
[2021-05-20T10:21:28.449+0000][7][gc,marking  ] GC(12) Concurrent Mark From Roots 5.025ms
[2021-05-20T10:21:28.450+0000][7][gc,marking  ] GC(12) Concurrent Preclean
[2021-05-20T10:21:28.451+0000][7][gc,marking  ] GC(12) Concurrent Preclean 0.834ms
[2021-05-20T10:21:28.452+0000][7][gc,start    ] GC(12) Pause Remark
[2021-05-20T10:21:28.456+0000][7][gc          ] GC(12) Pause Remark 63M->63M(512M) 4.502ms
[2021-05-20T10:21:28.457+0000][7][gc,cpu      ] GC(12) User=0.01s Sys=0.01s Real=0.01s
[2021-05-20T10:21:28.458+0000][7][safepoint   ] Safepoint "G1Concurrent", Time since last: 22777500 ns, Reaching safepoint: 108600 ns, At safepoint: 6185300 ns, Total: 6293900 ns
[2021-05-20T10:21:28.459+0000][7][gc,marking  ] GC(12) Concurrent Mark 15.384ms
[2021-05-20T10:21:28.459+0000][7][gc,marking  ] GC(12) Concurrent Rebuild Remembered Sets
[2021-05-20T10:21:28.483+0000][7][gc,marking  ] GC(12) Concurrent Rebuild Remembered Sets 23.219ms
[2021-05-20T10:21:28.484+0000][7][gc,start    ] GC(12) Pause Cleanup
[2021-05-20T10:21:28.485+0000][7][gc          ] GC(12) Pause Cleanup 63M->63M(512M) 1.261ms
[2021-05-20T10:21:28.486+0000][7][gc,cpu      ] GC(12) User=0.00s Sys=0.00s Real=0.00s
[2021-05-20T10:21:28.487+0000][7][safepoint   ] Safepoint "G1Concurrent", Time since last: 25817900 ns, Reaching safepoint: 242700 ns, At safepoint: 3270900 ns, Total: 3513600 ns
[2021-05-20T10:21:28.488+0000][7][gc,marking  ] GC(12) Concurrent Cleanup for Next Mark
[2021-05-20T10:21:28.489+0000][7][gc,marking  ] GC(12) Concurrent Cleanup for Next Mark 1.243ms
[2021-05-20T10:21:28.490+0000][7][gc          ] GC(12) Concurrent Mark Cycle 102.268ms
[2021-05-20T10:21:29.532+0000][7][safepoint   ] Safepoint "ICBufferFull", Time since last: 1044973400 ns, Reaching safepoint: 198200 ns, At safepoint: 23900 ns, Total: 222100 ns
[2021-05-20T10:21:30.790+0000][7][gc,start    ] GC(13) Pause Young (Concurrent Start) (G1 Evacuation Pause)
[2021-05-20T10:21:30.791+0000][7][gc,task     ] GC(13) Using 4 workers of 4 for evacuation
[2021-05-20T10:21:30.792+0000][7][gc,age      ] GC(13) Desired survivor size 20971520 bytes, new threshold 1 (max threshold 15)
[2021-05-20T10:21:30.857+0000][7][gc,age      ] GC(13) Age table with threshold 1 (max threshold 15)
[2021-05-20T10:21:30.858+0000][7][gc,age      ] GC(13) - age   1:    6496488 bytes,    6496488 total
[2021-05-20T10:21:30.860+0000][7][gc,phases   ] GC(13)   Pre Evacuate Collection Set: 0.4ms
[2021-05-20T10:21:30.860+0000][7][gc,phases   ] GC(13)   Merge Heap Roots: 1.3ms
[2021-05-20T10:21:30.861+0000][7][gc,phases   ] GC(13)   Evacuate Collection Set: 53.3ms
[2021-05-20T10:21:30.862+0000][7][gc,phases   ] GC(13)   Post Evacuate Collection Set: 9.9ms
[2021-05-20T10:21:30.863+0000][7][gc,phases   ] GC(13)   Other: 5.1ms
[2021-05-20T10:21:30.863+0000][7][gc,heap     ] GC(13) Eden regions: 66->0(73)
[2021-05-20T10:21:30.864+0000][7][gc,heap     ] GC(13) Survivor regions: 10->3(10)
[2021-05-20T10:21:30.865+0000][7][gc,heap     ] GC(13) Old regions: 4->14
[2021-05-20T10:21:30.866+0000][7][gc,heap     ] GC(13) Archive regions: 2->2
[2021-05-20T10:21:30.866+0000][7][gc,heap     ] GC(13) Humongous regions: 0->0
[2021-05-20T10:21:30.867+0000][7][gc,metaspace] GC(13) Metaspace: 51999K(53120K)->51999K(53120K) NonClass: 45000K(45696K)->45000K(45696K) Class: 6999K(7424K)->6999K(7424K)
[2021-05-20T10:21:30.868+0000][7][gc          ] GC(13) Pause Young (Concurrent Start) (G1 Evacuation Pause) 323M->69M(512M) 78.293ms
[2021-05-20T10:21:30.869+0000][7][gc,cpu      ] GC(13) User=0.10s Sys=0.01s Real=0.08s
[2021-05-20T10:21:30.870+0000][7][gc          ] GC(14) Concurrent Mark Cycle
[2021-05-20T10:21:30.871+0000][7][gc,marking  ] GC(14) Concurrent Clear Claimed Marks
[2021-05-20T10:21:30.872+0000][7][gc,marking  ] GC(14) Concurrent Clear Claimed Marks 0.991ms
[2021-05-20T10:21:30.873+0000][7][gc,marking  ] GC(14) Concurrent Scan Root Regions
[2021-05-20T10:21:30.870+0000][7][safepoint   ] Safepoint "G1CollectForAllocation", Time since last: 1257234800 ns, Reaching safepoint: 203100 ns, At safepoint: 79954900 ns, Total: 80158000 ns
[2021-05-20T10:21:30.905+0000][7][gc,marking  ] GC(14) Concurrent Scan Root Regions 32.671ms
[2021-05-20T10:21:30.906+0000][7][gc,marking  ] GC(14) Concurrent Mark
[2021-05-20T10:21:30.907+0000][7][gc,marking  ] GC(14) Concurrent Mark From Roots
[2021-05-20T10:21:30.908+0000][7][gc,task     ] GC(14) Using 1 workers of 1 for marking
[2021-05-20T10:21:30.931+0000][7][gc,marking  ] GC(14) Concurrent Mark From Roots 23.969ms
[2021-05-20T10:21:30.932+0000][7][gc,marking  ] GC(14) Concurrent Preclean
[2021-05-20T10:21:30.933+0000][7][gc,marking  ] GC(14) Concurrent Preclean 1.001ms
[2021-05-20T10:21:30.937+0000][7][gc,start    ] GC(14) Pause Remark
[2021-05-20T10:21:30.953+0000][7][gc          ] GC(14) Pause Remark 79M->79M(512M) 16.497ms
[2021-05-20T10:21:30.954+0000][7][gc,cpu      ] GC(14) User=0.01s Sys=0.00s Real=0.02s
[2021-05-20T10:21:30.955+0000][7][safepoint   ] Safepoint "G1Concurrent", Time since last: 64231900 ns, Reaching safepoint: 2636400 ns, At safepoint: 18215700 ns, Total: 20852100 ns
[2021-05-20T10:21:30.956+0000][7][gc,marking  ] GC(14) Concurrent Mark 49.371ms
[2021-05-20T10:21:30.957+0000][7][gc,marking  ] GC(14) Concurrent Rebuild Remembered Sets
[2021-05-20T10:21:31.058+0000][7][gc,marking  ] GC(14) Concurrent Rebuild Remembered Sets 101.047ms
[2021-05-20T10:21:31.061+0000][7][gc,start    ] GC(14) Pause Cleanup
[2021-05-20T10:21:31.063+0000][7][gc          ] GC(14) Pause Cleanup 87M->87M(512M) 1.370ms
[2021-05-20T10:21:31.064+0000][7][gc,cpu      ] GC(14) User=0.00s Sys=0.00s Real=0.01s
[2021-05-20T10:21:31.065+0000][7][safepoint   ] Safepoint "G1Concurrent", Time since last: 103994800 ns, Reaching safepoint: 2537000 ns, At safepoint: 3228100 ns, Total: 5765100 ns
[2021-05-20T10:21:31.066+0000][7][gc,marking  ] GC(14) Concurrent Cleanup for Next Mark
[2021-05-20T10:21:31.067+0000][7][gc,marking  ] GC(14) Concurrent Cleanup for Next Mark 1.537ms
[2021-05-20T10:21:31.068+0000][7][gc          ] GC(14) Concurrent Mark Cycle 197.824ms
[2021-05-20T10:21:32.041+0000][7][safepoint   ] Safepoint "ICBufferFull", Time since last: 976114200 ns, Reaching safepoint: 533400 ns, At safepoint: 50200 ns, Total: 583600 ns
[2021-05-20T10:21:33.093+0000][7][safepoint   ] Safepoint "ICBufferFull", Time since last: 1050607800 ns, Reaching safepoint: 745400 ns, At safepoint: 50300 ns, Total: 795700 ns
[2021-05-20T10:21:34.227+0000][7][safepoint   ] Safepoint "Cleanup", Time since last: 1134444500 ns, Reaching safepoint: 132100 ns, At safepoint: 22200 ns, Total: 154300 ns
[2021-05-20T10:21:35.624+0000][7][safepoint   ] Safepoint "Cleanup", Time since last: 1396799500 ns, Reaching safepoint: 301000 ns, At safepoint: 24900 ns, Total: 325900 ns
[2021-05-20T10:21:35.928+0000][7][gc,start    ] GC(15) Pause Young (Normal) (G1 Evacuation Pause)
[2021-05-20T10:21:35.930+0000][7][gc,task     ] GC(15) Using 4 workers of 4 for evacuation
[2021-05-20T10:21:35.931+0000][7][gc,age      ] GC(15) Desired survivor size 20971520 bytes, new threshold 15 (max threshold 15)
[2021-05-20T10:21:35.960+0000][7][gc,age      ] GC(15) Age table with threshold 15 (max threshold 15)
[2021-05-20T10:21:35.961+0000][7][gc,age      ] GC(15) - age   1:   14574904 bytes,   14574904 total
[2021-05-20T10:21:35.961+0000][7][gc,age      ] GC(15) - age   2:    6287168 bytes,   20862072 total
[2021-05-20T10:21:35.962+0000][7][gc,phases   ] GC(15)   Pre Evacuate Collection Set: 0.1ms
[2021-05-20T10:21:35.963+0000][7][gc,phases   ] GC(15)   Merge Heap Roots: 0.3ms
[2021-05-20T10:21:35.963+0000][7][gc,phases   ] GC(15)   Evacuate Collection Set: 22.4ms
[2021-05-20T10:21:35.964+0000][7][gc,phases   ] GC(15)   Post Evacuate Collection Set: 4.2ms
[2021-05-20T10:21:35.964+0000][7][gc,phases   ] GC(15)   Other: 6.8ms
[2021-05-20T10:21:35.965+0000][7][gc,heap     ] GC(15) Eden regions: 73->0(70)
[2021-05-20T10:21:35.966+0000][7][gc,heap     ] GC(15) Survivor regions: 3->6(10)
[2021-05-20T10:21:35.966+0000][7][gc,heap     ] GC(15) Old regions: 14->14
[2021-05-20T10:21:35.967+0000][7][gc,heap     ] GC(15) Archive regions: 2->2
[2021-05-20T10:21:35.967+0000][7][gc,heap     ] GC(15) Humongous regions: 0->0
[2021-05-20T10:21:35.968+0000][7][gc,metaspace] GC(15) Metaspace: 83898K(85184K)->83898K(85184K) NonClass: 72447K(73216K)->72447K(73216K) Class: 11451K(11968K)->11451K(11968K)
[2021-05-20T10:21:35.969+0000][7][gc          ] GC(15) Pause Young (Normal) (G1 Evacuation Pause) 361M->80M(512M) 40.370ms
[2021-05-20T10:21:35.970+0000][7][gc,cpu      ] GC(15) User=0.06s Sys=0.01s Real=0.04s
[2021-05-20T10:21:35.980+0000][7][safepoint   ] Safepoint "G1CollectForAllocation", Time since last: 303713400 ns, Reaching safepoint: 122400 ns, At safepoint: 51808000 ns, Total: 51930400 ns
[2021-05-20T10:21:36.252+0000][7][gc,heap,exit] Heap
[2021-05-20T10:21:36.253+0000][7][gc,heap,exit]  garbage-first heap   total 524288K, used 99207K [0x00000000e0000000, 0x0000000100000000)
[2021-05-20T10:21:36.253+0000][7][gc,heap,exit]   region size 4096K, 11 young (45056K), 6 survivors (24576K)
[2021-05-20T10:21:36.254+0000][7][gc,heap,exit]  Metaspace       used 84300K, committed 85632K, reserved 1130496K
[2021-05-20T10:21:36.255+0000][7][gc,heap,exit]   class space    used 11522K, committed 12032K, reserved 1048576K
