[2021-05-20T10:33:56.271+0000][175][gc] Using G1
[2021-05-20T10:33:56.285+0000][175][gc,init] Version: 16+36 (release)
[2021-05-20T10:33:56.286+0000][175][gc,init] CPUs: 4 total, 4 available
[2021-05-20T10:33:56.286+0000][175][gc,init] Memory: 3936M
[2021-05-20T10:33:56.287+0000][175][gc,init] Large Page Support: Disabled
[2021-05-20T10:33:56.288+0000][175][gc,init] NUMA Support: Disabled
[2021-05-20T10:33:56.288+0000][175][gc,init] Compressed Oops: Enabled (32-bit)
[2021-05-20T10:33:56.289+0000][175][gc,init] Heap Region Size: 1M
[2021-05-20T10:33:56.290+0000][175][gc,init] Heap Min Capacity: 512M
[2021-05-20T10:33:56.290+0000][175][gc,init] Heap Initial Capacity: 512M
[2021-05-20T10:33:56.291+0000][175][gc,init] Heap Max Capacity: 512M
[2021-05-20T10:33:56.291+0000][175][gc,init] Pre-touch: Disabled
[2021-05-20T10:33:56.292+0000][175][gc,init] Parallel Workers: 4
[2021-05-20T10:33:56.292+0000][175][gc,init] Concurrent Workers: 1
[2021-05-20T10:33:56.293+0000][175][gc,init] Concurrent Refinement Workers: 4
[2021-05-20T10:33:56.294+0000][175][gc,init] Periodic GC: Disabled
[2021-05-20T10:33:56.295+0000][175][gc,metaspace] CDS disabled.
[2021-05-20T10:33:56.295+0000][175][gc,metaspace] Compressed class space mapped at: 0x0000000100000000-0x0000000140000000, reserved size: 1073741824
[2021-05-20T10:33:56.296+0000][175][gc,metaspace] Narrow klass base: 0x0000000000000000, Narrow klass shift: 3, Narrow klass range: 0x140000000
[2021-05-20T10:33:56.395+0000][175][gc,heap,exit] Heap
[2021-05-20T10:33:56.397+0000][175][gc,heap,exit]  garbage-first heap   total 524288K, used 2048K [0x00000000e0000000, 0x0000000100000000)
[2021-05-20T10:33:56.398+0000][175][gc,heap,exit]   region size 1024K, 2 young (2048K), 0 survivors (0K)
[2021-05-20T10:33:56.398+0000][175][gc,heap,exit]  Metaspace       used 3559K, committed 3648K, reserved 1056768K
[2021-05-20T10:33:56.399+0000][175][gc,heap,exit]   class space    used 282K, committed 320K, reserved 1048576K
