[2021-05-20T10:34:01.264+0000][177][gc] Using G1
[2021-05-20T10:34:01.282+0000][177][gc,init] Version: 16+36 (release)
[2021-05-20T10:34:01.283+0000][177][gc,init] CPUs: 4 total, 4 available
[2021-05-20T10:34:01.284+0000][177][gc,init] Memory: 3936M
[2021-05-20T10:34:01.284+0000][177][gc,init] Large Page Support: Disabled
[2021-05-20T10:34:01.285+0000][177][gc,init] NUMA Support: Disabled
[2021-05-20T10:34:01.285+0000][177][gc,init] Compressed Oops: Enabled (32-bit)
[2021-05-20T10:34:01.286+0000][177][gc,init] Heap Region Size: 1M
[2021-05-20T10:34:01.287+0000][177][gc,init] Heap Min Capacity: 512M
[2021-05-20T10:34:01.287+0000][177][gc,init] Heap Initial Capacity: 512M
[2021-05-20T10:34:01.288+0000][177][gc,init] Heap Max Capacity: 512M
[2021-05-20T10:34:01.289+0000][177][gc,init] Pre-touch: Disabled
[2021-05-20T10:34:01.289+0000][177][gc,init] Parallel Workers: 4
[2021-05-20T10:34:01.290+0000][177][gc,init] Concurrent Workers: 1
[2021-05-20T10:34:01.290+0000][177][gc,init] Concurrent Refinement Workers: 4
[2021-05-20T10:34:01.291+0000][177][gc,init] Periodic GC: Disabled
[2021-05-20T10:34:01.292+0000][177][gc,metaspace] CDS disabled.
[2021-05-20T10:34:01.292+0000][177][gc,metaspace] Compressed class space mapped at: 0x0000000100000000-0x0000000140000000, reserved size: 1073741824
[2021-05-20T10:34:01.293+0000][177][gc,metaspace] Narrow klass base: 0x0000000000000000, Narrow klass shift: 3, Narrow klass range: 0x140000000
[2021-05-20T10:34:01.388+0000][177][gc,heap,exit] Heap
[2021-05-20T10:34:01.389+0000][177][gc,heap,exit]  garbage-first heap   total 524288K, used 2048K [0x00000000e0000000, 0x0000000100000000)
[2021-05-20T10:34:01.390+0000][177][gc,heap,exit]   region size 1024K, 2 young (2048K), 0 survivors (0K)
[2021-05-20T10:34:01.391+0000][177][gc,heap,exit]  Metaspace       used 3559K, committed 3648K, reserved 1056768K
[2021-05-20T10:34:01.392+0000][177][gc,heap,exit]   class space    used 282K, committed 320K, reserved 1048576K
