[2021-05-20T10:34:01.471+0000][10][gc] Using G1
[2021-05-20T10:34:01.523+0000][10][gc,init] Version: 16+36 (release)
[2021-05-20T10:34:01.524+0000][10][gc,init] CPUs: 4 total, 4 available
[2021-05-20T10:34:01.525+0000][10][gc,init] Memory: 3936M
[2021-05-20T10:34:01.526+0000][10][gc,init] Large Page Support: Disabled
[2021-05-20T10:34:01.527+0000][10][gc,init] NUMA Support: Disabled
[2021-05-20T10:34:01.527+0000][10][gc,init] Compressed Oops: Enabled (32-bit)
[2021-05-20T10:34:01.528+0000][10][gc,init] Heap Region Size: 4M
[2021-05-20T10:34:01.529+0000][10][gc,init] Heap Min Capacity: 512M
[2021-05-20T10:34:01.529+0000][10][gc,init] Heap Initial Capacity: 512M
[2021-05-20T10:34:01.530+0000][10][gc,init] Heap Max Capacity: 512M
[2021-05-20T10:34:01.531+0000][10][gc,init] Pre-touch: Enabled
[2021-05-20T10:34:01.531+0000][10][gc,init] Parallel Workers: 4
[2021-05-20T10:34:01.532+0000][10][gc,init] Concurrent Workers: 1
[2021-05-20T10:34:01.532+0000][10][gc,init] Concurrent Refinement Workers: 4
[2021-05-20T10:34:01.533+0000][10][gc,init] Periodic GC: Disabled
[2021-05-20T10:34:01.534+0000][10][gc,metaspace] CDS archive(s) mapped at: [0x0000000800000000-0x0000000800bea000-0x0000000800bea000), size 12492800, SharedBaseAddress: 0x0000000800000000, ArchiveRelocationMode: 0.
[2021-05-20T10:34:01.535+0000][10][gc,metaspace] Compressed class space mapped at: 0x0000000800c00000-0x0000000840c00000, reserved size: 1073741824
[2021-05-20T10:34:01.535+0000][10][gc,metaspace] Narrow klass base: 0x0000000800000000, Narrow klass shift: 3, Narrow klass range: 0x100000000
[2021-05-20T10:34:02.291+0000][10][safepoint   ] Safepoint "ICBufferFull", Time since last: 748520200 ns, Reaching safepoint: 135200 ns, At safepoint: 68100 ns, Total: 203300 ns
[2021-05-20T10:34:02.555+0000][10][gc,start    ] GC(0) Pause Young (Normal) (G1 Evacuation Pause)
[2021-05-20T10:34:02.556+0000][10][gc,task     ] GC(0) Using 4 workers of 4 for evacuation
[2021-05-20T10:34:02.557+0000][10][gc,age      ] GC(0) Desired survivor size 2097152 bytes, new threshold 15 (max threshold 15)
[2021-05-20T10:34:02.567+0000][10][gc,age      ] GC(0) Age table with threshold 15 (max threshold 15)
[2021-05-20T10:34:02.568+0000][10][gc,age      ] GC(0) - age   1:    4179320 bytes,    4179320 total
[2021-05-20T10:34:02.569+0000][10][gc,phases   ] GC(0)   Pre Evacuate Collection Set: 0.1ms
[2021-05-20T10:34:02.569+0000][10][gc,phases   ] GC(0)   Merge Heap Roots: 0.2ms
[2021-05-20T10:34:02.570+0000][10][gc,phases   ] GC(0)   Evacuate Collection Set: 7.6ms
[2021-05-20T10:34:02.571+0000][10][gc,phases   ] GC(0)   Post Evacuate Collection Set: 1.4ms
[2021-05-20T10:34:02.571+0000][10][gc,phases   ] GC(0)   Other: 4.4ms
[2021-05-20T10:34:02.572+0000][10][gc,heap     ] GC(0) Eden regions: 6->0(5)
[2021-05-20T10:34:02.573+0000][10][gc,heap     ] GC(0) Survivor regions: 0->1(1)
[2021-05-20T10:34:02.573+0000][10][gc,heap     ] GC(0) Old regions: 0->1
[2021-05-20T10:34:02.574+0000][10][gc,heap     ] GC(0) Archive regions: 2->2
[2021-05-20T10:34:02.575+0000][10][gc,heap     ] GC(0) Humongous regions: 0->0
[2021-05-20T10:34:02.575+0000][10][gc,metaspace] GC(0) Metaspace: 8212K(8320K)->8212K(8320K) NonClass: 7302K(7360K)->7302K(7360K) Class: 910K(960K)->910K(960K)
[2021-05-20T10:34:02.576+0000][10][gc          ] GC(0) Pause Young (Normal) (G1 Evacuation Pause) 27M->8M(512M) 20.985ms
[2021-05-20T10:34:02.577+0000][10][gc,cpu      ] GC(0) User=0.01s Sys=0.01s Real=0.03s
[2021-05-20T10:34:02.577+0000][10][safepoint   ] Safepoint "G1CollectForAllocation", Time since last: 263524300 ns, Reaching safepoint: 74800 ns, At safepoint: 22395800 ns, Total: 22470600 ns
[2021-05-20T10:34:03.358+0000][10][gc,start    ] GC(1) Pause Young (Normal) (G1 Evacuation Pause)
[2021-05-20T10:34:03.359+0000][10][gc,task     ] GC(1) Using 4 workers of 4 for evacuation
[2021-05-20T10:34:03.361+0000][10][gc,age      ] GC(1) Desired survivor size 2097152 bytes, new threshold 1 (max threshold 15)
[2021-05-20T10:34:03.369+0000][10][gc,age      ] GC(1) Age table with threshold 1 (max threshold 15)
[2021-05-20T10:34:03.370+0000][10][gc,age      ] GC(1) - age   1:    1651200 bytes,    1651200 total
[2021-05-20T10:34:03.370+0000][10][gc,phases   ] GC(1)   Pre Evacuate Collection Set: 0.2ms
[2021-05-20T10:34:03.371+0000][10][gc,phases   ] GC(1)   Merge Heap Roots: 0.1ms
[2021-05-20T10:34:03.372+0000][10][gc,phases   ] GC(1)   Evacuate Collection Set: 4.7ms
[2021-05-20T10:34:03.373+0000][10][gc,phases   ] GC(1)   Post Evacuate Collection Set: 1.4ms
[2021-05-20T10:34:03.374+0000][10][gc,phases   ] GC(1)   Other: 6.2ms
[2021-05-20T10:34:03.374+0000][10][gc,heap     ] GC(1) Eden regions: 5->0(7)
[2021-05-20T10:34:03.375+0000][10][gc,heap     ] GC(1) Survivor regions: 1->1(1)
[2021-05-20T10:34:03.376+0000][10][gc,heap     ] GC(1) Old regions: 1->2
[2021-05-20T10:34:03.377+0000][10][gc,heap     ] GC(1) Archive regions: 2->2
[2021-05-20T10:34:03.378+0000][10][gc,heap     ] GC(1) Humongous regions: 0->0
[2021-05-20T10:34:03.379+0000][10][gc,metaspace] GC(1) Metaspace: 11698K(11840K)->11698K(11840K) NonClass: 10314K(10368K)->10314K(10368K) Class: 1384K(1472K)->1384K(1472K)
[2021-05-20T10:34:03.380+0000][10][gc          ] GC(1) Pause Young (Normal) (G1 Evacuation Pause) 28M->9M(512M) 21.926ms
[2021-05-20T10:34:03.380+0000][10][gc,cpu      ] GC(1) User=0.02s Sys=0.00s Real=0.02s
[2021-05-20T10:34:03.381+0000][10][safepoint   ] Safepoint "G1CollectForAllocation", Time since last: 779929600 ns, Reaching safepoint: 271600 ns, At safepoint: 23733700 ns, Total: 24005300 ns
[2021-05-20T10:34:04.084+0000][10][gc,start    ] GC(2) Pause Young (Normal) (G1 Evacuation Pause)
[2021-05-20T10:34:04.085+0000][10][gc,task     ] GC(2) Using 4 workers of 4 for evacuation
[2021-05-20T10:34:04.087+0000][10][gc,age      ] GC(2) Desired survivor size 2097152 bytes, new threshold 15 (max threshold 15)
[2021-05-20T10:34:04.102+0000][10][gc,age      ] GC(2) Age table with threshold 15 (max threshold 15)
[2021-05-20T10:34:04.103+0000][10][gc,age      ] GC(2) - age   1:    1117712 bytes,    1117712 total
[2021-05-20T10:34:04.104+0000][10][gc,age      ] GC(2) - age   2:    1580400 bytes,    2698112 total
[2021-05-20T10:34:04.105+0000][10][gc,phases   ] GC(2)   Pre Evacuate Collection Set: 0.3ms
[2021-05-20T10:34:04.105+0000][10][gc,phases   ] GC(2)   Merge Heap Roots: 0.3ms
[2021-05-20T10:34:04.106+0000][10][gc,phases   ] GC(2)   Evacuate Collection Set: 6.6ms
[2021-05-20T10:34:04.107+0000][10][gc,phases   ] GC(2)   Post Evacuate Collection Set: 6.9ms
[2021-05-20T10:34:04.110+0000][10][gc,phases   ] GC(2)   Other: 6.9ms
[2021-05-20T10:34:04.113+0000][10][gc,heap     ] GC(2) Eden regions: 7->0(21)
[2021-05-20T10:34:04.114+0000][10][gc,heap     ] GC(2) Survivor regions: 1->1(1)
[2021-05-20T10:34:04.115+0000][10][gc,heap     ] GC(2) Old regions: 2->2
[2021-05-20T10:34:04.116+0000][10][gc,heap     ] GC(2) Archive regions: 2->2
[2021-05-20T10:34:04.117+0000][10][gc,heap     ] GC(2) Humongous regions: 0->0
[2021-05-20T10:34:04.119+0000][10][gc,metaspace] GC(2) Metaspace: 14147K(14400K)->14147K(14400K) NonClass: 12511K(12672K)->12511K(12672K) Class: 1636K(1728K)->1636K(1728K)
[2021-05-20T10:34:04.120+0000][10][gc          ] GC(2) Pause Young (Normal) (G1 Evacuation Pause) 37M->10M(512M) 35.974ms
[2021-05-20T10:34:04.121+0000][10][gc,cpu      ] GC(2) User=0.03s Sys=0.01s Real=0.04s
[2021-05-20T10:34:04.122+0000][10][safepoint   ] Safepoint "G1CollectForAllocation", Time since last: 701892300 ns, Reaching safepoint: 342800 ns, At safepoint: 38606900 ns, Total: 38949700 ns
[2021-05-20T10:34:04.651+0000][10][safepoint   ] Safepoint "ICBufferFull", Time since last: 528467100 ns, Reaching safepoint: 181900 ns, At safepoint: 28200 ns, Total: 210100 ns
[2021-05-20T10:34:04.662+0000][10][safepoint   ] Safepoint "ICBufferFull", Time since last: 10791200 ns, Reaching safepoint: 272000 ns, At safepoint: 94200 ns, Total: 366200 ns
[2021-05-20T10:34:04.669+0000][10][safepoint   ] Safepoint "ICBufferFull", Time since last: 6334600 ns, Reaching safepoint: 114700 ns, At safepoint: 28000 ns, Total: 142700 ns
[2021-05-20T10:34:04.678+0000][10][safepoint   ] Safepoint "ICBufferFull", Time since last: 9823700 ns, Reaching safepoint: 124500 ns, At safepoint: 23700 ns, Total: 148200 ns
[2021-05-20T10:34:04.689+0000][10][safepoint   ] Safepoint "ICBufferFull", Time since last: 9848300 ns, Reaching safepoint: 343900 ns, At safepoint: 65900 ns, Total: 409800 ns
[2021-05-20T10:34:04.702+0000][10][safepoint   ] Safepoint "ICBufferFull", Time since last: 12974700 ns, Reaching safepoint: 107100 ns, At safepoint: 23500 ns, Total: 130600 ns
[2021-05-20T10:34:04.711+0000][10][safepoint   ] Safepoint "ICBufferFull", Time since last: 9027200 ns, Reaching safepoint: 267500 ns, At safepoint: 24200 ns, Total: 291700 ns
[2021-05-20T10:34:04.722+0000][10][safepoint   ] Safepoint "ICBufferFull", Time since last: 10309900 ns, Reaching safepoint: 231300 ns, At safepoint: 54000 ns, Total: 285300 ns
[2021-05-20T10:34:04.737+0000][10][safepoint   ] Safepoint "ICBufferFull", Time since last: 15064700 ns, Reaching safepoint: 89000 ns, At safepoint: 30100 ns, Total: 119100 ns
[2021-05-20T10:34:04.755+0000][10][safepoint   ] Safepoint "ICBufferFull", Time since last: 17691100 ns, Reaching safepoint: 130700 ns, At safepoint: 22500 ns, Total: 153200 ns
[2021-05-20T10:34:04.767+0000][10][safepoint   ] Safepoint "ICBufferFull", Time since last: 12306900 ns, Reaching safepoint: 66700 ns, At safepoint: 22600 ns, Total: 89300 ns
[2021-05-20T10:34:04.779+0000][10][safepoint   ] Safepoint "ICBufferFull", Time since last: 11983600 ns, Reaching safepoint: 111200 ns, At safepoint: 33800 ns, Total: 145000 ns
[2021-05-20T10:34:04.791+0000][10][safepoint   ] Safepoint "ICBufferFull", Time since last: 11521500 ns, Reaching safepoint: 58200 ns, At safepoint: 21900 ns, Total: 80100 ns
[2021-05-20T10:34:04.800+0000][10][safepoint   ] Safepoint "ICBufferFull", Time since last: 9378000 ns, Reaching safepoint: 57600 ns, At safepoint: 25400 ns, Total: 83000 ns
[2021-05-20T10:34:04.810+0000][10][safepoint   ] Safepoint "ICBufferFull", Time since last: 9082100 ns, Reaching safepoint: 68100 ns, At safepoint: 27400 ns, Total: 95500 ns
[2021-05-20T10:34:04.995+0000][10][gc,start    ] GC(3) Pause Young (Normal) (G1 Evacuation Pause)
[2021-05-20T10:34:04.996+0000][10][gc,task     ] GC(3) Using 4 workers of 4 for evacuation
[2021-05-20T10:34:04.997+0000][10][gc,age      ] GC(3) Desired survivor size 6291456 bytes, new threshold 15 (max threshold 15)
[2021-05-20T10:34:05.008+0000][10][gc,age      ] GC(3) Age table with threshold 15 (max threshold 15)
[2021-05-20T10:34:05.009+0000][10][gc,age      ] GC(3) - age   1:    2188704 bytes,    2188704 total
[2021-05-20T10:34:05.010+0000][10][gc,age      ] GC(3) - age   2:    1080760 bytes,    3269464 total
[2021-05-20T10:34:05.010+0000][10][gc,age      ] GC(3) - age   3:    1566192 bytes,    4835656 total
[2021-05-20T10:34:05.011+0000][10][gc,phases   ] GC(3)   Pre Evacuate Collection Set: 0.1ms
[2021-05-20T10:34:05.012+0000][10][gc,phases   ] GC(3)   Merge Heap Roots: 0.6ms
[2021-05-20T10:34:05.013+0000][10][gc,phases   ] GC(3)   Evacuate Collection Set: 6.4ms
[2021-05-20T10:34:05.014+0000][10][gc,phases   ] GC(3)   Post Evacuate Collection Set: 2.6ms
[2021-05-20T10:34:05.015+0000][10][gc,phases   ] GC(3)   Other: 6.9ms
[2021-05-20T10:34:05.016+0000][10][gc,heap     ] GC(3) Eden regions: 21->0(74)
[2021-05-20T10:34:05.017+0000][10][gc,heap     ] GC(3) Survivor regions: 1->2(3)
[2021-05-20T10:34:05.018+0000][10][gc,heap     ] GC(3) Old regions: 2->2
[2021-05-20T10:34:05.019+0000][10][gc,heap     ] GC(3) Archive regions: 2->2
[2021-05-20T10:34:05.020+0000][10][gc,heap     ] GC(3) Humongous regions: 0->0
[2021-05-20T10:34:05.021+0000][10][gc,metaspace] GC(3) Metaspace: 16371K(16576K)->16371K(16576K) NonClass: 14443K(14528K)->14443K(14528K) Class: 1928K(2048K)->1928K(2048K)
[2021-05-20T10:34:05.022+0000][10][gc          ] GC(3) Pause Young (Normal) (G1 Evacuation Pause) 94M->12M(512M) 27.045ms
[2021-05-20T10:34:05.023+0000][10][gc,cpu      ] GC(3) User=0.02s Sys=0.00s Real=0.03s
[2021-05-20T10:34:05.024+0000][10][safepoint   ] Safepoint "G1CollectForAllocation", Time since last: 185023600 ns, Reaching safepoint: 78800 ns, At safepoint: 29218800 ns, Total: 29297600 ns
[2021-05-20T10:34:05.864+0000][10][safepoint   ] Safepoint "ICBufferFull", Time since last: 840010300 ns, Reaching safepoint: 217200 ns, At safepoint: 23300 ns, Total: 240500 ns
[2021-05-20T10:34:06.176+0000][10][gc,start    ] GC(4) Pause Young (Normal) (G1 Evacuation Pause)
[2021-05-20T10:34:06.177+0000][10][gc,task     ] GC(4) Using 4 workers of 4 for evacuation
[2021-05-20T10:34:06.178+0000][10][gc,age      ] GC(4) Desired survivor size 20971520 bytes, new threshold 15 (max threshold 15)
[2021-05-20T10:34:06.191+0000][10][gc,age      ] GC(4) Age table with threshold 15 (max threshold 15)
[2021-05-20T10:34:06.192+0000][10][gc,age      ] GC(4) - age   1:    5711752 bytes,    5711752 total
[2021-05-20T10:34:06.193+0000][10][gc,age      ] GC(4) - age   2:    1999240 bytes,    7710992 total
[2021-05-20T10:34:06.193+0000][10][gc,age      ] GC(4) - age   3:    1080640 bytes,    8791632 total
[2021-05-20T10:34:06.194+0000][10][gc,age      ] GC(4) - age   4:    1566192 bytes,   10357824 total
[2021-05-20T10:34:06.195+0000][10][gc,phases   ] GC(4)   Pre Evacuate Collection Set: 0.1ms
[2021-05-20T10:34:06.195+0000][10][gc,phases   ] GC(4)   Merge Heap Roots: 0.2ms
[2021-05-20T10:34:06.196+0000][10][gc,phases   ] GC(4)   Evacuate Collection Set: 9.0ms
[2021-05-20T10:34:06.197+0000][10][gc,phases   ] GC(4)   Post Evacuate Collection Set: 3.0ms
[2021-05-20T10:34:06.199+0000][10][gc,phases   ] GC(4)   Other: 6.5ms
[2021-05-20T10:34:06.200+0000][10][gc,heap     ] GC(4) Eden regions: 74->0(73)
[2021-05-20T10:34:06.200+0000][10][gc,heap     ] GC(4) Survivor regions: 2->3(10)
[2021-05-20T10:34:06.201+0000][10][gc,heap     ] GC(4) Old regions: 2->2
[2021-05-20T10:34:06.202+0000][10][gc,heap     ] GC(4) Archive regions: 2->2
[2021-05-20T10:34:06.202+0000][10][gc,heap     ] GC(4) Humongous regions: 0->0
[2021-05-20T10:34:06.203+0000][10][gc,metaspace] GC(4) Metaspace: 18577K(18880K)->18577K(18880K) NonClass: 16364K(16512K)->16364K(16512K) Class: 2212K(2368K)->2212K(2368K)
[2021-05-20T10:34:06.204+0000][10][gc          ] GC(4) Pause Young (Normal) (G1 Evacuation Pause) 308M->18M(512M) 28.199ms
[2021-05-20T10:34:06.205+0000][10][gc,cpu      ] GC(4) User=0.02s Sys=0.01s Real=0.03s
[2021-05-20T10:34:06.206+0000][10][safepoint   ] Safepoint "G1CollectForAllocation", Time since last: 311672600 ns, Reaching safepoint: 93300 ns, At safepoint: 30513900 ns, Total: 30607200 ns
[2021-05-20T10:34:06.808+0000][10][gc,start    ] GC(5) Pause Young (Normal) (G1 Evacuation Pause)
[2021-05-20T10:34:06.809+0000][10][gc,task     ] GC(5) Using 4 workers of 4 for evacuation
[2021-05-20T10:34:06.810+0000][10][gc,age      ] GC(5) Desired survivor size 20971520 bytes, new threshold 15 (max threshold 15)
[2021-05-20T10:34:06.824+0000][10][gc,age      ] GC(5) Age table with threshold 15 (max threshold 15)
[2021-05-20T10:34:06.825+0000][10][gc,age      ] GC(5) - age   1:    3207704 bytes,    3207704 total
[2021-05-20T10:34:06.826+0000][10][gc,age      ] GC(5) - age   2:    3694936 bytes,    6902640 total
[2021-05-20T10:34:06.827+0000][10][gc,age      ] GC(5) - age   3:    1998808 bytes,    8901448 total
[2021-05-20T10:34:06.828+0000][10][gc,age      ] GC(5) - age   4:    1080640 bytes,    9982088 total
[2021-05-20T10:34:06.829+0000][10][gc,age      ] GC(5) - age   5:    1566192 bytes,   11548280 total
[2021-05-20T10:34:06.829+0000][10][gc,phases   ] GC(5)   Pre Evacuate Collection Set: 0.2ms
[2021-05-20T10:34:06.830+0000][10][gc,phases   ] GC(5)   Merge Heap Roots: 0.4ms
[2021-05-20T10:34:06.830+0000][10][gc,phases   ] GC(5)   Evacuate Collection Set: 10.9ms
[2021-05-20T10:34:06.831+0000][10][gc,phases   ] GC(5)   Post Evacuate Collection Set: 2.0ms
[2021-05-20T10:34:06.832+0000][10][gc,phases   ] GC(5)   Other: 7.7ms
[2021-05-20T10:34:06.832+0000][10][gc,heap     ] GC(5) Eden regions: 73->0(73)
[2021-05-20T10:34:06.833+0000][10][gc,heap     ] GC(5) Survivor regions: 3->3(10)
[2021-05-20T10:34:06.833+0000][10][gc,heap     ] GC(5) Old regions: 2->2
[2021-05-20T10:34:06.834+0000][10][gc,heap     ] GC(5) Archive regions: 2->2
[2021-05-20T10:34:06.834+0000][10][gc,heap     ] GC(5) Humongous regions: 0->0
[2021-05-20T10:34:06.836+0000][10][gc,metaspace] GC(5) Metaspace: 19094K(19456K)->19094K(19456K) NonClass: 16827K(17024K)->16827K(17024K) Class: 2267K(2432K)->2267K(2432K)
[2021-05-20T10:34:06.837+0000][10][gc          ] GC(5) Pause Young (Normal) (G1 Evacuation Pause) 310M->20M(512M) 28.417ms
[2021-05-20T10:34:06.837+0000][10][gc,cpu      ] GC(5) User=0.02s Sys=0.01s Real=0.03s
[2021-05-20T10:34:06.838+0000][10][safepoint   ] Safepoint "G1CollectForAllocation", Time since last: 601474200 ns, Reaching safepoint: 126500 ns, At safepoint: 30105300 ns, Total: 30231800 ns
[2021-05-20T10:34:07.384+0000][10][gc,start    ] GC(6) Pause Young (Normal) (G1 Evacuation Pause)
[2021-05-20T10:34:07.385+0000][10][gc,task     ] GC(6) Using 4 workers of 4 for evacuation
[2021-05-20T10:34:07.386+0000][10][gc,age      ] GC(6) Desired survivor size 20971520 bytes, new threshold 15 (max threshold 15)
[2021-05-20T10:34:07.403+0000][10][gc,age      ] GC(6) Age table with threshold 15 (max threshold 15)
[2021-05-20T10:34:07.404+0000][10][gc,age      ] GC(6) - age   1:    1165232 bytes,    1165232 total
[2021-05-20T10:34:07.405+0000][10][gc,age      ] GC(6) - age   2:    2610376 bytes,    3775608 total
[2021-05-20T10:34:07.406+0000][10][gc,age      ] GC(6) - age   3:    3693768 bytes,    7469376 total
[2021-05-20T10:34:07.406+0000][10][gc,age      ] GC(6) - age   4:    1998808 bytes,    9468184 total
[2021-05-20T10:34:07.407+0000][10][gc,age      ] GC(6) - age   5:    1080640 bytes,   10548824 total
[2021-05-20T10:34:07.408+0000][10][gc,age      ] GC(6) - age   6:    1566192 bytes,   12115016 total
[2021-05-20T10:34:07.408+0000][10][gc,phases   ] GC(6)   Pre Evacuate Collection Set: 0.2ms
[2021-05-20T10:34:07.409+0000][10][gc,phases   ] GC(6)   Merge Heap Roots: 0.2ms
[2021-05-20T10:34:07.409+0000][10][gc,phases   ] GC(6)   Evacuate Collection Set: 13.7ms
[2021-05-20T10:34:07.410+0000][10][gc,phases   ] GC(6)   Post Evacuate Collection Set: 2.0ms
[2021-05-20T10:34:07.411+0000][10][gc,phases   ] GC(6)   Other: 7.7ms
[2021-05-20T10:34:07.411+0000][10][gc,heap     ] GC(6) Eden regions: 73->0(72)
[2021-05-20T10:34:07.412+0000][10][gc,heap     ] GC(6) Survivor regions: 3->4(10)
[2021-05-20T10:34:07.413+0000][10][gc,heap     ] GC(6) Old regions: 2->2
[2021-05-20T10:34:07.413+0000][10][gc,heap     ] GC(6) Archive regions: 2->2
[2021-05-20T10:34:07.414+0000][10][gc,heap     ] GC(6) Humongous regions: 0->0
[2021-05-20T10:34:07.414+0000][10][gc,metaspace] GC(6) Metaspace: 19481K(19968K)->19481K(19968K) NonClass: 17142K(17408K)->17142K(17408K) Class: 2338K(2560K)->2338K(2560K)
[2021-05-20T10:34:07.415+0000][10][gc          ] GC(6) Pause Young (Normal) (G1 Evacuation Pause) 312M->20M(512M) 30.707ms
[2021-05-20T10:34:07.416+0000][10][gc,cpu      ] GC(6) User=0.02s Sys=0.00s Real=0.04s
[2021-05-20T10:34:07.417+0000][10][safepoint   ] Safepoint "G1CollectForAllocation", Time since last: 546161600 ns, Reaching safepoint: 78700 ns, At safepoint: 32509600 ns, Total: 32588300 ns
[2021-05-20T10:34:07.916+0000][10][gc,start    ] GC(7) Pause Young (Concurrent Start) (Metadata GC Threshold)
[2021-05-20T10:34:07.923+0000][10][gc,task     ] GC(7) Using 4 workers of 4 for evacuation
[2021-05-20T10:34:07.924+0000][10][gc,age      ] GC(7) Desired survivor size 20971520 bytes, new threshold 15 (max threshold 15)
[2021-05-20T10:34:07.936+0000][10][gc,age      ] GC(7) Age table with threshold 15 (max threshold 15)
[2021-05-20T10:34:07.937+0000][10][gc,age      ] GC(7) - age   1:    2302000 bytes,    2302000 total
[2021-05-20T10:34:07.938+0000][10][gc,age      ] GC(7) - age   2:     578560 bytes,    2880560 total
[2021-05-20T10:34:07.939+0000][10][gc,age      ] GC(7) - age   3:    2609248 bytes,    5489808 total
[2021-05-20T10:34:07.940+0000][10][gc,age      ] GC(7) - age   4:    3693208 bytes,    9183016 total
[2021-05-20T10:34:07.941+0000][10][gc,age      ] GC(7) - age   5:    1998760 bytes,   11181776 total
[2021-05-20T10:34:07.943+0000][10][gc,age      ] GC(7) - age   6:    1072416 bytes,   12254192 total
[2021-05-20T10:34:07.943+0000][10][gc,age      ] GC(7) - age   7:    1565936 bytes,   13820128 total
[2021-05-20T10:34:07.945+0000][10][gc,phases   ] GC(7)   Pre Evacuate Collection Set: 0.2ms
[2021-05-20T10:34:07.945+0000][10][gc,phases   ] GC(7)   Merge Heap Roots: 0.2ms
[2021-05-20T10:34:07.946+0000][10][gc,phases   ] GC(7)   Evacuate Collection Set: 8.2ms
[2021-05-20T10:34:07.947+0000][10][gc,phases   ] GC(7)   Post Evacuate Collection Set: 2.5ms
[2021-05-20T10:34:07.948+0000][10][gc,phases   ] GC(7)   Other: 17.1ms
[2021-05-20T10:34:07.949+0000][10][gc,heap     ] GC(7) Eden regions: 61->0(72)
[2021-05-20T10:34:07.950+0000][10][gc,heap     ] GC(7) Survivor regions: 4->4(10)
[2021-05-20T10:34:07.951+0000][10][gc,heap     ] GC(7) Old regions: 2->2
[2021-05-20T10:34:07.952+0000][10][gc,heap     ] GC(7) Archive regions: 2->2
[2021-05-20T10:34:07.952+0000][10][gc,heap     ] GC(7) Humongous regions: 0->0
[2021-05-20T10:34:07.953+0000][10][gc,metaspace] GC(7) Metaspace: 20760K(21248K)->20760K(21248K) NonClass: 18258K(18560K)->18258K(18560K) Class: 2501K(2688K)->2501K(2688K)
[2021-05-20T10:34:07.954+0000][10][gc          ] GC(7) Pause Young (Concurrent Start) (Metadata GC Threshold) 264M->21M(512M) 37.788ms
[2021-05-20T10:34:07.955+0000][10][gc,cpu      ] GC(7) User=0.01s Sys=0.00s Real=0.04s
[2021-05-20T10:34:07.956+0000][10][gc          ] GC(8) Concurrent Mark Cycle
[2021-05-20T10:34:07.957+0000][10][gc,marking  ] GC(8) Concurrent Clear Claimed Marks
[2021-05-20T10:34:07.958+0000][10][gc,marking  ] GC(8) Concurrent Clear Claimed Marks 0.680ms
[2021-05-20T10:34:07.958+0000][10][gc,marking  ] GC(8) Concurrent Scan Root Regions
[2021-05-20T10:34:07.956+0000][10][safepoint   ] Safepoint "CollectForMetadataAllocation", Time since last: 499348200 ns, Reaching safepoint: 117400 ns, At safepoint: 40123300 ns, Total: 40240700 ns
[2021-05-20T10:34:07.964+0000][10][gc,marking  ] GC(8) Concurrent Scan Root Regions 5.766ms
[2021-05-20T10:34:07.968+0000][10][gc,marking  ] GC(8) Concurrent Mark
[2021-05-20T10:34:07.969+0000][10][gc,marking  ] GC(8) Concurrent Mark From Roots
[2021-05-20T10:34:07.970+0000][10][gc,task     ] GC(8) Using 1 workers of 1 for marking
[2021-05-20T10:34:07.977+0000][10][gc,marking  ] GC(8) Concurrent Mark From Roots 7.231ms
[2021-05-20T10:34:07.977+0000][10][gc,marking  ] GC(8) Concurrent Preclean
[2021-05-20T10:34:07.978+0000][10][gc,marking  ] GC(8) Concurrent Preclean 0.844ms
[2021-05-20T10:34:07.979+0000][10][gc,start    ] GC(8) Pause Remark
[2021-05-20T10:34:07.987+0000][10][gc          ] GC(8) Pause Remark 25M->25M(512M) 7.921ms
[2021-05-20T10:34:07.988+0000][10][gc,cpu      ] GC(8) User=0.01s Sys=0.00s Real=0.01s
[2021-05-20T10:34:07.990+0000][10][safepoint   ] Safepoint "G1Concurrent", Time since last: 22648000 ns, Reaching safepoint: 204700 ns, At safepoint: 10218800 ns, Total: 10423500 ns
[2021-05-20T10:34:07.991+0000][10][gc,marking  ] GC(8) Concurrent Mark 22.248ms
[2021-05-20T10:34:07.992+0000][10][gc,marking  ] GC(8) Concurrent Rebuild Remembered Sets
[2021-05-20T10:34:07.995+0000][10][gc,marking  ] GC(8) Concurrent Rebuild Remembered Sets 3.293ms
[2021-05-20T10:34:07.996+0000][10][gc,start    ] GC(8) Pause Cleanup
[2021-05-20T10:34:07.997+0000][10][gc          ] GC(8) Pause Cleanup 29M->29M(512M) 0.853ms
[2021-05-20T10:34:07.997+0000][10][gc,cpu      ] GC(8) User=0.00s Sys=0.00s Real=0.00s
[2021-05-20T10:34:07.999+0000][10][safepoint   ] Safepoint "G1Concurrent", Time since last: 6075600 ns, Reaching safepoint: 267200 ns, At safepoint: 2723700 ns, Total: 2990900 ns
[2021-05-20T10:34:07.999+0000][10][gc,marking  ] GC(8) Concurrent Cleanup for Next Mark
[2021-05-20T10:34:08.001+0000][10][gc,marking  ] GC(8) Concurrent Cleanup for Next Mark 1.067ms
[2021-05-20T10:34:08.001+0000][10][gc          ] GC(8) Concurrent Mark Cycle 45.215ms
[2021-05-20T10:34:08.402+0000][10][gc,start    ] GC(9) Pause Young (Normal) (G1 Evacuation Pause)
[2021-05-20T10:34:08.406+0000][10][gc,task     ] GC(9) Using 4 workers of 4 for evacuation
[2021-05-20T10:34:08.410+0000][10][gc,age      ] GC(9) Desired survivor size 20971520 bytes, new threshold 15 (max threshold 15)
[2021-05-20T10:34:08.429+0000][10][gc,age      ] GC(9) Age table with threshold 15 (max threshold 15)
[2021-05-20T10:34:08.430+0000][10][gc,age      ] GC(9) - age   1:     741248 bytes,     741248 total
[2021-05-20T10:34:08.431+0000][10][gc,age      ] GC(9) - age   2:    2280072 bytes,    3021320 total
[2021-05-20T10:34:08.432+0000][10][gc,age      ] GC(9) - age   3:     576808 bytes,    3598128 total
[2021-05-20T10:34:08.433+0000][10][gc,age      ] GC(9) - age   4:    2609248 bytes,    6207376 total
[2021-05-20T10:34:08.434+0000][10][gc,age      ] GC(9) - age   5:    3693176 bytes,    9900552 total
[2021-05-20T10:34:08.435+0000][10][gc,age      ] GC(9) - age   6:    1998696 bytes,   11899248 total
[2021-05-20T10:34:08.435+0000][10][gc,age      ] GC(9) - age   7:    1071712 bytes,   12970960 total
[2021-05-20T10:34:08.436+0000][10][gc,age      ] GC(9) - age   8:    1564080 bytes,   14535040 total
[2021-05-20T10:34:08.437+0000][10][gc,phases   ] GC(9)   Pre Evacuate Collection Set: 0.1ms
[2021-05-20T10:34:08.438+0000][10][gc,phases   ] GC(9)   Merge Heap Roots: 0.3ms
[2021-05-20T10:34:08.438+0000][10][gc,phases   ] GC(9)   Evacuate Collection Set: 13.0ms
[2021-05-20T10:34:08.459+0000][10][gc,phases   ] GC(9)   Post Evacuate Collection Set: 2.1ms
[2021-05-20T10:34:08.460+0000][10][gc,phases   ] GC(9)   Other: 19.8ms
[2021-05-20T10:34:08.460+0000][10][gc,heap     ] GC(9) Eden regions: 72->0(72)
[2021-05-20T10:34:08.461+0000][10][gc,heap     ] GC(9) Survivor regions: 4->4(10)
[2021-05-20T10:34:08.462+0000][10][gc,heap     ] GC(9) Old regions: 2->2
[2021-05-20T10:34:08.462+0000][10][gc,heap     ] GC(9) Archive regions: 2->2
[2021-05-20T10:34:08.463+0000][10][gc,heap     ] GC(9) Humongous regions: 0->0
[2021-05-20T10:34:08.463+0000][10][gc,metaspace] GC(9) Metaspace: 20911K(21504K)->20911K(21504K) NonClass: 18382K(18752K)->18382K(18752K) Class: 2529K(2752K)->2529K(2752K)
[2021-05-20T10:34:08.464+0000][10][gc          ] GC(9) Pause Young (Normal) (G1 Evacuation Pause) 309M->23M(512M) 62.004ms
[2021-05-20T10:34:08.464+0000][10][gc,cpu      ] GC(9) User=0.03s Sys=0.01s Real=0.06s
[2021-05-20T10:34:08.465+0000][10][safepoint   ] Safepoint "G1CollectForAllocation", Time since last: 402919700 ns, Reaching safepoint: 91400 ns, At safepoint: 63443100 ns, Total: 63534500 ns
[2021-05-20T10:34:09.230+0000][10][safepoint   ] Safepoint "ICBufferFull", Time since last: 764294100 ns, Reaching safepoint: 236500 ns, At safepoint: 24700 ns, Total: 261200 ns
[2021-05-20T10:34:10.352+0000][10][safepoint   ] Safepoint "ICBufferFull", Time since last: 1122095500 ns, Reaching safepoint: 173300 ns, At safepoint: 23300 ns, Total: 196600 ns
[2021-05-20T10:34:11.076+0000][10][gc,start    ] GC(10) Pause Young (Normal) (G1 Evacuation Pause)
[2021-05-20T10:34:11.077+0000][10][gc,task     ] GC(10) Using 4 workers of 4 for evacuation
[2021-05-20T10:34:11.078+0000][10][gc,age      ] GC(10) Desired survivor size 20971520 bytes, new threshold 15 (max threshold 15)
[2021-05-20T10:34:11.121+0000][10][gc,age      ] GC(10) Age table with threshold 15 (max threshold 15)
[2021-05-20T10:34:11.122+0000][10][gc,age      ] GC(10) - age   1:   24771744 bytes,   24771744 total
[2021-05-20T10:34:11.123+0000][10][gc,age      ] GC(10) - age   2:     690064 bytes,   25461808 total
[2021-05-20T10:34:11.123+0000][10][gc,age      ] GC(10) - age   3:    2253040 bytes,   27714848 total
[2021-05-20T10:34:11.124+0000][10][gc,age      ] GC(10) - age   4:     564272 bytes,   28279120 total
[2021-05-20T10:34:11.125+0000][10][gc,age      ] GC(10) - age   5:    2587984 bytes,   30867104 total
[2021-05-20T10:34:11.126+0000][10][gc,age      ] GC(10) - age   6:    3672096 bytes,   34539200 total
[2021-05-20T10:34:11.127+0000][10][gc,age      ] GC(10) - age   7:    1950272 bytes,   36489472 total
[2021-05-20T10:34:11.128+0000][10][gc,age      ] GC(10) - age   8:    1049624 bytes,   37539096 total
[2021-05-20T10:34:11.129+0000][10][gc,age      ] GC(10) - age   9:    1556656 bytes,   39095752 total
[2021-05-20T10:34:11.130+0000][10][gc,phases   ] GC(10)   Pre Evacuate Collection Set: 0.2ms
[2021-05-20T10:34:11.131+0000][10][gc,phases   ] GC(10)   Merge Heap Roots: 0.3ms
[2021-05-20T10:34:11.131+0000][10][gc,phases   ] GC(10)   Evacuate Collection Set: 35.2ms
[2021-05-20T10:34:11.132+0000][10][gc,phases   ] GC(10)   Post Evacuate Collection Set: 4.6ms
[2021-05-20T10:34:11.133+0000][10][gc,phases   ] GC(10)   Other: 13.2ms
[2021-05-20T10:34:11.134+0000][10][gc,heap     ] GC(10) Eden regions: 72->0(66)
[2021-05-20T10:34:11.134+0000][10][gc,heap     ] GC(10) Survivor regions: 4->10(10)
[2021-05-20T10:34:11.135+0000][10][gc,heap     ] GC(10) Old regions: 2->2
[2021-05-20T10:34:11.136+0000][10][gc,heap     ] GC(10) Archive regions: 2->2
[2021-05-20T10:34:11.137+0000][10][gc,heap     ] GC(10) Humongous regions: 0->0
[2021-05-20T10:34:11.137+0000][10][gc,metaspace] GC(10) Metaspace: 30122K(30976K)->30122K(30976K) NonClass: 26358K(26880K)->26358K(26880K) Class: 3763K(4096K)->3763K(4096K)
[2021-05-20T10:34:11.138+0000][10][gc          ] GC(10) Pause Young (Normal) (G1 Evacuation Pause) 311M->46M(512M) 62.117ms
[2021-05-20T10:34:11.139+0000][10][gc,cpu      ] GC(10) User=0.06s Sys=0.01s Real=0.06s
[2021-05-20T10:34:11.140+0000][10][safepoint   ] Safepoint "G1CollectForAllocation", Time since last: 723964700 ns, Reaching safepoint: 297900 ns, At safepoint: 63917200 ns, Total: 64215100 ns
[2021-05-20T10:34:12.126+0000][10][gc,start    ] GC(11) Pause Young (Concurrent Start) (Metadata GC Threshold)
[2021-05-20T10:34:12.127+0000][10][gc,task     ] GC(11) Using 4 workers of 4 for evacuation
[2021-05-20T10:34:12.128+0000][10][gc,age      ] GC(11) Desired survivor size 20971520 bytes, new threshold 1 (max threshold 15)
[2021-05-20T10:34:12.176+0000][10][gc,age      ] GC(11) Age table with threshold 1 (max threshold 15)
[2021-05-20T10:34:12.177+0000][10][gc,age      ] GC(11) - age   1:   14947352 bytes,   14947352 total
[2021-05-20T10:34:12.178+0000][10][gc,phases   ] GC(11)   Pre Evacuate Collection Set: 0.3ms
[2021-05-20T10:34:12.178+0000][10][gc,phases   ] GC(11)   Merge Heap Roots: 0.2ms
[2021-05-20T10:34:12.179+0000][10][gc,phases   ] GC(11)   Evacuate Collection Set: 44.0ms
[2021-05-20T10:34:12.180+0000][10][gc,phases   ] GC(11)   Post Evacuate Collection Set: 2.1ms
[2021-05-20T10:34:12.181+0000][10][gc,phases   ] GC(11)   Other: 5.5ms
[2021-05-20T10:34:12.182+0000][10][gc,heap     ] GC(11) Eden regions: 28->0(71)
[2021-05-20T10:34:12.183+0000][10][gc,heap     ] GC(11) Survivor regions: 10->5(10)
[2021-05-20T10:34:12.183+0000][10][gc,heap     ] GC(11) Old regions: 2->11
[2021-05-20T10:34:12.184+0000][10][gc,heap     ] GC(11) Archive regions: 2->2
[2021-05-20T10:34:12.185+0000][10][gc,heap     ] GC(11) Humongous regions: 0->0
[2021-05-20T10:34:12.186+0000][10][gc,metaspace] GC(11) Metaspace: 34695K(35520K)->34695K(35520K) NonClass: 30231K(30720K)->30231K(30720K) Class: 4464K(4800K)->4464K(4800K)
[2021-05-20T10:34:12.186+0000][10][gc          ] GC(11) Pause Young (Concurrent Start) (Metadata GC Threshold) 156M->62M(512M) 60.806ms
[2021-05-20T10:34:12.187+0000][10][gc,cpu      ] GC(11) User=0.09s Sys=0.01s Real=0.06s
[2021-05-20T10:34:12.188+0000][10][gc          ] GC(12) Concurrent Mark Cycle
[2021-05-20T10:34:12.188+0000][10][safepoint   ] Safepoint "CollectForMetadataAllocation", Time since last: 985265700 ns, Reaching safepoint: 223000 ns, At safepoint: 62662400 ns, Total: 62885400 ns
[2021-05-20T10:34:12.189+0000][10][gc,marking  ] GC(12) Concurrent Clear Claimed Marks
[2021-05-20T10:34:12.192+0000][10][gc,marking  ] GC(12) Concurrent Clear Claimed Marks 2.896ms
[2021-05-20T10:34:12.193+0000][10][gc,marking  ] GC(12) Concurrent Scan Root Regions
[2021-05-20T10:34:12.221+0000][10][safepoint   ] Safepoint "CollectForMetadataAllocation", Time since last: 32478700 ns, Reaching safepoint: 86100 ns, At safepoint: 86800 ns, Total: 172900 ns
[2021-05-20T10:34:12.241+0000][10][gc,marking  ] GC(12) Concurrent Scan Root Regions 48.311ms
[2021-05-20T10:34:12.242+0000][10][gc,marking  ] GC(12) Concurrent Mark
[2021-05-20T10:34:12.243+0000][10][gc,marking  ] GC(12) Concurrent Mark From Roots
[2021-05-20T10:34:12.244+0000][10][gc,task     ] GC(12) Using 1 workers of 1 for marking
[2021-05-20T10:34:12.253+0000][10][safepoint   ] Safepoint "CollectForMetadataAllocation", Time since last: 31623900 ns, Reaching safepoint: 395800 ns, At safepoint: 288200 ns, Total: 684000 ns
[2021-05-20T10:34:12.255+0000][10][gc,marking  ] GC(12) Concurrent Mark From Roots 11.571ms
[2021-05-20T10:34:12.256+0000][10][gc,marking  ] GC(12) Concurrent Preclean
[2021-05-20T10:34:12.257+0000][10][gc,marking  ] GC(12) Concurrent Preclean 0.954ms
[2021-05-20T10:34:12.258+0000][10][gc,start    ] GC(12) Pause Remark
[2021-05-20T10:34:12.265+0000][10][gc          ] GC(12) Pause Remark 66M->66M(512M) 6.886ms
[2021-05-20T10:34:12.266+0000][10][gc,cpu      ] GC(12) User=0.01s Sys=0.00s Real=0.01s
[2021-05-20T10:34:12.267+0000][10][safepoint   ] Safepoint "G1Concurrent", Time since last: 4628700 ns, Reaching safepoint: 573200 ns, At safepoint: 8705900 ns, Total: 9279100 ns
[2021-05-20T10:34:12.268+0000][10][gc,marking  ] GC(12) Concurrent Mark 25.581ms
[2021-05-20T10:34:12.269+0000][10][gc,marking  ] GC(12) Concurrent Rebuild Remembered Sets
[2021-05-20T10:34:12.311+0000][10][gc,marking  ] GC(12) Concurrent Rebuild Remembered Sets 41.655ms
[2021-05-20T10:34:12.313+0000][10][gc,start    ] GC(12) Pause Cleanup
[2021-05-20T10:34:12.315+0000][10][gc          ] GC(12) Pause Cleanup 68M->68M(512M) 1.535ms
[2021-05-20T10:34:12.316+0000][10][gc,cpu      ] GC(12) User=0.00s Sys=0.00s Real=0.01s
[2021-05-20T10:34:12.317+0000][10][safepoint   ] Safepoint "G1Concurrent", Time since last: 45504800 ns, Reaching safepoint: 530300 ns, At safepoint: 3457800 ns, Total: 3988100 ns
[2021-05-20T10:34:12.317+0000][10][gc,marking  ] GC(12) Concurrent Cleanup for Next Mark
[2021-05-20T10:34:12.319+0000][10][gc,marking  ] GC(12) Concurrent Cleanup for Next Mark 1.713ms
[2021-05-20T10:34:12.320+0000][10][gc          ] GC(12) Concurrent Mark Cycle 131.930ms
[2021-05-20T10:34:13.433+0000][10][safepoint   ] Safepoint "ICBufferFull", Time since last: 1115797300 ns, Reaching safepoint: 164000 ns, At safepoint: 22600 ns, Total: 186600 ns
[2021-05-20T10:34:14.400+0000][10][safepoint   ] Safepoint "Cleanup", Time since last: 1001528600 ns, Reaching safepoint: 255900 ns, At safepoint: 50000 ns, Total: 305900 ns
[2021-05-20T10:34:14.859+0000][10][safepoint   ] Safepoint "ICBufferFull", Time since last: 458800000 ns, Reaching safepoint: 357500 ns, At safepoint: 27700 ns, Total: 385200 ns
[2021-05-20T10:34:15.093+0000][10][gc,start    ] GC(13) Pause Young (Concurrent Start) (G1 Evacuation Pause)
[2021-05-20T10:34:15.094+0000][10][gc,task     ] GC(13) Using 4 workers of 4 for evacuation
[2021-05-20T10:34:15.095+0000][10][gc,age      ] GC(13) Desired survivor size 20971520 bytes, new threshold 15 (max threshold 15)
[2021-05-20T10:34:15.121+0000][10][gc,age      ] GC(13) Age table with threshold 15 (max threshold 15)
[2021-05-20T10:34:15.123+0000][10][gc,age      ] GC(13) - age   1:    8141904 bytes,    8141904 total
[2021-05-20T10:34:15.123+0000][10][gc,age      ] GC(13) - age   2:   14882416 bytes,   23024320 total
[2021-05-20T10:34:15.124+0000][10][gc,phases   ] GC(13)   Pre Evacuate Collection Set: 0.2ms
[2021-05-20T10:34:15.125+0000][10][gc,phases   ] GC(13)   Merge Heap Roots: 0.3ms
[2021-05-20T10:34:15.126+0000][10][gc,phases   ] GC(13)   Evacuate Collection Set: 20.0ms
[2021-05-20T10:34:15.127+0000][10][gc,phases   ] GC(13)   Post Evacuate Collection Set: 5.0ms
[2021-05-20T10:34:15.128+0000][10][gc,phases   ] GC(13)   Other: 6.1ms
[2021-05-20T10:34:15.129+0000][10][gc,heap     ] GC(13) Eden regions: 71->0(70)
[2021-05-20T10:34:15.129+0000][10][gc,heap     ] GC(13) Survivor regions: 5->6(10)
[2021-05-20T10:34:15.130+0000][10][gc,heap     ] GC(13) Old regions: 11->11
[2021-05-20T10:34:15.131+0000][10][gc,heap     ] GC(13) Archive regions: 2->2
[2021-05-20T10:34:15.131+0000][10][gc,heap     ] GC(13) Humongous regions: 0->0
[2021-05-20T10:34:15.132+0000][10][gc,metaspace] GC(13) Metaspace: 54791K(55936K)->54791K(55936K) NonClass: 47469K(48128K)->47469K(48128K) Class: 7321K(7808K)->7321K(7808K)
[2021-05-20T10:34:15.133+0000][10][gc          ] GC(13) Pause Young (Concurrent Start) (G1 Evacuation Pause) 346M->69M(512M) 39.800ms
[2021-05-20T10:34:15.133+0000][10][gc,cpu      ] GC(13) User=0.05s Sys=0.01s Real=0.04s
[2021-05-20T10:34:15.134+0000][10][safepoint   ] Safepoint "G1CollectForAllocation", Time since last: 233653100 ns, Reaching safepoint: 240700 ns, At safepoint: 41172100 ns, Total: 41412800 ns
[2021-05-20T10:34:15.134+0000][10][gc          ] GC(14) Concurrent Mark Cycle
[2021-05-20T10:34:15.139+0000][10][gc,marking  ] GC(14) Concurrent Clear Claimed Marks
[2021-05-20T10:34:15.145+0000][10][gc,marking  ] GC(14) Concurrent Clear Claimed Marks 6.155ms
[2021-05-20T10:34:15.146+0000][10][gc,marking  ] GC(14) Concurrent Scan Root Regions
[2021-05-20T10:34:15.170+0000][10][gc,marking  ] GC(14) Concurrent Scan Root Regions 24.541ms
[2021-05-20T10:34:15.171+0000][10][gc,marking  ] GC(14) Concurrent Mark
[2021-05-20T10:34:15.172+0000][10][gc,marking  ] GC(14) Concurrent Mark From Roots
[2021-05-20T10:34:15.173+0000][10][gc,task     ] GC(14) Using 1 workers of 1 for marking
[2021-05-20T10:34:15.231+0000][10][gc,marking  ] GC(14) Concurrent Mark From Roots 59.162ms
[2021-05-20T10:34:15.232+0000][10][gc,marking  ] GC(14) Concurrent Preclean
[2021-05-20T10:34:15.233+0000][10][gc,marking  ] GC(14) Concurrent Preclean 1.014ms
[2021-05-20T10:34:15.234+0000][10][gc,start    ] GC(14) Pause Remark
[2021-05-20T10:34:15.246+0000][10][gc          ] GC(14) Pause Remark 76M->76M(512M) 11.736ms
[2021-05-20T10:34:15.247+0000][10][gc,cpu      ] GC(14) User=0.01s Sys=0.01s Real=0.01s
[2021-05-20T10:34:15.248+0000][10][safepoint   ] Safepoint "G1Concurrent", Time since last: 100131000 ns, Reaching safepoint: 332200 ns, At safepoint: 13258800 ns, Total: 13591000 ns
[2021-05-20T10:34:15.248+0000][10][gc,marking  ] GC(14) Concurrent Mark 76.818ms
[2021-05-20T10:34:15.249+0000][10][gc,marking  ] GC(14) Concurrent Rebuild Remembered Sets
[2021-05-20T10:34:15.306+0000][10][gc,marking  ] GC(14) Concurrent Rebuild Remembered Sets 56.851ms
[2021-05-20T10:34:15.307+0000][10][gc,start    ] GC(14) Pause Cleanup
[2021-05-20T10:34:15.308+0000][10][gc          ] GC(14) Pause Cleanup 79M->79M(512M) 0.928ms
[2021-05-20T10:34:15.309+0000][10][gc,cpu      ] GC(14) User=0.00s Sys=0.00s Real=0.00s
[2021-05-20T10:34:15.309+0000][10][safepoint   ] Safepoint "G1Concurrent", Time since last: 58997400 ns, Reaching safepoint: 261100 ns, At safepoint: 2331000 ns, Total: 2592100 ns
[2021-05-20T10:34:15.310+0000][10][gc,marking  ] GC(14) Concurrent Cleanup for Next Mark
[2021-05-20T10:34:15.311+0000][10][gc,marking  ] GC(14) Concurrent Cleanup for Next Mark 0.965ms
[2021-05-20T10:34:15.312+0000][10][gc          ] GC(14) Concurrent Mark Cycle 177.645ms
[2021-05-20T10:34:16.349+0000][10][safepoint   ] Safepoint "Cleanup", Time since last: 1030874600 ns, Reaching safepoint: 8836200 ns, At safepoint: 60300 ns, Total: 8896500 ns
[2021-05-20T10:34:17.351+0000][10][safepoint   ] Safepoint "Cleanup", Time since last: 1000932100 ns, Reaching safepoint: 621800 ns, At safepoint: 71500 ns, Total: 693300 ns
[2021-05-20T10:34:18.511+0000][10][safepoint   ] Safepoint "Cleanup", Time since last: 1160020500 ns, Reaching safepoint: 255600 ns, At safepoint: 28700 ns, Total: 284300 ns
[2021-05-20T10:34:19.972+0000][10][safepoint   ] Safepoint "ICBufferFull", Time since last: 1460141600 ns, Reaching safepoint: 508100 ns, At safepoint: 49100 ns, Total: 557200 ns
[2021-05-20T10:34:20.668+0000][10][gc,start    ] GC(15) Pause Young (Normal) (G1 Evacuation Pause)
[2021-05-20T10:34:20.669+0000][10][gc,task     ] GC(15) Using 4 workers of 4 for evacuation
[2021-05-20T10:34:20.671+0000][10][gc,age      ] GC(15) Desired survivor size 20971520 bytes, new threshold 2 (max threshold 15)
[2021-05-20T10:34:20.702+0000][10][gc,age      ] GC(15) Age table with threshold 2 (max threshold 15)
[2021-05-20T10:34:20.703+0000][10][gc,age      ] GC(15) - age   1:   12718744 bytes,   12718744 total
[2021-05-20T10:34:20.704+0000][10][gc,age      ] GC(15) - age   2:    7808464 bytes,   20527208 total
[2021-05-20T10:34:20.705+0000][10][gc,phases   ] GC(15)   Pre Evacuate Collection Set: 0.3ms
[2021-05-20T10:34:20.706+0000][10][gc,phases   ] GC(15)   Merge Heap Roots: 0.5ms
[2021-05-20T10:34:20.707+0000][10][gc,phases   ] GC(15)   Evacuate Collection Set: 24.9ms
[2021-05-20T10:34:20.707+0000][10][gc,phases   ] GC(15)   Post Evacuate Collection Set: 4.4ms
[2021-05-20T10:34:20.709+0000][10][gc,phases   ] GC(15)   Other: 7.2ms
[2021-05-20T10:34:20.710+0000][10][gc,heap     ] GC(15) Eden regions: 70->0(70)
[2021-05-20T10:34:20.711+0000][10][gc,heap     ] GC(15) Survivor regions: 6->6(10)
[2021-05-20T10:34:20.712+0000][10][gc,heap     ] GC(15) Old regions: 11->14
[2021-05-20T10:34:20.712+0000][10][gc,heap     ] GC(15) Archive regions: 2->2
[2021-05-20T10:34:20.713+0000][10][gc,heap     ] GC(15) Humongous regions: 0->0
[2021-05-20T10:34:20.714+0000][10][gc,metaspace] GC(15) Metaspace: 84521K(85888K)->84521K(85888K) NonClass: 72989K(73792K)->72989K(73792K) Class: 11532K(12096K)->11532K(12096K)
[2021-05-20T10:34:20.715+0000][10][gc          ] GC(15) Pause Young (Normal) (G1 Evacuation Pause) 349M->81M(512M) 46.930ms
[2021-05-20T10:34:20.716+0000][10][gc,cpu      ] GC(15) User=0.09s Sys=0.02s Real=0.05s
[2021-05-20T10:34:20.717+0000][10][safepoint   ] Safepoint "G1CollectForAllocation", Time since last: 694944400 ns, Reaching safepoint: 632400 ns, At safepoint: 49594500 ns, Total: 50226900 ns
[2021-05-20T10:34:21.725+0000][10][safepoint   ] Safepoint "Cleanup", Time since last: 1007100100 ns, Reaching safepoint: 541000 ns, At safepoint: 270800 ns, Total: 811800 ns
[2021-05-20T10:34:22.730+0000][10][safepoint   ] Safepoint "Cleanup", Time since last: 1003440200 ns, Reaching safepoint: 1295300 ns, At safepoint: 110300 ns, Total: 1405600 ns
[2021-05-20T10:34:23.734+0000][10][safepoint   ] Safepoint "Cleanup", Time since last: 1003907200 ns, Reaching safepoint: 668000 ns, At safepoint: 83300 ns, Total: 751300 ns
[2021-05-20T10:34:24.741+0000][10][safepoint   ] Safepoint "Cleanup", Time since last: 1005478500 ns, Reaching safepoint: 531900 ns, At safepoint: 360000 ns, Total: 891900 ns
[2021-05-20T10:34:25.747+0000][10][safepoint   ] Safepoint "Cleanup", Time since last: 1005940300 ns, Reaching safepoint: 464100 ns, At safepoint: 98100 ns, Total: 562200 ns
[2021-05-20T10:34:26.752+0000][10][safepoint   ] Safepoint "Cleanup", Time since last: 1004410400 ns, Reaching safepoint: 239600 ns, At safepoint: 40200 ns, Total: 279800 ns
[2021-05-20T10:34:27.755+0000][10][safepoint   ] Safepoint "Cleanup", Time since last: 1002359700 ns, Reaching safepoint: 871800 ns, At safepoint: 69200 ns, Total: 941000 ns
[2021-05-20T10:34:28.759+0000][10][safepoint   ] Safepoint "Cleanup", Time since last: 1003390200 ns, Reaching safepoint: 335900 ns, At safepoint: 66200 ns, Total: 402100 ns
[2021-05-20T10:34:29.765+0000][10][safepoint   ] Safepoint "Cleanup", Time since last: 1005337400 ns, Reaching safepoint: 329400 ns, At safepoint: 66300 ns, Total: 395700 ns
[2021-05-20T10:34:30.770+0000][10][safepoint   ] Safepoint "Cleanup", Time since last: 1004627400 ns, Reaching safepoint: 783100 ns, At safepoint: 77200 ns, Total: 860300 ns
[2021-05-20T10:34:32.776+0000][10][safepoint   ] Safepoint "Cleanup", Time since last: 2005056300 ns, Reaching safepoint: 630800 ns, At safepoint: 117500 ns, Total: 748300 ns
[2021-05-20T10:34:33.781+0000][10][safepoint   ] Safepoint "Cleanup", Time since last: 1005017700 ns, Reaching safepoint: 208700 ns, At safepoint: 62900 ns, Total: 271600 ns
[2021-05-20T10:34:34.785+0000][10][safepoint   ] Safepoint "Cleanup", Time since last: 1003233000 ns, Reaching safepoint: 728900 ns, At safepoint: 79300 ns, Total: 808200 ns
[2021-05-20T10:34:35.790+0000][10][safepoint   ] Safepoint "Cleanup", Time since last: 1003551700 ns, Reaching safepoint: 1118600 ns, At safepoint: 119900 ns, Total: 1238500 ns
[2021-05-20T10:34:36.796+0000][10][safepoint   ] Safepoint "Cleanup", Time since last: 1004755300 ns, Reaching safepoint: 1029700 ns, At safepoint: 108600 ns, Total: 1138300 ns
[2021-05-20T10:34:39.805+0000][10][safepoint   ] Safepoint "Cleanup", Time since last: 3008028200 ns, Reaching safepoint: 776000 ns, At safepoint: 72200 ns, Total: 848200 ns
[2021-05-20T10:34:40.810+0000][10][safepoint   ] Safepoint "Cleanup", Time since last: 1004029500 ns, Reaching safepoint: 693900 ns, At safepoint: 80100 ns, Total: 774000 ns
[2021-05-20T10:34:41.814+0000][10][safepoint   ] Safepoint "Cleanup", Time since last: 1003459000 ns, Reaching safepoint: 453600 ns, At safepoint: 60900 ns, Total: 514500 ns
[2021-05-20T10:34:42.818+0000][10][safepoint   ] Safepoint "Cleanup", Time since last: 1003844700 ns, Reaching safepoint: 288100 ns, At safepoint: 73400 ns, Total: 361500 ns
[2021-05-20T10:34:43.788+0000][10][safepoint   ] Safepoint "Cleanup", Time since last: 1004369800 ns, Reaching safepoint: 429000 ns, At safepoint: 49400 ns, Total: 478400 ns
[2021-05-20T10:34:46.795+0000][10][safepoint   ] Safepoint "Cleanup", Time since last: 3006494900 ns, Reaching safepoint: 520600 ns, At safepoint: 140500 ns, Total: 661100 ns
[2021-05-20T10:34:47.799+0000][10][safepoint   ] Safepoint "Cleanup", Time since last: 1003365500 ns, Reaching safepoint: 283000 ns, At safepoint: 60500 ns, Total: 343500 ns
[2021-05-20T10:34:48.802+0000][10][safepoint   ] Safepoint "Cleanup", Time since last: 1003264100 ns, Reaching safepoint: 231400 ns, At safepoint: 69800 ns, Total: 301200 ns
[2021-05-20T10:34:49.807+0000][10][safepoint   ] Safepoint "Cleanup", Time since last: 1003861800 ns, Reaching safepoint: 652500 ns, At safepoint: 70100 ns, Total: 722600 ns
[2021-05-20T10:34:50.811+0000][10][safepoint   ] Safepoint "Cleanup", Time since last: 1003810300 ns, Reaching safepoint: 190100 ns, At safepoint: 57200 ns, Total: 247300 ns
[2021-05-20T10:34:54.817+0000][10][safepoint   ] Safepoint "Cleanup", Time since last: 4006074500 ns, Reaching safepoint: 290300 ns, At safepoint: 54100 ns, Total: 344400 ns
[2021-05-20T10:34:55.821+0000][10][safepoint   ] Safepoint "Cleanup", Time since last: 1003509100 ns, Reaching safepoint: 279500 ns, At safepoint: 104400 ns, Total: 383900 ns
[2021-05-20T10:34:57.829+0000][10][safepoint   ] Safepoint "Cleanup", Time since last: 2007547800 ns, Reaching safepoint: 372800 ns, At safepoint: 113300 ns, Total: 486100 ns
[2021-05-20T10:34:59.836+0000][10][safepoint   ] Safepoint "Cleanup", Time since last: 2005978200 ns, Reaching safepoint: 666000 ns, At safepoint: 89800 ns, Total: 755800 ns
[2021-05-20T10:35:00.840+0000][10][safepoint   ] Safepoint "Cleanup", Time since last: 1004058400 ns, Reaching safepoint: 319600 ns, At safepoint: 115400 ns, Total: 435000 ns
[2021-05-20T10:35:03.851+0000][10][safepoint   ] Safepoint "Cleanup", Time since last: 3010314200 ns, Reaching safepoint: 262700 ns, At safepoint: 103200 ns, Total: 365900 ns
[2021-05-20T10:35:04.858+0000][10][safepoint   ] Safepoint "Cleanup", Time since last: 1005244200 ns, Reaching safepoint: 1378200 ns, At safepoint: 94500 ns, Total: 1472700 ns
[2021-05-20T10:35:08.869+0000][10][safepoint   ] Safepoint "Cleanup", Time since last: 4010738900 ns, Reaching safepoint: 325200 ns, At safepoint: 92600 ns, Total: 417800 ns
[2021-05-20T10:35:09.874+0000][10][safepoint   ] Safepoint "Cleanup", Time since last: 1004122300 ns, Reaching safepoint: 386200 ns, At safepoint: 659200 ns, Total: 1045400 ns
[2021-05-20T10:35:10.883+0000][10][safepoint   ] Safepoint "Cleanup", Time since last: 1007490700 ns, Reaching safepoint: 958400 ns, At safepoint: 113400 ns, Total: 1071800 ns
[2021-05-20T10:35:12.889+0000][10][safepoint   ] Safepoint "Cleanup", Time since last: 2006270200 ns, Reaching safepoint: 93100 ns, At safepoint: 23900 ns, Total: 117000 ns
[2021-05-20T10:35:13.857+0000][10][safepoint   ] Safepoint "Cleanup", Time since last: 1002785000 ns, Reaching safepoint: 144500 ns, At safepoint: 56000 ns, Total: 200500 ns
[2021-05-20T10:35:14.860+0000][10][safepoint   ] Safepoint "Cleanup", Time since last: 1002131200 ns, Reaching safepoint: 95400 ns, At safepoint: 27000 ns, Total: 122400 ns
[2021-05-20T10:35:19.869+0000][10][safepoint   ] Safepoint "Cleanup", Time since last: 5008904800 ns, Reaching safepoint: 190300 ns, At safepoint: 234500 ns, Total: 424800 ns
[2021-05-20T10:35:21.875+0000][10][safepoint   ] Safepoint "Cleanup", Time since last: 2005844100 ns, Reaching safepoint: 107000 ns, At safepoint: 25800 ns, Total: 132800 ns
[2021-05-20T10:35:24.882+0000][10][safepoint   ] Safepoint "Cleanup", Time since last: 3007028600 ns, Reaching safepoint: 307100 ns, At safepoint: 116600 ns, Total: 423700 ns
[2021-05-20T10:35:26.890+0000][10][safepoint   ] Safepoint "Cleanup", Time since last: 2007077200 ns, Reaching safepoint: 710100 ns, At safepoint: 134200 ns, Total: 844300 ns
[2021-05-20T10:35:35.909+0000][10][safepoint   ] Safepoint "Cleanup", Time since last: 9017246800 ns, Reaching safepoint: 1242400 ns, At safepoint: 120300 ns, Total: 1362700 ns
[2021-05-20T10:35:36.916+0000][10][safepoint   ] Safepoint "Cleanup", Time since last: 1006320300 ns, Reaching safepoint: 299500 ns, At safepoint: 95700 ns, Total: 395200 ns
[2021-05-20T10:35:37.921+0000][10][safepoint   ] Safepoint "Cleanup", Time since last: 1004490900 ns, Reaching safepoint: 329200 ns, At safepoint: 79100 ns, Total: 408300 ns
[2021-05-20T10:35:38.924+0000][10][safepoint   ] Safepoint "Cleanup", Time since last: 1003645200 ns, Reaching safepoint: 156400 ns, At safepoint: 100200 ns, Total: 256600 ns
[2021-05-20T10:35:39.930+0000][10][safepoint   ] Safepoint "Cleanup", Time since last: 1004558400 ns, Reaching safepoint: 1034500 ns, At safepoint: 110100 ns, Total: 1144600 ns
[2021-05-20T10:35:41.938+0000][10][safepoint   ] Safepoint "Cleanup", Time since last: 2006045100 ns, Reaching safepoint: 1314700 ns, At safepoint: 125000 ns, Total: 1439700 ns
[2021-05-20T10:35:44.909+0000][10][safepoint   ] Safepoint "Cleanup", Time since last: 3005631300 ns, Reaching safepoint: 156100 ns, At safepoint: 23400 ns, Total: 179500 ns
[2021-05-20T10:35:45.912+0000][10][safepoint   ] Safepoint "Cleanup", Time since last: 1002595300 ns, Reaching safepoint: 339700 ns, At safepoint: 104400 ns, Total: 444100 ns
[2021-05-20T10:35:46.919+0000][10][safepoint   ] Safepoint "Cleanup", Time since last: 1006090800 ns, Reaching safepoint: 320700 ns, At safepoint: 308000 ns, Total: 628700 ns
[2021-05-20T10:35:48.924+0000][10][safepoint   ] Safepoint "Cleanup", Time since last: 2005869700 ns, Reaching safepoint: 106200 ns, At safepoint: 25000 ns, Total: 131200 ns
[2021-05-20T10:35:50.929+0000][10][safepoint   ] Safepoint "Cleanup", Time since last: 2004216800 ns, Reaching safepoint: 178200 ns, At safepoint: 70500 ns, Total: 248700 ns
[2021-05-20T10:35:51.933+0000][10][safepoint   ] Safepoint "Cleanup", Time since last: 1003693200 ns, Reaching safepoint: 205500 ns, At safepoint: 74400 ns, Total: 279900 ns
[2021-05-20T10:35:55.940+0000][10][safepoint   ] Safepoint "Cleanup", Time since last: 4006898000 ns, Reaching safepoint: 190100 ns, At safepoint: 210700 ns, Total: 400800 ns
[2021-05-20T10:35:56.944+0000][10][safepoint   ] Safepoint "Cleanup", Time since last: 1003560200 ns, Reaching safepoint: 288100 ns, At safepoint: 349200 ns, Total: 637300 ns
[2021-05-20T10:35:57.951+0000][10][safepoint   ] Safepoint "Cleanup", Time since last: 1005817900 ns, Reaching safepoint: 208900 ns, At safepoint: 199700 ns, Total: 408600 ns
[2021-05-20T10:35:58.957+0000][10][safepoint   ] Safepoint "Cleanup", Time since last: 1005739800 ns, Reaching safepoint: 461100 ns, At safepoint: 70300 ns, Total: 531400 ns
[2021-05-20T10:36:03.969+0000][10][safepoint   ] Safepoint "Cleanup", Time since last: 5011682100 ns, Reaching safepoint: 237300 ns, At safepoint: 65100 ns, Total: 302400 ns
[2021-05-20T10:36:04.972+0000][10][safepoint   ] Safepoint "Cleanup", Time since last: 1002425900 ns, Reaching safepoint: 189100 ns, At safepoint: 65100 ns, Total: 254200 ns
[2021-05-20T10:36:07.980+0000][10][safepoint   ] Safepoint "Cleanup", Time since last: 3008185300 ns, Reaching safepoint: 475900 ns, At safepoint: 68500 ns, Total: 544400 ns
[2021-05-20T10:36:09.989+0000][10][safepoint   ] Safepoint "Cleanup", Time since last: 2007430500 ns, Reaching safepoint: 843000 ns, At safepoint: 73600 ns, Total: 916600 ns
[2021-05-20T10:36:10.995+0000][10][safepoint   ] Safepoint "Cleanup", Time since last: 1005155200 ns, Reaching safepoint: 739200 ns, At safepoint: 83300 ns, Total: 822500 ns
[2021-05-20T10:36:13.971+0000][10][safepoint   ] Safepoint "Cleanup", Time since last: 3010707800 ns, Reaching safepoint: 199200 ns, At safepoint: 67700 ns, Total: 266900 ns
[2021-05-20T10:36:19.980+0000][10][safepoint   ] Safepoint "Cleanup", Time since last: 6008147400 ns, Reaching safepoint: 165200 ns, At safepoint: 36100 ns, Total: 201300 ns
[2021-05-20T10:36:21.986+0000][10][safepoint   ] Safepoint "Cleanup", Time since last: 2006333100 ns, Reaching safepoint: 240500 ns, At safepoint: 57300 ns, Total: 297800 ns
[2021-05-20T10:36:23.990+0000][10][safepoint   ] Safepoint "Cleanup", Time since last: 2003259300 ns, Reaching safepoint: 194600 ns, At safepoint: 319500 ns, Total: 514100 ns
[2021-05-20T10:36:26.997+0000][10][safepoint   ] Safepoint "Cleanup", Time since last: 3005858400 ns, Reaching safepoint: 645600 ns, At safepoint: 106100 ns, Total: 751700 ns
[2021-05-20T10:36:28.001+0000][10][safepoint   ] Safepoint "Cleanup", Time since last: 1004558500 ns, Reaching safepoint: 205800 ns, At safepoint: 70200 ns, Total: 276000 ns
[2021-05-20T10:36:30.007+0000][10][safepoint   ] Safepoint "Cleanup", Time since last: 2003867100 ns, Reaching safepoint: 1237500 ns, At safepoint: 310100 ns, Total: 1547600 ns
[2021-05-20T10:36:35.015+0000][10][safepoint   ] Safepoint "Cleanup", Time since last: 5008074200 ns, Reaching safepoint: 339600 ns, At safepoint: 140300 ns, Total: 479900 ns
[2021-05-20T10:36:40.024+0000][10][safepoint   ] Safepoint "Cleanup", Time since last: 5008155200 ns, Reaching safepoint: 257400 ns, At safepoint: 50100 ns, Total: 307500 ns
[2021-05-20T10:36:41.028+0000][10][safepoint   ] Safepoint "Cleanup", Time since last: 1003279300 ns, Reaching safepoint: 704500 ns, At safepoint: 66100 ns, Total: 770600 ns
[2021-05-20T10:36:42.031+0000][10][safepoint   ] Safepoint "Cleanup", Time since last: 1002613100 ns, Reaching safepoint: 306100 ns, At safepoint: 62200 ns, Total: 368300 ns
[2021-05-20T10:36:43.034+0000][10][safepoint   ] Safepoint "Cleanup", Time since last: 1002946600 ns, Reaching safepoint: 210000 ns, At safepoint: 27200 ns, Total: 237200 ns
[2021-05-20T10:36:51.010+0000][10][safepoint   ] Safepoint "Cleanup", Time since last: 8010067300 ns, Reaching safepoint: 285900 ns, At safepoint: 135000 ns, Total: 420900 ns
[2021-05-20T10:36:58.019+0000][10][safepoint   ] Safepoint "Cleanup", Time since last: 7008189000 ns, Reaching safepoint: 446500 ns, At safepoint: 145200 ns, Total: 591700 ns
[2021-05-20T10:37:00.024+0000][10][safepoint   ] Safepoint "Cleanup", Time since last: 2004259100 ns, Reaching safepoint: 768700 ns, At safepoint: 111900 ns, Total: 880600 ns
[2021-05-20T10:37:07.033+0000][10][safepoint   ] Safepoint "Cleanup", Time since last: 7008767800 ns, Reaching safepoint: 438500 ns, At safepoint: 347500 ns, Total: 786000 ns
[2021-05-20T10:37:10.042+0000][10][safepoint   ] Safepoint "Cleanup", Time since last: 3008070500 ns, Reaching safepoint: 326400 ns, At safepoint: 95300 ns, Total: 421700 ns
[2021-05-20T10:37:11.047+0000][10][safepoint   ] Safepoint "Cleanup", Time since last: 1005173100 ns, Reaching safepoint: 149600 ns, At safepoint: 25700 ns, Total: 175300 ns
[2021-05-20T10:37:12.051+0000][10][safepoint   ] Safepoint "Cleanup", Time since last: 1003120400 ns, Reaching safepoint: 298000 ns, At safepoint: 231400 ns, Total: 529400 ns
[2021-05-20T10:37:14.021+0000][10][safepoint   ] Safepoint "Cleanup", Time since last: 2004765900 ns, Reaching safepoint: 156500 ns, At safepoint: 66000 ns, Total: 222500 ns
[2021-05-20T10:37:15.026+0000][10][safepoint   ] Safepoint "Cleanup", Time since last: 1004042700 ns, Reaching safepoint: 219000 ns, At safepoint: 44600 ns, Total: 263600 ns
[2021-05-20T10:37:24.033+0000][10][safepoint   ] Safepoint "Cleanup", Time since last: 9007393700 ns, Reaching safepoint: 102900 ns, At safepoint: 72900 ns, Total: 175800 ns
[2021-05-20T10:37:26.041+0000][10][safepoint   ] Safepoint "Cleanup", Time since last: 2006954400 ns, Reaching safepoint: 743500 ns, At safepoint: 205100 ns, Total: 948600 ns
[2021-05-20T10:37:30.046+0000][10][safepoint   ] Safepoint "Cleanup", Time since last: 4004761700 ns, Reaching safepoint: 243300 ns, At safepoint: 91400 ns, Total: 334700 ns
[2021-05-20T10:37:31.050+0000][10][safepoint   ] Safepoint "Cleanup", Time since last: 1003633400 ns, Reaching safepoint: 475100 ns, At safepoint: 84900 ns, Total: 560000 ns
[2021-05-20T10:37:32.055+0000][10][safepoint   ] Safepoint "Cleanup", Time since last: 1004032600 ns, Reaching safepoint: 699700 ns, At safepoint: 62600 ns, Total: 762300 ns
[2021-05-20T10:37:47.042+0000][10][safepoint   ] Safepoint "Cleanup", Time since last: 15021054600 ns, Reaching safepoint: 452100 ns, At safepoint: 62500 ns, Total: 514600 ns
[2021-05-20T10:37:50.050+0000][10][safepoint   ] Safepoint "Cleanup", Time since last: 3007236700 ns, Reaching safepoint: 280000 ns, At safepoint: 78600 ns, Total: 358600 ns
[2021-05-20T10:37:51.055+0000][10][safepoint   ] Safepoint "Cleanup", Time since last: 1004479600 ns, Reaching safepoint: 483000 ns, At safepoint: 92400 ns, Total: 575400 ns
[2021-05-20T10:37:53.062+0000][10][safepoint   ] Safepoint "Cleanup", Time since last: 2007613700 ns, Reaching safepoint: 195200 ns, At safepoint: 54200 ns, Total: 249400 ns
[2021-05-20T10:37:54.067+0000][10][safepoint   ] Safepoint "Cleanup", Time since last: 1004664900 ns, Reaching safepoint: 272800 ns, At safepoint: 78900 ns, Total: 351700 ns
[2021-05-20T10:37:55.072+0000][10][safepoint   ] Safepoint "Cleanup", Time since last: 1004258000 ns, Reaching safepoint: 96200 ns, At safepoint: 28100 ns, Total: 124300 ns
[2021-05-20T10:38:00.077+0000][10][safepoint   ] Safepoint "Cleanup", Time since last: 5004620200 ns, Reaching safepoint: 357800 ns, At safepoint: 40700 ns, Total: 398500 ns
[2021-05-20T10:38:01.080+0000][10][safepoint   ] Safepoint "Cleanup", Time since last: 1002829800 ns, Reaching safepoint: 147600 ns, At safepoint: 36200 ns, Total: 183800 ns
[2021-05-20T10:38:02.084+0000][10][safepoint   ] Safepoint "Cleanup", Time since last: 1003230700 ns, Reaching safepoint: 1092100 ns, At safepoint: 84700 ns, Total: 1176800 ns
[2021-05-20T10:38:05.091+0000][10][safepoint   ] Safepoint "Cleanup", Time since last: 3006212600 ns, Reaching safepoint: 409300 ns, At safepoint: 48400 ns, Total: 457700 ns
[2021-05-20T10:38:07.094+0000][10][safepoint   ] Safepoint "Cleanup", Time since last: 2003060700 ns, Reaching safepoint: 152000 ns, At safepoint: 44000 ns, Total: 196000 ns
[2021-05-20T10:38:08.097+0000][10][safepoint   ] Safepoint "Cleanup", Time since last: 1003044100 ns, Reaching safepoint: 204600 ns, At safepoint: 39000 ns, Total: 243600 ns
[2021-05-20T10:38:10.102+0000][10][safepoint   ] Safepoint "Cleanup", Time since last: 2003382300 ns, Reaching safepoint: 537000 ns, At safepoint: 200600 ns, Total: 737600 ns
[2021-05-20T10:38:22.089+0000][10][safepoint   ] Safepoint "Cleanup", Time since last: 12021235700 ns, Reaching safepoint: 668300 ns, At safepoint: 290800 ns, Total: 959100 ns
[2021-05-20T10:38:28.101+0000][10][safepoint   ] Safepoint "Cleanup", Time since last: 6011094600 ns, Reaching safepoint: 562200 ns, At safepoint: 66400 ns, Total: 628600 ns
[2021-05-20T10:38:31.111+0000][10][safepoint   ] Safepoint "Cleanup", Time since last: 3008950500 ns, Reaching safepoint: 174300 ns, At safepoint: 270400 ns, Total: 444700 ns
[2021-05-20T10:38:33.116+0000][10][safepoint   ] Safepoint "Cleanup", Time since last: 2005181600 ns, Reaching safepoint: 362500 ns, At safepoint: 94800 ns, Total: 457300 ns
[2021-05-20T10:38:35.124+0000][10][safepoint   ] Safepoint "Cleanup", Time since last: 2007275900 ns, Reaching safepoint: 396400 ns, At safepoint: 115500 ns, Total: 511900 ns
[2021-05-20T10:38:37.132+0000][10][safepoint   ] Safepoint "Cleanup", Time since last: 2007690500 ns, Reaching safepoint: 493900 ns, At safepoint: 112800 ns, Total: 606700 ns
[2021-05-20T10:38:40.145+0000][10][safepoint   ] Safepoint "Cleanup", Time since last: 3011441000 ns, Reaching safepoint: 951200 ns, At safepoint: 110900 ns, Total: 1062100 ns
[2021-05-20T10:38:41.153+0000][10][safepoint   ] Safepoint "Cleanup", Time since last: 1006808700 ns, Reaching safepoint: 1031700 ns, At safepoint: 126500 ns, Total: 1158200 ns
[2021-05-20T10:38:42.159+0000][10][safepoint   ] Safepoint "Cleanup", Time since last: 1005884700 ns, Reaching safepoint: 195000 ns, At safepoint: 98900 ns, Total: 293900 ns
[2021-05-20T10:38:50.140+0000][10][safepoint   ] Safepoint "Cleanup", Time since last: 8015254100 ns, Reaching safepoint: 595300 ns, At safepoint: 98700 ns, Total: 694000 ns
[2021-05-20T10:38:54.876+0000][10][safepoint   ] Safepoint "Cleanup", Time since last: 4734840200 ns, Reaching safepoint: 725800 ns, At safepoint: 150600 ns, Total: 876400 ns
[2021-05-20T10:39:13.871+0000][10][safepoint   ] Safepoint "Cleanup", Time since last: 19029322500 ns, Reaching safepoint: 365900 ns, At safepoint: 780300 ns, Total: 1146200 ns
[2021-05-20T10:39:21.385+0000][10][safepoint   ] Safepoint "Cleanup", Time since last: 7513122500 ns, Reaching safepoint: 238500 ns, At safepoint: 87300 ns, Total: 325800 ns
[2021-05-20T10:39:24.389+0000][10][safepoint   ] Safepoint "Cleanup", Time since last: 3003900800 ns, Reaching safepoint: 101400 ns, At safepoint: 100800 ns, Total: 202200 ns
[2021-05-20T10:39:27.393+0000][10][safepoint   ] Safepoint "Cleanup", Time since last: 3003513400 ns, Reaching safepoint: 604700 ns, At safepoint: 97100 ns, Total: 701800 ns
[2021-05-20T10:39:34.401+0000][10][safepoint   ] Safepoint "Cleanup", Time since last: 7007308600 ns, Reaching safepoint: 583100 ns, At safepoint: 68000 ns, Total: 651100 ns
[2021-05-20T10:39:40.408+0000][10][safepoint   ] Safepoint "Cleanup", Time since last: 6006520300 ns, Reaching safepoint: 705900 ns, At safepoint: 69900 ns, Total: 775800 ns
[2021-05-20T10:39:41.411+0000][10][safepoint   ] Safepoint "Cleanup", Time since last: 1002473400 ns, Reaching safepoint: 428300 ns, At safepoint: 70200 ns, Total: 498500 ns
[2021-05-20T10:39:42.414+0000][10][safepoint   ] Safepoint "Cleanup", Time since last: 1002433100 ns, Reaching safepoint: 74700 ns, At safepoint: 30100 ns, Total: 104800 ns
[2021-05-20T10:39:51.390+0000][10][safepoint   ] Safepoint "Cleanup", Time since last: 9010011700 ns, Reaching safepoint: 1098200 ns, At safepoint: 137300 ns, Total: 1235500 ns
[2021-05-20T10:40:03.405+0000][10][safepoint   ] Safepoint "Cleanup", Time since last: 12014702400 ns, Reaching safepoint: 195500 ns, At safepoint: 101100 ns, Total: 296600 ns
[2021-05-20T10:40:14.387+0000][10][safepoint   ] Safepoint "Cleanup", Time since last: 11015338200 ns, Reaching safepoint: 1115300 ns, At safepoint: 379200 ns, Total: 1494500 ns
[2021-05-20T10:40:23.398+0000][10][safepoint   ] Safepoint "Cleanup", Time since last: 9010432600 ns, Reaching safepoint: 223200 ns, At safepoint: 37000 ns, Total: 260200 ns
[2021-05-20T10:40:30.412+0000][10][safepoint   ] Safepoint "Cleanup", Time since last: 7013746900 ns, Reaching safepoint: 341100 ns, At safepoint: 48500 ns, Total: 389600 ns
[2021-05-20T10:40:35.421+0000][10][safepoint   ] Safepoint "Cleanup", Time since last: 5008524600 ns, Reaching safepoint: 544000 ns, At safepoint: 72300 ns, Total: 616300 ns
[2021-05-20T10:40:40.431+0000][10][safepoint   ] Safepoint "Cleanup", Time since last: 5009511900 ns, Reaching safepoint: 317400 ns, At safepoint: 42800 ns, Total: 360200 ns
[2021-05-20T10:40:43.402+0000][10][safepoint   ] Safepoint "Cleanup", Time since last: 3005423000 ns, Reaching safepoint: 181300 ns, At safepoint: 122000 ns, Total: 303300 ns
[2021-05-20T10:40:44.409+0000][10][safepoint   ] Safepoint "Cleanup", Time since last: 1006306900 ns, Reaching safepoint: 174200 ns, At safepoint: 131300 ns, Total: 305500 ns
[2021-05-20T10:40:45.414+0000][10][safepoint   ] Safepoint "Cleanup", Time since last: 1004590400 ns, Reaching safepoint: 190800 ns, At safepoint: 91700 ns, Total: 282500 ns
[2021-05-20T10:40:46.419+0000][10][safepoint   ] Safepoint "Cleanup", Time since last: 1005120200 ns, Reaching safepoint: 79500 ns, At safepoint: 54200 ns, Total: 133700 ns
[2021-05-20T10:40:49.425+0000][10][safepoint   ] Safepoint "Cleanup", Time since last: 3004823800 ns, Reaching safepoint: 782100 ns, At safepoint: 106400 ns, Total: 888500 ns
[2021-05-20T10:40:55.434+0000][10][safepoint   ] Safepoint "Cleanup", Time since last: 6007973300 ns, Reaching safepoint: 997600 ns, At safepoint: 113800 ns, Total: 1111400 ns
[2021-05-20T10:41:04.454+0000][10][safepoint   ] Safepoint "Cleanup", Time since last: 9019801500 ns, Reaching safepoint: 508100 ns, At safepoint: 83900 ns, Total: 592000 ns
[2021-05-20T10:41:14.434+0000][10][safepoint   ] Safepoint "Cleanup", Time since last: 10014876800 ns, Reaching safepoint: 122300 ns, At safepoint: 34000 ns, Total: 156300 ns
[2021-05-20T10:41:16.438+0000][10][safepoint   ] Safepoint "Cleanup", Time since last: 2003413700 ns, Reaching safepoint: 152800 ns, At safepoint: 52600 ns, Total: 205400 ns
[2021-05-20T10:41:16.486+0000][10][gc,heap,exit] Heap
[2021-05-20T10:41:16.487+0000][10][gc,heap,exit]  garbage-first heap   total 524288K, used 238441K [0x00000000e0000000, 0x0000000100000000)
[2021-05-20T10:41:16.488+0000][10][gc,heap,exit]   region size 4096K, 44 young (180224K), 6 survivors (24576K)
[2021-05-20T10:41:16.489+0000][10][gc,heap,exit]  Metaspace       used 85922K, committed 87232K, reserved 1130496K
[2021-05-20T10:41:16.489+0000][10][gc,heap,exit]   class space    used 11622K, committed 12160K, reserved 1048576K
