[2021-05-20T10:21:23.497+0000][9][gc] Using G1
[2021-05-20T10:21:23.555+0000][9][gc,init] Version: 16+36 (release)
[2021-05-20T10:21:23.556+0000][9][gc,init] CPUs: 4 total, 4 available
[2021-05-20T10:21:23.557+0000][9][gc,init] Memory: 3936M
[2021-05-20T10:21:23.558+0000][9][gc,init] Large Page Support: Disabled
[2021-05-20T10:21:23.558+0000][9][gc,init] NUMA Support: Disabled
[2021-05-20T10:21:23.559+0000][9][gc,init] Compressed Oops: Enabled (32-bit)
[2021-05-20T10:21:23.559+0000][9][gc,init] Heap Region Size: 4M
[2021-05-20T10:21:23.560+0000][9][gc,init] Heap Min Capacity: 512M
[2021-05-20T10:21:23.560+0000][9][gc,init] Heap Initial Capacity: 512M
[2021-05-20T10:21:23.561+0000][9][gc,init] Heap Max Capacity: 512M
[2021-05-20T10:21:23.562+0000][9][gc,init] Pre-touch: Enabled
[2021-05-20T10:21:23.562+0000][9][gc,init] Parallel Workers: 4
[2021-05-20T10:21:23.563+0000][9][gc,init] Concurrent Workers: 1
[2021-05-20T10:21:23.563+0000][9][gc,init] Concurrent Refinement Workers: 4
[2021-05-20T10:21:23.564+0000][9][gc,init] Periodic GC: Disabled
[2021-05-20T10:21:23.565+0000][9][gc,metaspace] CDS archive(s) mapped at: [0x0000000800000000-0x0000000800bea000-0x0000000800bea000), size 12492800, SharedBaseAddress: 0x0000000800000000, ArchiveRelocationMode: 0.
[2021-05-20T10:21:23.565+0000][9][gc,metaspace] Compressed class space mapped at: 0x0000000800c00000-0x0000000840c00000, reserved size: 1073741824
[2021-05-20T10:21:23.566+0000][9][gc,metaspace] Narrow klass base: 0x0000000800000000, Narrow klass shift: 3, Narrow klass range: 0x100000000
[2021-05-20T10:21:24.206+0000][9][safepoint   ] Safepoint "ICBufferFull", Time since last: 631840300 ns, Reaching safepoint: 362300 ns, At safepoint: 39500 ns, Total: 401800 ns
[2021-05-20T10:21:24.557+0000][9][gc,start    ] GC(0) Pause Young (Normal) (G1 Evacuation Pause)
[2021-05-20T10:21:24.558+0000][9][gc,task     ] GC(0) Using 4 workers of 4 for evacuation
[2021-05-20T10:21:24.560+0000][9][gc,age      ] GC(0) Desired survivor size 2097152 bytes, new threshold 15 (max threshold 15)
[2021-05-20T10:21:24.580+0000][9][gc,age      ] GC(0) Age table with threshold 15 (max threshold 15)
[2021-05-20T10:21:24.582+0000][9][gc,age      ] GC(0) - age   1:    4175960 bytes,    4175960 total
[2021-05-20T10:21:24.582+0000][9][gc,phases   ] GC(0)   Pre Evacuate Collection Set: 0.4ms
[2021-05-20T10:21:24.583+0000][9][gc,phases   ] GC(0)   Merge Heap Roots: 0.2ms
[2021-05-20T10:21:24.584+0000][9][gc,phases   ] GC(0)   Evacuate Collection Set: 13.7ms
[2021-05-20T10:21:24.584+0000][9][gc,phases   ] GC(0)   Post Evacuate Collection Set: 5.4ms
[2021-05-20T10:21:24.585+0000][9][gc,phases   ] GC(0)   Other: 5.3ms
[2021-05-20T10:21:24.586+0000][9][gc,heap     ] GC(0) Eden regions: 6->0(5)
[2021-05-20T10:21:24.587+0000][9][gc,heap     ] GC(0) Survivor regions: 0->1(1)
[2021-05-20T10:21:24.587+0000][9][gc,heap     ] GC(0) Old regions: 0->1
[2021-05-20T10:21:24.588+0000][9][gc,heap     ] GC(0) Archive regions: 2->2
[2021-05-20T10:21:24.589+0000][9][gc,heap     ] GC(0) Humongous regions: 0->0
[2021-05-20T10:21:24.590+0000][9][gc,metaspace] GC(0) Metaspace: 8177K(8320K)->8177K(8320K) NonClass: 7265K(7360K)->7265K(7360K) Class: 912K(960K)->912K(960K)
[2021-05-20T10:21:24.591+0000][9][gc          ] GC(0) Pause Young (Normal) (G1 Evacuation Pause) 27M->8M(512M) 33.866ms
[2021-05-20T10:21:24.592+0000][9][gc,cpu      ] GC(0) User=0.04s Sys=0.00s Real=0.03s
[2021-05-20T10:21:24.593+0000][9][safepoint   ] Safepoint "G1CollectForAllocation", Time since last: 351350100 ns, Reaching safepoint: 193300 ns, At safepoint: 36095800 ns, Total: 36289100 ns
[2021-05-20T10:21:25.316+0000][9][gc,start    ] GC(1) Pause Young (Normal) (G1 Evacuation Pause)
[2021-05-20T10:21:25.317+0000][9][gc,task     ] GC(1) Using 4 workers of 4 for evacuation
[2021-05-20T10:21:25.318+0000][9][gc,age      ] GC(1) Desired survivor size 2097152 bytes, new threshold 1 (max threshold 15)
[2021-05-20T10:21:25.329+0000][9][gc,age      ] GC(1) Age table with threshold 1 (max threshold 15)
[2021-05-20T10:21:25.330+0000][9][gc,age      ] GC(1) - age   1:    1729368 bytes,    1729368 total
[2021-05-20T10:21:25.331+0000][9][gc,phases   ] GC(1)   Pre Evacuate Collection Set: 0.1ms
[2021-05-20T10:21:25.332+0000][9][gc,phases   ] GC(1)   Merge Heap Roots: 0.4ms
[2021-05-20T10:21:25.333+0000][9][gc,phases   ] GC(1)   Evacuate Collection Set: 8.2ms
[2021-05-20T10:21:25.333+0000][9][gc,phases   ] GC(1)   Post Evacuate Collection Set: 1.8ms
[2021-05-20T10:21:25.334+0000][9][gc,phases   ] GC(1)   Other: 5.0ms
[2021-05-20T10:21:25.335+0000][9][gc,heap     ] GC(1) Eden regions: 5->0(7)
[2021-05-20T10:21:25.335+0000][9][gc,heap     ] GC(1) Survivor regions: 1->1(1)
[2021-05-20T10:21:25.336+0000][9][gc,heap     ] GC(1) Old regions: 1->2
[2021-05-20T10:21:25.337+0000][9][gc,heap     ] GC(1) Archive regions: 2->2
[2021-05-20T10:21:25.337+0000][9][gc,heap     ] GC(1) Humongous regions: 0->0
[2021-05-20T10:21:25.338+0000][9][gc,metaspace] GC(1) Metaspace: 11665K(11904K)->11665K(11904K) NonClass: 10280K(10432K)->10280K(10432K) Class: 1384K(1472K)->1384K(1472K)
[2021-05-20T10:21:25.339+0000][9][gc          ] GC(1) Pause Young (Normal) (G1 Evacuation Pause) 28M->9M(512M) 22.548ms
[2021-05-20T10:21:25.339+0000][9][gc,cpu      ] GC(1) User=0.01s Sys=0.01s Real=0.02s
[2021-05-20T10:21:25.340+0000][9][safepoint   ] Safepoint "G1CollectForAllocation", Time since last: 722404300 ns, Reaching safepoint: 231100 ns, At safepoint: 23999800 ns, Total: 24230900 ns
[2021-05-20T10:21:25.753+0000][9][gc,start    ] GC(2) Pause Young (Normal) (G1 Evacuation Pause)
[2021-05-20T10:21:25.754+0000][9][gc,task     ] GC(2) Using 4 workers of 4 for evacuation
[2021-05-20T10:21:25.755+0000][9][gc,age      ] GC(2) Desired survivor size 2097152 bytes, new threshold 15 (max threshold 15)
[2021-05-20T10:21:25.767+0000][9][gc,age      ] GC(2) Age table with threshold 15 (max threshold 15)
[2021-05-20T10:21:25.768+0000][9][gc,age      ] GC(2) - age   1:    1142048 bytes,    1142048 total
[2021-05-20T10:21:25.769+0000][9][gc,age      ] GC(2) - age   2:    1655352 bytes,    2797400 total
[2021-05-20T10:21:25.770+0000][9][gc,phases   ] GC(2)   Pre Evacuate Collection Set: 0.2ms
[2021-05-20T10:21:25.770+0000][9][gc,phases   ] GC(2)   Merge Heap Roots: 0.5ms
[2021-05-20T10:21:25.771+0000][9][gc,phases   ] GC(2)   Evacuate Collection Set: 3.5ms
[2021-05-20T10:21:25.772+0000][9][gc,phases   ] GC(2)   Post Evacuate Collection Set: 6.7ms
[2021-05-20T10:21:25.772+0000][9][gc,phases   ] GC(2)   Other: 5.8ms
[2021-05-20T10:21:25.773+0000][9][gc,heap     ] GC(2) Eden regions: 7->0(23)
[2021-05-20T10:21:25.773+0000][9][gc,heap     ] GC(2) Survivor regions: 1->1(1)
[2021-05-20T10:21:25.774+0000][9][gc,heap     ] GC(2) Old regions: 2->2
[2021-05-20T10:21:25.774+0000][9][gc,heap     ] GC(2) Archive regions: 2->2
[2021-05-20T10:21:25.775+0000][9][gc,heap     ] GC(2) Humongous regions: 0->0
[2021-05-20T10:21:25.775+0000][9][gc,metaspace] GC(2) Metaspace: 14141K(14400K)->14141K(14400K) NonClass: 12506K(12672K)->12506K(12672K) Class: 1635K(1728K)->1635K(1728K)
[2021-05-20T10:21:25.776+0000][9][gc          ] GC(2) Pause Young (Normal) (G1 Evacuation Pause) 37M->10M(512M) 22.498ms
[2021-05-20T10:21:25.777+0000][9][gc,cpu      ] GC(2) User=0.01s Sys=0.00s Real=0.02s
[2021-05-20T10:21:25.777+0000][9][safepoint   ] Safepoint "G1CollectForAllocation", Time since last: 413141300 ns, Reaching safepoint: 125800 ns, At safepoint: 23970500 ns, Total: 24096300 ns
[2021-05-20T10:21:26.373+0000][9][safepoint   ] Safepoint "ICBufferFull", Time since last: 595622900 ns, Reaching safepoint: 283500 ns, At safepoint: 58500 ns, Total: 342000 ns
[2021-05-20T10:21:26.380+0000][9][safepoint   ] Safepoint "ICBufferFull", Time since last: 6847900 ns, Reaching safepoint: 62300 ns, At safepoint: 21800 ns, Total: 84100 ns
[2021-05-20T10:21:26.386+0000][9][safepoint   ] Safepoint "ICBufferFull", Time since last: 5648900 ns, Reaching safepoint: 70700 ns, At safepoint: 29100 ns, Total: 99800 ns
[2021-05-20T10:21:26.392+0000][9][safepoint   ] Safepoint "ICBufferFull", Time since last: 6285200 ns, Reaching safepoint: 71400 ns, At safepoint: 22100 ns, Total: 93500 ns
[2021-05-20T10:21:26.400+0000][9][safepoint   ] Safepoint "ICBufferFull", Time since last: 7795400 ns, Reaching safepoint: 77000 ns, At safepoint: 29000 ns, Total: 106000 ns
[2021-05-20T10:21:26.409+0000][9][safepoint   ] Safepoint "ICBufferFull", Time since last: 9111000 ns, Reaching safepoint: 95800 ns, At safepoint: 31800 ns, Total: 127600 ns
[2021-05-20T10:21:26.423+0000][9][safepoint   ] Safepoint "ICBufferFull", Time since last: 13598400 ns, Reaching safepoint: 76900 ns, At safepoint: 26100 ns, Total: 103000 ns
[2021-05-20T10:21:26.431+0000][9][safepoint   ] Safepoint "ICBufferFull", Time since last: 7434100 ns, Reaching safepoint: 74600 ns, At safepoint: 34500 ns, Total: 109100 ns
[2021-05-20T10:21:26.436+0000][9][safepoint   ] Safepoint "ICBufferFull", Time since last: 5611000 ns, Reaching safepoint: 79400 ns, At safepoint: 47900 ns, Total: 127300 ns
[2021-05-20T10:21:26.446+0000][9][safepoint   ] Safepoint "ICBufferFull", Time since last: 9233100 ns, Reaching safepoint: 83700 ns, At safepoint: 23400 ns, Total: 107100 ns
[2021-05-20T10:21:26.456+0000][9][safepoint   ] Safepoint "ICBufferFull", Time since last: 9882800 ns, Reaching safepoint: 74200 ns, At safepoint: 23600 ns, Total: 97800 ns
[2021-05-20T10:21:26.461+0000][9][safepoint   ] Safepoint "ICBufferFull", Time since last: 5111800 ns, Reaching safepoint: 68000 ns, At safepoint: 29900 ns, Total: 97900 ns
[2021-05-20T10:21:26.469+0000][9][safepoint   ] Safepoint "ICBufferFull", Time since last: 8458400 ns, Reaching safepoint: 92800 ns, At safepoint: 32400 ns, Total: 125200 ns
[2021-05-20T10:21:26.478+0000][9][safepoint   ] Safepoint "ICBufferFull", Time since last: 8322600 ns, Reaching safepoint: 59000 ns, At safepoint: 28100 ns, Total: 87100 ns
[2021-05-20T10:21:26.484+0000][9][safepoint   ] Safepoint "ICBufferFull", Time since last: 5887500 ns, Reaching safepoint: 64800 ns, At safepoint: 28100 ns, Total: 92900 ns
[2021-05-20T10:21:26.593+0000][9][safepoint   ] Safepoint "ICBufferFull", Time since last: 109065900 ns, Reaching safepoint: 81100 ns, At safepoint: 24600 ns, Total: 105700 ns
[2021-05-20T10:21:26.683+0000][9][gc,start    ] GC(3) Pause Young (Normal) (G1 Evacuation Pause)
[2021-05-20T10:21:26.684+0000][9][gc,task     ] GC(3) Using 4 workers of 4 for evacuation
[2021-05-20T10:21:26.685+0000][9][gc,age      ] GC(3) Desired survivor size 6291456 bytes, new threshold 15 (max threshold 15)
[2021-05-20T10:21:26.696+0000][9][gc,age      ] GC(3) Age table with threshold 15 (max threshold 15)
[2021-05-20T10:21:26.697+0000][9][gc,age      ] GC(3) - age   1:    3705944 bytes,    3705944 total
[2021-05-20T10:21:26.698+0000][9][gc,age      ] GC(3) - age   2:    1056096 bytes,    4762040 total
[2021-05-20T10:21:26.698+0000][9][gc,age      ] GC(3) - age   3:    1641240 bytes,    6403280 total
[2021-05-20T10:21:26.699+0000][9][gc,phases   ] GC(3)   Pre Evacuate Collection Set: 0.1ms
[2021-05-20T10:21:26.700+0000][9][gc,phases   ] GC(3)   Merge Heap Roots: 0.1ms
[2021-05-20T10:21:26.701+0000][9][gc,phases   ] GC(3)   Evacuate Collection Set: 8.2ms
[2021-05-20T10:21:26.701+0000][9][gc,phases   ] GC(3)   Post Evacuate Collection Set: 1.7ms
[2021-05-20T10:21:26.702+0000][9][gc,phases   ] GC(3)   Other: 5.9ms
[2021-05-20T10:21:26.702+0000][9][gc,heap     ] GC(3) Eden regions: 23->0(74)
[2021-05-20T10:21:26.703+0000][9][gc,heap     ] GC(3) Survivor regions: 1->2(3)
[2021-05-20T10:21:26.704+0000][9][gc,heap     ] GC(3) Old regions: 2->2
[2021-05-20T10:21:26.704+0000][9][gc,heap     ] GC(3) Archive regions: 2->2
[2021-05-20T10:21:26.705+0000][9][gc,heap     ] GC(3) Humongous regions: 0->0
[2021-05-20T10:21:26.706+0000][9][gc,metaspace] GC(3) Metaspace: 16374K(16576K)->16374K(16576K) NonClass: 14447K(14528K)->14447K(14528K) Class: 1927K(2048K)->1927K(2048K)
[2021-05-20T10:21:26.707+0000][9][gc          ] GC(3) Pause Young (Normal) (G1 Evacuation Pause) 102M->14M(512M) 23.063ms
[2021-05-20T10:21:26.707+0000][9][gc,cpu      ] GC(3) User=0.02s Sys=0.00s Real=0.02s
[2021-05-20T10:21:26.709+0000][9][safepoint   ] Safepoint "G1CollectForAllocation", Time since last: 90041200 ns, Reaching safepoint: 231600 ns, At safepoint: 25357200 ns, Total: 25588800 ns
[2021-05-20T10:21:27.512+0000][9][gc,start    ] GC(4) Pause Young (Normal) (G1 Evacuation Pause)
[2021-05-20T10:21:27.513+0000][9][gc,task     ] GC(4) Using 4 workers of 4 for evacuation
[2021-05-20T10:21:27.514+0000][9][gc,age      ] GC(4) Desired survivor size 20971520 bytes, new threshold 15 (max threshold 15)
[2021-05-20T10:21:27.529+0000][9][gc,age      ] GC(4) Age table with threshold 15 (max threshold 15)
[2021-05-20T10:21:27.530+0000][9][gc,age      ] GC(4) - age   1:    4735048 bytes,    4735048 total
[2021-05-20T10:21:27.531+0000][9][gc,age      ] GC(4) - age   2:    1947488 bytes,    6682536 total
[2021-05-20T10:21:27.532+0000][9][gc,age      ] GC(4) - age   3:    1055976 bytes,    7738512 total
[2021-05-20T10:21:27.532+0000][9][gc,age      ] GC(4) - age   4:    1641240 bytes,    9379752 total
[2021-05-20T10:21:27.533+0000][9][gc,phases   ] GC(4)   Pre Evacuate Collection Set: 0.1ms
[2021-05-20T10:21:27.534+0000][9][gc,phases   ] GC(4)   Merge Heap Roots: 0.2ms
[2021-05-20T10:21:27.534+0000][9][gc,phases   ] GC(4)   Evacuate Collection Set: 11.4ms
[2021-05-20T10:21:27.535+0000][9][gc,phases   ] GC(4)   Post Evacuate Collection Set: 2.1ms
[2021-05-20T10:21:27.536+0000][9][gc,phases   ] GC(4)   Other: 7.4ms
[2021-05-20T10:21:27.536+0000][9][gc,heap     ] GC(4) Eden regions: 74->0(73)
[2021-05-20T10:21:27.537+0000][9][gc,heap     ] GC(4) Survivor regions: 2->3(10)
[2021-05-20T10:21:27.538+0000][9][gc,heap     ] GC(4) Old regions: 2->2
[2021-05-20T10:21:27.538+0000][9][gc,heap     ] GC(4) Archive regions: 2->2
[2021-05-20T10:21:27.539+0000][9][gc,heap     ] GC(4) Humongous regions: 0->0
[2021-05-20T10:21:27.540+0000][9][gc,metaspace] GC(4) Metaspace: 18640K(19008K)->18640K(19008K) NonClass: 16420K(16640K)->16420K(16640K) Class: 2220K(2368K)->2220K(2368K)
[2021-05-20T10:21:27.540+0000][9][gc          ] GC(4) Pause Young (Normal) (G1 Evacuation Pause) 310M->17M(512M) 28.314ms
[2021-05-20T10:21:27.541+0000][9][gc,cpu      ] GC(4) User=0.02s Sys=0.01s Real=0.03s
[2021-05-20T10:21:27.542+0000][9][safepoint   ] Safepoint "G1CollectForAllocation", Time since last: 803143700 ns, Reaching safepoint: 123500 ns, At safepoint: 29675500 ns, Total: 29799000 ns
[2021-05-20T10:21:28.015+0000][9][gc,start    ] GC(5) Pause Young (Normal) (G1 Evacuation Pause)
[2021-05-20T10:21:28.016+0000][9][gc,task     ] GC(5) Using 4 workers of 4 for evacuation
[2021-05-20T10:21:28.017+0000][9][gc,age      ] GC(5) Desired survivor size 20971520 bytes, new threshold 15 (max threshold 15)
[2021-05-20T10:21:28.031+0000][9][gc,age      ] GC(5) Age table with threshold 15 (max threshold 15)
[2021-05-20T10:21:28.031+0000][9][gc,age      ] GC(5) - age   1:    4319440 bytes,    4319440 total
[2021-05-20T10:21:28.032+0000][9][gc,age      ] GC(5) - age   2:    3759432 bytes,    8078872 total
[2021-05-20T10:21:28.033+0000][9][gc,age      ] GC(5) - age   3:    1947136 bytes,   10026008 total
[2021-05-20T10:21:28.033+0000][9][gc,age      ] GC(5) - age   4:    1055976 bytes,   11081984 total
[2021-05-20T10:21:28.034+0000][9][gc,age      ] GC(5) - age   5:    1641240 bytes,   12723224 total
[2021-05-20T10:21:28.035+0000][9][gc,phases   ] GC(5)   Pre Evacuate Collection Set: 0.1ms
[2021-05-20T10:21:28.035+0000][9][gc,phases   ] GC(5)   Merge Heap Roots: 0.4ms
[2021-05-20T10:21:28.036+0000][9][gc,phases   ] GC(5)   Evacuate Collection Set: 10.8ms
[2021-05-20T10:21:28.037+0000][9][gc,phases   ] GC(5)   Post Evacuate Collection Set: 1.8ms
[2021-05-20T10:21:28.037+0000][9][gc,phases   ] GC(5)   Other: 6.7ms
[2021-05-20T10:21:28.038+0000][9][gc,heap     ] GC(5) Eden regions: 73->0(72)
[2021-05-20T10:21:28.039+0000][9][gc,heap     ] GC(5) Survivor regions: 3->4(10)
[2021-05-20T10:21:28.039+0000][9][gc,heap     ] GC(5) Old regions: 2->2
[2021-05-20T10:21:28.040+0000][9][gc,heap     ] GC(5) Archive regions: 2->2
[2021-05-20T10:21:28.041+0000][9][gc,heap     ] GC(5) Humongous regions: 0->0
[2021-05-20T10:21:28.041+0000][9][gc,metaspace] GC(5) Metaspace: 19036K(19456K)->19036K(19456K) NonClass: 16769K(17024K)->16769K(17024K) Class: 2266K(2432K)->2266K(2432K)
[2021-05-20T10:21:28.042+0000][9][gc          ] GC(5) Pause Young (Normal) (G1 Evacuation Pause) 309M->21M(512M) 26.839ms
[2021-05-20T10:21:28.043+0000][9][gc,cpu      ] GC(5) User=0.02s Sys=0.00s Real=0.03s
[2021-05-20T10:21:28.044+0000][9][safepoint   ] Safepoint "G1CollectForAllocation", Time since last: 473259000 ns, Reaching safepoint: 80200 ns, At safepoint: 28640200 ns, Total: 28720400 ns
[2021-05-20T10:21:28.515+0000][9][gc,start    ] GC(6) Pause Young (Normal) (G1 Evacuation Pause)
[2021-05-20T10:21:28.516+0000][9][gc,task     ] GC(6) Using 4 workers of 4 for evacuation
[2021-05-20T10:21:28.517+0000][9][gc,age      ] GC(6) Desired survivor size 20971520 bytes, new threshold 15 (max threshold 15)
[2021-05-20T10:21:28.539+0000][9][gc,age      ] GC(6) Age table with threshold 15 (max threshold 15)
[2021-05-20T10:21:28.540+0000][9][gc,age      ] GC(6) - age   1:    2451312 bytes,    2451312 total
[2021-05-20T10:21:28.541+0000][9][gc,age      ] GC(6) - age   2:    2546256 bytes,    4997568 total
[2021-05-20T10:21:28.541+0000][9][gc,age      ] GC(6) - age   3:    3758120 bytes,    8755688 total
[2021-05-20T10:21:28.542+0000][9][gc,age      ] GC(6) - age   4:    1947136 bytes,   10702824 total
[2021-05-20T10:21:28.543+0000][9][gc,age      ] GC(6) - age   5:    1055976 bytes,   11758800 total
[2021-05-20T10:21:28.544+0000][9][gc,age      ] GC(6) - age   6:    1641240 bytes,   13400040 total
[2021-05-20T10:21:28.545+0000][9][gc,phases   ] GC(6)   Pre Evacuate Collection Set: 0.1ms
[2021-05-20T10:21:28.546+0000][9][gc,phases   ] GC(6)   Merge Heap Roots: 0.4ms
[2021-05-20T10:21:28.547+0000][9][gc,phases   ] GC(6)   Evacuate Collection Set: 18.9ms
[2021-05-20T10:21:28.547+0000][9][gc,phases   ] GC(6)   Post Evacuate Collection Set: 1.7ms
[2021-05-20T10:21:28.548+0000][9][gc,phases   ] GC(6)   Other: 8.9ms
[2021-05-20T10:21:28.549+0000][9][gc,heap     ] GC(6) Eden regions: 72->0(72)
[2021-05-20T10:21:28.549+0000][9][gc,heap     ] GC(6) Survivor regions: 4->4(10)
[2021-05-20T10:21:28.550+0000][9][gc,heap     ] GC(6) Old regions: 2->2
[2021-05-20T10:21:28.551+0000][9][gc,heap     ] GC(6) Archive regions: 2->2
[2021-05-20T10:21:28.552+0000][9][gc,heap     ] GC(6) Humongous regions: 0->0
[2021-05-20T10:21:28.552+0000][9][gc,metaspace] GC(6) Metaspace: 19428K(19904K)->19428K(19904K) NonClass: 17091K(17344K)->17091K(17344K) Class: 2337K(2560K)->2337K(2560K)
[2021-05-20T10:21:28.553+0000][9][gc          ] GC(6) Pause Young (Normal) (G1 Evacuation Pause) 309M->21M(512M) 38.488ms
[2021-05-20T10:21:28.554+0000][9][gc,cpu      ] GC(6) User=0.03s Sys=0.01s Real=0.04s
[2021-05-20T10:21:28.555+0000][9][safepoint   ] Safepoint "G1CollectForAllocation", Time since last: 471040000 ns, Reaching safepoint: 168600 ns, At safepoint: 40004900 ns, Total: 40173500 ns
[2021-05-20T10:21:29.151+0000][9][gc,start    ] GC(7) Pause Young (Normal) (G1 Evacuation Pause)
[2021-05-20T10:21:29.152+0000][9][gc,task     ] GC(7) Using 4 workers of 4 for evacuation
[2021-05-20T10:21:29.153+0000][9][gc,age      ] GC(7) Desired survivor size 20971520 bytes, new threshold 15 (max threshold 15)
[2021-05-20T10:21:29.169+0000][9][gc,age      ] GC(7) Age table with threshold 15 (max threshold 15)
[2021-05-20T10:21:29.170+0000][9][gc,age      ] GC(7) - age   1:    4175456 bytes,    4175456 total
[2021-05-20T10:21:29.170+0000][9][gc,age      ] GC(7) - age   2:     577720 bytes,    4753176 total
[2021-05-20T10:21:29.171+0000][9][gc,age      ] GC(7) - age   3:    2545128 bytes,    7298304 total
[2021-05-20T10:21:29.172+0000][9][gc,age      ] GC(7) - age   4:    3757560 bytes,   11055864 total
[2021-05-20T10:21:29.173+0000][9][gc,age      ] GC(7) - age   5:    1947088 bytes,   13002952 total
[2021-05-20T10:21:29.173+0000][9][gc,age      ] GC(7) - age   6:    1047752 bytes,   14050704 total
[2021-05-20T10:21:29.174+0000][9][gc,age      ] GC(7) - age   7:    1640984 bytes,   15691688 total
[2021-05-20T10:21:29.175+0000][9][gc,phases   ] GC(7)   Pre Evacuate Collection Set: 0.1ms
[2021-05-20T10:21:29.176+0000][9][gc,phases   ] GC(7)   Merge Heap Roots: 0.5ms
[2021-05-20T10:21:29.176+0000][9][gc,phases   ] GC(7)   Evacuate Collection Set: 12.6ms
[2021-05-20T10:21:29.177+0000][9][gc,phases   ] GC(7)   Post Evacuate Collection Set: 1.8ms
[2021-05-20T10:21:29.178+0000][9][gc,phases   ] GC(7)   Other: 9.0ms
[2021-05-20T10:21:29.178+0000][9][gc,heap     ] GC(7) Eden regions: 72->0(72)
[2021-05-20T10:21:29.179+0000][9][gc,heap     ] GC(7) Survivor regions: 4->4(10)
[2021-05-20T10:21:29.179+0000][9][gc,heap     ] GC(7) Old regions: 2->2
[2021-05-20T10:21:29.184+0000][9][gc,heap     ] GC(7) Archive regions: 2->2
[2021-05-20T10:21:29.185+0000][9][gc,heap     ] GC(7) Humongous regions: 0->0
[2021-05-20T10:21:29.186+0000][9][gc,metaspace] GC(7) Metaspace: 20776K(21248K)->20776K(21248K) NonClass: 18263K(18560K)->18263K(18560K) Class: 2513K(2688K)->2513K(2688K)
[2021-05-20T10:21:29.186+0000][9][gc          ] GC(7) Pause Young (Normal) (G1 Evacuation Pause) 309M->23M(512M) 35.143ms
[2021-05-20T10:21:29.187+0000][9][gc,cpu      ] GC(7) User=0.05s Sys=0.01s Real=0.04s
[2021-05-20T10:21:29.187+0000][9][safepoint   ] Safepoint "G1CollectForAllocation", Time since last: 595966600 ns, Reaching safepoint: 139300 ns, At safepoint: 36501700 ns, Total: 36641000 ns
[2021-05-20T10:21:29.243+0000][9][gc,start    ] GC(8) Pause Young (Concurrent Start) (Metadata GC Threshold)
[2021-05-20T10:21:29.244+0000][9][gc,task     ] GC(8) Using 4 workers of 4 for evacuation
[2021-05-20T10:21:29.245+0000][9][gc,age      ] GC(8) Desired survivor size 20971520 bytes, new threshold 15 (max threshold 15)
[2021-05-20T10:21:29.260+0000][9][gc,age      ] GC(8) Age table with threshold 15 (max threshold 15)
[2021-05-20T10:21:29.261+0000][9][gc,age      ] GC(8) - age   1:      90960 bytes,      90960 total
[2021-05-20T10:21:29.262+0000][9][gc,age      ] GC(8) - age   2:    2345312 bytes,    2436272 total
[2021-05-20T10:21:29.262+0000][9][gc,age      ] GC(8) - age   3:     577720 bytes,    3013992 total
[2021-05-20T10:21:29.263+0000][9][gc,age      ] GC(8) - age   4:    2545128 bytes,    5559120 total
[2021-05-20T10:21:29.263+0000][9][gc,age      ] GC(8) - age   5:    3757560 bytes,    9316680 total
[2021-05-20T10:21:29.268+0000][9][gc,age      ] GC(8) - age   6:    1947088 bytes,   11263768 total
[2021-05-20T10:21:29.269+0000][9][gc,age      ] GC(8) - age   7:    1047752 bytes,   12311520 total
[2021-05-20T10:21:29.269+0000][9][gc,age      ] GC(8) - age   8:    1640984 bytes,   13952504 total
[2021-05-20T10:21:29.270+0000][9][gc,phases   ] GC(8)   Pre Evacuate Collection Set: 0.1ms
[2021-05-20T10:21:29.271+0000][9][gc,phases   ] GC(8)   Merge Heap Roots: 0.3ms
[2021-05-20T10:21:29.271+0000][9][gc,phases   ] GC(8)   Evacuate Collection Set: 9.3ms
[2021-05-20T10:21:29.272+0000][9][gc,phases   ] GC(8)   Post Evacuate Collection Set: 4.2ms
[2021-05-20T10:21:29.272+0000][9][gc,phases   ] GC(8)   Other: 13.3ms
[2021-05-20T10:21:29.273+0000][9][gc,heap     ] GC(8) Eden regions: 9->0(72)
[2021-05-20T10:21:29.275+0000][9][gc,heap     ] GC(8) Survivor regions: 4->4(10)
[2021-05-20T10:21:29.275+0000][9][gc,heap     ] GC(8) Old regions: 2->2
[2021-05-20T10:21:29.276+0000][9][gc,heap     ] GC(8) Archive regions: 2->2
[2021-05-20T10:21:29.277+0000][9][gc,heap     ] GC(8) Humongous regions: 0->0
[2021-05-20T10:21:29.277+0000][9][gc,metaspace] GC(8) Metaspace: 20832K(21248K)->20832K(21248K) NonClass: 18311K(18560K)->18311K(18560K) Class: 2521K(2688K)->2521K(2688K)
[2021-05-20T10:21:29.278+0000][9][gc          ] GC(8) Pause Young (Concurrent Start) (Metadata GC Threshold) 57M->22M(512M) 34.900ms
[2021-05-20T10:21:29.278+0000][9][gc,cpu      ] GC(8) User=0.01s Sys=0.00s Real=0.03s
[2021-05-20T10:21:29.279+0000][9][gc          ] GC(9) Concurrent Mark Cycle
[2021-05-20T10:21:29.279+0000][9][gc,marking  ] GC(9) Concurrent Clear Claimed Marks
[2021-05-20T10:21:29.279+0000][9][safepoint   ] Safepoint "CollectForMetadataAllocation", Time since last: 55325600 ns, Reaching safepoint: 67200 ns, At safepoint: 36215800 ns, Total: 36283000 ns
[2021-05-20T10:21:29.280+0000][9][gc,marking  ] GC(9) Concurrent Clear Claimed Marks 0.652ms
[2021-05-20T10:21:29.284+0000][9][gc,marking  ] GC(9) Concurrent Scan Root Regions
[2021-05-20T10:21:29.288+0000][9][gc,marking  ] GC(9) Concurrent Scan Root Regions 4.262ms
[2021-05-20T10:21:29.289+0000][9][gc,marking  ] GC(9) Concurrent Mark
[2021-05-20T10:21:29.289+0000][9][gc,marking  ] GC(9) Concurrent Mark From Roots
[2021-05-20T10:21:29.290+0000][9][gc,task     ] GC(9) Using 1 workers of 1 for marking
[2021-05-20T10:21:29.295+0000][9][gc,marking  ] GC(9) Concurrent Mark From Roots 5.395ms
[2021-05-20T10:21:29.296+0000][9][gc,marking  ] GC(9) Concurrent Preclean
[2021-05-20T10:21:29.296+0000][9][gc,marking  ] GC(9) Concurrent Preclean 0.700ms
[2021-05-20T10:21:29.297+0000][9][gc,start    ] GC(9) Pause Remark
[2021-05-20T10:21:29.303+0000][9][gc          ] GC(9) Pause Remark 32M->32M(512M) 5.302ms
[2021-05-20T10:21:29.303+0000][9][gc,cpu      ] GC(9) User=0.00s Sys=0.01s Real=0.01s
[2021-05-20T10:21:29.304+0000][9][safepoint   ] Safepoint "G1Concurrent", Time since last: 17948500 ns, Reaching safepoint: 278000 ns, At safepoint: 6854700 ns, Total: 7132700 ns
[2021-05-20T10:21:29.305+0000][9][gc,marking  ] GC(9) Concurrent Mark 15.969ms
[2021-05-20T10:21:29.305+0000][9][gc,marking  ] GC(9) Concurrent Rebuild Remembered Sets
[2021-05-20T10:21:29.309+0000][9][gc,marking  ] GC(9) Concurrent Rebuild Remembered Sets 3.098ms
[2021-05-20T10:21:29.312+0000][9][gc,start    ] GC(9) Pause Cleanup
[2021-05-20T10:21:29.313+0000][9][gc          ] GC(9) Pause Cleanup 36M->36M(512M) 0.874ms
[2021-05-20T10:21:29.314+0000][9][gc,cpu      ] GC(9) User=0.00s Sys=0.00s Real=0.01s
[2021-05-20T10:21:29.314+0000][9][safepoint   ] Safepoint "G1Concurrent", Time since last: 7573900 ns, Reaching safepoint: 401300 ns, At safepoint: 2158000 ns, Total: 2559300 ns
[2021-05-20T10:21:29.315+0000][9][gc,marking  ] GC(9) Concurrent Cleanup for Next Mark
[2021-05-20T10:21:29.316+0000][9][gc,marking  ] GC(9) Concurrent Cleanup for Next Mark 1.017ms
[2021-05-20T10:21:29.321+0000][9][gc          ] GC(9) Concurrent Mark Cycle 41.625ms
[2021-05-20T10:21:29.735+0000][9][gc,start    ] GC(10) Pause Young (Normal) (G1 Evacuation Pause)
[2021-05-20T10:21:29.736+0000][9][gc,task     ] GC(10) Using 4 workers of 4 for evacuation
[2021-05-20T10:21:29.737+0000][9][gc,age      ] GC(10) Desired survivor size 20971520 bytes, new threshold 15 (max threshold 15)
[2021-05-20T10:21:29.769+0000][9][gc,age      ] GC(10) Age table with threshold 15 (max threshold 15)
[2021-05-20T10:21:29.770+0000][9][gc,age      ] GC(10) - age   1:    1187408 bytes,    1187408 total
[2021-05-20T10:21:29.771+0000][9][gc,age      ] GC(10) - age   2:      76024 bytes,    1263432 total
[2021-05-20T10:21:29.772+0000][9][gc,age      ] GC(10) - age   3:    2344896 bytes,    3608328 total
[2021-05-20T10:21:29.773+0000][9][gc,age      ] GC(10) - age   4:     576960 bytes,    4185288 total
[2021-05-20T10:21:29.773+0000][9][gc,age      ] GC(10) - age   5:    2545128 bytes,    6730416 total
[2021-05-20T10:21:29.774+0000][9][gc,age      ] GC(10) - age   6:    3757528 bytes,   10487944 total
[2021-05-20T10:21:29.775+0000][9][gc,age      ] GC(10) - age   7:    1947024 bytes,   12434968 total
[2021-05-20T10:21:29.776+0000][9][gc,age      ] GC(10) - age   8:    1047048 bytes,   13482016 total
[2021-05-20T10:21:29.777+0000][9][gc,age      ] GC(10) - age   9:    1639128 bytes,   15121144 total
[2021-05-20T10:21:29.777+0000][9][gc,phases   ] GC(10)   Pre Evacuate Collection Set: 0.1ms
[2021-05-20T10:21:29.778+0000][9][gc,phases   ] GC(10)   Merge Heap Roots: 0.3ms
[2021-05-20T10:21:29.779+0000][9][gc,phases   ] GC(10)   Evacuate Collection Set: 19.4ms
[2021-05-20T10:21:29.779+0000][9][gc,phases   ] GC(10)   Post Evacuate Collection Set: 11.1ms
[2021-05-20T10:21:29.780+0000][9][gc,phases   ] GC(10)   Other: 11.1ms
[2021-05-20T10:21:29.780+0000][9][gc,heap     ] GC(10) Eden regions: 72->0(72)
[2021-05-20T10:21:29.781+0000][9][gc,heap     ] GC(10) Survivor regions: 4->4(10)
[2021-05-20T10:21:29.782+0000][9][gc,heap     ] GC(10) Old regions: 2->2
[2021-05-20T10:21:29.782+0000][9][gc,heap     ] GC(10) Archive regions: 2->2
[2021-05-20T10:21:29.783+0000][9][gc,heap     ] GC(10) Humongous regions: 0->0
[2021-05-20T10:21:29.784+0000][9][gc,metaspace] GC(10) Metaspace: 20897K(21440K)->20897K(21440K) NonClass: 18361K(18688K)->18361K(18688K) Class: 2535K(2752K)->2535K(2752K)
[2021-05-20T10:21:29.784+0000][9][gc          ] GC(10) Pause Young (Normal) (G1 Evacuation Pause) 310M->23M(512M) 49.024ms
[2021-05-20T10:21:29.785+0000][9][gc,cpu      ] GC(10) User=0.02s Sys=0.01s Real=0.05s
[2021-05-20T10:21:29.785+0000][9][safepoint   ] Safepoint "G1CollectForAllocation", Time since last: 420879000 ns, Reaching safepoint: 89100 ns, At safepoint: 50252400 ns, Total: 50341500 ns
[2021-05-20T10:21:30.550+0000][9][safepoint   ] Safepoint "ICBufferFull", Time since last: 761350500 ns, Reaching safepoint: 2951200 ns, At safepoint: 51600 ns, Total: 3002800 ns
[2021-05-20T10:21:31.777+0000][9][safepoint   ] Safepoint "Cleanup", Time since last: 1223864600 ns, Reaching safepoint: 3059700 ns, At safepoint: 34200 ns, Total: 3093900 ns
[2021-05-20T10:21:32.570+0000][9][gc,start    ] GC(11) Pause Young (Normal) (G1 Evacuation Pause)
[2021-05-20T10:21:32.571+0000][9][gc,task     ] GC(11) Using 4 workers of 4 for evacuation
[2021-05-20T10:21:32.572+0000][9][gc,age      ] GC(11) Desired survivor size 20971520 bytes, new threshold 15 (max threshold 15)
[2021-05-20T10:21:32.609+0000][9][gc,age      ] GC(11) Age table with threshold 15 (max threshold 15)
[2021-05-20T10:21:32.610+0000][9][gc,age      ] GC(11) - age   1:   26961920 bytes,   26961920 total
[2021-05-20T10:21:32.611+0000][9][gc,age      ] GC(11) - age   2:     826584 bytes,   27788504 total
[2021-05-20T10:21:32.612+0000][9][gc,age      ] GC(11) - age   3:      74536 bytes,   27863040 total
[2021-05-20T10:21:32.613+0000][9][gc,age      ] GC(11) - age   4:    2313208 bytes,   30176248 total
[2021-05-20T10:21:32.613+0000][9][gc,age      ] GC(11) - age   5:     564392 bytes,   30740640 total
[2021-05-20T10:21:32.614+0000][9][gc,age      ] GC(11) - age   6:    2524248 bytes,   33264888 total
[2021-05-20T10:21:32.615+0000][9][gc,age      ] GC(11) - age   7:    3733448 bytes,   36998336 total
[2021-05-20T10:21:32.616+0000][9][gc,age      ] GC(11) - age   8:    1898152 bytes,   38896488 total
[2021-05-20T10:21:32.616+0000][9][gc,age      ] GC(11) - age   9:    1021568 bytes,   39918056 total
[2021-05-20T10:21:32.617+0000][9][gc,age      ] GC(11) - age  10:    1630584 bytes,   41548640 total
[2021-05-20T10:21:32.618+0000][9][gc,phases   ] GC(11)   Pre Evacuate Collection Set: 0.1ms
[2021-05-20T10:21:32.618+0000][9][gc,phases   ] GC(11)   Merge Heap Roots: 0.3ms
[2021-05-20T10:21:32.619+0000][9][gc,phases   ] GC(11)   Evacuate Collection Set: 32.3ms
[2021-05-20T10:21:32.620+0000][9][gc,phases   ] GC(11)   Post Evacuate Collection Set: 3.4ms
[2021-05-20T10:21:32.620+0000][9][gc,phases   ] GC(11)   Other: 11.7ms
[2021-05-20T10:21:32.621+0000][9][gc,heap     ] GC(11) Eden regions: 72->0(66)
[2021-05-20T10:21:32.621+0000][9][gc,heap     ] GC(11) Survivor regions: 4->10(10)
[2021-05-20T10:21:32.622+0000][9][gc,heap     ] GC(11) Old regions: 2->3
[2021-05-20T10:21:32.623+0000][9][gc,heap     ] GC(11) Archive regions: 2->2
[2021-05-20T10:21:32.623+0000][9][gc,heap     ] GC(11) Humongous regions: 0->0
[2021-05-20T10:21:32.624+0000][9][gc,metaspace] GC(11) Metaspace: 30327K(31168K)->30327K(31168K) NonClass: 26530K(27072K)->26530K(27072K) Class: 3796K(4096K)->3796K(4096K)
[2021-05-20T10:21:32.625+0000][9][gc          ] GC(11) Pause Young (Normal) (G1 Evacuation Pause) 311M->55M(512M) 54.600ms
[2021-05-20T10:21:32.625+0000][9][gc,cpu      ] GC(11) User=0.08s Sys=0.01s Real=0.06s
[2021-05-20T10:21:32.626+0000][9][safepoint   ] Safepoint "G1CollectForAllocation", Time since last: 792846800 ns, Reaching safepoint: 272000 ns, At safepoint: 55929500 ns, Total: 56201500 ns
[2021-05-20T10:21:33.119+0000][9][gc,start    ] GC(12) Pause Young (Concurrent Start) (Metadata GC Threshold)
[2021-05-20T10:21:33.120+0000][9][gc,task     ] GC(12) Using 4 workers of 4 for evacuation
[2021-05-20T10:21:33.121+0000][9][gc,age      ] GC(12) Desired survivor size 20971520 bytes, new threshold 1 (max threshold 15)
[2021-05-20T10:21:33.149+0000][9][gc,age      ] GC(12) Age table with threshold 1 (max threshold 15)
[2021-05-20T10:21:33.151+0000][9][gc,age      ] GC(12) - age   1:    5459584 bytes,    5459584 total
[2021-05-20T10:21:33.152+0000][9][gc,phases   ] GC(12)   Pre Evacuate Collection Set: 0.3ms
[2021-05-20T10:21:33.153+0000][9][gc,phases   ] GC(12)   Merge Heap Roots: 0.3ms
[2021-05-20T10:21:33.154+0000][9][gc,phases   ] GC(12)   Evacuate Collection Set: 25.6ms
[2021-05-20T10:21:33.155+0000][9][gc,phases   ] GC(12)   Post Evacuate Collection Set: 1.6ms
[2021-05-20T10:21:33.156+0000][9][gc,phases   ] GC(12)   Other: 5.6ms
[2021-05-20T10:21:33.156+0000][9][gc,heap     ] GC(12) Eden regions: 9->0(48)
[2021-05-20T10:21:33.157+0000][9][gc,heap     ] GC(12) Survivor regions: 10->2(10)
[2021-05-20T10:21:33.158+0000][9][gc,heap     ] GC(12) Old regions: 3->13
[2021-05-20T10:21:33.158+0000][9][gc,heap     ] GC(12) Archive regions: 2->2
[2021-05-20T10:21:33.159+0000][9][gc,heap     ] GC(12) Humongous regions: 0->0
[2021-05-20T10:21:33.160+0000][9][gc,metaspace] GC(12) Metaspace: 34623K(35520K)->34623K(35520K) NonClass: 30181K(30720K)->30181K(30720K) Class: 4441K(4800K)->4441K(4800K)
[2021-05-20T10:21:33.160+0000][9][gc          ] GC(12) Pause Young (Concurrent Start) (Metadata GC Threshold) 89M->62M(512M) 41.691ms
[2021-05-20T10:21:33.161+0000][9][gc,cpu      ] GC(12) User=0.07s Sys=0.01s Real=0.04s
[2021-05-20T10:21:33.162+0000][9][safepoint   ] Safepoint "CollectForMetadataAllocation", Time since last: 492601300 ns, Reaching safepoint: 116700 ns, At safepoint: 43486100 ns, Total: 43602800 ns
[2021-05-20T10:21:33.165+0000][9][gc          ] GC(13) Concurrent Mark Cycle
[2021-05-20T10:21:33.176+0000][9][gc,marking  ] GC(13) Concurrent Clear Claimed Marks
[2021-05-20T10:21:33.176+0000][9][gc,marking  ] GC(13) Concurrent Clear Claimed Marks 0.699ms
[2021-05-20T10:21:33.181+0000][9][gc,marking  ] GC(13) Concurrent Scan Root Regions
[2021-05-20T10:21:33.203+0000][9][gc,marking  ] GC(13) Concurrent Scan Root Regions 22.259ms
[2021-05-20T10:21:33.204+0000][9][gc,marking  ] GC(13) Concurrent Mark
[2021-05-20T10:21:33.207+0000][9][gc,marking  ] GC(13) Concurrent Mark From Roots
[2021-05-20T10:21:33.208+0000][9][gc,task     ] GC(13) Using 1 workers of 1 for marking
[2021-05-20T10:21:33.219+0000][9][safepoint   ] Safepoint "CollectForMetadataAllocation", Time since last: 56751600 ns, Reaching safepoint: 180300 ns, At safepoint: 62100 ns, Total: 242400 ns
[2021-05-20T10:21:33.222+0000][9][gc,marking  ] GC(13) Concurrent Mark From Roots 15.478ms
[2021-05-20T10:21:33.223+0000][9][gc,marking  ] GC(13) Concurrent Preclean
[2021-05-20T10:21:33.224+0000][9][gc,marking  ] GC(13) Concurrent Preclean 0.942ms
[2021-05-20T10:21:33.225+0000][9][gc,start    ] GC(13) Pause Remark
[2021-05-20T10:21:33.229+0000][9][gc          ] GC(13) Pause Remark 64M->64M(512M) 4.337ms
[2021-05-20T10:21:33.230+0000][9][gc,cpu      ] GC(13) User=0.01s Sys=0.00s Real=0.00s
[2021-05-20T10:21:33.232+0000][9][safepoint   ] Safepoint "G1Concurrent", Time since last: 5663800 ns, Reaching safepoint: 288300 ns, At safepoint: 6644300 ns, Total: 6932600 ns
[2021-05-20T10:21:33.233+0000][9][gc,marking  ] GC(13) Concurrent Mark 28.701ms
[2021-05-20T10:21:33.233+0000][9][gc,marking  ] GC(13) Concurrent Rebuild Remembered Sets
[2021-05-20T10:21:33.281+0000][9][gc,marking  ] GC(13) Concurrent Rebuild Remembered Sets 48.115ms
[2021-05-20T10:21:33.286+0000][9][gc,start    ] GC(13) Pause Cleanup
[2021-05-20T10:21:33.287+0000][9][gc          ] GC(13) Pause Cleanup 66M->66M(512M) 1.137ms
[2021-05-20T10:21:33.288+0000][9][gc,cpu      ] GC(13) User=0.01s Sys=0.00s Real=0.00s
[2021-05-20T10:21:33.289+0000][9][safepoint   ] Safepoint "G1Concurrent", Time since last: 50604500 ns, Reaching safepoint: 3655900 ns, At safepoint: 2936400 ns, Total: 6592300 ns
[2021-05-20T10:21:33.290+0000][9][gc,marking  ] GC(13) Concurrent Cleanup for Next Mark
[2021-05-20T10:21:33.291+0000][9][gc,marking  ] GC(13) Concurrent Cleanup for Next Mark 1.048ms
[2021-05-20T10:21:33.292+0000][9][gc          ] GC(13) Concurrent Mark Cycle 126.473ms
[2021-05-20T10:21:34.827+0000][9][safepoint   ] Safepoint "ICBufferFull", Time since last: 1537479400 ns, Reaching safepoint: 286000 ns, At safepoint: 38200 ns, Total: 324200 ns
[2021-05-20T10:21:35.184+0000][9][gc,start    ] GC(14) Pause Young (Concurrent Start) (G1 Evacuation Pause)
[2021-05-20T10:21:35.185+0000][9][gc,task     ] GC(14) Using 4 workers of 4 for evacuation
[2021-05-20T10:21:35.186+0000][9][gc,age      ] GC(14) Desired survivor size 14680064 bytes, new threshold 15 (max threshold 15)
[2021-05-20T10:21:35.209+0000][9][gc,age      ] GC(14) Age table with threshold 15 (max threshold 15)
[2021-05-20T10:21:35.210+0000][9][gc,age      ] GC(14) - age   1:    6333224 bytes,    6333224 total
[2021-05-20T10:21:35.211+0000][9][gc,age      ] GC(14) - age   2:    5381792 bytes,   11715016 total
[2021-05-20T10:21:35.212+0000][9][gc,phases   ] GC(14)   Pre Evacuate Collection Set: 0.3ms
[2021-05-20T10:21:35.213+0000][9][gc,phases   ] GC(14)   Merge Heap Roots: 0.2ms
[2021-05-20T10:21:35.214+0000][9][gc,phases   ] GC(14)   Evacuate Collection Set: 19.2ms
[2021-05-20T10:21:35.215+0000][9][gc,phases   ] GC(14)   Post Evacuate Collection Set: 2.5ms
[2021-05-20T10:21:35.215+0000][9][gc,phases   ] GC(14)   Other: 5.8ms
[2021-05-20T10:21:35.216+0000][9][gc,heap     ] GC(14) Eden regions: 48->0(52)
[2021-05-20T10:21:35.217+0000][9][gc,heap     ] GC(14) Survivor regions: 2->3(7)
[2021-05-20T10:21:35.217+0000][9][gc,heap     ] GC(14) Old regions: 13->13
[2021-05-20T10:21:35.218+0000][9][gc,heap     ] GC(14) Archive regions: 2->2
[2021-05-20T10:21:35.219+0000][9][gc,heap     ] GC(14) Humongous regions: 0->0
[2021-05-20T10:21:35.219+0000][9][gc,metaspace] GC(14) Metaspace: 51662K(52800K)->51662K(52800K) NonClass: 44704K(45376K)->44704K(45376K) Class: 6958K(7424K)->6958K(7424K)
[2021-05-20T10:21:35.220+0000][9][gc          ] GC(14) Pause Young (Concurrent Start) (G1 Evacuation Pause) 254M->66M(512M) 36.135ms
[2021-05-20T10:21:35.221+0000][9][gc,cpu      ] GC(14) User=0.06s Sys=0.01s Real=0.03s
[2021-05-20T10:21:35.222+0000][9][safepoint   ] Safepoint "G1CollectForAllocation", Time since last: 357470200 ns, Reaching safepoint: 90300 ns, At safepoint: 38026800 ns, Total: 38117100 ns
[2021-05-20T10:21:35.222+0000][9][gc          ] GC(15) Concurrent Mark Cycle
[2021-05-20T10:21:35.225+0000][9][gc,marking  ] GC(15) Concurrent Clear Claimed Marks
[2021-05-20T10:21:35.225+0000][9][gc,marking  ] GC(15) Concurrent Clear Claimed Marks 0.670ms
[2021-05-20T10:21:35.226+0000][9][gc,marking  ] GC(15) Concurrent Scan Root Regions
[2021-05-20T10:21:35.245+0000][9][gc,marking  ] GC(15) Concurrent Scan Root Regions 18.542ms
[2021-05-20T10:21:35.248+0000][9][gc,marking  ] GC(15) Concurrent Mark
[2021-05-20T10:21:35.249+0000][9][gc,marking  ] GC(15) Concurrent Mark From Roots
[2021-05-20T10:21:35.250+0000][9][gc,task     ] GC(15) Using 1 workers of 1 for marking
[2021-05-20T10:21:35.397+0000][9][gc,marking  ] GC(15) Concurrent Mark From Roots 148.397ms
[2021-05-20T10:21:35.398+0000][9][gc,marking  ] GC(15) Concurrent Preclean
[2021-05-20T10:21:35.400+0000][9][gc,marking  ] GC(15) Concurrent Preclean 1.585ms
[2021-05-20T10:21:35.402+0000][9][gc,start    ] GC(15) Pause Remark
[2021-05-20T10:21:35.410+0000][9][gc          ] GC(15) Pause Remark 88M->88M(512M) 8.058ms
[2021-05-20T10:21:35.411+0000][9][gc,cpu      ] GC(15) User=0.00s Sys=0.00s Real=0.01s
[2021-05-20T10:21:35.412+0000][9][safepoint   ] Safepoint "G1Concurrent", Time since last: 178920600 ns, Reaching safepoint: 477200 ns, At safepoint: 10493900 ns, Total: 10971100 ns
[2021-05-20T10:21:35.413+0000][9][gc,marking  ] GC(15) Concurrent Mark 164.734ms
[2021-05-20T10:21:35.414+0000][9][gc,marking  ] GC(15) Concurrent Rebuild Remembered Sets
[2021-05-20T10:21:35.466+0000][9][gc,marking  ] GC(15) Concurrent Rebuild Remembered Sets 51.988ms
[2021-05-20T10:21:35.467+0000][9][gc,start    ] GC(15) Pause Cleanup
[2021-05-20T10:21:35.469+0000][9][gc          ] GC(15) Pause Cleanup 102M->102M(512M) 1.397ms
[2021-05-20T10:21:35.470+0000][9][gc,cpu      ] GC(15) User=0.00s Sys=0.00s Real=0.00s
[2021-05-20T10:21:35.470+0000][9][safepoint   ] Safepoint "G1Concurrent", Time since last: 54546000 ns, Reaching safepoint: 637700 ns, At safepoint: 2876300 ns, Total: 3514000 ns
[2021-05-20T10:21:35.471+0000][9][gc,marking  ] GC(15) Concurrent Cleanup for Next Mark
[2021-05-20T10:21:35.472+0000][9][gc,marking  ] GC(15) Concurrent Cleanup for Next Mark 1.062ms
[2021-05-20T10:21:35.473+0000][9][gc          ] GC(15) Concurrent Mark Cycle 250.311ms
[2021-05-20T10:21:36.592+0000][9][safepoint   ] Safepoint "ICBufferFull", Time since last: 1121512900 ns, Reaching safepoint: 319500 ns, At safepoint: 29900 ns, Total: 349400 ns
[2021-05-20T10:21:36.868+0000][9][safepoint   ] Safepoint "ICBufferFull", Time since last: 274670700 ns, Reaching safepoint: 777900 ns, At safepoint: 24900 ns, Total: 802800 ns
[2021-05-20T10:21:37.065+0000][9][gc,start    ] GC(16) Pause Young (Normal) (G1 Evacuation Pause)
[2021-05-20T10:21:37.066+0000][9][gc,task     ] GC(16) Using 4 workers of 4 for evacuation
[2021-05-20T10:21:37.067+0000][9][gc,age      ] GC(16) Desired survivor size 14680064 bytes, new threshold 15 (max threshold 15)
[2021-05-20T10:21:37.082+0000][9][gc,age      ] GC(16) Age table with threshold 15 (max threshold 15)
[2021-05-20T10:21:37.084+0000][9][gc,age      ] GC(16) - age   1:    6254840 bytes,    6254840 total
[2021-05-20T10:21:37.085+0000][9][gc,age      ] GC(16) - age   2:    6138064 bytes,   12392904 total
[2021-05-20T10:21:37.085+0000][9][gc,age      ] GC(16) - age   3:    5376448 bytes,   17769352 total
[2021-05-20T10:21:37.086+0000][9][gc,phases   ] GC(16)   Pre Evacuate Collection Set: 0.1ms
[2021-05-20T10:21:37.087+0000][9][gc,phases   ] GC(16)   Merge Heap Roots: 0.1ms
[2021-05-20T10:21:37.087+0000][9][gc,phases   ] GC(16)   Evacuate Collection Set: 10.8ms
[2021-05-20T10:21:37.088+0000][9][gc,phases   ] GC(16)   Post Evacuate Collection Set: 3.4ms
[2021-05-20T10:21:37.089+0000][9][gc,phases   ] GC(16)   Other: 6.5ms
[2021-05-20T10:21:37.089+0000][9][gc,heap     ] GC(16) Eden regions: 52->0(56)
[2021-05-20T10:21:37.090+0000][9][gc,heap     ] GC(16) Survivor regions: 3->5(7)
[2021-05-20T10:21:37.090+0000][9][gc,heap     ] GC(16) Old regions: 13->13
[2021-05-20T10:21:37.091+0000][9][gc,heap     ] GC(16) Archive regions: 2->2
[2021-05-20T10:21:37.092+0000][9][gc,heap     ] GC(16) Humongous regions: 0->0
[2021-05-20T10:21:37.092+0000][9][gc,metaspace] GC(16) Metaspace: 59534K(60736K)->59534K(60736K) NonClass: 51612K(52288K)->51612K(52288K) Class: 7921K(8448K)->7921K(8448K)
[2021-05-20T10:21:37.093+0000][9][gc          ] GC(16) Pause Young (Normal) (G1 Evacuation Pause) 274M->73M(512M) 27.713ms
[2021-05-20T10:21:37.094+0000][9][gc,cpu      ] GC(16) User=0.04s Sys=0.01s Real=0.03s
[2021-05-20T10:21:37.094+0000][9][safepoint   ] Safepoint "G1CollectForAllocation", Time since last: 197467900 ns, Reaching safepoint: 164900 ns, At safepoint: 29081700 ns, Total: 29246600 ns
[2021-05-20T10:21:38.096+0000][9][safepoint   ] Safepoint "Cleanup", Time since last: 1001587700 ns, Reaching safepoint: 572500 ns, At safepoint: 45500 ns, Total: 618000 ns
[2021-05-20T10:21:39.107+0000][9][safepoint   ] Safepoint "ICBufferFull", Time since last: 1010433300 ns, Reaching safepoint: 179600 ns, At safepoint: 22800 ns, Total: 202400 ns
[2021-05-20T10:21:39.896+0000][9][safepoint   ] Safepoint "ICBufferFull", Time since last: 788675900 ns, Reaching safepoint: 162900 ns, At safepoint: 26400 ns, Total: 189300 ns
[2021-05-20T10:21:41.192+0000][9][safepoint   ] Safepoint "Cleanup", Time since last: 1295426400 ns, Reaching safepoint: 793000 ns, At safepoint: 114000 ns, Total: 907000 ns
[2021-05-20T10:21:44.206+0000][9][safepoint   ] Safepoint "Cleanup", Time since last: 3012188900 ns, Reaching safepoint: 1115000 ns, At safepoint: 343900 ns, Total: 1458900 ns
[2021-05-20T10:21:46.180+0000][9][safepoint   ] Safepoint "Cleanup", Time since last: 2008147000 ns, Reaching safepoint: 1087500 ns, At safepoint: 116600 ns, Total: 1204100 ns
[2021-05-20T10:21:47.185+0000][9][safepoint   ] Safepoint "Cleanup", Time since last: 1004636900 ns, Reaching safepoint: 313800 ns, At safepoint: 55200 ns, Total: 369000 ns
[2021-05-20T10:21:48.190+0000][9][safepoint   ] Safepoint "Cleanup", Time since last: 1003729900 ns, Reaching safepoint: 442800 ns, At safepoint: 98000 ns, Total: 540800 ns
[2021-05-20T10:21:50.197+0000][9][safepoint   ] Safepoint "Cleanup", Time since last: 2006375300 ns, Reaching safepoint: 439000 ns, At safepoint: 100200 ns, Total: 539200 ns
[2021-05-20T10:21:51.202+0000][9][safepoint   ] Safepoint "Cleanup", Time since last: 1005400300 ns, Reaching safepoint: 453700 ns, At safepoint: 98300 ns, Total: 552000 ns
[2021-05-20T10:21:53.210+0000][9][safepoint   ] Safepoint "Cleanup", Time since last: 2005993700 ns, Reaching safepoint: 1291500 ns, At safepoint: 114700 ns, Total: 1406200 ns
[2021-05-20T10:21:54.220+0000][9][safepoint   ] Safepoint "Cleanup", Time since last: 1009203300 ns, Reaching safepoint: 829000 ns, At safepoint: 126600 ns, Total: 955600 ns
[2021-05-20T10:22:01.231+0000][9][safepoint   ] Safepoint "Cleanup", Time since last: 7010817900 ns, Reaching safepoint: 223400 ns, At safepoint: 212100 ns, Total: 435500 ns
[2021-05-20T10:22:03.236+0000][9][safepoint   ] Safepoint "Cleanup", Time since last: 2003695100 ns, Reaching safepoint: 632400 ns, At safepoint: 327200 ns, Total: 959600 ns
[2021-05-20T10:22:04.240+0000][9][safepoint   ] Safepoint "Cleanup", Time since last: 1003380700 ns, Reaching safepoint: 208300 ns, At safepoint: 78400 ns, Total: 286700 ns
[2021-05-20T10:22:05.244+0000][9][safepoint   ] Safepoint "Cleanup", Time since last: 1003380200 ns, Reaching safepoint: 935100 ns, At safepoint: 120400 ns, Total: 1055500 ns
[2021-05-20T10:22:06.250+0000][9][safepoint   ] Safepoint "Cleanup", Time since last: 1005965200 ns, Reaching safepoint: 361200 ns, At safepoint: 100200 ns, Total: 461400 ns
[2021-05-20T10:22:08.256+0000][9][safepoint   ] Safepoint "Cleanup", Time since last: 2004907900 ns, Reaching safepoint: 737300 ns, At safepoint: 92600 ns, Total: 829900 ns
[2021-05-20T10:22:11.264+0000][9][safepoint   ] Safepoint "Cleanup", Time since last: 3006898600 ns, Reaching safepoint: 563300 ns, At safepoint: 407000 ns, Total: 970300 ns
[2021-05-20T10:22:14.270+0000][9][safepoint   ] Safepoint "Cleanup", Time since last: 3005482100 ns, Reaching safepoint: 420800 ns, At safepoint: 60500 ns, Total: 481300 ns
[2021-05-20T10:22:15.242+0000][9][safepoint   ] Safepoint "Cleanup", Time since last: 1005362400 ns, Reaching safepoint: 904400 ns, At safepoint: 105700 ns, Total: 1010100 ns
[2021-05-20T10:22:16.247+0000][9][safepoint   ] Safepoint "Cleanup", Time since last: 1004678800 ns, Reaching safepoint: 178700 ns, At safepoint: 64400 ns, Total: 243100 ns
[2021-05-20T10:22:17.251+0000][9][safepoint   ] Safepoint "Cleanup", Time since last: 1003919500 ns, Reaching safepoint: 465000 ns, At safepoint: 121000 ns, Total: 586000 ns
[2021-05-20T10:22:18.260+0000][9][safepoint   ] Safepoint "Cleanup", Time since last: 1008161600 ns, Reaching safepoint: 323600 ns, At safepoint: 134300 ns, Total: 457900 ns
[2021-05-20T10:22:19.265+0000][9][safepoint   ] Safepoint "Cleanup", Time since last: 1004076800 ns, Reaching safepoint: 1025100 ns, At safepoint: 256800 ns, Total: 1281900 ns
[2021-05-20T10:22:21.278+0000][9][safepoint   ] Safepoint "Cleanup", Time since last: 2010777900 ns, Reaching safepoint: 1071900 ns, At safepoint: 665900 ns, Total: 1737800 ns
[2021-05-20T10:22:22.284+0000][9][safepoint   ] Safepoint "Cleanup", Time since last: 1004829700 ns, Reaching safepoint: 1147200 ns, At safepoint: 146500 ns, Total: 1293700 ns
[2021-05-20T10:22:23.290+0000][9][safepoint   ] Safepoint "Cleanup", Time since last: 1005001700 ns, Reaching safepoint: 1082800 ns, At safepoint: 375500 ns, Total: 1458300 ns
[2021-05-20T10:22:24.296+0000][9][safepoint   ] Safepoint "Cleanup", Time since last: 1004900500 ns, Reaching safepoint: 263500 ns, At safepoint: 103400 ns, Total: 366900 ns
[2021-05-20T10:22:26.301+0000][9][safepoint   ] Safepoint "Cleanup", Time since last: 2004892300 ns, Reaching safepoint: 214500 ns, At safepoint: 106700 ns, Total: 321200 ns
[2021-05-20T10:22:27.305+0000][9][safepoint   ] Safepoint "Cleanup", Time since last: 1003608200 ns, Reaching safepoint: 106000 ns, At safepoint: 71800 ns, Total: 177800 ns
[2021-05-20T10:22:30.312+0000][9][safepoint   ] Safepoint "Cleanup", Time since last: 3006928700 ns, Reaching safepoint: 338600 ns, At safepoint: 157700 ns, Total: 496300 ns
[2021-05-20T10:22:31.319+0000][9][safepoint   ] Safepoint "Cleanup", Time since last: 1006405000 ns, Reaching safepoint: 215600 ns, At safepoint: 102800 ns, Total: 318400 ns
[2021-05-20T10:22:32.326+0000][9][safepoint   ] Safepoint "Cleanup", Time since last: 1006859900 ns, Reaching safepoint: 190500 ns, At safepoint: 99200 ns, Total: 289700 ns
[2021-05-20T10:22:34.332+0000][9][safepoint   ] Safepoint "Cleanup", Time since last: 2005458800 ns, Reaching safepoint: 184100 ns, At safepoint: 97800 ns, Total: 281900 ns
[2021-05-20T10:22:35.338+0000][9][safepoint   ] Safepoint "Cleanup", Time since last: 1005712300 ns, Reaching safepoint: 168000 ns, At safepoint: 92700 ns, Total: 260700 ns
[2021-05-20T10:22:36.347+0000][9][safepoint   ] Safepoint "Cleanup", Time since last: 1009019800 ns, Reaching safepoint: 253600 ns, At safepoint: 94800 ns, Total: 348400 ns
[2021-05-20T10:22:41.357+0000][9][safepoint   ] Safepoint "Cleanup", Time since last: 5009573800 ns, Reaching safepoint: 194100 ns, At safepoint: 53700 ns, Total: 247800 ns
[2021-05-20T10:22:55.353+0000][9][safepoint   ] Safepoint "Cleanup", Time since last: 14029591800 ns, Reaching safepoint: 1015000 ns, At safepoint: 111400 ns, Total: 1126400 ns
[2021-05-20T10:22:58.369+0000][9][safepoint   ] Safepoint "Cleanup", Time since last: 3015813200 ns, Reaching safepoint: 302900 ns, At safepoint: 88100 ns, Total: 391000 ns
[2021-05-20T10:23:00.381+0000][9][safepoint   ] Safepoint "Cleanup", Time since last: 2010659600 ns, Reaching safepoint: 472900 ns, At safepoint: 99000 ns, Total: 571900 ns
[2021-05-20T10:23:01.385+0000][9][safepoint   ] Safepoint "Cleanup", Time since last: 1004061800 ns, Reaching safepoint: 732000 ns, At safepoint: 119500 ns, Total: 851500 ns
[2021-05-20T10:23:02.392+0000][9][safepoint   ] Safepoint "Cleanup", Time since last: 1005828800 ns, Reaching safepoint: 1005000 ns, At safepoint: 111800 ns, Total: 1116800 ns
[2021-05-20T10:23:20.388+0000][9][safepoint   ] Safepoint "Cleanup", Time since last: 18030027700 ns, Reaching safepoint: 291200 ns, At safepoint: 106900 ns, Total: 398100 ns
[2021-05-20T10:23:21.394+0000][9][safepoint   ] Safepoint "Cleanup", Time since last: 1006064100 ns, Reaching safepoint: 198700 ns, At safepoint: 70500 ns, Total: 269200 ns
[2021-05-20T10:23:22.398+0000][9][safepoint   ] Safepoint "Cleanup", Time since last: 1003700200 ns, Reaching safepoint: 202300 ns, At safepoint: 70200 ns, Total: 272500 ns
[2021-05-20T10:23:23.402+0000][9][safepoint   ] Safepoint "Cleanup", Time since last: 1003995000 ns, Reaching safepoint: 183900 ns, At safepoint: 79800 ns, Total: 263700 ns
[2021-05-20T10:23:24.409+0000][9][safepoint   ] Safepoint "Cleanup", Time since last: 1006046200 ns, Reaching safepoint: 654100 ns, At safepoint: 134300 ns, Total: 788400 ns
[2021-05-20T10:23:26.416+0000][9][safepoint   ] Safepoint "Cleanup", Time since last: 2006588200 ns, Reaching safepoint: 191100 ns, At safepoint: 64900 ns, Total: 256000 ns
[2021-05-20T10:23:27.420+0000][9][safepoint   ] Safepoint "Cleanup", Time since last: 1004013900 ns, Reaching safepoint: 290800 ns, At safepoint: 103100 ns, Total: 393900 ns
[2021-05-20T10:23:43.443+0000][9][safepoint   ] Safepoint "Cleanup", Time since last: 16022568400 ns, Reaching safepoint: 334600 ns, At safepoint: 177900 ns, Total: 512500 ns
[2021-05-20T10:23:43.638+0000][9][gc,start    ] GC(17) Pause Young (Normal) (G1 Evacuation Pause)
[2021-05-20T10:23:43.640+0000][9][gc,task     ] GC(17) Using 4 workers of 4 for evacuation
[2021-05-20T10:23:43.641+0000][9][gc,age      ] GC(17) Desired survivor size 16777216 bytes, new threshold 3 (max threshold 15)
[2021-05-20T10:23:43.671+0000][9][gc,age      ] GC(17) Age table with threshold 3 (max threshold 15)
[2021-05-20T10:23:43.672+0000][9][gc,age      ] GC(17) - age   1:    8494360 bytes,    8494360 total
[2021-05-20T10:23:43.673+0000][9][gc,age      ] GC(17) - age   2:    6117736 bytes,   14612096 total
[2021-05-20T10:23:43.675+0000][9][gc,age      ] GC(17) - age   3:    6014328 bytes,   20626424 total
[2021-05-20T10:23:43.676+0000][9][gc,phases   ] GC(17)   Pre Evacuate Collection Set: 0.2ms
[2021-05-20T10:23:43.677+0000][9][gc,phases   ] GC(17)   Merge Heap Roots: 0.3ms
[2021-05-20T10:23:43.678+0000][9][gc,phases   ] GC(17)   Evacuate Collection Set: 25.7ms
[2021-05-20T10:23:43.679+0000][9][gc,phases   ] GC(17)   Post Evacuate Collection Set: 3.0ms
[2021-05-20T10:23:43.680+0000][9][gc,phases   ] GC(17)   Other: 8.0ms
[2021-05-20T10:23:43.681+0000][9][gc,heap     ] GC(17) Eden regions: 56->0(57)
[2021-05-20T10:23:43.682+0000][9][gc,heap     ] GC(17) Survivor regions: 5->6(8)
[2021-05-20T10:23:43.682+0000][9][gc,heap     ] GC(17) Old regions: 13->15
[2021-05-20T10:23:43.683+0000][9][gc,heap     ] GC(17) Archive regions: 2->2
[2021-05-20T10:23:43.684+0000][9][gc,heap     ] GC(17) Humongous regions: 0->0
[2021-05-20T10:23:43.685+0000][9][gc,metaspace] GC(17) Metaspace: 85053K(86464K)->85053K(86464K) NonClass: 73471K(74304K)->73471K(74304K) Class: 11582K(12160K)->11582K(12160K)
[2021-05-20T10:23:43.686+0000][9][gc          ] GC(17) Pause Young (Normal) (G1 Evacuation Pause) 297M->80M(512M) 47.851ms
[2021-05-20T10:23:43.687+0000][9][gc,cpu      ] GC(17) User=0.08s Sys=0.02s Real=0.05s
[2021-05-20T10:23:43.689+0000][9][safepoint   ] Safepoint "G1CollectForAllocation", Time since last: 195053000 ns, Reaching safepoint: 79400 ns, At safepoint: 50128800 ns, Total: 50208200 ns
[2021-05-20T10:23:43.694+0000][9][gc,heap,exit] Heap
[2021-05-20T10:23:43.696+0000][9][gc,heap,exit]  garbage-first heap   total 524288K, used 84364K [0x00000000e0000000, 0x0000000100000000)
[2021-05-20T10:23:43.697+0000][9][gc,heap,exit]   region size 4096K, 7 young (28672K), 6 survivors (24576K)
[2021-05-20T10:23:43.699+0000][9][gc,heap,exit]  Metaspace       used 85055K, committed 86464K, reserved 1130496K
[2021-05-20T10:23:43.700+0000][9][gc,heap,exit]   class space    used 11582K, committed 12160K, reserved 1048576K
