[2021-05-20T03:48:41.714+0000][8][gc] Using G1
[2021-05-20T03:48:41.808+0000][8][gc,init] Version: 16+36 (release)
[2021-05-20T03:48:41.809+0000][8][gc,init] CPUs: 4 total, 4 available
[2021-05-20T03:48:41.810+0000][8][gc,init] Memory: 3936M
[2021-05-20T03:48:41.811+0000][8][gc,init] Large Page Support: Disabled
[2021-05-20T03:48:41.811+0000][8][gc,init] NUMA Support: Disabled
[2021-05-20T03:48:41.812+0000][8][gc,init] Compressed Oops: Enabled (32-bit)
[2021-05-20T03:48:41.813+0000][8][gc,init] Heap Region Size: 4M
[2021-05-20T03:48:41.814+0000][8][gc,init] Heap Min Capacity: 512M
[2021-05-20T03:48:41.815+0000][8][gc,init] Heap Initial Capacity: 512M
[2021-05-20T03:48:41.816+0000][8][gc,init] Heap Max Capacity: 512M
[2021-05-20T03:48:41.816+0000][8][gc,init] Pre-touch: Enabled
[2021-05-20T03:48:41.817+0000][8][gc,init] Parallel Workers: 4
[2021-05-20T03:48:41.818+0000][8][gc,init] Concurrent Workers: 1
[2021-05-20T03:48:41.818+0000][8][gc,init] Concurrent Refinement Workers: 4
[2021-05-20T03:48:41.819+0000][8][gc,init] Periodic GC: Disabled
[2021-05-20T03:48:41.820+0000][8][gc,metaspace] CDS archive(s) mapped at: [0x0000000800000000-0x0000000800bea000-0x0000000800bea000), size 12492800, SharedBaseAddress: 0x0000000800000000, ArchiveRelocationMode: 0.
[2021-05-20T03:48:41.821+0000][8][gc,metaspace] Compressed class space mapped at: 0x0000000800c00000-0x0000000840c00000, reserved size: 1073741824
[2021-05-20T03:48:41.821+0000][8][gc,metaspace] Narrow klass base: 0x0000000800000000, Narrow klass shift: 3, Narrow klass range: 0x100000000
[2021-05-20T03:48:42.600+0000][8][safepoint   ] Safepoint "ICBufferFull", Time since last: 761641100 ns, Reaching safepoint: 331000 ns, At safepoint: 39800 ns, Total: 370800 ns
[2021-05-20T03:48:42.947+0000][8][gc,start    ] GC(0) Pause Young (Normal) (G1 Evacuation Pause)
[2021-05-20T03:48:42.949+0000][8][gc,task     ] GC(0) Using 4 workers of 4 for evacuation
[2021-05-20T03:48:42.950+0000][8][gc,age      ] GC(0) Desired survivor size 2097152 bytes, new threshold 15 (max threshold 15)
[2021-05-20T03:48:42.962+0000][8][gc,age      ] GC(0) Age table with threshold 15 (max threshold 15)
[2021-05-20T03:48:42.964+0000][8][gc,age      ] GC(0) - age   1:    4183152 bytes,    4183152 total
[2021-05-20T03:48:42.967+0000][8][gc,phases   ] GC(0)   Pre Evacuate Collection Set: 0.2ms
[2021-05-20T03:48:42.969+0000][8][gc,phases   ] GC(0)   Merge Heap Roots: 0.7ms
[2021-05-20T03:48:42.971+0000][8][gc,phases   ] GC(0)   Evacuate Collection Set: 6.6ms
[2021-05-20T03:48:42.972+0000][8][gc,phases   ] GC(0)   Post Evacuate Collection Set: 3.5ms
[2021-05-20T03:48:42.974+0000][8][gc,phases   ] GC(0)   Other: 8.8ms
[2021-05-20T03:48:42.975+0000][8][gc,heap     ] GC(0) Eden regions: 6->0(5)
[2021-05-20T03:48:42.977+0000][8][gc,heap     ] GC(0) Survivor regions: 0->1(1)
[2021-05-20T03:48:42.978+0000][8][gc,heap     ] GC(0) Old regions: 0->1
[2021-05-20T03:48:42.979+0000][8][gc,heap     ] GC(0) Archive regions: 2->2
[2021-05-20T03:48:42.981+0000][8][gc,heap     ] GC(0) Humongous regions: 0->0
[2021-05-20T03:48:42.983+0000][8][gc,metaspace] GC(0) Metaspace: 8325K(8448K)->8325K(8448K) NonClass: 7400K(7488K)->7400K(7488K) Class: 925K(960K)->925K(960K)
[2021-05-20T03:48:42.985+0000][8][gc          ] GC(0) Pause Young (Normal) (G1 Evacuation Pause) 27M->8M(512M) 38.199ms
[2021-05-20T03:48:42.987+0000][8][gc,cpu      ] GC(0) User=0.05s Sys=0.01s Real=0.04s
[2021-05-20T03:48:42.989+0000][8][safepoint   ] Safepoint "G1CollectForAllocation", Time since last: 342825200 ns, Reaching safepoint: 3770800 ns, At safepoint: 42214500 ns, Total: 45985300 ns
[2021-05-20T03:48:44.108+0000][8][safepoint   ] Safepoint "Cleanup", Time since last: 1119180300 ns, Reaching safepoint: 196400 ns, At safepoint: 53500 ns, Total: 249900 ns
[2021-05-20T03:48:44.140+0000][8][gc,start    ] GC(1) Pause Young (Normal) (G1 Evacuation Pause)
[2021-05-20T03:48:44.140+0000][8][gc,task     ] GC(1) Using 4 workers of 4 for evacuation
[2021-05-20T03:48:44.142+0000][8][gc,age      ] GC(1) Desired survivor size 2097152 bytes, new threshold 1 (max threshold 15)
[2021-05-20T03:48:44.159+0000][8][gc,age      ] GC(1) Age table with threshold 1 (max threshold 15)
[2021-05-20T03:48:44.159+0000][8][gc,age      ] GC(1) - age   1:    1702456 bytes,    1702456 total
[2021-05-20T03:48:44.160+0000][8][gc,phases   ] GC(1)   Pre Evacuate Collection Set: 0.3ms
[2021-05-20T03:48:44.161+0000][8][gc,phases   ] GC(1)   Merge Heap Roots: 0.5ms
[2021-05-20T03:48:44.162+0000][8][gc,phases   ] GC(1)   Evacuate Collection Set: 13.1ms
[2021-05-20T03:48:44.163+0000][8][gc,phases   ] GC(1)   Post Evacuate Collection Set: 1.6ms
[2021-05-20T03:48:44.163+0000][8][gc,phases   ] GC(1)   Other: 5.2ms
[2021-05-20T03:48:44.164+0000][8][gc,heap     ] GC(1) Eden regions: 5->0(7)
[2021-05-20T03:48:44.165+0000][8][gc,heap     ] GC(1) Survivor regions: 1->1(1)
[2021-05-20T03:48:44.166+0000][8][gc,heap     ] GC(1) Old regions: 1->2
[2021-05-20T03:48:44.167+0000][8][gc,heap     ] GC(1) Archive regions: 2->2
[2021-05-20T03:48:44.167+0000][8][gc,heap     ] GC(1) Humongous regions: 0->0
[2021-05-20T03:48:44.168+0000][8][gc,metaspace] GC(1) Metaspace: 11767K(11968K)->11767K(11968K) NonClass: 10369K(10496K)->10369K(10496K) Class: 1397K(1472K)->1397K(1472K)
[2021-05-20T03:48:44.169+0000][8][gc          ] GC(1) Pause Young (Normal) (G1 Evacuation Pause) 28M->9M(512M) 29.094ms
[2021-05-20T03:48:44.170+0000][8][gc,cpu      ] GC(1) User=0.04s Sys=0.01s Real=0.03s
[2021-05-20T03:48:44.171+0000][8][safepoint   ] Safepoint "G1CollectForAllocation", Time since last: 31018900 ns, Reaching safepoint: 56800 ns, At safepoint: 31133400 ns, Total: 31190200 ns
[2021-05-20T03:48:44.799+0000][8][gc,start    ] GC(2) Pause Young (Normal) (G1 Evacuation Pause)
[2021-05-20T03:48:44.800+0000][8][gc,task     ] GC(2) Using 4 workers of 4 for evacuation
[2021-05-20T03:48:44.802+0000][8][gc,age      ] GC(2) Desired survivor size 2097152 bytes, new threshold 15 (max threshold 15)
[2021-05-20T03:48:44.816+0000][8][gc,age      ] GC(2) Age table with threshold 15 (max threshold 15)
[2021-05-20T03:48:44.818+0000][8][gc,age      ] GC(2) - age   1:    1127800 bytes,    1127800 total
[2021-05-20T03:48:44.819+0000][8][gc,age      ] GC(2) - age   2:    1631848 bytes,    2759648 total
[2021-05-20T03:48:44.820+0000][8][gc,phases   ] GC(2)   Pre Evacuate Collection Set: 0.3ms
[2021-05-20T03:48:44.821+0000][8][gc,phases   ] GC(2)   Merge Heap Roots: 0.4ms
[2021-05-20T03:48:44.822+0000][8][gc,phases   ] GC(2)   Evacuate Collection Set: 8.3ms
[2021-05-20T03:48:44.823+0000][8][gc,phases   ] GC(2)   Post Evacuate Collection Set: 4.3ms
[2021-05-20T03:48:44.823+0000][8][gc,phases   ] GC(2)   Other: 7.5ms
[2021-05-20T03:48:44.824+0000][8][gc,heap     ] GC(2) Eden regions: 7->0(22)
[2021-05-20T03:48:44.825+0000][8][gc,heap     ] GC(2) Survivor regions: 1->1(1)
[2021-05-20T03:48:44.826+0000][8][gc,heap     ] GC(2) Old regions: 2->2
[2021-05-20T03:48:44.826+0000][8][gc,heap     ] GC(2) Archive regions: 2->2
[2021-05-20T03:48:44.827+0000][8][gc,heap     ] GC(2) Humongous regions: 0->0
[2021-05-20T03:48:44.828+0000][8][gc,metaspace] GC(2) Metaspace: 14228K(14528K)->14228K(14528K) NonClass: 12579K(12736K)->12579K(12736K) Class: 1649K(1792K)->1649K(1792K)
[2021-05-20T03:48:44.828+0000][8][gc          ] GC(2) Pause Young (Normal) (G1 Evacuation Pause) 37M->10M(512M) 29.151ms
[2021-05-20T03:48:44.829+0000][8][gc,cpu      ] GC(2) User=0.02s Sys=0.01s Real=0.03s
[2021-05-20T03:48:44.830+0000][8][safepoint   ] Safepoint "G1CollectForAllocation", Time since last: 628154200 ns, Reaching safepoint: 313200 ns, At safepoint: 30826400 ns, Total: 31139600 ns
[2021-05-20T03:48:45.527+0000][8][safepoint   ] Safepoint "ICBufferFull", Time since last: 697369200 ns, Reaching safepoint: 103000 ns, At safepoint: 22700 ns, Total: 125700 ns
[2021-05-20T03:48:45.542+0000][8][safepoint   ] Safepoint "ICBufferFull", Time since last: 14939500 ns, Reaching safepoint: 58600 ns, At safepoint: 22600 ns, Total: 81200 ns
[2021-05-20T03:48:45.549+0000][8][safepoint   ] Safepoint "ICBufferFull", Time since last: 5987100 ns, Reaching safepoint: 68400 ns, At safepoint: 85900 ns, Total: 154300 ns
[2021-05-20T03:48:45.562+0000][8][safepoint   ] Safepoint "ICBufferFull", Time since last: 13045400 ns, Reaching safepoint: 67300 ns, At safepoint: 29000 ns, Total: 96300 ns
[2021-05-20T03:48:45.579+0000][8][safepoint   ] Safepoint "ICBufferFull", Time since last: 17035000 ns, Reaching safepoint: 57900 ns, At safepoint: 23100 ns, Total: 81000 ns
[2021-05-20T03:48:45.589+0000][8][safepoint   ] Safepoint "ICBufferFull", Time since last: 10470300 ns, Reaching safepoint: 61500 ns, At safepoint: 22500 ns, Total: 84000 ns
[2021-05-20T03:48:45.595+0000][8][safepoint   ] Safepoint "ICBufferFull", Time since last: 5253900 ns, Reaching safepoint: 223600 ns, At safepoint: 44300 ns, Total: 267900 ns
[2021-05-20T03:48:45.605+0000][8][safepoint   ] Safepoint "ICBufferFull", Time since last: 9708100 ns, Reaching safepoint: 382800 ns, At safepoint: 46300 ns, Total: 429100 ns
[2021-05-20T03:48:45.610+0000][8][safepoint   ] Safepoint "ICBufferFull", Time since last: 4664400 ns, Reaching safepoint: 653600 ns, At safepoint: 26800 ns, Total: 680400 ns
[2021-05-20T03:48:45.622+0000][8][safepoint   ] Safepoint "ICBufferFull", Time since last: 11549700 ns, Reaching safepoint: 357000 ns, At safepoint: 23300 ns, Total: 380300 ns
[2021-05-20T03:48:45.629+0000][8][safepoint   ] Safepoint "ICBufferFull", Time since last: 6348300 ns, Reaching safepoint: 349900 ns, At safepoint: 24500 ns, Total: 374400 ns
[2021-05-20T03:48:45.634+0000][8][safepoint   ] Safepoint "ICBufferFull", Time since last: 5076300 ns, Reaching safepoint: 109400 ns, At safepoint: 22600 ns, Total: 132000 ns
[2021-05-20T03:48:45.644+0000][8][safepoint   ] Safepoint "ICBufferFull", Time since last: 9910900 ns, Reaching safepoint: 170900 ns, At safepoint: 20100 ns, Total: 191000 ns
[2021-05-20T03:48:45.657+0000][8][safepoint   ] Safepoint "ICBufferFull", Time since last: 12199900 ns, Reaching safepoint: 176600 ns, At safepoint: 69200 ns, Total: 245800 ns
[2021-05-20T03:48:45.669+0000][8][safepoint   ] Safepoint "ICBufferFull", Time since last: 12469000 ns, Reaching safepoint: 148900 ns, At safepoint: 20900 ns, Total: 169800 ns
[2021-05-20T03:48:45.865+0000][8][gc,start    ] GC(3) Pause Young (Normal) (G1 Evacuation Pause)
[2021-05-20T03:48:45.867+0000][8][gc,task     ] GC(3) Using 4 workers of 4 for evacuation
[2021-05-20T03:48:45.868+0000][8][gc,age      ] GC(3) Desired survivor size 6291456 bytes, new threshold 15 (max threshold 15)
[2021-05-20T03:48:45.880+0000][8][gc,age      ] GC(3) Age table with threshold 15 (max threshold 15)
[2021-05-20T03:48:45.881+0000][8][gc,age      ] GC(3) - age   1:    2606784 bytes,    2606784 total
[2021-05-20T03:48:45.883+0000][8][gc,age      ] GC(3) - age   2:    1059056 bytes,    3665840 total
[2021-05-20T03:48:45.884+0000][8][gc,age      ] GC(3) - age   3:    1617800 bytes,    5283640 total
[2021-05-20T03:48:45.885+0000][8][gc,phases   ] GC(3)   Pre Evacuate Collection Set: 0.3ms
[2021-05-20T03:48:45.886+0000][8][gc,phases   ] GC(3)   Merge Heap Roots: 0.3ms
[2021-05-20T03:48:45.887+0000][8][gc,phases   ] GC(3)   Evacuate Collection Set: 8.1ms
[2021-05-20T03:48:45.888+0000][8][gc,phases   ] GC(3)   Post Evacuate Collection Set: 2.0ms
[2021-05-20T03:48:45.889+0000][8][gc,phases   ] GC(3)   Other: 9.2ms
[2021-05-20T03:48:45.890+0000][8][gc,heap     ] GC(3) Eden regions: 22->0(74)
[2021-05-20T03:48:45.891+0000][8][gc,heap     ] GC(3) Survivor regions: 1->2(3)
[2021-05-20T03:48:45.892+0000][8][gc,heap     ] GC(3) Old regions: 2->2
[2021-05-20T03:48:45.893+0000][8][gc,heap     ] GC(3) Archive regions: 2->2
[2021-05-20T03:48:45.894+0000][8][gc,heap     ] GC(3) Humongous regions: 0->0
[2021-05-20T03:48:45.895+0000][8][gc,metaspace] GC(3) Metaspace: 16439K(16640K)->16439K(16640K) NonClass: 14496K(14592K)->14496K(14592K) Class: 1942K(2048K)->1942K(2048K)
[2021-05-20T03:48:45.895+0000][8][gc          ] GC(3) Pause Young (Normal) (G1 Evacuation Pause) 98M->13M(512M) 30.072ms
[2021-05-20T03:48:45.896+0000][8][gc,cpu      ] GC(3) User=0.02s Sys=0.00s Real=0.03s
[2021-05-20T03:48:45.897+0000][8][safepoint   ] Safepoint "G1CollectForAllocation", Time since last: 195575600 ns, Reaching safepoint: 104900 ns, At safepoint: 31542800 ns, Total: 31647700 ns
[2021-05-20T03:48:46.824+0000][8][safepoint   ] Safepoint "ICBufferFull", Time since last: 927370200 ns, Reaching safepoint: 253500 ns, At safepoint: 28200 ns, Total: 281700 ns
[2021-05-20T03:48:46.913+0000][8][gc,start    ] GC(4) Pause Young (Normal) (G1 Evacuation Pause)
[2021-05-20T03:48:46.914+0000][8][gc,task     ] GC(4) Using 4 workers of 4 for evacuation
[2021-05-20T03:48:46.915+0000][8][gc,age      ] GC(4) Desired survivor size 20971520 bytes, new threshold 15 (max threshold 15)
[2021-05-20T03:48:46.926+0000][8][gc,age      ] GC(4) Age table with threshold 15 (max threshold 15)
[2021-05-20T03:48:46.927+0000][8][gc,age      ] GC(4) - age   1:    4095640 bytes,    4095640 total
[2021-05-20T03:48:46.928+0000][8][gc,age      ] GC(4) - age   2:    1974904 bytes,    6070544 total
[2021-05-20T03:48:46.929+0000][8][gc,age      ] GC(4) - age   3:    1058936 bytes,    7129480 total
[2021-05-20T03:48:46.929+0000][8][gc,age      ] GC(4) - age   4:    1617648 bytes,    8747128 total
[2021-05-20T03:48:46.930+0000][8][gc,phases   ] GC(4)   Pre Evacuate Collection Set: 0.1ms
[2021-05-20T03:48:46.931+0000][8][gc,phases   ] GC(4)   Merge Heap Roots: 0.3ms
[2021-05-20T03:48:46.931+0000][8][gc,phases   ] GC(4)   Evacuate Collection Set: 7.5ms
[2021-05-20T03:48:46.932+0000][8][gc,phases   ] GC(4)   Post Evacuate Collection Set: 3.1ms
[2021-05-20T03:48:46.933+0000][8][gc,phases   ] GC(4)   Other: 6.4ms
[2021-05-20T03:48:46.934+0000][8][gc,heap     ] GC(4) Eden regions: 74->0(73)
[2021-05-20T03:48:46.940+0000][8][gc,heap     ] GC(4) Survivor regions: 2->3(10)
[2021-05-20T03:48:46.941+0000][8][gc,heap     ] GC(4) Old regions: 2->2
[2021-05-20T03:48:46.942+0000][8][gc,heap     ] GC(4) Archive regions: 2->2
[2021-05-20T03:48:46.943+0000][8][gc,heap     ] GC(4) Humongous regions: 0->0
[2021-05-20T03:48:46.943+0000][8][gc,metaspace] GC(4) Metaspace: 18789K(19136K)->18789K(19136K) NonClass: 16554K(16768K)->16554K(16768K) Class: 2235K(2368K)->2235K(2368K)
[2021-05-20T03:48:46.944+0000][8][gc          ] GC(4) Pause Young (Normal) (G1 Evacuation Pause) 309M->16M(512M) 31.404ms
[2021-05-20T03:48:46.945+0000][8][gc,cpu      ] GC(4) User=0.01s Sys=0.01s Real=0.03s
[2021-05-20T03:48:46.946+0000][8][safepoint   ] Safepoint "G1CollectForAllocation", Time since last: 88346800 ns, Reaching safepoint: 84300 ns, At safepoint: 32937400 ns, Total: 33021700 ns
[2021-05-20T03:48:47.495+0000][8][gc,start    ] GC(5) Pause Young (Normal) (G1 Evacuation Pause)
[2021-05-20T03:48:47.496+0000][8][gc,task     ] GC(5) Using 4 workers of 4 for evacuation
[2021-05-20T03:48:47.497+0000][8][gc,age      ] GC(5) Desired survivor size 20971520 bytes, new threshold 15 (max threshold 15)
[2021-05-20T03:48:47.510+0000][8][gc,age      ] GC(5) Age table with threshold 15 (max threshold 15)
[2021-05-20T03:48:47.511+0000][8][gc,age      ] GC(5) - age   1:    3133216 bytes,    3133216 total
[2021-05-20T03:48:47.511+0000][8][gc,age      ] GC(5) - age   2:    3759568 bytes,    6892784 total
[2021-05-20T03:48:47.512+0000][8][gc,age      ] GC(5) - age   3:    1974552 bytes,    8867336 total
[2021-05-20T03:48:47.512+0000][8][gc,age      ] GC(5) - age   4:    1058936 bytes,    9926272 total
[2021-05-20T03:48:47.513+0000][8][gc,age      ] GC(5) - age   5:    1617648 bytes,   11543920 total
[2021-05-20T03:48:47.514+0000][8][gc,phases   ] GC(5)   Pre Evacuate Collection Set: 0.1ms
[2021-05-20T03:48:47.514+0000][8][gc,phases   ] GC(5)   Merge Heap Roots: 0.2ms
[2021-05-20T03:48:47.515+0000][8][gc,phases   ] GC(5)   Evacuate Collection Set: 10.1ms
[2021-05-20T03:48:47.516+0000][8][gc,phases   ] GC(5)   Post Evacuate Collection Set: 1.8ms
[2021-05-20T03:48:47.516+0000][8][gc,phases   ] GC(5)   Other: 6.6ms
[2021-05-20T03:48:47.517+0000][8][gc,heap     ] GC(5) Eden regions: 73->0(72)
[2021-05-20T03:48:47.517+0000][8][gc,heap     ] GC(5) Survivor regions: 3->4(10)
[2021-05-20T03:48:47.518+0000][8][gc,heap     ] GC(5) Old regions: 2->2
[2021-05-20T03:48:47.518+0000][8][gc,heap     ] GC(5) Archive regions: 2->2
[2021-05-20T03:48:47.519+0000][8][gc,heap     ] GC(5) Humongous regions: 0->0
[2021-05-20T03:48:47.520+0000][8][gc,metaspace] GC(5) Metaspace: 19185K(19584K)->19185K(19584K) NonClass: 16902K(17152K)->16902K(17152K) Class: 2282K(2432K)->2282K(2432K)
[2021-05-20T03:48:47.521+0000][8][gc          ] GC(5) Pause Young (Normal) (G1 Evacuation Pause) 308M->20M(512M) 25.669ms
[2021-05-20T03:48:47.522+0000][8][gc,cpu      ] GC(5) User=0.01s Sys=0.01s Real=0.03s
[2021-05-20T03:48:47.522+0000][8][safepoint   ] Safepoint "G1CollectForAllocation", Time since last: 549380600 ns, Reaching safepoint: 77900 ns, At safepoint: 27148700 ns, Total: 27226600 ns
[2021-05-20T03:48:48.060+0000][8][gc,start    ] GC(6) Pause Young (Normal) (G1 Evacuation Pause)
[2021-05-20T03:48:48.061+0000][8][gc,task     ] GC(6) Using 4 workers of 4 for evacuation
[2021-05-20T03:48:48.062+0000][8][gc,age      ] GC(6) Desired survivor size 20971520 bytes, new threshold 15 (max threshold 15)
[2021-05-20T03:48:48.078+0000][8][gc,age      ] GC(6) Age table with threshold 15 (max threshold 15)
[2021-05-20T03:48:48.080+0000][8][gc,age      ] GC(6) - age   1:    1484272 bytes,    1484272 total
[2021-05-20T03:48:48.081+0000][8][gc,age      ] GC(6) - age   2:    2546416 bytes,    4030688 total
[2021-05-20T03:48:48.085+0000][8][gc,age      ] GC(6) - age   3:    3758256 bytes,    7788944 total
[2021-05-20T03:48:48.086+0000][8][gc,age      ] GC(6) - age   4:    1974552 bytes,    9763496 total
[2021-05-20T03:48:48.086+0000][8][gc,age      ] GC(6) - age   5:    1058936 bytes,   10822432 total
[2021-05-20T03:48:48.087+0000][8][gc,age      ] GC(6) - age   6:    1617648 bytes,   12440080 total
[2021-05-20T03:48:48.088+0000][8][gc,phases   ] GC(6)   Pre Evacuate Collection Set: 0.1ms
[2021-05-20T03:48:48.089+0000][8][gc,phases   ] GC(6)   Merge Heap Roots: 0.1ms
[2021-05-20T03:48:48.089+0000][8][gc,phases   ] GC(6)   Evacuate Collection Set: 12.5ms
[2021-05-20T03:48:48.090+0000][8][gc,phases   ] GC(6)   Post Evacuate Collection Set: 2.2ms
[2021-05-20T03:48:48.090+0000][8][gc,phases   ] GC(6)   Other: 12.8ms
[2021-05-20T03:48:48.091+0000][8][gc,heap     ] GC(6) Eden regions: 72->0(72)
[2021-05-20T03:48:48.092+0000][8][gc,heap     ] GC(6) Survivor regions: 4->4(10)
[2021-05-20T03:48:48.093+0000][8][gc,heap     ] GC(6) Old regions: 2->2
[2021-05-20T03:48:48.093+0000][8][gc,heap     ] GC(6) Archive regions: 2->2
[2021-05-20T03:48:48.094+0000][8][gc,heap     ] GC(6) Humongous regions: 0->0
[2021-05-20T03:48:48.095+0000][8][gc,metaspace] GC(6) Metaspace: 19577K(19968K)->19577K(19968K) NonClass: 17222K(17472K)->17222K(17472K) Class: 2355K(2496K)->2355K(2496K)
[2021-05-20T03:48:48.095+0000][8][gc          ] GC(6) Pause Young (Normal) (G1 Evacuation Pause) 308M->21M(512M) 35.120ms
[2021-05-20T03:48:48.096+0000][8][gc,cpu      ] GC(6) User=0.02s Sys=0.01s Real=0.04s
[2021-05-20T03:48:48.097+0000][8][safepoint   ] Safepoint "G1CollectForAllocation", Time since last: 537780400 ns, Reaching safepoint: 85000 ns, At safepoint: 36900000 ns, Total: 36985000 ns
[2021-05-20T03:48:48.604+0000][8][gc,start    ] GC(7) Pause Young (Concurrent Start) (Metadata GC Threshold)
[2021-05-20T03:48:48.605+0000][8][gc,task     ] GC(7) Using 4 workers of 4 for evacuation
[2021-05-20T03:48:48.606+0000][8][gc,age      ] GC(7) Desired survivor size 20971520 bytes, new threshold 15 (max threshold 15)
[2021-05-20T03:48:48.619+0000][8][gc,age      ] GC(7) Age table with threshold 15 (max threshold 15)
[2021-05-20T03:48:48.620+0000][8][gc,age      ] GC(7) - age   1:    2374888 bytes,    2374888 total
[2021-05-20T03:48:48.621+0000][8][gc,age      ] GC(7) - age   2:     579072 bytes,    2953960 total
[2021-05-20T03:48:48.622+0000][8][gc,age      ] GC(7) - age   3:    2545288 bytes,    5499248 total
[2021-05-20T03:48:48.623+0000][8][gc,age      ] GC(7) - age   4:    3758080 bytes,    9257328 total
[2021-05-20T03:48:48.623+0000][8][gc,age      ] GC(7) - age   5:    1974504 bytes,   11231832 total
[2021-05-20T03:48:48.624+0000][8][gc,age      ] GC(7) - age   6:    1050904 bytes,   12282736 total
[2021-05-20T03:48:48.625+0000][8][gc,age      ] GC(7) - age   7:    1617360 bytes,   13900096 total
[2021-05-20T03:48:48.625+0000][8][gc,phases   ] GC(7)   Pre Evacuate Collection Set: 0.2ms
[2021-05-20T03:48:48.626+0000][8][gc,phases   ] GC(7)   Merge Heap Roots: 0.2ms
[2021-05-20T03:48:48.627+0000][8][gc,phases   ] GC(7)   Evacuate Collection Set: 8.5ms
[2021-05-20T03:48:48.627+0000][8][gc,phases   ] GC(7)   Post Evacuate Collection Set: 2.8ms
[2021-05-20T03:48:48.628+0000][8][gc,phases   ] GC(7)   Other: 9.3ms
[2021-05-20T03:48:48.629+0000][8][gc,heap     ] GC(7) Eden regions: 61->0(72)
[2021-05-20T03:48:48.630+0000][8][gc,heap     ] GC(7) Survivor regions: 4->4(10)
[2021-05-20T03:48:48.630+0000][8][gc,heap     ] GC(7) Old regions: 2->2
[2021-05-20T03:48:48.631+0000][8][gc,heap     ] GC(7) Archive regions: 2->2
[2021-05-20T03:48:48.631+0000][8][gc,heap     ] GC(7) Humongous regions: 0->0
[2021-05-20T03:48:48.632+0000][8][gc,metaspace] GC(7) Metaspace: 20742K(21248K)->20742K(21248K) NonClass: 18238K(18496K)->18238K(18496K) Class: 2503K(2752K)->2503K(2752K)
[2021-05-20T03:48:48.633+0000][8][gc          ] GC(7) Pause Young (Concurrent Start) (Metadata GC Threshold) 265M->22M(512M) 28.446ms
[2021-05-20T03:48:48.634+0000][8][gc,cpu      ] GC(7) User=0.03s Sys=0.01s Real=0.03s
[2021-05-20T03:48:48.634+0000][8][gc          ] GC(8) Concurrent Mark Cycle
[2021-05-20T03:48:48.634+0000][8][safepoint   ] Safepoint "CollectForMetadataAllocation", Time since last: 507018000 ns, Reaching safepoint: 139000 ns, At safepoint: 30051800 ns, Total: 30190800 ns
[2021-05-20T03:48:48.635+0000][8][gc,marking  ] GC(8) Concurrent Clear Claimed Marks
[2021-05-20T03:48:48.636+0000][8][gc,marking  ] GC(8) Concurrent Clear Claimed Marks 1.337ms
[2021-05-20T03:48:48.637+0000][8][gc,marking  ] GC(8) Concurrent Scan Root Regions
[2021-05-20T03:48:48.642+0000][8][gc,marking  ] GC(8) Concurrent Scan Root Regions 4.388ms
[2021-05-20T03:48:48.651+0000][8][gc,marking  ] GC(8) Concurrent Mark
[2021-05-20T03:48:48.652+0000][8][gc,marking  ] GC(8) Concurrent Mark From Roots
[2021-05-20T03:48:48.653+0000][8][gc,task     ] GC(8) Using 1 workers of 1 for marking
[2021-05-20T03:48:48.660+0000][8][gc,marking  ] GC(8) Concurrent Mark From Roots 7.881ms
[2021-05-20T03:48:48.661+0000][8][gc,marking  ] GC(8) Concurrent Preclean
[2021-05-20T03:48:48.662+0000][8][gc,marking  ] GC(8) Concurrent Preclean 0.844ms
[2021-05-20T03:48:48.663+0000][8][gc,start    ] GC(8) Pause Remark
[2021-05-20T03:48:48.672+0000][8][gc          ] GC(8) Pause Remark 24M->24M(512M) 9.385ms
[2021-05-20T03:48:48.673+0000][8][gc,cpu      ] GC(8) User=0.01s Sys=0.00s Real=0.01s
[2021-05-20T03:48:48.674+0000][8][safepoint   ] Safepoint "G1Concurrent", Time since last: 28356100 ns, Reaching safepoint: 312100 ns, At safepoint: 10939100 ns, Total: 11251200 ns
[2021-05-20T03:48:48.675+0000][8][gc,marking  ] GC(8) Concurrent Mark 23.999ms
[2021-05-20T03:48:48.676+0000][8][gc,marking  ] GC(8) Concurrent Rebuild Remembered Sets
[2021-05-20T03:48:48.679+0000][8][gc,marking  ] GC(8) Concurrent Rebuild Remembered Sets 3.519ms
[2021-05-20T03:48:48.680+0000][8][gc,start    ] GC(8) Pause Cleanup
[2021-05-20T03:48:48.681+0000][8][gc          ] GC(8) Pause Cleanup 26M->26M(512M) 0.826ms
[2021-05-20T03:48:48.682+0000][8][gc,cpu      ] GC(8) User=0.00s Sys=0.00s Real=0.01s
[2021-05-20T03:48:48.683+0000][8][safepoint   ] Safepoint "G1Concurrent", Time since last: 6322400 ns, Reaching safepoint: 258900 ns, At safepoint: 2215800 ns, Total: 2474700 ns
[2021-05-20T03:48:48.683+0000][8][gc,marking  ] GC(8) Concurrent Cleanup for Next Mark
[2021-05-20T03:48:48.693+0000][8][gc,marking  ] GC(8) Concurrent Cleanup for Next Mark 9.813ms
[2021-05-20T03:48:48.694+0000][8][gc          ] GC(8) Concurrent Mark Cycle 59.882ms
[2021-05-20T03:48:49.082+0000][8][gc,start    ] GC(9) Pause Young (Normal) (G1 Evacuation Pause)
[2021-05-20T03:48:49.083+0000][8][gc,task     ] GC(9) Using 4 workers of 4 for evacuation
[2021-05-20T03:48:49.084+0000][8][gc,age      ] GC(9) Desired survivor size 20971520 bytes, new threshold 15 (max threshold 15)
[2021-05-20T03:48:49.100+0000][8][gc,age      ] GC(9) Age table with threshold 15 (max threshold 15)
[2021-05-20T03:48:49.101+0000][8][gc,age      ] GC(9) - age   1:    1966000 bytes,    1966000 total
[2021-05-20T03:48:49.101+0000][8][gc,age      ] GC(9) - age   2:    2252616 bytes,    4218616 total
[2021-05-20T03:48:49.102+0000][8][gc,age      ] GC(9) - age   3:     576712 bytes,    4795328 total
[2021-05-20T03:48:49.103+0000][8][gc,age      ] GC(9) - age   4:    2545288 bytes,    7340616 total
[2021-05-20T03:48:49.103+0000][8][gc,age      ] GC(9) - age   5:    3757696 bytes,   11098312 total
[2021-05-20T03:48:49.104+0000][8][gc,age      ] GC(9) - age   6:    1974472 bytes,   13072784 total
[2021-05-20T03:48:49.105+0000][8][gc,age      ] GC(9) - age   7:    1050200 bytes,   14122984 total
[2021-05-20T03:48:49.105+0000][8][gc,age      ] GC(9) - age   8:    1615536 bytes,   15738520 total
[2021-05-20T03:48:49.106+0000][8][gc,phases   ] GC(9)   Pre Evacuate Collection Set: 0.3ms
[2021-05-20T03:48:49.107+0000][8][gc,phases   ] GC(9)   Merge Heap Roots: 0.6ms
[2021-05-20T03:48:49.107+0000][8][gc,phases   ] GC(9)   Evacuate Collection Set: 10.8ms
[2021-05-20T03:48:49.108+0000][8][gc,phases   ] GC(9)   Post Evacuate Collection Set: 2.5ms
[2021-05-20T03:48:49.108+0000][8][gc,phases   ] GC(9)   Other: 9.5ms
[2021-05-20T03:48:49.109+0000][8][gc,heap     ] GC(9) Eden regions: 72->0(71)
[2021-05-20T03:48:49.110+0000][8][gc,heap     ] GC(9) Survivor regions: 4->5(10)
[2021-05-20T03:48:49.110+0000][8][gc,heap     ] GC(9) Old regions: 2->2
[2021-05-20T03:48:49.111+0000][8][gc,heap     ] GC(9) Archive regions: 2->2
[2021-05-20T03:48:49.112+0000][8][gc,heap     ] GC(9) Humongous regions: 0->0
[2021-05-20T03:48:49.112+0000][8][gc,metaspace] GC(9) Metaspace: 20949K(21568K)->20949K(21568K) NonClass: 18408K(18752K)->18408K(18752K) Class: 2540K(2816K)->2540K(2816K)
[2021-05-20T03:48:49.113+0000][8][gc          ] GC(9) Pause Young (Normal) (G1 Evacuation Pause) 310M->24M(512M) 30.694ms
[2021-05-20T03:48:49.114+0000][8][gc,cpu      ] GC(9) User=0.02s Sys=0.00s Real=0.03s
[2021-05-20T03:48:49.115+0000][8][safepoint   ] Safepoint "G1CollectForAllocation", Time since last: 399363700 ns, Reaching safepoint: 248700 ns, At safepoint: 32249800 ns, Total: 32498500 ns
[2021-05-20T03:48:50.007+0000][8][safepoint   ] Safepoint "ICBufferFull", Time since last: 891532300 ns, Reaching safepoint: 425100 ns, At safepoint: 59600 ns, Total: 484700 ns
[2021-05-20T03:48:51.546+0000][8][safepoint   ] Safepoint "Cleanup", Time since last: 1539026000 ns, Reaching safepoint: 713800 ns, At safepoint: 73200 ns, Total: 787000 ns
[2021-05-20T03:48:51.817+0000][8][gc,start    ] GC(10) Pause Young (Normal) (G1 Evacuation Pause)
[2021-05-20T03:48:51.818+0000][8][gc,task     ] GC(10) Using 4 workers of 4 for evacuation
[2021-05-20T03:48:51.819+0000][8][gc,age      ] GC(10) Desired survivor size 20971520 bytes, new threshold 15 (max threshold 15)
[2021-05-20T03:48:51.869+0000][8][gc,age      ] GC(10) Age table with threshold 15 (max threshold 15)
[2021-05-20T03:48:51.870+0000][8][gc,age      ] GC(10) - age   1:   23428736 bytes,   23428736 total
[2021-05-20T03:48:51.871+0000][8][gc,age      ] GC(10) - age   2:     707560 bytes,   24136296 total
[2021-05-20T03:48:51.872+0000][8][gc,age      ] GC(10) - age   3:    2225712 bytes,   26362008 total
[2021-05-20T03:48:51.873+0000][8][gc,age      ] GC(10) - age   4:     564272 bytes,   26926280 total
[2021-05-20T03:48:51.874+0000][8][gc,age      ] GC(10) - age   5:    2524792 bytes,   29451072 total
[2021-05-20T03:48:51.875+0000][8][gc,age      ] GC(10) - age   6:    3735976 bytes,   33187048 total
[2021-05-20T03:48:51.876+0000][8][gc,age      ] GC(10) - age   7:    1926144 bytes,   35113192 total
[2021-05-20T03:48:51.877+0000][8][gc,age      ] GC(10) - age   8:    1027920 bytes,   36141112 total
[2021-05-20T03:48:51.877+0000][8][gc,age      ] GC(10) - age   9:    1608080 bytes,   37749192 total
[2021-05-20T03:48:51.878+0000][8][gc,phases   ] GC(10)   Pre Evacuate Collection Set: 0.2ms
[2021-05-20T03:48:51.879+0000][8][gc,phases   ] GC(10)   Merge Heap Roots: 0.3ms
[2021-05-20T03:48:51.880+0000][8][gc,phases   ] GC(10)   Evacuate Collection Set: 38.6ms
[2021-05-20T03:48:51.880+0000][8][gc,phases   ] GC(10)   Post Evacuate Collection Set: 9.5ms
[2021-05-20T03:48:51.881+0000][8][gc,phases   ] GC(10)   Other: 12.0ms
[2021-05-20T03:48:51.882+0000][8][gc,heap     ] GC(10) Eden regions: 71->0(66)
[2021-05-20T03:48:51.883+0000][8][gc,heap     ] GC(10) Survivor regions: 5->10(10)
[2021-05-20T03:48:51.884+0000][8][gc,heap     ] GC(10) Old regions: 2->2
[2021-05-20T03:48:51.885+0000][8][gc,heap     ] GC(10) Archive regions: 2->2
[2021-05-20T03:48:51.885+0000][8][gc,heap     ] GC(10) Humongous regions: 0->0
[2021-05-20T03:48:51.886+0000][8][gc,metaspace] GC(10) Metaspace: 30238K(31104K)->30238K(31104K) NonClass: 26448K(26944K)->26448K(26944K) Class: 3790K(4160K)->3790K(4160K)
[2021-05-20T03:48:51.887+0000][8][gc          ] GC(10) Pause Young (Normal) (G1 Evacuation Pause) 308M->45M(512M) 69.612ms
[2021-05-20T03:48:51.888+0000][8][gc,cpu      ] GC(10) User=0.14s Sys=0.01s Real=0.07s
[2021-05-20T03:48:51.889+0000][8][safepoint   ] Safepoint "G1CollectForAllocation", Time since last: 270780000 ns, Reaching safepoint: 91400 ns, At safepoint: 71869300 ns, Total: 71960700 ns
[2021-05-20T03:48:52.891+0000][8][safepoint   ] Safepoint "Cleanup", Time since last: 1001547700 ns, Reaching safepoint: 197200 ns, At safepoint: 27600 ns, Total: 224800 ns
[2021-05-20T03:48:53.091+0000][8][gc,start    ] GC(11) Pause Young (Concurrent Start) (Metadata GC Threshold)
[2021-05-20T03:48:53.092+0000][8][gc,task     ] GC(11) Using 4 workers of 4 for evacuation
[2021-05-20T03:48:53.094+0000][8][gc,age      ] GC(11) Desired survivor size 20971520 bytes, new threshold 1 (max threshold 15)
[2021-05-20T03:48:53.142+0000][8][gc,age      ] GC(11) Age table with threshold 1 (max threshold 15)
[2021-05-20T03:48:53.143+0000][8][gc,age      ] GC(11) - age   1:   16050808 bytes,   16050808 total
[2021-05-20T03:48:53.144+0000][8][gc,phases   ] GC(11)   Pre Evacuate Collection Set: 0.2ms
[2021-05-20T03:48:53.145+0000][8][gc,phases   ] GC(11)   Merge Heap Roots: 0.2ms
[2021-05-20T03:48:53.146+0000][8][gc,phases   ] GC(11)   Evacuate Collection Set: 44.5ms
[2021-05-20T03:48:53.146+0000][8][gc,phases   ] GC(11)   Post Evacuate Collection Set: 2.4ms
[2021-05-20T03:48:53.148+0000][8][gc,phases   ] GC(11)   Other: 5.7ms
[2021-05-20T03:48:53.148+0000][8][gc,heap     ] GC(11) Eden regions: 30->0(71)
[2021-05-20T03:48:53.149+0000][8][gc,heap     ] GC(11) Survivor regions: 10->5(10)
[2021-05-20T03:48:53.150+0000][8][gc,heap     ] GC(11) Old regions: 2->11
[2021-05-20T03:48:53.150+0000][8][gc,heap     ] GC(11) Archive regions: 2->2
[2021-05-20T03:48:53.151+0000][8][gc,heap     ] GC(11) Humongous regions: 0->0
[2021-05-20T03:48:53.152+0000][8][gc,metaspace] GC(11) Metaspace: 34666K(35520K)->34666K(35520K) NonClass: 30210K(30720K)->30210K(30720K) Class: 4455K(4800K)->4455K(4800K)
[2021-05-20T03:48:53.153+0000][8][gc          ] GC(11) Pause Young (Concurrent Start) (Metadata GC Threshold) 163M->63M(512M) 62.083ms
[2021-05-20T03:48:53.154+0000][8][gc,cpu      ] GC(11) User=0.10s Sys=0.01s Real=0.06s
[2021-05-20T03:48:53.155+0000][8][gc          ] GC(12) Concurrent Mark Cycle
[2021-05-20T03:48:53.155+0000][8][safepoint   ] Safepoint "CollectForMetadataAllocation", Time since last: 199793800 ns, Reaching safepoint: 98800 ns, At safepoint: 63901200 ns, Total: 64000000 ns
[2021-05-20T03:48:53.156+0000][8][gc,marking  ] GC(12) Concurrent Clear Claimed Marks
[2021-05-20T03:48:53.158+0000][8][gc,marking  ] GC(12) Concurrent Clear Claimed Marks 2.454ms
[2021-05-20T03:48:53.159+0000][8][gc,marking  ] GC(12) Concurrent Scan Root Regions
[2021-05-20T03:48:53.199+0000][8][safepoint   ] Safepoint "CollectForMetadataAllocation", Time since last: 44092500 ns, Reaching safepoint: 97900 ns, At safepoint: 64000 ns, Total: 161900 ns
[2021-05-20T03:48:53.205+0000][8][gc,marking  ] GC(12) Concurrent Scan Root Regions 46.062ms
[2021-05-20T03:48:53.206+0000][8][gc,marking  ] GC(12) Concurrent Mark
[2021-05-20T03:48:53.207+0000][8][gc,marking  ] GC(12) Concurrent Mark From Roots
[2021-05-20T03:48:53.208+0000][8][gc,task     ] GC(12) Using 1 workers of 1 for marking
[2021-05-20T03:48:53.223+0000][8][gc,marking  ] GC(12) Concurrent Mark From Roots 15.954ms
[2021-05-20T03:48:53.224+0000][8][gc,marking  ] GC(12) Concurrent Preclean
[2021-05-20T03:48:53.225+0000][8][gc,marking  ] GC(12) Concurrent Preclean 0.962ms
[2021-05-20T03:48:53.226+0000][8][gc,start    ] GC(12) Pause Remark
[2021-05-20T03:48:53.230+0000][8][gc          ] GC(12) Pause Remark 67M->67M(512M) 4.069ms
[2021-05-20T03:48:53.231+0000][8][gc,cpu      ] GC(12) User=0.00s Sys=0.00s Real=0.01s
[2021-05-20T03:48:53.232+0000][8][safepoint   ] Safepoint "G1Concurrent", Time since last: 26778700 ns, Reaching safepoint: 340600 ns, At safepoint: 6274000 ns, Total: 6614600 ns
[2021-05-20T03:48:53.233+0000][8][gc,marking  ] GC(12) Concurrent Mark 26.816ms
[2021-05-20T03:48:53.234+0000][8][gc,marking  ] GC(12) Concurrent Rebuild Remembered Sets
[2021-05-20T03:48:53.272+0000][8][gc,marking  ] GC(12) Concurrent Rebuild Remembered Sets 38.079ms
[2021-05-20T03:48:53.274+0000][8][gc,start    ] GC(12) Pause Cleanup
[2021-05-20T03:48:53.275+0000][8][gc          ] GC(12) Pause Cleanup 69M->69M(512M) 1.158ms
[2021-05-20T03:48:53.276+0000][8][gc,cpu      ] GC(12) User=0.00s Sys=0.00s Real=0.00s
[2021-05-20T03:48:53.277+0000][8][safepoint   ] Safepoint "G1Concurrent", Time since last: 40855500 ns, Reaching safepoint: 715900 ns, At safepoint: 3009300 ns, Total: 3725200 ns
[2021-05-20T03:48:53.278+0000][8][gc,marking  ] GC(12) Concurrent Cleanup for Next Mark
[2021-05-20T03:48:53.280+0000][8][gc,marking  ] GC(12) Concurrent Cleanup for Next Mark 1.803ms
[2021-05-20T03:48:53.280+0000][8][gc          ] GC(12) Concurrent Mark Cycle 125.666ms
[2021-05-20T03:48:54.427+0000][8][safepoint   ] Safepoint "ICBufferFull", Time since last: 1149461200 ns, Reaching safepoint: 177600 ns, At safepoint: 19900 ns, Total: 197500 ns
[2021-05-20T03:48:55.429+0000][8][safepoint   ] Safepoint "Cleanup", Time since last: 1001405000 ns, Reaching safepoint: 744000 ns, At safepoint: 300000 ns, Total: 1044000 ns
[2021-05-20T03:48:55.833+0000][8][gc,start    ] GC(13) Pause Young (Concurrent Start) (G1 Evacuation Pause)
[2021-05-20T03:48:55.833+0000][8][gc,task     ] GC(13) Using 4 workers of 4 for evacuation
[2021-05-20T03:48:55.834+0000][8][gc,age      ] GC(13) Desired survivor size 20971520 bytes, new threshold 15 (max threshold 15)
[2021-05-20T03:48:55.861+0000][8][gc,age      ] GC(13) Age table with threshold 15 (max threshold 15)
[2021-05-20T03:48:55.862+0000][8][gc,age      ] GC(13) - age   1:    8042176 bytes,    8042176 total
[2021-05-20T03:48:55.863+0000][8][gc,age      ] GC(13) - age   2:   15987496 bytes,   24029672 total
[2021-05-20T03:48:55.864+0000][8][gc,phases   ] GC(13)   Pre Evacuate Collection Set: 0.4ms
[2021-05-20T03:48:55.864+0000][8][gc,phases   ] GC(13)   Merge Heap Roots: 0.4ms
[2021-05-20T03:48:55.865+0000][8][gc,phases   ] GC(13)   Evacuate Collection Set: 19.7ms
[2021-05-20T03:48:55.866+0000][8][gc,phases   ] GC(13)   Post Evacuate Collection Set: 4.8ms
[2021-05-20T03:48:55.867+0000][8][gc,phases   ] GC(13)   Other: 5.8ms
[2021-05-20T03:48:55.868+0000][8][gc,heap     ] GC(13) Eden regions: 71->0(69)
[2021-05-20T03:48:55.869+0000][8][gc,heap     ] GC(13) Survivor regions: 5->7(10)
[2021-05-20T03:48:55.870+0000][8][gc,heap     ] GC(13) Old regions: 11->11
[2021-05-20T03:48:55.870+0000][8][gc,heap     ] GC(13) Archive regions: 2->2
[2021-05-20T03:48:55.872+0000][8][gc,heap     ] GC(13) Humongous regions: 0->0
[2021-05-20T03:48:55.873+0000][8][gc,metaspace] GC(13) Metaspace: 53998K(55104K)->53998K(55104K) NonClass: 46777K(47424K)->46777K(47424K) Class: 7221K(7680K)->7221K(7680K)
[2021-05-20T03:48:55.873+0000][8][gc          ] GC(13) Pause Young (Concurrent Start) (G1 Evacuation Pause) 347M->69M(512M) 40.929ms
[2021-05-20T03:48:55.874+0000][8][gc,cpu      ] GC(13) User=0.07s Sys=0.01s Real=0.04s
[2021-05-20T03:48:55.875+0000][8][safepoint   ] Safepoint "G1CollectForAllocation", Time since last: 403258500 ns, Reaching safepoint: 176900 ns, At safepoint: 42912800 ns, Total: 43089700 ns
[2021-05-20T03:48:55.875+0000][8][gc          ] GC(14) Concurrent Mark Cycle
[2021-05-20T03:48:55.877+0000][8][gc,marking  ] GC(14) Concurrent Clear Claimed Marks
[2021-05-20T03:48:55.878+0000][8][gc,marking  ] GC(14) Concurrent Clear Claimed Marks 0.909ms
[2021-05-20T03:48:55.879+0000][8][gc,marking  ] GC(14) Concurrent Scan Root Regions
[2021-05-20T03:48:55.899+0000][8][gc,marking  ] GC(14) Concurrent Scan Root Regions 20.517ms
[2021-05-20T03:48:55.900+0000][8][gc,marking  ] GC(14) Concurrent Mark
[2021-05-20T03:48:55.901+0000][8][gc,marking  ] GC(14) Concurrent Mark From Roots
[2021-05-20T03:48:55.902+0000][8][gc,task     ] GC(14) Using 1 workers of 1 for marking
[2021-05-20T03:48:55.960+0000][8][gc,marking  ] GC(14) Concurrent Mark From Roots 59.312ms
[2021-05-20T03:48:55.961+0000][8][gc,marking  ] GC(14) Concurrent Preclean
[2021-05-20T03:48:55.962+0000][8][gc,marking  ] GC(14) Concurrent Preclean 1.227ms
[2021-05-20T03:48:55.965+0000][8][gc,start    ] GC(14) Pause Remark
[2021-05-20T03:48:55.974+0000][8][gc          ] GC(14) Pause Remark 73M->73M(512M) 8.837ms
[2021-05-20T03:48:55.975+0000][8][gc,cpu      ] GC(14) User=0.01s Sys=0.00s Real=0.01s
[2021-05-20T03:48:55.976+0000][8][safepoint   ] Safepoint "G1Concurrent", Time since last: 88161000 ns, Reaching safepoint: 1709000 ns, At safepoint: 10795900 ns, Total: 12504900 ns
[2021-05-20T03:48:55.977+0000][8][gc,marking  ] GC(14) Concurrent Mark 76.596ms
[2021-05-20T03:48:55.978+0000][8][gc,marking  ] GC(14) Concurrent Rebuild Remembered Sets
[2021-05-20T03:48:56.020+0000][8][gc,marking  ] GC(14) Concurrent Rebuild Remembered Sets 41.786ms
[2021-05-20T03:48:56.023+0000][8][gc,start    ] GC(14) Pause Cleanup
[2021-05-20T03:48:56.025+0000][8][gc          ] GC(14) Pause Cleanup 75M->75M(512M) 1.490ms
[2021-05-20T03:48:56.026+0000][8][gc,cpu      ] GC(14) User=0.00s Sys=0.00s Real=0.00s
[2021-05-20T03:48:56.027+0000][8][safepoint   ] Safepoint "G1Concurrent", Time since last: 46655200 ns, Reaching safepoint: 409500 ns, At safepoint: 3416000 ns, Total: 3825500 ns
[2021-05-20T03:48:56.027+0000][8][gc,marking  ] GC(14) Concurrent Cleanup for Next Mark
[2021-05-20T03:48:56.029+0000][8][gc,marking  ] GC(14) Concurrent Cleanup for Next Mark 1.510ms
[2021-05-20T03:48:56.030+0000][8][gc          ] GC(14) Concurrent Mark Cycle 154.112ms
[2021-05-20T03:48:57.050+0000][8][safepoint   ] Safepoint "ICBufferFull", Time since last: 1022628600 ns, Reaching safepoint: 983100 ns, At safepoint: 45500 ns, Total: 1028600 ns
[2021-05-20T03:48:58.089+0000][8][safepoint   ] Safepoint "Cleanup", Time since last: 1036948700 ns, Reaching safepoint: 2030400 ns, At safepoint: 57700 ns, Total: 2088100 ns
[2021-05-20T03:48:59.166+0000][8][safepoint   ] Safepoint "ICBufferFull", Time since last: 1076592700 ns, Reaching safepoint: 502500 ns, At safepoint: 53900 ns, Total: 556400 ns
[2021-05-20T03:49:00.348+0000][8][safepoint   ] Safepoint "Cleanup", Time since last: 1181162100 ns, Reaching safepoint: 134200 ns, At safepoint: 204700 ns, Total: 338900 ns
[2021-05-20T03:49:00.829+0000][8][gc,start    ] GC(15) Pause Young (Normal) (G1 Evacuation Pause)
[2021-05-20T03:49:00.831+0000][8][gc,task     ] GC(15) Using 4 workers of 4 for evacuation
[2021-05-20T03:49:00.831+0000][8][gc,age      ] GC(15) Desired survivor size 20971520 bytes, new threshold 2 (max threshold 15)
[2021-05-20T03:49:00.861+0000][8][gc,age      ] GC(15) Age table with threshold 2 (max threshold 15)
[2021-05-20T03:49:00.862+0000][8][gc,age      ] GC(15) - age   1:   12778592 bytes,   12778592 total
[2021-05-20T03:49:00.863+0000][8][gc,age      ] GC(15) - age   2:    7716336 bytes,   20494928 total
[2021-05-20T03:49:00.864+0000][8][gc,phases   ] GC(15)   Pre Evacuate Collection Set: 0.1ms
[2021-05-20T03:49:00.865+0000][8][gc,phases   ] GC(15)   Merge Heap Roots: 0.2ms
[2021-05-20T03:49:00.866+0000][8][gc,phases   ] GC(15)   Evacuate Collection Set: 24.5ms
[2021-05-20T03:49:00.867+0000][8][gc,phases   ] GC(15)   Post Evacuate Collection Set: 4.1ms
[2021-05-20T03:49:00.868+0000][8][gc,phases   ] GC(15)   Other: 6.5ms
[2021-05-20T03:49:00.868+0000][8][gc,heap     ] GC(15) Eden regions: 69->0(71)
[2021-05-20T03:49:00.869+0000][8][gc,heap     ] GC(15) Survivor regions: 7->5(10)
[2021-05-20T03:49:00.870+0000][8][gc,heap     ] GC(15) Old regions: 11->14
[2021-05-20T03:49:00.871+0000][8][gc,heap     ] GC(15) Archive regions: 2->2
[2021-05-20T03:49:00.871+0000][8][gc,heap     ] GC(15) Humongous regions: 0->0
[2021-05-20T03:49:00.872+0000][8][gc,metaspace] GC(15) Metaspace: 84287K(85568K)->84287K(85568K) NonClass: 72771K(73536K)->72771K(73536K) Class: 11515K(12032K)->11515K(12032K)
[2021-05-20T03:49:00.873+0000][8][gc          ] GC(15) Pause Young (Normal) (G1 Evacuation Pause) 345M->79M(512M) 44.291ms
[2021-05-20T03:49:00.874+0000][8][gc,cpu      ] GC(15) User=0.07s Sys=0.02s Real=0.05s
[2021-05-20T03:49:00.875+0000][8][safepoint   ] Safepoint "G1CollectForAllocation", Time since last: 480576600 ns, Reaching safepoint: 611400 ns, At safepoint: 45685800 ns, Total: 46297200 ns
[2021-05-20T03:49:01.880+0000][8][safepoint   ] Safepoint "Cleanup", Time since last: 1004575600 ns, Reaching safepoint: 321100 ns, At safepoint: 71000 ns, Total: 392100 ns
[2021-05-20T03:49:03.850+0000][8][safepoint   ] Safepoint "Cleanup", Time since last: 2004481800 ns, Reaching safepoint: 327300 ns, At safepoint: 67800 ns, Total: 395100 ns
[2021-05-20T03:49:04.856+0000][8][safepoint   ] Safepoint "Cleanup", Time since last: 1004193600 ns, Reaching safepoint: 1253500 ns, At safepoint: 231500 ns, Total: 1485000 ns
[2021-05-20T03:49:05.860+0000][8][safepoint   ] Safepoint "Cleanup", Time since last: 1002777300 ns, Reaching safepoint: 765000 ns, At safepoint: 199900 ns, Total: 964900 ns
[2021-05-20T03:49:07.864+0000][8][safepoint   ] Safepoint "Cleanup", Time since last: 2003859100 ns, Reaching safepoint: 667600 ns, At safepoint: 99000 ns, Total: 766600 ns
[2021-05-20T03:49:08.870+0000][8][safepoint   ] Safepoint "Cleanup", Time since last: 1004877100 ns, Reaching safepoint: 292200 ns, At safepoint: 67100 ns, Total: 359300 ns
[2021-05-20T03:49:09.873+0000][8][safepoint   ] Safepoint "Cleanup", Time since last: 1003222100 ns, Reaching safepoint: 185200 ns, At safepoint: 52100 ns, Total: 237300 ns
[2021-05-20T03:49:10.876+0000][8][safepoint   ] Safepoint "Cleanup", Time since last: 1002806200 ns, Reaching safepoint: 233300 ns, At safepoint: 71200 ns, Total: 304500 ns
[2021-05-20T03:49:13.883+0000][8][safepoint   ] Safepoint "Cleanup", Time since last: 3006856800 ns, Reaching safepoint: 295900 ns, At safepoint: 53900 ns, Total: 349800 ns
[2021-05-20T03:49:20.896+0000][8][safepoint   ] Safepoint "Cleanup", Time since last: 7012576800 ns, Reaching safepoint: 329000 ns, At safepoint: 97100 ns, Total: 426100 ns
[2021-05-20T03:49:21.902+0000][8][safepoint   ] Safepoint "Cleanup", Time since last: 1005109400 ns, Reaching safepoint: 731500 ns, At safepoint: 103100 ns, Total: 834600 ns
[2021-05-20T03:49:22.908+0000][8][safepoint   ] Safepoint "Cleanup", Time since last: 1004250200 ns, Reaching safepoint: 1318300 ns, At safepoint: 143000 ns, Total: 1461300 ns
[2021-05-20T03:49:23.917+0000][8][safepoint   ] Safepoint "Cleanup", Time since last: 1008165400 ns, Reaching safepoint: 763300 ns, At safepoint: 104200 ns, Total: 867500 ns
[2021-05-20T03:49:24.924+0000][8][safepoint   ] Safepoint "Cleanup", Time since last: 1006772000 ns, Reaching safepoint: 397900 ns, At safepoint: 73200 ns, Total: 471100 ns
[2021-05-20T03:49:25.934+0000][8][safepoint   ] Safepoint "Cleanup", Time since last: 1009046500 ns, Reaching safepoint: 613000 ns, At safepoint: 190700 ns, Total: 803700 ns
[2021-05-20T03:49:26.943+0000][8][safepoint   ] Safepoint "Cleanup", Time since last: 1008762200 ns, Reaching safepoint: 324100 ns, At safepoint: 111200 ns, Total: 435300 ns
[2021-05-20T03:49:30.957+0000][8][safepoint   ] Safepoint "Cleanup", Time since last: 4012474200 ns, Reaching safepoint: 882200 ns, At safepoint: 81800 ns, Total: 964000 ns
[2021-05-20T03:49:34.932+0000][8][safepoint   ] Safepoint "Cleanup", Time since last: 4010008500 ns, Reaching safepoint: 233300 ns, At safepoint: 53700 ns, Total: 287000 ns
[2021-05-20T03:49:36.940+0000][8][safepoint   ] Safepoint "Cleanup", Time since last: 2007268300 ns, Reaching safepoint: 326400 ns, At safepoint: 24300 ns, Total: 350700 ns
[2021-05-20T03:49:38.943+0000][8][safepoint   ] Safepoint "Cleanup", Time since last: 2002686000 ns, Reaching safepoint: 539900 ns, At safepoint: 93200 ns, Total: 633100 ns
[2021-05-20T03:49:39.952+0000][8][safepoint   ] Safepoint "Cleanup", Time since last: 1007937900 ns, Reaching safepoint: 383000 ns, At safepoint: 104500 ns, Total: 487500 ns
[2021-05-20T03:49:40.958+0000][8][safepoint   ] Safepoint "Cleanup", Time since last: 1005820000 ns, Reaching safepoint: 962800 ns, At safepoint: 113700 ns, Total: 1076500 ns
[2021-05-20T03:49:42.966+0000][8][safepoint   ] Safepoint "Cleanup", Time since last: 2007626600 ns, Reaching safepoint: 216900 ns, At safepoint: 69400 ns, Total: 286300 ns
[2021-05-20T03:49:43.970+0000][8][safepoint   ] Safepoint "Cleanup", Time since last: 1003207900 ns, Reaching safepoint: 507000 ns, At safepoint: 130500 ns, Total: 637500 ns
[2021-05-20T03:49:44.974+0000][8][safepoint   ] Safepoint "Cleanup", Time since last: 1003100100 ns, Reaching safepoint: 888900 ns, At safepoint: 82100 ns, Total: 971000 ns
[2021-05-20T03:49:46.985+0000][8][safepoint   ] Safepoint "Cleanup", Time since last: 2009610000 ns, Reaching safepoint: 716200 ns, At safepoint: 255100 ns, Total: 971300 ns
[2021-05-20T03:49:50.999+0000][8][safepoint   ] Safepoint "Cleanup", Time since last: 4013298900 ns, Reaching safepoint: 573600 ns, At safepoint: 59300 ns, Total: 632900 ns
[2021-05-20T03:49:52.006+0000][8][safepoint   ] Safepoint "Cleanup", Time since last: 1004853400 ns, Reaching safepoint: 2248300 ns, At safepoint: 177400 ns, Total: 2425700 ns
[2021-05-20T03:49:52.593+0000][8][gc,heap,exit] Heap
[2021-05-20T03:49:52.595+0000][8][gc,heap,exit]  garbage-first heap   total 524288K, used 123986K [0x00000000e0000000, 0x0000000100000000)
[2021-05-20T03:49:52.596+0000][8][gc,heap,exit]   region size 4096K, 16 young (65536K), 5 survivors (20480K)
[2021-05-20T03:49:52.596+0000][8][gc,heap,exit]  Metaspace       used 84921K, committed 86208K, reserved 1130496K
[2021-05-20T03:49:52.597+0000][8][gc,heap,exit]   class space    used 11588K, committed 12096K, reserved 1048576K
