[2021-05-20T03:48:41.461+0000][174][gc] Using G1
[2021-05-20T03:48:41.479+0000][174][gc,init] Version: 16+36 (release)
[2021-05-20T03:48:41.480+0000][174][gc,init] CPUs: 4 total, 4 available
[2021-05-20T03:48:41.481+0000][174][gc,init] Memory: 3936M
[2021-05-20T03:48:41.482+0000][174][gc,init] Large Page Support: Disabled
[2021-05-20T03:48:41.483+0000][174][gc,init] NUMA Support: Disabled
[2021-05-20T03:48:41.484+0000][174][gc,init] Compressed Oops: Enabled (32-bit)
[2021-05-20T03:48:41.485+0000][174][gc,init] Heap Region Size: 1M
[2021-05-20T03:48:41.486+0000][174][gc,init] Heap Min Capacity: 512M
[2021-05-20T03:48:41.487+0000][174][gc,init] Heap Initial Capacity: 512M
[2021-05-20T03:48:41.488+0000][174][gc,init] Heap Max Capacity: 512M
[2021-05-20T03:48:41.489+0000][174][gc,init] Pre-touch: Disabled
[2021-05-20T03:48:41.489+0000][174][gc,init] Parallel Workers: 4
[2021-05-20T03:48:41.490+0000][174][gc,init] Concurrent Workers: 1
[2021-05-20T03:48:41.491+0000][174][gc,init] Concurrent Refinement Workers: 4
[2021-05-20T03:48:41.492+0000][174][gc,init] Periodic GC: Disabled
[2021-05-20T03:48:41.493+0000][174][gc,metaspace] CDS disabled.
[2021-05-20T03:48:41.494+0000][174][gc,metaspace] Compressed class space mapped at: 0x0000000100000000-0x0000000140000000, reserved size: 1073741824
[2021-05-20T03:48:41.495+0000][174][gc,metaspace] Narrow klass base: 0x0000000000000000, Narrow klass shift: 3, Narrow klass range: 0x140000000
[2021-05-20T03:48:41.636+0000][174][gc,heap,exit] Heap
[2021-05-20T03:48:41.637+0000][174][gc,heap,exit]  garbage-first heap   total 524288K, used 2048K [0x00000000e0000000, 0x0000000100000000)
[2021-05-20T03:48:41.638+0000][174][gc,heap,exit]   region size 1024K, 2 young (2048K), 0 survivors (0K)
[2021-05-20T03:48:41.639+0000][174][gc,heap,exit]  Metaspace       used 3568K, committed 3648K, reserved 1056768K
[2021-05-20T03:48:41.639+0000][174][gc,heap,exit]   class space    used 282K, committed 320K, reserved 1048576K
