[2021-05-20T10:41:35.604+0000][8][gc] Using G1
[2021-05-20T10:41:35.657+0000][8][gc,init] Version: 16+36 (release)
[2021-05-20T10:41:35.658+0000][8][gc,init] CPUs: 4 total, 4 available
[2021-05-20T10:41:35.659+0000][8][gc,init] Memory: 3936M
[2021-05-20T10:41:35.660+0000][8][gc,init] Large Page Support: Disabled
[2021-05-20T10:41:35.661+0000][8][gc,init] NUMA Support: Disabled
[2021-05-20T10:41:35.662+0000][8][gc,init] Compressed Oops: Enabled (32-bit)
[2021-05-20T10:41:35.662+0000][8][gc,init] Heap Region Size: 4M
[2021-05-20T10:41:35.663+0000][8][gc,init] Heap Min Capacity: 512M
[2021-05-20T10:41:35.664+0000][8][gc,init] Heap Initial Capacity: 512M
[2021-05-20T10:41:35.664+0000][8][gc,init] Heap Max Capacity: 512M
[2021-05-20T10:41:35.665+0000][8][gc,init] Pre-touch: Enabled
[2021-05-20T10:41:35.666+0000][8][gc,init] Parallel Workers: 4
[2021-05-20T10:41:35.666+0000][8][gc,init] Concurrent Workers: 1
[2021-05-20T10:41:35.667+0000][8][gc,init] Concurrent Refinement Workers: 4
[2021-05-20T10:41:35.668+0000][8][gc,init] Periodic GC: Disabled
[2021-05-20T10:41:35.669+0000][8][gc,metaspace] CDS archive(s) mapped at: [0x0000000800000000-0x0000000800bea000-0x0000000800bea000), size 12492800, SharedBaseAddress: 0x0000000800000000, ArchiveRelocationMode: 0.
[2021-05-20T10:41:35.670+0000][8][gc,metaspace] Compressed class space mapped at: 0x0000000800c00000-0x0000000840c00000, reserved size: 1073741824
[2021-05-20T10:41:35.671+0000][8][gc,metaspace] Narrow klass base: 0x0000000800000000, Narrow klass shift: 3, Narrow klass range: 0x100000000
[2021-05-20T10:41:36.423+0000][8][safepoint   ] Safepoint "ICBufferFull", Time since last: 739982900 ns, Reaching safepoint: 336700 ns, At safepoint: 60700 ns, Total: 397400 ns
[2021-05-20T10:41:36.758+0000][8][gc,start    ] GC(0) Pause Young (Normal) (G1 Evacuation Pause)
[2021-05-20T10:41:36.759+0000][8][gc,task     ] GC(0) Using 4 workers of 4 for evacuation
[2021-05-20T10:41:36.760+0000][8][gc,age      ] GC(0) Desired survivor size 2097152 bytes, new threshold 15 (max threshold 15)
[2021-05-20T10:41:36.768+0000][8][gc,age      ] GC(0) Age table with threshold 15 (max threshold 15)
[2021-05-20T10:41:36.770+0000][8][gc,age      ] GC(0) - age   1:    4177504 bytes,    4177504 total
[2021-05-20T10:41:36.771+0000][8][gc,phases   ] GC(0)   Pre Evacuate Collection Set: 0.2ms
[2021-05-20T10:41:36.771+0000][8][gc,phases   ] GC(0)   Merge Heap Roots: 0.2ms
[2021-05-20T10:41:36.772+0000][8][gc,phases   ] GC(0)   Evacuate Collection Set: 3.5ms
[2021-05-20T10:41:36.772+0000][8][gc,phases   ] GC(0)   Post Evacuate Collection Set: 3.4ms
[2021-05-20T10:41:36.773+0000][8][gc,phases   ] GC(0)   Other: 5.4ms
[2021-05-20T10:41:36.774+0000][8][gc,heap     ] GC(0) Eden regions: 6->0(5)
[2021-05-20T10:41:36.774+0000][8][gc,heap     ] GC(0) Survivor regions: 0->1(1)
[2021-05-20T10:41:36.775+0000][8][gc,heap     ] GC(0) Old regions: 0->1
[2021-05-20T10:41:36.775+0000][8][gc,heap     ] GC(0) Archive regions: 2->2
[2021-05-20T10:41:36.776+0000][8][gc,heap     ] GC(0) Humongous regions: 0->0
[2021-05-20T10:41:36.777+0000][8][gc,metaspace] GC(0) Metaspace: 8159K(8320K)->8159K(8320K) NonClass: 7252K(7360K)->7252K(7360K) Class: 906K(960K)->906K(960K)
[2021-05-20T10:41:36.777+0000][8][gc          ] GC(0) Pause Young (Normal) (G1 Evacuation Pause) 27M->8M(512M) 19.231ms
[2021-05-20T10:41:36.778+0000][8][gc,cpu      ] GC(0) User=0.02s Sys=0.01s Real=0.02s
[2021-05-20T10:41:36.778+0000][8][safepoint   ] Safepoint "G1CollectForAllocation", Time since last: 334880100 ns, Reaching safepoint: 221400 ns, At safepoint: 20440900 ns, Total: 20662300 ns
[2021-05-20T10:41:37.556+0000][8][gc,start    ] GC(1) Pause Young (Normal) (G1 Evacuation Pause)
[2021-05-20T10:41:37.557+0000][8][gc,task     ] GC(1) Using 4 workers of 4 for evacuation
[2021-05-20T10:41:37.558+0000][8][gc,age      ] GC(1) Desired survivor size 2097152 bytes, new threshold 1 (max threshold 15)
[2021-05-20T10:41:37.572+0000][8][gc,age      ] GC(1) Age table with threshold 1 (max threshold 15)
[2021-05-20T10:41:37.573+0000][8][gc,age      ] GC(1) - age   1:    1682024 bytes,    1682024 total
[2021-05-20T10:41:37.575+0000][8][gc,phases   ] GC(1)   Pre Evacuate Collection Set: 0.3ms
[2021-05-20T10:41:37.576+0000][8][gc,phases   ] GC(1)   Merge Heap Roots: 0.5ms
[2021-05-20T10:41:37.577+0000][8][gc,phases   ] GC(1)   Evacuate Collection Set: 11.1ms
[2021-05-20T10:41:37.578+0000][8][gc,phases   ] GC(1)   Post Evacuate Collection Set: 1.4ms
[2021-05-20T10:41:37.579+0000][8][gc,phases   ] GC(1)   Other: 6.2ms
[2021-05-20T10:41:37.580+0000][8][gc,heap     ] GC(1) Eden regions: 5->0(7)
[2021-05-20T10:41:37.581+0000][8][gc,heap     ] GC(1) Survivor regions: 1->1(1)
[2021-05-20T10:41:37.581+0000][8][gc,heap     ] GC(1) Old regions: 1->2
[2021-05-20T10:41:37.583+0000][8][gc,heap     ] GC(1) Archive regions: 2->2
[2021-05-20T10:41:37.585+0000][8][gc,heap     ] GC(1) Humongous regions: 0->0
[2021-05-20T10:41:37.586+0000][8][gc,metaspace] GC(1) Metaspace: 11627K(11840K)->11627K(11840K) NonClass: 10248K(10368K)->10248K(10368K) Class: 1378K(1472K)->1378K(1472K)
[2021-05-20T10:41:37.587+0000][8][gc          ] GC(1) Pause Young (Normal) (G1 Evacuation Pause) 28M->9M(512M) 31.379ms
[2021-05-20T10:41:37.588+0000][8][gc,cpu      ] GC(1) User=0.01s Sys=0.00s Real=0.03s
[2021-05-20T10:41:37.589+0000][8][safepoint   ] Safepoint "G1CollectForAllocation", Time since last: 777296100 ns, Reaching safepoint: 168300 ns, At safepoint: 33138500 ns, Total: 33306800 ns
[2021-05-20T10:41:38.396+0000][8][gc,start    ] GC(2) Pause Young (Normal) (G1 Evacuation Pause)
[2021-05-20T10:41:38.397+0000][8][gc,task     ] GC(2) Using 4 workers of 4 for evacuation
[2021-05-20T10:41:38.398+0000][8][gc,age      ] GC(2) Desired survivor size 2097152 bytes, new threshold 15 (max threshold 15)
[2021-05-20T10:41:38.416+0000][8][gc,age      ] GC(2) Age table with threshold 15 (max threshold 15)
[2021-05-20T10:41:38.417+0000][8][gc,age      ] GC(2) - age   1:    1144408 bytes,    1144408 total
[2021-05-20T10:41:38.418+0000][8][gc,age      ] GC(2) - age   2:    1611688 bytes,    2756096 total
[2021-05-20T10:41:38.419+0000][8][gc,phases   ] GC(2)   Pre Evacuate Collection Set: 0.2ms
[2021-05-20T10:41:38.420+0000][8][gc,phases   ] GC(2)   Merge Heap Roots: 0.5ms
[2021-05-20T10:41:38.421+0000][8][gc,phases   ] GC(2)   Evacuate Collection Set: 13.2ms
[2021-05-20T10:41:38.422+0000][8][gc,phases   ] GC(2)   Post Evacuate Collection Set: 2.1ms
[2021-05-20T10:41:38.422+0000][8][gc,phases   ] GC(2)   Other: 7.1ms
[2021-05-20T10:41:38.423+0000][8][gc,heap     ] GC(2) Eden regions: 7->0(22)
[2021-05-20T10:41:38.423+0000][8][gc,heap     ] GC(2) Survivor regions: 1->1(1)
[2021-05-20T10:41:38.424+0000][8][gc,heap     ] GC(2) Old regions: 2->2
[2021-05-20T10:41:38.425+0000][8][gc,heap     ] GC(2) Archive regions: 2->2
[2021-05-20T10:41:38.427+0000][8][gc,heap     ] GC(2) Humongous regions: 0->0
[2021-05-20T10:41:38.428+0000][8][gc,metaspace] GC(2) Metaspace: 14162K(14400K)->14162K(14400K) NonClass: 12527K(12672K)->12527K(12672K) Class: 1634K(1728K)->1634K(1728K)
[2021-05-20T10:41:38.429+0000][8][gc          ] GC(2) Pause Young (Normal) (G1 Evacuation Pause) 37M->10M(512M) 32.578ms
[2021-05-20T10:41:38.429+0000][8][gc,cpu      ] GC(2) User=0.01s Sys=0.01s Real=0.03s
[2021-05-20T10:41:38.431+0000][8][safepoint   ] Safepoint "G1CollectForAllocation", Time since last: 806673300 ns, Reaching safepoint: 199900 ns, At safepoint: 34760800 ns, Total: 34960700 ns
[2021-05-20T10:41:39.365+0000][8][safepoint   ] Safepoint "ICBufferFull", Time since last: 934004600 ns, Reaching safepoint: 270700 ns, At safepoint: 24800 ns, Total: 295500 ns
[2021-05-20T10:41:39.374+0000][8][safepoint   ] Safepoint "ICBufferFull", Time since last: 9295100 ns, Reaching safepoint: 135200 ns, At safepoint: 22400 ns, Total: 157600 ns
[2021-05-20T10:41:39.394+0000][8][safepoint   ] Safepoint "ICBufferFull", Time since last: 19352800 ns, Reaching safepoint: 124200 ns, At safepoint: 42300 ns, Total: 166500 ns
[2021-05-20T10:41:39.411+0000][8][safepoint   ] Safepoint "ICBufferFull", Time since last: 16760900 ns, Reaching safepoint: 68000 ns, At safepoint: 22700 ns, Total: 90700 ns
[2021-05-20T10:41:39.417+0000][8][safepoint   ] Safepoint "ICBufferFull", Time since last: 5807800 ns, Reaching safepoint: 52600 ns, At safepoint: 19700 ns, Total: 72300 ns
[2021-05-20T10:41:39.435+0000][8][safepoint   ] Safepoint "ICBufferFull", Time since last: 18063800 ns, Reaching safepoint: 130700 ns, At safepoint: 35300 ns, Total: 166000 ns
[2021-05-20T10:41:39.442+0000][8][safepoint   ] Safepoint "ICBufferFull", Time since last: 6982200 ns, Reaching safepoint: 58000 ns, At safepoint: 19500 ns, Total: 77500 ns
[2021-05-20T10:41:39.452+0000][8][safepoint   ] Safepoint "ICBufferFull", Time since last: 9874400 ns, Reaching safepoint: 61900 ns, At safepoint: 26200 ns, Total: 88100 ns
[2021-05-20T10:41:39.464+0000][8][safepoint   ] Safepoint "ICBufferFull", Time since last: 12258600 ns, Reaching safepoint: 155900 ns, At safepoint: 39500 ns, Total: 195400 ns
[2021-05-20T10:41:39.471+0000][8][safepoint   ] Safepoint "ICBufferFull", Time since last: 6854600 ns, Reaching safepoint: 88800 ns, At safepoint: 24200 ns, Total: 113000 ns
[2021-05-20T10:41:39.483+0000][8][safepoint   ] Safepoint "ICBufferFull", Time since last: 12051600 ns, Reaching safepoint: 59900 ns, At safepoint: 22600 ns, Total: 82500 ns
[2021-05-20T10:41:39.490+0000][8][safepoint   ] Safepoint "ICBufferFull", Time since last: 6254700 ns, Reaching safepoint: 82500 ns, At safepoint: 30300 ns, Total: 112800 ns
[2021-05-20T10:41:39.501+0000][8][safepoint   ] Safepoint "ICBufferFull", Time since last: 10751000 ns, Reaching safepoint: 90300 ns, At safepoint: 26200 ns, Total: 116500 ns
[2021-05-20T10:41:39.510+0000][8][safepoint   ] Safepoint "ICBufferFull", Time since last: 8944000 ns, Reaching safepoint: 74200 ns, At safepoint: 27100 ns, Total: 101300 ns
[2021-05-20T10:41:39.521+0000][8][safepoint   ] Safepoint "ICBufferFull", Time since last: 11530500 ns, Reaching safepoint: 55400 ns, At safepoint: 24600 ns, Total: 80000 ns
[2021-05-20T10:41:39.560+0000][8][safepoint   ] Safepoint "ICBufferFull", Time since last: 38762700 ns, Reaching safepoint: 131200 ns, At safepoint: 45800 ns, Total: 177000 ns
[2021-05-20T10:41:39.862+0000][8][gc,start    ] GC(3) Pause Young (Normal) (G1 Evacuation Pause)
[2021-05-20T10:41:39.864+0000][8][gc,task     ] GC(3) Using 4 workers of 4 for evacuation
[2021-05-20T10:41:39.865+0000][8][gc,age      ] GC(3) Desired survivor size 6291456 bytes, new threshold 15 (max threshold 15)
[2021-05-20T10:41:39.880+0000][8][gc,age      ] GC(3) Age table with threshold 15 (max threshold 15)
[2021-05-20T10:41:39.883+0000][8][gc,age      ] GC(3) - age   1:    2713904 bytes,    2713904 total
[2021-05-20T10:41:39.884+0000][8][gc,age      ] GC(3) - age   2:    1084064 bytes,    3797968 total
[2021-05-20T10:41:39.885+0000][8][gc,age      ] GC(3) - age   3:    1597608 bytes,    5395576 total
[2021-05-20T10:41:39.887+0000][8][gc,phases   ] GC(3)   Pre Evacuate Collection Set: 0.3ms
[2021-05-20T10:41:39.888+0000][8][gc,phases   ] GC(3)   Merge Heap Roots: 0.2ms
[2021-05-20T10:41:39.889+0000][8][gc,phases   ] GC(3)   Evacuate Collection Set: 9.3ms
[2021-05-20T10:41:39.891+0000][8][gc,phases   ] GC(3)   Post Evacuate Collection Set: 3.9ms
[2021-05-20T10:41:39.892+0000][8][gc,phases   ] GC(3)   Other: 11.2ms
[2021-05-20T10:41:39.894+0000][8][gc,heap     ] GC(3) Eden regions: 22->0(74)
[2021-05-20T10:41:39.896+0000][8][gc,heap     ] GC(3) Survivor regions: 1->2(3)
[2021-05-20T10:41:39.897+0000][8][gc,heap     ] GC(3) Old regions: 2->2
[2021-05-20T10:41:39.898+0000][8][gc,heap     ] GC(3) Archive regions: 2->2
[2021-05-20T10:41:39.899+0000][8][gc,heap     ] GC(3) Humongous regions: 0->0
[2021-05-20T10:41:39.900+0000][8][gc,metaspace] GC(3) Metaspace: 16400K(16576K)->16400K(16576K) NonClass: 14473K(14592K)->14473K(14592K) Class: 1926K(1984K)->1926K(1984K)
[2021-05-20T10:41:39.901+0000][8][gc          ] GC(3) Pause Young (Normal) (G1 Evacuation Pause) 98M->13M(512M) 38.859ms
[2021-05-20T10:41:39.907+0000][8][gc,cpu      ] GC(3) User=0.04s Sys=0.02s Real=0.05s
[2021-05-20T10:41:39.909+0000][8][safepoint   ] Safepoint "G1CollectForAllocation", Time since last: 301758300 ns, Reaching safepoint: 116400 ns, At safepoint: 46422000 ns, Total: 46538400 ns
[2021-05-20T10:41:40.647+0000][8][safepoint   ] Safepoint "ICBufferFull", Time since last: 735075500 ns, Reaching safepoint: 3028200 ns, At safepoint: 33000 ns, Total: 3061200 ns
[2021-05-20T10:41:41.101+0000][8][gc,start    ] GC(4) Pause Young (Normal) (G1 Evacuation Pause)
[2021-05-20T10:41:41.102+0000][8][gc,task     ] GC(4) Using 4 workers of 4 for evacuation
[2021-05-20T10:41:41.104+0000][8][gc,age      ] GC(4) Desired survivor size 20971520 bytes, new threshold 15 (max threshold 15)
[2021-05-20T10:41:41.138+0000][8][gc,age      ] GC(4) Age table with threshold 15 (max threshold 15)
[2021-05-20T10:41:41.140+0000][8][gc,age      ] GC(4) - age   1:    3809320 bytes,    3809320 total
[2021-05-20T10:41:41.143+0000][8][gc,age      ] GC(4) - age   2:    1973704 bytes,    5783024 total
[2021-05-20T10:41:41.144+0000][8][gc,age      ] GC(4) - age   3:    1083944 bytes,    6866968 total
[2021-05-20T10:41:41.145+0000][8][gc,age      ] GC(4) - age   4:    1597608 bytes,    8464576 total
[2021-05-20T10:41:41.146+0000][8][gc,phases   ] GC(4)   Pre Evacuate Collection Set: 0.3ms
[2021-05-20T10:41:41.148+0000][8][gc,phases   ] GC(4)   Merge Heap Roots: 0.7ms
[2021-05-20T10:41:41.150+0000][8][gc,phases   ] GC(4)   Evacuate Collection Set: 20.6ms
[2021-05-20T10:41:41.151+0000][8][gc,phases   ] GC(4)   Post Evacuate Collection Set: 11.3ms
[2021-05-20T10:41:41.153+0000][8][gc,phases   ] GC(4)   Other: 12.5ms
[2021-05-20T10:41:41.154+0000][8][gc,heap     ] GC(4) Eden regions: 74->0(73)
[2021-05-20T10:41:41.156+0000][8][gc,heap     ] GC(4) Survivor regions: 2->3(10)
[2021-05-20T10:41:41.157+0000][8][gc,heap     ] GC(4) Old regions: 2->2
[2021-05-20T10:41:41.159+0000][8][gc,heap     ] GC(4) Archive regions: 2->2
[2021-05-20T10:41:41.160+0000][8][gc,heap     ] GC(4) Humongous regions: 0->0
[2021-05-20T10:41:41.162+0000][8][gc,metaspace] GC(4) Metaspace: 18641K(19008K)->18641K(19008K) NonClass: 16422K(16640K)->16422K(16640K) Class: 2219K(2368K)->2219K(2368K)
[2021-05-20T10:41:41.164+0000][8][gc          ] GC(4) Pause Young (Normal) (G1 Evacuation Pause) 309M->16M(512M) 62.571ms
[2021-05-20T10:41:41.165+0000][8][gc,cpu      ] GC(4) User=0.09s Sys=0.02s Real=0.07s
[2021-05-20T10:41:41.167+0000][8][safepoint   ] Safepoint "G1CollectForAllocation", Time since last: 454104200 ns, Reaching safepoint: 175000 ns, At safepoint: 65544500 ns, Total: 65719500 ns
[2021-05-20T10:41:41.748+0000][8][gc,start    ] GC(5) Pause Young (Normal) (G1 Evacuation Pause)
[2021-05-20T10:41:41.749+0000][8][gc,task     ] GC(5) Using 4 workers of 4 for evacuation
[2021-05-20T10:41:41.750+0000][8][gc,age      ] GC(5) Desired survivor size 20971520 bytes, new threshold 15 (max threshold 15)
[2021-05-20T10:41:41.769+0000][8][gc,age      ] GC(5) Age table with threshold 15 (max threshold 15)
[2021-05-20T10:41:41.770+0000][8][gc,age      ] GC(5) - age   1:    3065632 bytes,    3065632 total
[2021-05-20T10:41:41.772+0000][8][gc,age      ] GC(5) - age   2:    3759672 bytes,    6825304 total
[2021-05-20T10:41:41.773+0000][8][gc,age      ] GC(5) - age   3:    1973352 bytes,    8798656 total
[2021-05-20T10:41:41.774+0000][8][gc,age      ] GC(5) - age   4:    1083944 bytes,    9882600 total
[2021-05-20T10:41:41.775+0000][8][gc,age      ] GC(5) - age   5:    1597608 bytes,   11480208 total
[2021-05-20T10:41:41.776+0000][8][gc,phases   ] GC(5)   Pre Evacuate Collection Set: 0.1ms
[2021-05-20T10:41:41.776+0000][8][gc,phases   ] GC(5)   Merge Heap Roots: 1.1ms
[2021-05-20T10:41:41.777+0000][8][gc,phases   ] GC(5)   Evacuate Collection Set: 14.7ms
[2021-05-20T10:41:41.778+0000][8][gc,phases   ] GC(5)   Post Evacuate Collection Set: 2.7ms
[2021-05-20T10:41:41.780+0000][8][gc,phases   ] GC(5)   Other: 9.5ms
[2021-05-20T10:41:41.781+0000][8][gc,heap     ] GC(5) Eden regions: 73->0(73)
[2021-05-20T10:41:41.782+0000][8][gc,heap     ] GC(5) Survivor regions: 3->3(10)
[2021-05-20T10:41:41.783+0000][8][gc,heap     ] GC(5) Old regions: 2->2
[2021-05-20T10:41:41.784+0000][8][gc,heap     ] GC(5) Archive regions: 2->2
[2021-05-20T10:41:41.785+0000][8][gc,heap     ] GC(5) Humongous regions: 0->0
[2021-05-20T10:41:41.786+0000][8][gc,metaspace] GC(5) Metaspace: 19041K(19456K)->19041K(19456K) NonClass: 16774K(17024K)->16774K(17024K) Class: 2266K(2432K)->2266K(2432K)
[2021-05-20T10:41:41.787+0000][8][gc          ] GC(5) Pause Young (Normal) (G1 Evacuation Pause) 308M->19M(512M) 39.806ms
[2021-05-20T10:41:41.788+0000][8][gc,cpu      ] GC(5) User=0.04s Sys=0.01s Real=0.04s
[2021-05-20T10:41:41.790+0000][8][safepoint   ] Safepoint "G1CollectForAllocation", Time since last: 580813800 ns, Reaching safepoint: 94600 ns, At safepoint: 42510500 ns, Total: 42605100 ns
[2021-05-20T10:41:42.272+0000][8][gc,start    ] GC(6) Pause Young (Normal) (G1 Evacuation Pause)
[2021-05-20T10:41:42.273+0000][8][gc,task     ] GC(6) Using 4 workers of 4 for evacuation
[2021-05-20T10:41:42.274+0000][8][gc,age      ] GC(6) Desired survivor size 20971520 bytes, new threshold 15 (max threshold 15)
[2021-05-20T10:41:42.297+0000][8][gc,age      ] GC(6) Age table with threshold 15 (max threshold 15)
[2021-05-20T10:41:42.298+0000][8][gc,age      ] GC(6) - age   1:    2329232 bytes,    2329232 total
[2021-05-20T10:41:42.299+0000][8][gc,age      ] GC(6) - age   2:    2546120 bytes,    4875352 total
[2021-05-20T10:41:42.300+0000][8][gc,age      ] GC(6) - age   3:    3758360 bytes,    8633712 total
[2021-05-20T10:41:42.301+0000][8][gc,age      ] GC(6) - age   4:    1973352 bytes,   10607064 total
[2021-05-20T10:41:42.302+0000][8][gc,age      ] GC(6) - age   5:    1083944 bytes,   11691008 total
[2021-05-20T10:41:42.303+0000][8][gc,age      ] GC(6) - age   6:    1597608 bytes,   13288616 total
[2021-05-20T10:41:42.304+0000][8][gc,phases   ] GC(6)   Pre Evacuate Collection Set: 0.2ms
[2021-05-20T10:41:42.305+0000][8][gc,phases   ] GC(6)   Merge Heap Roots: 0.4ms
[2021-05-20T10:41:42.306+0000][8][gc,phases   ] GC(6)   Evacuate Collection Set: 19.6ms
[2021-05-20T10:41:42.307+0000][8][gc,phases   ] GC(6)   Post Evacuate Collection Set: 2.5ms
[2021-05-20T10:41:42.308+0000][8][gc,phases   ] GC(6)   Other: 9.9ms
[2021-05-20T10:41:42.309+0000][8][gc,heap     ] GC(6) Eden regions: 73->0(72)
[2021-05-20T10:41:42.310+0000][8][gc,heap     ] GC(6) Survivor regions: 3->4(10)
[2021-05-20T10:41:42.311+0000][8][gc,heap     ] GC(6) Old regions: 2->2
[2021-05-20T10:41:42.311+0000][8][gc,heap     ] GC(6) Archive regions: 2->2
[2021-05-20T10:41:42.312+0000][8][gc,heap     ] GC(6) Humongous regions: 0->0
[2021-05-20T10:41:42.313+0000][8][gc,metaspace] GC(6) Metaspace: 19429K(19904K)->19429K(19904K) NonClass: 17091K(17344K)->17091K(17344K) Class: 2338K(2560K)->2338K(2560K)
[2021-05-20T10:41:42.314+0000][8][gc          ] GC(6) Pause Young (Normal) (G1 Evacuation Pause) 311M->21M(512M) 42.839ms
[2021-05-20T10:41:42.315+0000][8][gc,cpu      ] GC(6) User=0.06s Sys=0.01s Real=0.05s
[2021-05-20T10:41:42.317+0000][8][safepoint   ] Safepoint "G1CollectForAllocation", Time since last: 481405700 ns, Reaching safepoint: 83700 ns, At safepoint: 45092500 ns, Total: 45176200 ns
[2021-05-20T10:41:43.024+0000][8][gc,start    ] GC(7) Pause Young (Normal) (G1 Evacuation Pause)
[2021-05-20T10:41:43.025+0000][8][gc,task     ] GC(7) Using 4 workers of 4 for evacuation
[2021-05-20T10:41:43.026+0000][8][gc,age      ] GC(7) Desired survivor size 20971520 bytes, new threshold 15 (max threshold 15)
[2021-05-20T10:41:43.052+0000][8][gc,age      ] GC(7) Age table with threshold 15 (max threshold 15)
[2021-05-20T10:41:43.054+0000][8][gc,age      ] GC(7) - age   1:    3986464 bytes,    3986464 total
[2021-05-20T10:41:43.055+0000][8][gc,age      ] GC(7) - age   2:     577720 bytes,    4564184 total
[2021-05-20T10:41:43.056+0000][8][gc,age      ] GC(7) - age   3:    2544992 bytes,    7109176 total
[2021-05-20T10:41:43.058+0000][8][gc,age      ] GC(7) - age   4:    3757800 bytes,   10866976 total
[2021-05-20T10:41:43.059+0000][8][gc,age      ] GC(7) - age   5:    1973304 bytes,   12840280 total
[2021-05-20T10:41:43.061+0000][8][gc,age      ] GC(7) - age   6:    1075816 bytes,   13916096 total
[2021-05-20T10:41:43.062+0000][8][gc,age      ] GC(7) - age   7:    1597288 bytes,   15513384 total
[2021-05-20T10:41:43.063+0000][8][gc,phases   ] GC(7)   Pre Evacuate Collection Set: 0.1ms
[2021-05-20T10:41:43.064+0000][8][gc,phases   ] GC(7)   Merge Heap Roots: 0.6ms
[2021-05-20T10:41:43.065+0000][8][gc,phases   ] GC(7)   Evacuate Collection Set: 22.0ms
[2021-05-20T10:41:43.066+0000][8][gc,phases   ] GC(7)   Post Evacuate Collection Set: 2.3ms
[2021-05-20T10:41:43.067+0000][8][gc,phases   ] GC(7)   Other: 14.4ms
[2021-05-20T10:41:43.068+0000][8][gc,heap     ] GC(7) Eden regions: 72->0(72)
[2021-05-20T10:41:43.069+0000][8][gc,heap     ] GC(7) Survivor regions: 4->4(10)
[2021-05-20T10:41:43.070+0000][8][gc,heap     ] GC(7) Old regions: 2->2
[2021-05-20T10:41:43.071+0000][8][gc,heap     ] GC(7) Archive regions: 2->2
[2021-05-20T10:41:43.072+0000][8][gc,heap     ] GC(7) Humongous regions: 0->0
[2021-05-20T10:41:43.073+0000][8][gc,metaspace] GC(7) Metaspace: 20720K(21184K)->20720K(21184K) NonClass: 18211K(18496K)->18211K(18496K) Class: 2508K(2688K)->2508K(2688K)
[2021-05-20T10:41:43.074+0000][8][gc          ] GC(7) Pause Young (Normal) (G1 Evacuation Pause) 309M->24M(512M) 50.036ms
[2021-05-20T10:41:43.075+0000][8][gc,cpu      ] GC(7) User=0.03s Sys=0.01s Real=0.06s
[2021-05-20T10:41:43.076+0000][8][safepoint   ] Safepoint "G1CollectForAllocation", Time since last: 707135300 ns, Reaching safepoint: 143000 ns, At safepoint: 51832300 ns, Total: 51975300 ns
[2021-05-20T10:41:43.347+0000][8][gc,start    ] GC(8) Pause Young (Concurrent Start) (Metadata GC Threshold)
[2021-05-20T10:41:43.348+0000][8][gc,task     ] GC(8) Using 4 workers of 4 for evacuation
[2021-05-20T10:41:43.349+0000][8][gc,age      ] GC(8) Desired survivor size 20971520 bytes, new threshold 15 (max threshold 15)
[2021-05-20T10:41:43.366+0000][8][gc,age      ] GC(8) Age table with threshold 15 (max threshold 15)
[2021-05-20T10:41:43.367+0000][8][gc,age      ] GC(8) - age   1:     509480 bytes,     509480 total
[2021-05-20T10:41:43.369+0000][8][gc,age      ] GC(8) - age   2:    2336312 bytes,    2845792 total
[2021-05-20T10:41:43.370+0000][8][gc,age      ] GC(8) - age   3:     577176 bytes,    3422968 total
[2021-05-20T10:41:43.372+0000][8][gc,age      ] GC(8) - age   4:    2544992 bytes,    5967960 total
[2021-05-20T10:41:43.374+0000][8][gc,age      ] GC(8) - age   5:    3757800 bytes,    9725760 total
[2021-05-20T10:41:43.375+0000][8][gc,age      ] GC(8) - age   6:    1973304 bytes,   11699064 total
[2021-05-20T10:41:43.376+0000][8][gc,age      ] GC(8) - age   7:    1075816 bytes,   12774880 total
[2021-05-20T10:41:43.377+0000][8][gc,age      ] GC(8) - age   8:    1597288 bytes,   14372168 total
[2021-05-20T10:41:43.378+0000][8][gc,phases   ] GC(8)   Pre Evacuate Collection Set: 0.3ms
[2021-05-20T10:41:43.379+0000][8][gc,phases   ] GC(8)   Merge Heap Roots: 0.6ms
[2021-05-20T10:41:43.380+0000][8][gc,phases   ] GC(8)   Evacuate Collection Set: 12.6ms
[2021-05-20T10:41:43.381+0000][8][gc,phases   ] GC(8)   Post Evacuate Collection Set: 1.6ms
[2021-05-20T10:41:43.382+0000][8][gc,phases   ] GC(8)   Other: 16.4ms
[2021-05-20T10:41:43.384+0000][8][gc,heap     ] GC(8) Eden regions: 26->0(72)
[2021-05-20T10:41:43.385+0000][8][gc,heap     ] GC(8) Survivor regions: 4->4(10)
[2021-05-20T10:41:43.386+0000][8][gc,heap     ] GC(8) Old regions: 2->2
[2021-05-20T10:41:43.388+0000][8][gc,heap     ] GC(8) Archive regions: 2->2
[2021-05-20T10:41:43.389+0000][8][gc,heap     ] GC(8) Humongous regions: 0->0
[2021-05-20T10:41:43.390+0000][8][gc,metaspace] GC(8) Metaspace: 20800K(21248K)->20800K(21248K) NonClass: 18280K(18560K)->18280K(18560K) Class: 2520K(2688K)->2520K(2688K)
[2021-05-20T10:41:43.392+0000][8][gc          ] GC(8) Pause Young (Concurrent Start) (Metadata GC Threshold) 126M->23M(512M) 45.074ms
[2021-05-20T10:41:43.393+0000][8][gc,cpu      ] GC(8) User=0.02s Sys=0.01s Real=0.05s
[2021-05-20T10:41:43.394+0000][8][gc          ] GC(9) Concurrent Mark Cycle
[2021-05-20T10:41:43.398+0000][8][gc,marking  ] GC(9) Concurrent Clear Claimed Marks
[2021-05-20T10:41:43.399+0000][8][gc,marking  ] GC(9) Concurrent Clear Claimed Marks 1.385ms
[2021-05-20T10:41:43.400+0000][8][gc,marking  ] GC(9) Concurrent Scan Root Regions
[2021-05-20T10:41:43.394+0000][8][safepoint   ] Safepoint "CollectForMetadataAllocation", Time since last: 305368200 ns, Reaching safepoint: 345100 ns, At safepoint: 47560500 ns, Total: 47905600 ns
[2021-05-20T10:41:43.410+0000][8][gc,marking  ] GC(9) Concurrent Scan Root Regions 9.609ms
[2021-05-20T10:41:43.411+0000][8][gc,marking  ] GC(9) Concurrent Mark
[2021-05-20T10:41:43.411+0000][8][gc,marking  ] GC(9) Concurrent Mark From Roots
[2021-05-20T10:41:43.412+0000][8][gc,task     ] GC(9) Using 1 workers of 1 for marking
[2021-05-20T10:41:43.418+0000][8][gc,marking  ] GC(9) Concurrent Mark From Roots 6.632ms
[2021-05-20T10:41:43.419+0000][8][gc,marking  ] GC(9) Concurrent Preclean
[2021-05-20T10:41:43.420+0000][8][gc,marking  ] GC(9) Concurrent Preclean 1.100ms
[2021-05-20T10:41:43.422+0000][8][gc,start    ] GC(9) Pause Remark
[2021-05-20T10:41:43.428+0000][8][gc          ] GC(9) Pause Remark 27M->27M(512M) 6.201ms
[2021-05-20T10:41:43.429+0000][8][gc,cpu      ] GC(9) User=0.01s Sys=0.00s Real=0.00s
[2021-05-20T10:41:43.431+0000][8][safepoint   ] Safepoint "G1Concurrent", Time since last: 27224800 ns, Reaching safepoint: 651700 ns, At safepoint: 8458200 ns, Total: 9109900 ns
[2021-05-20T10:41:43.432+0000][8][gc,marking  ] GC(9) Concurrent Mark 21.208ms
[2021-05-20T10:41:43.433+0000][8][gc,marking  ] GC(9) Concurrent Rebuild Remembered Sets
[2021-05-20T10:41:43.436+0000][8][gc,marking  ] GC(9) Concurrent Rebuild Remembered Sets 3.630ms
[2021-05-20T10:41:43.439+0000][8][gc,start    ] GC(9) Pause Cleanup
[2021-05-20T10:41:43.440+0000][8][gc          ] GC(9) Pause Cleanup 31M->31M(512M) 1.669ms
[2021-05-20T10:41:43.442+0000][8][gc,cpu      ] GC(9) User=0.01s Sys=0.00s Real=0.01s
[2021-05-20T10:41:43.443+0000][8][safepoint   ] Safepoint "G1Concurrent", Time since last: 7529400 ns, Reaching safepoint: 450300 ns, At safepoint: 4817300 ns, Total: 5267600 ns
[2021-05-20T10:41:43.444+0000][8][gc,marking  ] GC(9) Concurrent Cleanup for Next Mark
[2021-05-20T10:41:43.446+0000][8][gc,marking  ] GC(9) Concurrent Cleanup for Next Mark 1.347ms
[2021-05-20T10:41:43.447+0000][8][gc          ] GC(9) Concurrent Mark Cycle 52.826ms
[2021-05-20T10:41:44.446+0000][8][safepoint   ] Safepoint "Cleanup", Time since last: 1001477600 ns, Reaching safepoint: 941700 ns, At safepoint: 47100 ns, Total: 988800 ns
[2021-05-20T10:41:45.137+0000][8][gc,start    ] GC(10) Pause Young (Normal) (G1 Evacuation Pause)
[2021-05-20T10:41:45.138+0000][8][gc,task     ] GC(10) Using 4 workers of 4 for evacuation
[2021-05-20T10:41:45.139+0000][8][gc,age      ] GC(10) Desired survivor size 20971520 bytes, new threshold 15 (max threshold 15)
[2021-05-20T10:41:45.160+0000][8][gc,age      ] GC(10) Age table with threshold 15 (max threshold 15)
[2021-05-20T10:41:45.161+0000][8][gc,age      ] GC(10) - age   1:    7766376 bytes,    7766376 total
[2021-05-20T10:41:45.162+0000][8][gc,age      ] GC(10) - age   2:     489504 bytes,    8255880 total
[2021-05-20T10:41:45.163+0000][8][gc,age      ] GC(10) - age   3:    2306704 bytes,   10562584 total
[2021-05-20T10:41:45.164+0000][8][gc,age      ] GC(10) - age   4:     564488 bytes,   11127072 total
[2021-05-20T10:41:45.165+0000][8][gc,age      ] GC(10) - age   5:    2524480 bytes,   13651552 total
[2021-05-20T10:41:45.165+0000][8][gc,age      ] GC(10) - age   6:    3736048 bytes,   17387600 total
[2021-05-20T10:41:45.166+0000][8][gc,age      ] GC(10) - age   7:    1924976 bytes,   19312576 total
[2021-05-20T10:41:45.167+0000][8][gc,age      ] GC(10) - age   8:    1052928 bytes,   20365504 total
[2021-05-20T10:41:45.168+0000][8][gc,age      ] GC(10) - age   9:    1587944 bytes,   21953448 total
[2021-05-20T10:41:45.168+0000][8][gc,phases   ] GC(10)   Pre Evacuate Collection Set: 0.1ms
[2021-05-20T10:41:45.169+0000][8][gc,phases   ] GC(10)   Merge Heap Roots: 0.4ms
[2021-05-20T10:41:45.170+0000][8][gc,phases   ] GC(10)   Evacuate Collection Set: 15.8ms
[2021-05-20T10:41:45.170+0000][8][gc,phases   ] GC(10)   Post Evacuate Collection Set: 3.9ms
[2021-05-20T10:41:45.171+0000][8][gc,phases   ] GC(10)   Other: 11.2ms
[2021-05-20T10:41:45.172+0000][8][gc,heap     ] GC(10) Eden regions: 72->0(70)
[2021-05-20T10:41:45.173+0000][8][gc,heap     ] GC(10) Survivor regions: 4->6(10)
[2021-05-20T10:41:45.173+0000][8][gc,heap     ] GC(10) Old regions: 2->2
[2021-05-20T10:41:45.174+0000][8][gc,heap     ] GC(10) Archive regions: 2->2
[2021-05-20T10:41:45.175+0000][8][gc,heap     ] GC(10) Humongous regions: 0->0
[2021-05-20T10:41:45.176+0000][8][gc,metaspace] GC(10) Metaspace: 29953K(30848K)->29953K(30848K) NonClass: 26192K(26752K)->26192K(26752K) Class: 3761K(4096K)->3761K(4096K)
[2021-05-20T10:41:45.176+0000][8][gc          ] GC(10) Pause Young (Normal) (G1 Evacuation Pause) 311M->31M(512M) 39.425ms
[2021-05-20T10:41:45.177+0000][8][gc,cpu      ] GC(10) User=0.03s Sys=0.01s Real=0.04s
[2021-05-20T10:41:45.178+0000][8][safepoint   ] Safepoint "G1CollectForAllocation", Time since last: 688193000 ns, Reaching safepoint: 2919100 ns, At safepoint: 40911300 ns, Total: 43830400 ns
[2021-05-20T10:41:46.179+0000][8][safepoint   ] Safepoint "Cleanup", Time since last: 1000931700 ns, Reaching safepoint: 391700 ns, At safepoint: 45900 ns, Total: 437600 ns
[2021-05-20T10:41:47.198+0000][8][gc,start    ] GC(11) Pause Young (Concurrent Start) (Metadata GC Threshold)
[2021-05-20T10:41:47.200+0000][8][gc,task     ] GC(11) Using 4 workers of 4 for evacuation
[2021-05-20T10:41:47.201+0000][8][gc,age      ] GC(11) Desired survivor size 20971520 bytes, new threshold 9 (max threshold 15)
[2021-05-20T10:41:47.248+0000][8][gc,age      ] GC(11) Age table with threshold 9 (max threshold 15)
[2021-05-20T10:41:47.249+0000][8][gc,age      ] GC(11) - age   1:   22415200 bytes,   22415200 total
[2021-05-20T10:41:47.250+0000][8][gc,age      ] GC(11) - age   2:    6875728 bytes,   29290928 total
[2021-05-20T10:41:47.250+0000][8][gc,age      ] GC(11) - age   3:     489472 bytes,   29780400 total
[2021-05-20T10:41:47.251+0000][8][gc,age      ] GC(11) - age   4:    2295368 bytes,   32075768 total
[2021-05-20T10:41:47.252+0000][8][gc,age      ] GC(11) - age   5:     564456 bytes,   32640224 total
[2021-05-20T10:41:47.253+0000][8][gc,age      ] GC(11) - age   6:    2524368 bytes,   35164592 total
[2021-05-20T10:41:47.253+0000][8][gc,age      ] GC(11) - age   7:    3727480 bytes,   38892072 total
[2021-05-20T10:41:47.254+0000][8][gc,age      ] GC(11) - age   8:    1924112 bytes,   40816184 total
[2021-05-20T10:41:47.255+0000][8][gc,age      ] GC(11) - age   9:    1019840 bytes,   41836024 total
[2021-05-20T10:41:47.255+0000][8][gc,phases   ] GC(11)   Pre Evacuate Collection Set: 0.2ms
[2021-05-20T10:41:47.256+0000][8][gc,phases   ] GC(11)   Merge Heap Roots: 0.2ms
[2021-05-20T10:41:47.257+0000][8][gc,phases   ] GC(11)   Evacuate Collection Set: 42.6ms
[2021-05-20T10:41:47.258+0000][8][gc,phases   ] GC(11)   Post Evacuate Collection Set: 3.0ms
[2021-05-20T10:41:47.258+0000][8][gc,phases   ] GC(11)   Other: 11.3ms
[2021-05-20T10:41:47.259+0000][8][gc,heap     ] GC(11) Eden regions: 63->0(66)
[2021-05-20T10:41:47.260+0000][8][gc,heap     ] GC(11) Survivor regions: 6->10(10)
[2021-05-20T10:41:47.261+0000][8][gc,heap     ] GC(11) Old regions: 2->4
[2021-05-20T10:41:47.261+0000][8][gc,heap     ] GC(11) Archive regions: 2->2
[2021-05-20T10:41:47.262+0000][8][gc,heap     ] GC(11) Humongous regions: 0->0
[2021-05-20T10:41:47.263+0000][8][gc,metaspace] GC(11) Metaspace: 34630K(35520K)->34630K(35520K) NonClass: 30167K(30720K)->30167K(30720K) Class: 4462K(4800K)->4462K(4800K)
[2021-05-20T10:41:47.263+0000][8][gc          ] GC(11) Pause Young (Concurrent Start) (Metadata GC Threshold) 281M->59M(512M) 65.527ms
[2021-05-20T10:41:47.264+0000][8][gc,cpu      ] GC(11) User=0.09s Sys=0.01s Real=0.07s
[2021-05-20T10:41:47.265+0000][8][gc          ] GC(12) Concurrent Mark Cycle
[2021-05-20T10:41:47.266+0000][8][gc,marking  ] GC(12) Concurrent Clear Claimed Marks
[2021-05-20T10:41:47.266+0000][8][safepoint   ] Safepoint "CollectForMetadataAllocation", Time since last: 1018475100 ns, Reaching safepoint: 168900 ns, At safepoint: 67657800 ns, Total: 67826700 ns
[2021-05-20T10:41:47.267+0000][8][gc,marking  ] GC(12) Concurrent Clear Claimed Marks 0.657ms
[2021-05-20T10:41:47.268+0000][8][gc,marking  ] GC(12) Concurrent Scan Root Regions
[2021-05-20T10:41:47.320+0000][8][gc,marking  ] GC(12) Concurrent Scan Root Regions 52.416ms
[2021-05-20T10:41:47.321+0000][8][gc,marking  ] GC(12) Concurrent Mark
[2021-05-20T10:41:47.322+0000][8][gc,marking  ] GC(12) Concurrent Mark From Roots
[2021-05-20T10:41:47.323+0000][8][gc,task     ] GC(12) Using 1 workers of 1 for marking
[2021-05-20T10:41:47.331+0000][8][gc,marking  ] GC(12) Concurrent Mark From Roots 9.298ms
[2021-05-20T10:41:47.332+0000][8][gc,marking  ] GC(12) Concurrent Preclean
[2021-05-20T10:41:47.333+0000][8][gc,marking  ] GC(12) Concurrent Preclean 0.806ms
[2021-05-20T10:41:47.334+0000][8][gc,start    ] GC(12) Pause Remark
[2021-05-20T10:41:47.345+0000][8][gc          ] GC(12) Pause Remark 61M->61M(512M) 11.466ms
[2021-05-20T10:41:47.346+0000][8][gc,cpu      ] GC(12) User=0.01s Sys=0.00s Real=0.01s
[2021-05-20T10:41:47.347+0000][8][safepoint   ] Safepoint "G1Concurrent", Time since last: 68076300 ns, Reaching safepoint: 277900 ns, At safepoint: 13198900 ns, Total: 13476800 ns
[2021-05-20T10:41:47.348+0000][8][gc,marking  ] GC(12) Concurrent Mark 26.309ms
[2021-05-20T10:41:47.348+0000][8][gc,marking  ] GC(12) Concurrent Rebuild Remembered Sets
[2021-05-20T10:41:47.374+0000][8][gc,marking  ] GC(12) Concurrent Rebuild Remembered Sets 25.945ms
[2021-05-20T10:41:47.375+0000][8][gc,start    ] GC(12) Pause Cleanup
[2021-05-20T10:41:47.377+0000][8][gc          ] GC(12) Pause Cleanup 61M->61M(512M) 1.269ms
[2021-05-20T10:41:47.377+0000][8][gc,cpu      ] GC(12) User=0.00s Sys=0.00s Real=0.00s
[2021-05-20T10:41:47.378+0000][8][safepoint   ] Safepoint "G1Concurrent", Time since last: 28111700 ns, Reaching safepoint: 160900 ns, At safepoint: 2913200 ns, Total: 3074100 ns
[2021-05-20T10:41:47.379+0000][8][gc,marking  ] GC(12) Concurrent Cleanup for Next Mark
[2021-05-20T10:41:47.381+0000][8][gc,marking  ] GC(12) Concurrent Cleanup for Next Mark 2.006ms
[2021-05-20T10:41:47.382+0000][8][gc          ] GC(12) Concurrent Mark Cycle 116.751ms
[2021-05-20T10:41:48.304+0000][8][safepoint   ] Safepoint "ICBufferFull", Time since last: 925682800 ns, Reaching safepoint: 223100 ns, At safepoint: 24200 ns, Total: 247300 ns
[2021-05-20T10:41:49.600+0000][8][safepoint   ] Safepoint "ICBufferFull", Time since last: 1295223900 ns, Reaching safepoint: 447200 ns, At safepoint: 49100 ns, Total: 496300 ns
[2021-05-20T10:41:49.669+0000][8][gc,start    ] GC(13) Pause Young (Normal) (G1 Evacuation Pause)
[2021-05-20T10:41:49.670+0000][8][gc,task     ] GC(13) Using 4 workers of 4 for evacuation
[2021-05-20T10:41:49.671+0000][8][gc,age      ] GC(13) Desired survivor size 20971520 bytes, new threshold 1 (max threshold 15)
[2021-05-20T10:41:49.707+0000][8][gc,age      ] GC(13) Age table with threshold 1 (max threshold 15)
[2021-05-20T10:41:49.708+0000][8][gc,age      ] GC(13) - age   1:    6482048 bytes,    6482048 total
[2021-05-20T10:41:49.709+0000][8][gc,phases   ] GC(13)   Pre Evacuate Collection Set: 0.1ms
[2021-05-20T10:41:49.710+0000][8][gc,phases   ] GC(13)   Merge Heap Roots: 0.3ms
[2021-05-20T10:41:49.711+0000][8][gc,phases   ] GC(13)   Evacuate Collection Set: 31.0ms
[2021-05-20T10:41:49.712+0000][8][gc,phases   ] GC(13)   Post Evacuate Collection Set: 2.4ms
[2021-05-20T10:41:49.712+0000][8][gc,phases   ] GC(13)   Other: 5.7ms
[2021-05-20T10:41:49.713+0000][8][gc,heap     ] GC(13) Eden regions: 66->0(73)
[2021-05-20T10:41:49.714+0000][8][gc,heap     ] GC(13) Survivor regions: 10->3(10)
[2021-05-20T10:41:49.714+0000][8][gc,heap     ] GC(13) Old regions: 4->14
[2021-05-20T10:41:49.715+0000][8][gc,heap     ] GC(13) Archive regions: 2->2
[2021-05-20T10:41:49.716+0000][8][gc,heap     ] GC(13) Humongous regions: 0->0
[2021-05-20T10:41:49.716+0000][8][gc,metaspace] GC(13) Metaspace: 52032K(53184K)->52032K(53184K) NonClass: 45024K(45696K)->45024K(45696K) Class: 7007K(7488K)->7007K(7488K)
[2021-05-20T10:41:49.717+0000][8][gc          ] GC(13) Pause Young (Normal) (G1 Evacuation Pause) 323M->71M(512M) 47.933ms
[2021-05-20T10:41:49.718+0000][8][gc,cpu      ] GC(13) User=0.10s Sys=0.02s Real=0.05s
[2021-05-20T10:41:49.719+0000][8][safepoint   ] Safepoint "G1CollectForAllocation", Time since last: 69121500 ns, Reaching safepoint: 173900 ns, At safepoint: 49579800 ns, Total: 49753700 ns
[2021-05-20T10:41:50.234+0000][8][safepoint   ] Safepoint "ICBufferFull", Time since last: 514866800 ns, Reaching safepoint: 355200 ns, At safepoint: 39100 ns, Total: 394300 ns
[2021-05-20T10:41:50.919+0000][8][safepoint   ] Safepoint "ICBufferFull", Time since last: 684254500 ns, Reaching safepoint: 319900 ns, At safepoint: 71400 ns, Total: 391300 ns
[2021-05-20T10:41:51.027+0000][8][gc,start    ] GC(14) Pause Young (Concurrent Start) (Metadata GC Threshold)
[2021-05-20T10:41:51.028+0000][8][gc,task     ] GC(14) Using 4 workers of 4 for evacuation
[2021-05-20T10:41:51.029+0000][8][gc,age      ] GC(14) Desired survivor size 20971520 bytes, new threshold 15 (max threshold 15)
[2021-05-20T10:41:51.045+0000][8][gc,age      ] GC(14) Age table with threshold 15 (max threshold 15)
[2021-05-20T10:41:51.046+0000][8][gc,age      ] GC(14) - age   1:    4990648 bytes,    4990648 total
[2021-05-20T10:41:51.048+0000][8][gc,age      ] GC(14) - age   2:    6327432 bytes,   11318080 total
[2021-05-20T10:41:51.049+0000][8][gc,phases   ] GC(14)   Pre Evacuate Collection Set: 0.4ms
[2021-05-20T10:41:51.049+0000][8][gc,phases   ] GC(14)   Merge Heap Roots: 0.4ms
[2021-05-20T10:41:51.050+0000][8][gc,phases   ] GC(14)   Evacuate Collection Set: 9.3ms
[2021-05-20T10:41:51.051+0000][8][gc,phases   ] GC(14)   Post Evacuate Collection Set: 5.2ms
[2021-05-20T10:41:51.052+0000][8][gc,phases   ] GC(14)   Other: 6.9ms
[2021-05-20T10:41:51.052+0000][8][gc,heap     ] GC(14) Eden regions: 33->0(73)
[2021-05-20T10:41:51.053+0000][8][gc,heap     ] GC(14) Survivor regions: 3->3(10)
[2021-05-20T10:41:51.054+0000][8][gc,heap     ] GC(14) Old regions: 14->14
[2021-05-20T10:41:51.054+0000][8][gc,heap     ] GC(14) Archive regions: 2->2
[2021-05-20T10:41:51.055+0000][8][gc,heap     ] GC(14) Humongous regions: 0->0
[2021-05-20T10:41:51.055+0000][8][gc,metaspace] GC(14) Metaspace: 58697K(59776K)->58697K(59776K) NonClass: 50932K(51520K)->50932K(51520K) Class: 7764K(8256K)->7764K(8256K)
[2021-05-20T10:41:51.056+0000][8][gc          ] GC(14) Pause Young (Concurrent Start) (Metadata GC Threshold) 201M->71M(512M) 29.278ms
[2021-05-20T10:41:51.057+0000][8][gc,cpu      ] GC(14) User=0.03s Sys=0.01s Real=0.03s
[2021-05-20T10:41:51.057+0000][8][gc          ] GC(15) Concurrent Mark Cycle
[2021-05-20T10:41:51.058+0000][8][gc,marking  ] GC(15) Concurrent Clear Claimed Marks
[2021-05-20T10:41:51.057+0000][8][safepoint   ] Safepoint "CollectForMetadataAllocation", Time since last: 107187900 ns, Reaching safepoint: 656100 ns, At safepoint: 30869000 ns, Total: 31525100 ns
[2021-05-20T10:41:51.059+0000][8][gc,marking  ] GC(15) Concurrent Clear Claimed Marks 0.957ms
[2021-05-20T10:41:51.060+0000][8][gc,marking  ] GC(15) Concurrent Scan Root Regions
[2021-05-20T10:41:51.067+0000][8][gc,marking  ] GC(15) Concurrent Scan Root Regions 7.460ms
[2021-05-20T10:41:51.068+0000][8][gc,marking  ] GC(15) Concurrent Mark
[2021-05-20T10:41:51.069+0000][8][gc,marking  ] GC(15) Concurrent Mark From Roots
[2021-05-20T10:41:51.070+0000][8][gc,task     ] GC(15) Using 1 workers of 1 for marking
[2021-05-20T10:41:51.116+0000][8][safepoint   ] Safepoint "CollectForMetadataAllocation", Time since last: 58268700 ns, Reaching safepoint: 317000 ns, At safepoint: 104900 ns, Total: 421900 ns
[2021-05-20T10:41:51.174+0000][8][safepoint   ] Safepoint "CollectForMetadataAllocation", Time since last: 57674900 ns, Reaching safepoint: 239800 ns, At safepoint: 139300 ns, Total: 379100 ns
[2021-05-20T10:41:51.176+0000][8][gc,marking  ] GC(15) Concurrent Mark From Roots 107.173ms
[2021-05-20T10:41:51.177+0000][8][gc,marking  ] GC(15) Concurrent Preclean
[2021-05-20T10:41:51.178+0000][8][gc,marking  ] GC(15) Concurrent Preclean 0.950ms
[2021-05-20T10:41:51.180+0000][8][gc,start    ] GC(15) Pause Remark
[2021-05-20T10:41:51.186+0000][8][gc          ] GC(15) Pause Remark 77M->77M(512M) 6.484ms
[2021-05-20T10:41:51.187+0000][8][gc,cpu      ] GC(15) User=0.02s Sys=0.00s Real=0.01s
[2021-05-20T10:41:51.188+0000][8][safepoint   ] Safepoint "G1Concurrent", Time since last: 4880300 ns, Reaching safepoint: 200100 ns, At safepoint: 8590400 ns, Total: 8790500 ns
[2021-05-20T10:41:51.189+0000][8][gc,marking  ] GC(15) Concurrent Mark 120.276ms
[2021-05-20T10:41:51.189+0000][8][gc,marking  ] GC(15) Concurrent Rebuild Remembered Sets
[2021-05-20T10:41:51.246+0000][8][gc,marking  ] GC(15) Concurrent Rebuild Remembered Sets 56.543ms
[2021-05-20T10:41:51.248+0000][8][gc,start    ] GC(15) Pause Cleanup
[2021-05-20T10:41:51.249+0000][8][gc          ] GC(15) Pause Cleanup 77M->77M(512M) 1.263ms
[2021-05-20T10:41:51.250+0000][8][gc,cpu      ] GC(15) User=0.00s Sys=0.01s Real=0.01s
[2021-05-20T10:41:51.251+0000][8][safepoint   ] Safepoint "G1Concurrent", Time since last: 59515400 ns, Reaching safepoint: 315700 ns, At safepoint: 3037800 ns, Total: 3353500 ns
[2021-05-20T10:41:51.252+0000][8][gc,marking  ] GC(15) Concurrent Cleanup for Next Mark
[2021-05-20T10:41:51.253+0000][8][gc,marking  ] GC(15) Concurrent Cleanup for Next Mark 1.219ms
[2021-05-20T10:41:51.253+0000][8][gc          ] GC(15) Concurrent Mark Cycle 196.027ms
[2021-05-20T10:41:52.253+0000][8][safepoint   ] Safepoint "Cleanup", Time since last: 1001268500 ns, Reaching safepoint: 717900 ns, At safepoint: 105700 ns, Total: 823600 ns
[2021-05-20T10:41:53.600+0000][8][safepoint   ] Safepoint "ICBufferFull", Time since last: 1346598400 ns, Reaching safepoint: 247200 ns, At safepoint: 23200 ns, Total: 270400 ns
[2021-05-20T10:41:54.635+0000][8][safepoint   ] Safepoint "ICBufferFull", Time since last: 1035093400 ns, Reaching safepoint: 324100 ns, At safepoint: 46500 ns, Total: 370600 ns
[2021-05-20T10:41:55.561+0000][8][gc,heap,exit] Heap
[2021-05-20T10:41:55.562+0000][8][gc,heap,exit]  garbage-first heap   total 524288K, used 251778K [0x00000000e0000000, 0x0000000100000000)
[2021-05-20T10:41:55.563+0000][8][gc,heap,exit]   region size 4096K, 47 young (192512K), 3 survivors (12288K)
[2021-05-20T10:41:55.563+0000][8][gc,heap,exit]  Metaspace       used 82755K, committed 84160K, reserved 1122304K
[2021-05-20T10:41:55.564+0000][8][gc,heap,exit]   class space    used 11325K, committed 11904K, reserved 1048576K
