[2021-05-20T03:42:35.949+0000][10][gc] Using G1
[2021-05-20T03:42:36.039+0000][10][gc,init] Version: 16+36 (release)
[2021-05-20T03:42:36.040+0000][10][gc,init] CPUs: 4 total, 4 available
[2021-05-20T03:42:36.041+0000][10][gc,init] Memory: 3936M
[2021-05-20T03:42:36.042+0000][10][gc,init] Large Page Support: Disabled
[2021-05-20T03:42:36.043+0000][10][gc,init] NUMA Support: Disabled
[2021-05-20T03:42:36.043+0000][10][gc,init] Compressed Oops: Enabled (32-bit)
[2021-05-20T03:42:36.044+0000][10][gc,init] Heap Region Size: 4M
[2021-05-20T03:42:36.045+0000][10][gc,init] Heap Min Capacity: 512M
[2021-05-20T03:42:36.046+0000][10][gc,init] Heap Initial Capacity: 512M
[2021-05-20T03:42:36.046+0000][10][gc,init] Heap Max Capacity: 512M
[2021-05-20T03:42:36.047+0000][10][gc,init] Pre-touch: Enabled
[2021-05-20T03:42:36.048+0000][10][gc,init] Parallel Workers: 4
[2021-05-20T03:42:36.049+0000][10][gc,init] Concurrent Workers: 1
[2021-05-20T03:42:36.049+0000][10][gc,init] Concurrent Refinement Workers: 4
[2021-05-20T03:42:36.050+0000][10][gc,init] Periodic GC: Disabled
[2021-05-20T03:42:36.052+0000][10][gc,metaspace] CDS archive(s) mapped at: [0x0000000800000000-0x0000000800bea000-0x0000000800bea000), size 12492800, SharedBaseAddress: 0x0000000800000000, ArchiveRelocationMode: 0.
[2021-05-20T03:42:36.052+0000][10][gc,metaspace] Compressed class space mapped at: 0x0000000800c00000-0x0000000840c00000, reserved size: 1073741824
[2021-05-20T03:42:36.053+0000][10][gc,metaspace] Narrow klass base: 0x0000000800000000, Narrow klass shift: 3, Narrow klass range: 0x100000000
[2021-05-20T03:42:36.970+0000][10][safepoint   ] Safepoint "ICBufferFull", Time since last: 899286200 ns, Reaching safepoint: 366200 ns, At safepoint: 52900 ns, Total: 419100 ns
[2021-05-20T03:42:37.244+0000][10][gc,start    ] GC(0) Pause Young (Normal) (G1 Evacuation Pause)
[2021-05-20T03:42:37.245+0000][10][gc,task     ] GC(0) Using 4 workers of 4 for evacuation
[2021-05-20T03:42:37.246+0000][10][gc,age      ] GC(0) Desired survivor size 2097152 bytes, new threshold 15 (max threshold 15)
[2021-05-20T03:42:37.260+0000][10][gc,age      ] GC(0) Age table with threshold 15 (max threshold 15)
[2021-05-20T03:42:37.261+0000][10][gc,age      ] GC(0) - age   1:    4182280 bytes,    4182280 total
[2021-05-20T03:42:37.262+0000][10][gc,phases   ] GC(0)   Pre Evacuate Collection Set: 0.3ms
[2021-05-20T03:42:37.263+0000][10][gc,phases   ] GC(0)   Merge Heap Roots: 0.7ms
[2021-05-20T03:42:37.264+0000][10][gc,phases   ] GC(0)   Evacuate Collection Set: 10.0ms
[2021-05-20T03:42:37.265+0000][10][gc,phases   ] GC(0)   Post Evacuate Collection Set: 2.2ms
[2021-05-20T03:42:37.266+0000][10][gc,phases   ] GC(0)   Other: 4.9ms
[2021-05-20T03:42:37.267+0000][10][gc,heap     ] GC(0) Eden regions: 6->0(5)
[2021-05-20T03:42:37.267+0000][10][gc,heap     ] GC(0) Survivor regions: 0->1(1)
[2021-05-20T03:42:37.268+0000][10][gc,heap     ] GC(0) Old regions: 0->1
[2021-05-20T03:42:37.269+0000][10][gc,heap     ] GC(0) Archive regions: 2->2
[2021-05-20T03:42:37.270+0000][10][gc,heap     ] GC(0) Humongous regions: 0->0
[2021-05-20T03:42:37.270+0000][10][gc,metaspace] GC(0) Metaspace: 8285K(8384K)->8285K(8384K) NonClass: 7368K(7424K)->7368K(7424K) Class: 917K(960K)->917K(960K)
[2021-05-20T03:42:37.271+0000][10][gc          ] GC(0) Pause Young (Normal) (G1 Evacuation Pause) 27M->8M(512M) 26.598ms
[2021-05-20T03:42:37.272+0000][10][gc,cpu      ] GC(0) User=0.01s Sys=0.01s Real=0.03s
[2021-05-20T03:42:37.273+0000][10][safepoint   ] Safepoint "G1CollectForAllocation", Time since last: 274128800 ns, Reaching safepoint: 229800 ns, At safepoint: 28663100 ns, Total: 28892900 ns
[2021-05-20T03:42:37.953+0000][10][gc,start    ] GC(1) Pause Young (Normal) (G1 Evacuation Pause)
[2021-05-20T03:42:37.953+0000][10][gc,task     ] GC(1) Using 4 workers of 4 for evacuation
[2021-05-20T03:42:37.954+0000][10][gc,age      ] GC(1) Desired survivor size 2097152 bytes, new threshold 1 (max threshold 15)
[2021-05-20T03:42:37.964+0000][10][gc,age      ] GC(1) Age table with threshold 1 (max threshold 15)
[2021-05-20T03:42:37.966+0000][10][gc,age      ] GC(1) - age   1:    1652824 bytes,    1652824 total
[2021-05-20T03:42:37.967+0000][10][gc,phases   ] GC(1)   Pre Evacuate Collection Set: 0.1ms
[2021-05-20T03:42:37.967+0000][10][gc,phases   ] GC(1)   Merge Heap Roots: 0.4ms
[2021-05-20T03:42:37.968+0000][10][gc,phases   ] GC(1)   Evacuate Collection Set: 7.3ms
[2021-05-20T03:42:37.968+0000][10][gc,phases   ] GC(1)   Post Evacuate Collection Set: 1.5ms
[2021-05-20T03:42:37.969+0000][10][gc,phases   ] GC(1)   Other: 4.7ms
[2021-05-20T03:42:37.970+0000][10][gc,heap     ] GC(1) Eden regions: 5->0(7)
[2021-05-20T03:42:37.971+0000][10][gc,heap     ] GC(1) Survivor regions: 1->1(1)
[2021-05-20T03:42:37.972+0000][10][gc,heap     ] GC(1) Old regions: 1->2
[2021-05-20T03:42:37.972+0000][10][gc,heap     ] GC(1) Archive regions: 2->2
[2021-05-20T03:42:37.973+0000][10][gc,heap     ] GC(1) Humongous regions: 0->0
[2021-05-20T03:42:37.973+0000][10][gc,metaspace] GC(1) Metaspace: 11773K(11968K)->11773K(11968K) NonClass: 10376K(10496K)->10376K(10496K) Class: 1396K(1472K)->1396K(1472K)
[2021-05-20T03:42:37.974+0000][10][gc          ] GC(1) Pause Young (Normal) (G1 Evacuation Pause) 28M->9M(512M) 21.562ms
[2021-05-20T03:42:37.975+0000][10][gc,cpu      ] GC(1) User=0.03s Sys=0.00s Real=0.02s
[2021-05-20T03:42:37.976+0000][10][safepoint   ] Safepoint "G1CollectForAllocation", Time since last: 679585100 ns, Reaching safepoint: 212000 ns, At safepoint: 22977300 ns, Total: 23189300 ns
[2021-05-20T03:42:38.607+0000][10][gc,start    ] GC(2) Pause Young (Normal) (G1 Evacuation Pause)
[2021-05-20T03:42:38.608+0000][10][gc,task     ] GC(2) Using 4 workers of 4 for evacuation
[2021-05-20T03:42:38.609+0000][10][gc,age      ] GC(2) Desired survivor size 2097152 bytes, new threshold 15 (max threshold 15)
[2021-05-20T03:42:38.615+0000][10][gc,age      ] GC(2) Age table with threshold 15 (max threshold 15)
[2021-05-20T03:42:38.617+0000][10][gc,age      ] GC(2) - age   1:    1139168 bytes,    1139168 total
[2021-05-20T03:42:38.618+0000][10][gc,age      ] GC(2) - age   2:    1582944 bytes,    2722112 total
[2021-05-20T03:42:38.619+0000][10][gc,phases   ] GC(2)   Pre Evacuate Collection Set: 0.1ms
[2021-05-20T03:42:38.620+0000][10][gc,phases   ] GC(2)   Merge Heap Roots: 0.2ms
[2021-05-20T03:42:38.620+0000][10][gc,phases   ] GC(2)   Evacuate Collection Set: 4.0ms
[2021-05-20T03:42:38.621+0000][10][gc,phases   ] GC(2)   Post Evacuate Collection Set: 1.7ms
[2021-05-20T03:42:38.622+0000][10][gc,phases   ] GC(2)   Other: 5.9ms
[2021-05-20T03:42:38.622+0000][10][gc,heap     ] GC(2) Eden regions: 7->0(21)
[2021-05-20T03:42:38.623+0000][10][gc,heap     ] GC(2) Survivor regions: 1->1(1)
[2021-05-20T03:42:38.624+0000][10][gc,heap     ] GC(2) Old regions: 2->2
[2021-05-20T03:42:38.624+0000][10][gc,heap     ] GC(2) Archive regions: 2->2
[2021-05-20T03:42:38.625+0000][10][gc,heap     ] GC(2) Humongous regions: 0->0
[2021-05-20T03:42:38.626+0000][10][gc,metaspace] GC(2) Metaspace: 14361K(14592K)->14361K(14592K) NonClass: 12708K(12800K)->12708K(12800K) Class: 1652K(1792K)->1652K(1792K)
[2021-05-20T03:42:38.627+0000][10][gc          ] GC(2) Pause Young (Normal) (G1 Evacuation Pause) 37M->10M(512M) 19.698ms
[2021-05-20T03:42:38.627+0000][10][gc,cpu      ] GC(2) User=0.01s Sys=0.01s Real=0.02s
[2021-05-20T03:42:38.628+0000][10][safepoint   ] Safepoint "G1CollectForAllocation", Time since last: 631129900 ns, Reaching safepoint: 116600 ns, At safepoint: 21047300 ns, Total: 21163900 ns
[2021-05-20T03:42:39.017+0000][10][safepoint   ] Safepoint "ICBufferFull", Time since last: 389361300 ns, Reaching safepoint: 97000 ns, At safepoint: 21700 ns, Total: 118700 ns
[2021-05-20T03:42:39.025+0000][10][safepoint   ] Safepoint "ICBufferFull", Time since last: 7817300 ns, Reaching safepoint: 60100 ns, At safepoint: 22500 ns, Total: 82600 ns
[2021-05-20T03:42:39.031+0000][10][safepoint   ] Safepoint "ICBufferFull", Time since last: 4892300 ns, Reaching safepoint: 110100 ns, At safepoint: 465600 ns, Total: 575700 ns
[2021-05-20T03:42:39.036+0000][10][safepoint   ] Safepoint "ICBufferFull", Time since last: 5462200 ns, Reaching safepoint: 56100 ns, At safepoint: 23100 ns, Total: 79200 ns
[2021-05-20T03:42:39.043+0000][10][safepoint   ] Safepoint "ICBufferFull", Time since last: 7009200 ns, Reaching safepoint: 56000 ns, At safepoint: 23100 ns, Total: 79100 ns
[2021-05-20T03:42:39.049+0000][10][safepoint   ] Safepoint "ICBufferFull", Time since last: 5913100 ns, Reaching safepoint: 61500 ns, At safepoint: 26200 ns, Total: 87700 ns
[2021-05-20T03:42:39.055+0000][10][safepoint   ] Safepoint "ICBufferFull", Time since last: 5066600 ns, Reaching safepoint: 141600 ns, At safepoint: 24500 ns, Total: 166100 ns
[2021-05-20T03:42:39.059+0000][10][safepoint   ] Safepoint "ICBufferFull", Time since last: 4788000 ns, Reaching safepoint: 58900 ns, At safepoint: 21600 ns, Total: 80500 ns
[2021-05-20T03:42:39.064+0000][10][safepoint   ] Safepoint "ICBufferFull", Time since last: 4845000 ns, Reaching safepoint: 49400 ns, At safepoint: 21800 ns, Total: 71200 ns
[2021-05-20T03:42:39.069+0000][10][safepoint   ] Safepoint "ICBufferFull", Time since last: 4960400 ns, Reaching safepoint: 57000 ns, At safepoint: 20600 ns, Total: 77600 ns
[2021-05-20T03:42:39.075+0000][10][safepoint   ] Safepoint "ICBufferFull", Time since last: 5823500 ns, Reaching safepoint: 53700 ns, At safepoint: 22800 ns, Total: 76500 ns
[2021-05-20T03:42:39.081+0000][10][safepoint   ] Safepoint "ICBufferFull", Time since last: 5399200 ns, Reaching safepoint: 56500 ns, At safepoint: 22400 ns, Total: 78900 ns
[2021-05-20T03:42:39.085+0000][10][safepoint   ] Safepoint "ICBufferFull", Time since last: 4118200 ns, Reaching safepoint: 52300 ns, At safepoint: 23700 ns, Total: 76000 ns
[2021-05-20T03:42:39.092+0000][10][safepoint   ] Safepoint "ICBufferFull", Time since last: 6773900 ns, Reaching safepoint: 59500 ns, At safepoint: 22700 ns, Total: 82200 ns
[2021-05-20T03:42:39.097+0000][10][safepoint   ] Safepoint "ICBufferFull", Time since last: 5408400 ns, Reaching safepoint: 53600 ns, At safepoint: 20400 ns, Total: 74000 ns
[2021-05-20T03:42:39.102+0000][10][safepoint   ] Safepoint "ICBufferFull", Time since last: 4175000 ns, Reaching safepoint: 51600 ns, At safepoint: 20500 ns, Total: 72100 ns
[2021-05-20T03:42:39.106+0000][10][safepoint   ] Safepoint "ICBufferFull", Time since last: 4647400 ns, Reaching safepoint: 162000 ns, At safepoint: 86600 ns, Total: 248600 ns
[2021-05-20T03:42:39.112+0000][10][safepoint   ] Safepoint "ICBufferFull", Time since last: 5225100 ns, Reaching safepoint: 199600 ns, At safepoint: 53000 ns, Total: 252600 ns
[2021-05-20T03:42:39.119+0000][10][safepoint   ] Safepoint "ICBufferFull", Time since last: 7213300 ns, Reaching safepoint: 249500 ns, At safepoint: 78400 ns, Total: 327900 ns
[2021-05-20T03:42:39.124+0000][10][safepoint   ] Safepoint "ICBufferFull", Time since last: 4117300 ns, Reaching safepoint: 172900 ns, At safepoint: 24200 ns, Total: 197100 ns
[2021-05-20T03:42:39.126+0000][10][safepoint   ] Safepoint "ICBufferFull", Time since last: 1999900 ns, Reaching safepoint: 308900 ns, At safepoint: 41900 ns, Total: 350800 ns
[2021-05-20T03:42:39.224+0000][10][gc,start    ] GC(3) Pause Young (Normal) (G1 Evacuation Pause)
[2021-05-20T03:42:39.225+0000][10][gc,task     ] GC(3) Using 4 workers of 4 for evacuation
[2021-05-20T03:42:39.226+0000][10][gc,age      ] GC(3) Desired survivor size 6291456 bytes, new threshold 15 (max threshold 15)
[2021-05-20T03:42:39.235+0000][10][gc,age      ] GC(3) Age table with threshold 15 (max threshold 15)
[2021-05-20T03:42:39.236+0000][10][gc,age      ] GC(3) - age   1:    2216400 bytes,    2216400 total
[2021-05-20T03:42:39.237+0000][10][gc,age      ] GC(3) - age   2:    1100456 bytes,    3316856 total
[2021-05-20T03:42:39.237+0000][10][gc,age      ] GC(3) - age   3:    1568752 bytes,    4885608 total
[2021-05-20T03:42:39.238+0000][10][gc,phases   ] GC(3)   Pre Evacuate Collection Set: 0.2ms
[2021-05-20T03:42:39.239+0000][10][gc,phases   ] GC(3)   Merge Heap Roots: 0.4ms
[2021-05-20T03:42:39.239+0000][10][gc,phases   ] GC(3)   Evacuate Collection Set: 6.1ms
[2021-05-20T03:42:39.240+0000][10][gc,phases   ] GC(3)   Post Evacuate Collection Set: 1.1ms
[2021-05-20T03:42:39.241+0000][10][gc,phases   ] GC(3)   Other: 6.0ms
[2021-05-20T03:42:39.241+0000][10][gc,heap     ] GC(3) Eden regions: 21->0(74)
[2021-05-20T03:42:39.242+0000][10][gc,heap     ] GC(3) Survivor regions: 1->2(3)
[2021-05-20T03:42:39.243+0000][10][gc,heap     ] GC(3) Old regions: 2->2
[2021-05-20T03:42:39.244+0000][10][gc,heap     ] GC(3) Archive regions: 2->2
[2021-05-20T03:42:39.244+0000][10][gc,heap     ] GC(3) Humongous regions: 0->0
[2021-05-20T03:42:39.245+0000][10][gc,metaspace] GC(3) Metaspace: 16424K(16704K)->16424K(16704K) NonClass: 14487K(14656K)->14487K(14656K) Class: 1936K(2048K)->1936K(2048K)
[2021-05-20T03:42:39.246+0000][10][gc          ] GC(3) Pause Young (Normal) (G1 Evacuation Pause) 94M->12M(512M) 21.669ms
[2021-05-20T03:42:39.246+0000][10][gc,cpu      ] GC(3) User=0.02s Sys=0.00s Real=0.02s
[2021-05-20T03:42:39.247+0000][10][safepoint   ] Safepoint "G1CollectForAllocation", Time since last: 97820200 ns, Reaching safepoint: 185100 ns, At safepoint: 22935600 ns, Total: 23120700 ns
[2021-05-20T03:42:40.112+0000][10][gc,start    ] GC(4) Pause Young (Normal) (G1 Evacuation Pause)
[2021-05-20T03:42:40.113+0000][10][gc,task     ] GC(4) Using 4 workers of 4 for evacuation
[2021-05-20T03:42:40.114+0000][10][gc,age      ] GC(4) Desired survivor size 20971520 bytes, new threshold 15 (max threshold 15)
[2021-05-20T03:42:40.132+0000][10][gc,age      ] GC(4) Age table with threshold 15 (max threshold 15)
[2021-05-20T03:42:40.133+0000][10][gc,age      ] GC(4) - age   1:    5741872 bytes,    5741872 total
[2021-05-20T03:42:40.133+0000][10][gc,age      ] GC(4) - age   2:    1975368 bytes,    7717240 total
[2021-05-20T03:42:40.134+0000][10][gc,age      ] GC(4) - age   3:    1100336 bytes,    8817576 total
[2021-05-20T03:42:40.135+0000][10][gc,age      ] GC(4) - age   4:    1568600 bytes,   10386176 total
[2021-05-20T03:42:40.135+0000][10][gc,phases   ] GC(4)   Pre Evacuate Collection Set: 0.1ms
[2021-05-20T03:42:40.136+0000][10][gc,phases   ] GC(4)   Merge Heap Roots: 0.2ms
[2021-05-20T03:42:40.136+0000][10][gc,phases   ] GC(4)   Evacuate Collection Set: 14.8ms
[2021-05-20T03:42:40.137+0000][10][gc,phases   ] GC(4)   Post Evacuate Collection Set: 2.1ms
[2021-05-20T03:42:40.137+0000][10][gc,phases   ] GC(4)   Other: 6.1ms
[2021-05-20T03:42:40.138+0000][10][gc,heap     ] GC(4) Eden regions: 74->0(73)
[2021-05-20T03:42:40.139+0000][10][gc,heap     ] GC(4) Survivor regions: 2->3(10)
[2021-05-20T03:42:40.139+0000][10][gc,heap     ] GC(4) Old regions: 2->2
[2021-05-20T03:42:40.140+0000][10][gc,heap     ] GC(4) Archive regions: 2->2
[2021-05-20T03:42:40.140+0000][10][gc,heap     ] GC(4) Humongous regions: 0->0
[2021-05-20T03:42:40.141+0000][10][gc,metaspace] GC(4) Metaspace: 18628K(18944K)->18628K(18944K) NonClass: 16406K(16576K)->16406K(16576K) Class: 2221K(2368K)->2221K(2368K)
[2021-05-20T03:42:40.141+0000][10][gc          ] GC(4) Pause Young (Normal) (G1 Evacuation Pause) 308M->18M(512M) 29.396ms
[2021-05-20T03:42:40.142+0000][10][gc,cpu      ] GC(4) User=0.02s Sys=0.01s Real=0.03s
[2021-05-20T03:42:40.142+0000][10][safepoint   ] Safepoint "G1CollectForAllocation", Time since last: 864605500 ns, Reaching safepoint: 129600 ns, At safepoint: 30619500 ns, Total: 30749100 ns
[2021-05-20T03:42:40.668+0000][10][gc,start    ] GC(5) Pause Young (Normal) (G1 Evacuation Pause)
[2021-05-20T03:42:40.669+0000][10][gc,task     ] GC(5) Using 4 workers of 4 for evacuation
[2021-05-20T03:42:40.669+0000][10][gc,age      ] GC(5) Desired survivor size 20971520 bytes, new threshold 15 (max threshold 15)
[2021-05-20T03:42:40.682+0000][10][gc,age      ] GC(5) Age table with threshold 15 (max threshold 15)
[2021-05-20T03:42:40.683+0000][10][gc,age      ] GC(5) - age   1:    3229376 bytes,    3229376 total
[2021-05-20T03:42:40.684+0000][10][gc,age      ] GC(5) - age   2:    3695864 bytes,    6925240 total
[2021-05-20T03:42:40.685+0000][10][gc,age      ] GC(5) - age   3:    1974936 bytes,    8900176 total
[2021-05-20T03:42:40.685+0000][10][gc,age      ] GC(5) - age   4:    1100336 bytes,   10000512 total
[2021-05-20T03:42:40.686+0000][10][gc,age      ] GC(5) - age   5:    1568600 bytes,   11569112 total
[2021-05-20T03:42:40.687+0000][10][gc,phases   ] GC(5)   Pre Evacuate Collection Set: 0.2ms
[2021-05-20T03:42:40.688+0000][10][gc,phases   ] GC(5)   Merge Heap Roots: 0.3ms
[2021-05-20T03:42:40.688+0000][10][gc,phases   ] GC(5)   Evacuate Collection Set: 10.2ms
[2021-05-20T03:42:40.689+0000][10][gc,phases   ] GC(5)   Post Evacuate Collection Set: 1.8ms
[2021-05-20T03:42:40.689+0000][10][gc,phases   ] GC(5)   Other: 6.6ms
[2021-05-20T03:42:40.690+0000][10][gc,heap     ] GC(5) Eden regions: 73->0(73)
[2021-05-20T03:42:40.691+0000][10][gc,heap     ] GC(5) Survivor regions: 3->3(10)
[2021-05-20T03:42:40.691+0000][10][gc,heap     ] GC(5) Old regions: 2->2
[2021-05-20T03:42:40.692+0000][10][gc,heap     ] GC(5) Archive regions: 2->2
[2021-05-20T03:42:40.692+0000][10][gc,heap     ] GC(5) Humongous regions: 0->0
[2021-05-20T03:42:40.693+0000][10][gc,metaspace] GC(5) Metaspace: 19149K(19520K)->19149K(19520K) NonClass: 16873K(17088K)->16873K(17088K) Class: 2276K(2432K)->2276K(2432K)
[2021-05-20T03:42:40.694+0000][10][gc          ] GC(5) Pause Young (Normal) (G1 Evacuation Pause) 310M->19M(512M) 25.934ms
[2021-05-20T03:42:40.695+0000][10][gc,cpu      ] GC(5) User=0.02s Sys=0.01s Real=0.02s
[2021-05-20T03:42:40.695+0000][10][safepoint   ] Safepoint "G1CollectForAllocation", Time since last: 525017500 ns, Reaching safepoint: 310700 ns, At safepoint: 27450900 ns, Total: 27761600 ns
[2021-05-20T03:42:41.186+0000][10][gc,start    ] GC(6) Pause Young (Normal) (G1 Evacuation Pause)
[2021-05-20T03:42:41.187+0000][10][gc,task     ] GC(6) Using 4 workers of 4 for evacuation
[2021-05-20T03:42:41.188+0000][10][gc,age      ] GC(6) Desired survivor size 20971520 bytes, new threshold 15 (max threshold 15)
[2021-05-20T03:42:41.201+0000][10][gc,age      ] GC(6) Age table with threshold 15 (max threshold 15)
[2021-05-20T03:42:41.202+0000][10][gc,age      ] GC(6) - age   1:    1245728 bytes,    1245728 total
[2021-05-20T03:42:41.203+0000][10][gc,age      ] GC(6) - age   2:    2610512 bytes,    3856240 total
[2021-05-20T03:42:41.203+0000][10][gc,age      ] GC(6) - age   3:    3694696 bytes,    7550936 total
[2021-05-20T03:42:41.204+0000][10][gc,age      ] GC(6) - age   4:    1974936 bytes,    9525872 total
[2021-05-20T03:42:41.204+0000][10][gc,age      ] GC(6) - age   5:    1100336 bytes,   10626208 total
[2021-05-20T03:42:41.205+0000][10][gc,age      ] GC(6) - age   6:    1568600 bytes,   12194808 total
[2021-05-20T03:42:41.206+0000][10][gc,phases   ] GC(6)   Pre Evacuate Collection Set: 0.2ms
[2021-05-20T03:42:41.206+0000][10][gc,phases   ] GC(6)   Merge Heap Roots: 0.4ms
[2021-05-20T03:42:41.207+0000][10][gc,phases   ] GC(6)   Evacuate Collection Set: 9.7ms
[2021-05-20T03:42:41.208+0000][10][gc,phases   ] GC(6)   Post Evacuate Collection Set: 2.5ms
[2021-05-20T03:42:41.208+0000][10][gc,phases   ] GC(6)   Other: 7.0ms
[2021-05-20T03:42:41.209+0000][10][gc,heap     ] GC(6) Eden regions: 73->0(72)
[2021-05-20T03:42:41.210+0000][10][gc,heap     ] GC(6) Survivor regions: 3->4(10)
[2021-05-20T03:42:41.210+0000][10][gc,heap     ] GC(6) Old regions: 2->2
[2021-05-20T03:42:41.211+0000][10][gc,heap     ] GC(6) Archive regions: 2->2
[2021-05-20T03:42:41.212+0000][10][gc,heap     ] GC(6) Humongous regions: 0->0
[2021-05-20T03:42:41.212+0000][10][gc,metaspace] GC(6) Metaspace: 19533K(19904K)->19533K(19904K) NonClass: 17185K(17408K)->17185K(17408K) Class: 2348K(2496K)->2348K(2496K)
[2021-05-20T03:42:41.213+0000][10][gc          ] GC(6) Pause Young (Normal) (G1 Evacuation Pause) 311M->20M(512M) 27.111ms
[2021-05-20T03:42:41.214+0000][10][gc,cpu      ] GC(6) User=0.03s Sys=0.00s Real=0.03s
[2021-05-20T03:42:41.214+0000][10][safepoint   ] Safepoint "G1CollectForAllocation", Time since last: 490642000 ns, Reaching safepoint: 70900 ns, At safepoint: 28557600 ns, Total: 28628500 ns
[2021-05-20T03:42:41.713+0000][10][gc,start    ] GC(7) Pause Young (Concurrent Start) (Metadata GC Threshold)
[2021-05-20T03:42:41.715+0000][10][gc,task     ] GC(7) Using 4 workers of 4 for evacuation
[2021-05-20T03:42:41.716+0000][10][gc,age      ] GC(7) Desired survivor size 20971520 bytes, new threshold 15 (max threshold 15)
[2021-05-20T03:42:41.741+0000][10][gc,age      ] GC(7) Age table with threshold 15 (max threshold 15)
[2021-05-20T03:42:41.742+0000][10][gc,age      ] GC(7) - age   1:    2300440 bytes,    2300440 total
[2021-05-20T03:42:41.743+0000][10][gc,age      ] GC(7) - age   2:     578760 bytes,    2879200 total
[2021-05-20T03:42:41.743+0000][10][gc,age      ] GC(7) - age   3:    2609384 bytes,    5488584 total
[2021-05-20T03:42:41.744+0000][10][gc,age      ] GC(7) - age   4:    3694168 bytes,    9182752 total
[2021-05-20T03:42:41.745+0000][10][gc,age      ] GC(7) - age   5:    1974888 bytes,   11157640 total
[2021-05-20T03:42:41.745+0000][10][gc,age      ] GC(7) - age   6:    1092112 bytes,   12249752 total
[2021-05-20T03:42:41.746+0000][10][gc,age      ] GC(7) - age   7:    1568504 bytes,   13818256 total
[2021-05-20T03:42:41.746+0000][10][gc,phases   ] GC(7)   Pre Evacuate Collection Set: 0.6ms
[2021-05-20T03:42:41.747+0000][10][gc,phases   ] GC(7)   Merge Heap Roots: 0.6ms
[2021-05-20T03:42:41.748+0000][10][gc,phases   ] GC(7)   Evacuate Collection Set: 15.0ms
[2021-05-20T03:42:41.748+0000][10][gc,phases   ] GC(7)   Post Evacuate Collection Set: 7.5ms
[2021-05-20T03:42:41.749+0000][10][gc,phases   ] GC(7)   Other: 9.5ms
[2021-05-20T03:42:41.749+0000][10][gc,heap     ] GC(7) Eden regions: 61->0(72)
[2021-05-20T03:42:41.750+0000][10][gc,heap     ] GC(7) Survivor regions: 4->4(10)
[2021-05-20T03:42:41.751+0000][10][gc,heap     ] GC(7) Old regions: 2->2
[2021-05-20T03:42:41.751+0000][10][gc,heap     ] GC(7) Archive regions: 2->2
[2021-05-20T03:42:41.752+0000][10][gc,heap     ] GC(7) Humongous regions: 0->0
[2021-05-20T03:42:41.752+0000][10][gc,metaspace] GC(7) Metaspace: 20823K(21248K)->20823K(21248K) NonClass: 18313K(18560K)->18313K(18560K) Class: 2510K(2688K)->2510K(2688K)
[2021-05-20T03:42:41.753+0000][10][gc          ] GC(7) Pause Young (Concurrent Start) (Metadata GC Threshold) 264M->22M(512M) 39.713ms
[2021-05-20T03:42:41.754+0000][10][gc,cpu      ] GC(7) User=0.02s Sys=0.01s Real=0.04s
[2021-05-20T03:42:41.755+0000][10][safepoint   ] Safepoint "CollectForMetadataAllocation", Time since last: 498701400 ns, Reaching safepoint: 84000 ns, At safepoint: 41310300 ns, Total: 41394300 ns
[2021-05-20T03:42:41.755+0000][10][gc          ] GC(8) Concurrent Mark Cycle
[2021-05-20T03:42:41.756+0000][10][gc,marking  ] GC(8) Concurrent Clear Claimed Marks
[2021-05-20T03:42:41.758+0000][10][gc,marking  ] GC(8) Concurrent Clear Claimed Marks 2.088ms
[2021-05-20T03:42:41.765+0000][10][gc,marking  ] GC(8) Concurrent Scan Root Regions
[2021-05-20T03:42:41.780+0000][10][gc,marking  ] GC(8) Concurrent Scan Root Regions 15.889ms
[2021-05-20T03:42:41.781+0000][10][gc,marking  ] GC(8) Concurrent Mark
[2021-05-20T03:42:41.782+0000][10][gc,marking  ] GC(8) Concurrent Mark From Roots
[2021-05-20T03:42:41.783+0000][10][gc,task     ] GC(8) Using 1 workers of 1 for marking
[2021-05-20T03:42:41.792+0000][10][gc,marking  ] GC(8) Concurrent Mark From Roots 10.301ms
[2021-05-20T03:42:41.793+0000][10][gc,marking  ] GC(8) Concurrent Preclean
[2021-05-20T03:42:41.794+0000][10][gc,marking  ] GC(8) Concurrent Preclean 0.694ms
[2021-05-20T03:42:41.795+0000][10][gc,start    ] GC(8) Pause Remark
[2021-05-20T03:42:41.807+0000][10][gc          ] GC(8) Pause Remark 48M->48M(512M) 11.890ms
[2021-05-20T03:42:41.808+0000][10][gc,cpu      ] GC(8) User=0.01s Sys=0.00s Real=0.02s
[2021-05-20T03:42:41.809+0000][10][safepoint   ] Safepoint "G1Concurrent", Time since last: 39937300 ns, Reaching safepoint: 300500 ns, At safepoint: 14005600 ns, Total: 14306100 ns
[2021-05-20T03:42:41.810+0000][10][gc,marking  ] GC(8) Concurrent Mark 28.495ms
[2021-05-20T03:42:41.810+0000][10][gc,marking  ] GC(8) Concurrent Rebuild Remembered Sets
[2021-05-20T03:42:41.815+0000][10][gc,marking  ] GC(8) Concurrent Rebuild Remembered Sets 5.214ms
[2021-05-20T03:42:41.819+0000][10][gc,start    ] GC(8) Pause Cleanup
[2021-05-20T03:42:41.820+0000][10][gc          ] GC(8) Pause Cleanup 50M->50M(512M) 1.037ms
[2021-05-20T03:42:41.821+0000][10][gc,cpu      ] GC(8) User=0.00s Sys=0.00s Real=0.00s
[2021-05-20T03:42:41.822+0000][10][safepoint   ] Safepoint "G1Concurrent", Time since last: 9826500 ns, Reaching safepoint: 233700 ns, At safepoint: 2817500 ns, Total: 3051200 ns
[2021-05-20T03:42:41.825+0000][10][gc,marking  ] GC(8) Concurrent Cleanup for Next Mark
[2021-05-20T03:42:41.830+0000][10][gc,marking  ] GC(8) Concurrent Cleanup for Next Mark 4.017ms
[2021-05-20T03:42:41.831+0000][10][gc          ] GC(8) Concurrent Mark Cycle 76.094ms
[2021-05-20T03:42:42.262+0000][10][gc,start    ] GC(9) Pause Young (Normal) (G1 Evacuation Pause)
[2021-05-20T03:42:42.263+0000][10][gc,task     ] GC(9) Using 4 workers of 4 for evacuation
[2021-05-20T03:42:42.264+0000][10][gc,age      ] GC(9) Desired survivor size 20971520 bytes, new threshold 15 (max threshold 15)
[2021-05-20T03:42:42.282+0000][10][gc,age      ] GC(9) Age table with threshold 15 (max threshold 15)
[2021-05-20T03:42:42.283+0000][10][gc,age      ] GC(9) - age   1:     887400 bytes,     887400 total
[2021-05-20T03:42:42.284+0000][10][gc,age      ] GC(9) - age   2:    2277768 bytes,    3165168 total
[2021-05-20T03:42:42.285+0000][10][gc,age      ] GC(9) - age   3:     577008 bytes,    3742176 total
[2021-05-20T03:42:42.286+0000][10][gc,age      ] GC(9) - age   4:    2609384 bytes,    6351560 total
[2021-05-20T03:42:42.287+0000][10][gc,age      ] GC(9) - age   5:    3694104 bytes,   10045664 total
[2021-05-20T03:42:42.288+0000][10][gc,age      ] GC(9) - age   6:    1974824 bytes,   12020488 total
[2021-05-20T03:42:42.288+0000][10][gc,age      ] GC(9) - age   7:    1091472 bytes,   13111960 total
[2021-05-20T03:42:42.289+0000][10][gc,age      ] GC(9) - age   8:    1566744 bytes,   14678704 total
[2021-05-20T03:42:42.290+0000][10][gc,phases   ] GC(9)   Pre Evacuate Collection Set: 0.1ms
[2021-05-20T03:42:42.291+0000][10][gc,phases   ] GC(9)   Merge Heap Roots: 0.3ms
[2021-05-20T03:42:42.291+0000][10][gc,phases   ] GC(9)   Evacuate Collection Set: 14.2ms
[2021-05-20T03:42:42.292+0000][10][gc,phases   ] GC(9)   Post Evacuate Collection Set: 2.4ms
[2021-05-20T03:42:42.293+0000][10][gc,phases   ] GC(9)   Other: 11.0ms
[2021-05-20T03:42:42.294+0000][10][gc,heap     ] GC(9) Eden regions: 72->0(72)
[2021-05-20T03:42:42.295+0000][10][gc,heap     ] GC(9) Survivor regions: 4->4(10)
[2021-05-20T03:42:42.296+0000][10][gc,heap     ] GC(9) Old regions: 2->2
[2021-05-20T03:42:42.297+0000][10][gc,heap     ] GC(9) Archive regions: 2->2
[2021-05-20T03:42:42.297+0000][10][gc,heap     ] GC(9) Humongous regions: 0->0
[2021-05-20T03:42:42.298+0000][10][gc,metaspace] GC(9) Metaspace: 20982K(21504K)->20982K(21504K) NonClass: 18440K(18752K)->18440K(18752K) Class: 2541K(2752K)->2541K(2752K)
[2021-05-20T03:42:42.299+0000][10][gc          ] GC(9) Pause Young (Normal) (G1 Evacuation Pause) 310M->23M(512M) 36.633ms
[2021-05-20T03:42:42.299+0000][10][gc,cpu      ] GC(9) User=0.02s Sys=0.01s Real=0.04s
[2021-05-20T03:42:42.300+0000][10][safepoint   ] Safepoint "G1CollectForAllocation", Time since last: 440228100 ns, Reaching safepoint: 69600 ns, At safepoint: 38289600 ns, Total: 38359200 ns
[2021-05-20T03:42:43.372+0000][10][safepoint   ] Safepoint "Cleanup", Time since last: 1071167300 ns, Reaching safepoint: 407700 ns, At safepoint: 27600 ns, Total: 435300 ns
[2021-05-20T03:42:44.437+0000][10][safepoint   ] Safepoint "Cleanup", Time since last: 1064677000 ns, Reaching safepoint: 475200 ns, At safepoint: 27800 ns, Total: 503000 ns
[2021-05-20T03:42:44.587+0000][10][gc,start    ] GC(10) Pause Young (Normal) (G1 Evacuation Pause)
[2021-05-20T03:42:44.588+0000][10][gc,task     ] GC(10) Using 4 workers of 4 for evacuation
[2021-05-20T03:42:44.589+0000][10][gc,age      ] GC(10) Desired survivor size 20971520 bytes, new threshold 15 (max threshold 15)
[2021-05-20T03:42:44.631+0000][10][gc,age      ] GC(10) Age table with threshold 15 (max threshold 15)
[2021-05-20T03:42:44.633+0000][10][gc,age      ] GC(10) - age   1:   24107728 bytes,   24107728 total
[2021-05-20T03:42:44.634+0000][10][gc,age      ] GC(10) - age   2:     692440 bytes,   24800168 total
[2021-05-20T03:42:44.635+0000][10][gc,age      ] GC(10) - age   3:    2250832 bytes,   27051000 total
[2021-05-20T03:42:44.636+0000][10][gc,age      ] GC(10) - age   4:     564472 bytes,   27615472 total
[2021-05-20T03:42:44.637+0000][10][gc,age      ] GC(10) - age   5:    2588216 bytes,   30203688 total
[2021-05-20T03:42:44.639+0000][10][gc,age      ] GC(10) - age   6:    3672912 bytes,   33876600 total
[2021-05-20T03:42:44.640+0000][10][gc,age      ] GC(10) - age   7:    1927088 bytes,   35803688 total
[2021-05-20T03:42:44.641+0000][10][gc,age      ] GC(10) - age   8:    1069176 bytes,   36872864 total
[2021-05-20T03:42:44.641+0000][10][gc,age      ] GC(10) - age   9:    1559384 bytes,   38432248 total
[2021-05-20T03:42:44.642+0000][10][gc,phases   ] GC(10)   Pre Evacuate Collection Set: 0.4ms
[2021-05-20T03:42:44.643+0000][10][gc,phases   ] GC(10)   Merge Heap Roots: 0.5ms
[2021-05-20T03:42:44.644+0000][10][gc,phases   ] GC(10)   Evacuate Collection Set: 37.4ms
[2021-05-20T03:42:44.645+0000][10][gc,phases   ] GC(10)   Post Evacuate Collection Set: 3.0ms
[2021-05-20T03:42:44.646+0000][10][gc,phases   ] GC(10)   Other: 14.3ms
[2021-05-20T03:42:44.647+0000][10][gc,heap     ] GC(10) Eden regions: 72->0(66)
[2021-05-20T03:42:44.649+0000][10][gc,heap     ] GC(10) Survivor regions: 4->10(10)
[2021-05-20T03:42:44.650+0000][10][gc,heap     ] GC(10) Old regions: 2->2
[2021-05-20T03:42:44.650+0000][10][gc,heap     ] GC(10) Archive regions: 2->2
[2021-05-20T03:42:44.651+0000][10][gc,heap     ] GC(10) Humongous regions: 0->0
[2021-05-20T03:42:44.652+0000][10][gc,metaspace] GC(10) Metaspace: 29402K(30336K)->29402K(30336K) NonClass: 25688K(26240K)->25688K(26240K) Class: 3713K(4096K)->3713K(4096K)
[2021-05-20T03:42:44.653+0000][10][gc          ] GC(10) Pause Young (Normal) (G1 Evacuation Pause) 311M->46M(512M) 65.950ms
[2021-05-20T03:42:44.653+0000][10][gc,cpu      ] GC(10) User=0.07s Sys=0.01s Real=0.07s
[2021-05-20T03:42:44.654+0000][10][safepoint   ] Safepoint "G1CollectForAllocation", Time since last: 149299400 ns, Reaching safepoint: 229100 ns, At safepoint: 67588000 ns, Total: 67817100 ns
[2021-05-20T03:42:45.663+0000][10][gc,start    ] GC(11) Pause Young (Concurrent Start) (Metadata GC Threshold)
[2021-05-20T03:42:45.664+0000][10][gc,task     ] GC(11) Using 4 workers of 4 for evacuation
[2021-05-20T03:42:45.664+0000][10][gc,age      ] GC(11) Desired survivor size 20971520 bytes, new threshold 1 (max threshold 15)
[2021-05-20T03:42:45.715+0000][10][gc,age      ] GC(11) Age table with threshold 1 (max threshold 15)
[2021-05-20T03:42:45.716+0000][10][gc,age      ] GC(11) - age   1:   15434144 bytes,   15434144 total
[2021-05-20T03:42:45.717+0000][10][gc,phases   ] GC(11)   Pre Evacuate Collection Set: 0.4ms
[2021-05-20T03:42:45.720+0000][10][gc,phases   ] GC(11)   Merge Heap Roots: 0.3ms
[2021-05-20T03:42:45.730+0000][10][gc,phases   ] GC(11)   Evacuate Collection Set: 47.3ms
[2021-05-20T03:42:45.733+0000][10][gc,phases   ] GC(11)   Post Evacuate Collection Set: 1.8ms
[2021-05-20T03:42:45.734+0000][10][gc,phases   ] GC(11)   Other: 4.5ms
[2021-05-20T03:42:45.737+0000][10][gc,heap     ] GC(11) Eden regions: 29->0(71)
[2021-05-20T03:42:45.740+0000][10][gc,heap     ] GC(11) Survivor regions: 10->5(10)
[2021-05-20T03:42:45.741+0000][10][gc,heap     ] GC(11) Old regions: 2->11
[2021-05-20T03:42:45.742+0000][10][gc,heap     ] GC(11) Archive regions: 2->2
[2021-05-20T03:42:45.744+0000][10][gc,heap     ] GC(11) Humongous regions: 0->0
[2021-05-20T03:42:45.744+0000][10][gc,metaspace] GC(11) Metaspace: 34749K(35648K)->34749K(35648K) NonClass: 30274K(30784K)->30274K(30784K) Class: 4474K(4864K)->4474K(4864K)
[2021-05-20T03:42:45.745+0000][10][gc          ] GC(11) Pause Young (Concurrent Start) (Metadata GC Threshold) 160M->62M(512M) 82.540ms
[2021-05-20T03:42:45.746+0000][10][gc,cpu      ] GC(11) User=0.13s Sys=0.01s Real=0.08s
[2021-05-20T03:42:45.747+0000][10][gc          ] GC(12) Concurrent Mark Cycle
[2021-05-20T03:42:45.747+0000][10][safepoint   ] Safepoint "CollectForMetadataAllocation", Time since last: 1008341300 ns, Reaching safepoint: 105100 ns, At safepoint: 84151400 ns, Total: 84256500 ns
[2021-05-20T03:42:45.748+0000][10][gc,marking  ] GC(12) Concurrent Clear Claimed Marks
[2021-05-20T03:42:45.751+0000][10][gc,marking  ] GC(12) Concurrent Clear Claimed Marks 2.982ms
[2021-05-20T03:42:45.751+0000][10][gc,marking  ] GC(12) Concurrent Scan Root Regions
[2021-05-20T03:42:45.776+0000][10][gc,marking  ] GC(12) Concurrent Scan Root Regions 24.739ms
[2021-05-20T03:42:45.777+0000][10][gc,marking  ] GC(12) Concurrent Mark
[2021-05-20T03:42:45.777+0000][10][gc,marking  ] GC(12) Concurrent Mark From Roots
[2021-05-20T03:42:45.778+0000][10][gc,task     ] GC(12) Using 1 workers of 1 for marking
[2021-05-20T03:42:45.786+0000][10][safepoint   ] Safepoint "CollectForMetadataAllocation", Time since last: 39072200 ns, Reaching safepoint: 138300 ns, At safepoint: 143800 ns, Total: 282100 ns
[2021-05-20T03:42:45.804+0000][10][gc,marking  ] GC(12) Concurrent Mark From Roots 27.158ms
[2021-05-20T03:42:45.806+0000][10][gc,marking  ] GC(12) Concurrent Preclean
[2021-05-20T03:42:45.807+0000][10][gc,marking  ] GC(12) Concurrent Preclean 0.957ms
[2021-05-20T03:42:45.815+0000][10][gc,start    ] GC(12) Pause Remark
[2021-05-20T03:42:45.820+0000][10][gc          ] GC(12) Pause Remark 70M->70M(512M) 4.806ms
[2021-05-20T03:42:45.821+0000][10][gc,cpu      ] GC(12) User=0.01s Sys=0.01s Real=0.01s
[2021-05-20T03:42:45.822+0000][10][safepoint   ] Safepoint "G1Concurrent", Time since last: 21529700 ns, Reaching safepoint: 7186100 ns, At safepoint: 6829300 ns, Total: 14015400 ns
[2021-05-20T03:42:45.822+0000][10][gc,marking  ] GC(12) Concurrent Mark 45.541ms
[2021-05-20T03:42:45.823+0000][10][gc,marking  ] GC(12) Concurrent Rebuild Remembered Sets
[2021-05-20T03:42:45.890+0000][10][gc,marking  ] GC(12) Concurrent Rebuild Remembered Sets 66.886ms
[2021-05-20T03:42:45.894+0000][10][gc,start    ] GC(12) Pause Cleanup
[2021-05-20T03:42:45.895+0000][10][gc          ] GC(12) Pause Cleanup 150M->150M(512M) 1.302ms
[2021-05-20T03:42:45.896+0000][10][gc,cpu      ] GC(12) User=0.01s Sys=0.00s Real=0.00s
[2021-05-20T03:42:45.897+0000][10][safepoint   ] Safepoint "G1Concurrent", Time since last: 71996600 ns, Reaching safepoint: 223200 ns, At safepoint: 3433600 ns, Total: 3656800 ns
[2021-05-20T03:42:45.899+0000][10][gc,marking  ] GC(12) Concurrent Cleanup for Next Mark
[2021-05-20T03:42:45.901+0000][10][gc,marking  ] GC(12) Concurrent Cleanup for Next Mark 1.967ms
[2021-05-20T03:42:45.902+0000][10][gc          ] GC(12) Concurrent Mark Cycle 154.659ms
[2021-05-20T03:42:46.742+0000][10][safepoint   ] Safepoint "ICBufferFull", Time since last: 844097700 ns, Reaching safepoint: 219500 ns, At safepoint: 43100 ns, Total: 262600 ns
[2021-05-20T03:42:47.927+0000][10][safepoint   ] Safepoint "Cleanup", Time since last: 1184990200 ns, Reaching safepoint: 319800 ns, At safepoint: 40600 ns, Total: 360400 ns
[2021-05-20T03:42:48.064+0000][10][gc,start    ] GC(13) Pause Young (Concurrent Start) (G1 Evacuation Pause)
[2021-05-20T03:42:48.065+0000][10][gc,task     ] GC(13) Using 4 workers of 4 for evacuation
[2021-05-20T03:42:48.066+0000][10][gc,age      ] GC(13) Desired survivor size 20971520 bytes, new threshold 15 (max threshold 15)
[2021-05-20T03:42:48.106+0000][10][gc,age      ] GC(13) Age table with threshold 15 (max threshold 15)
[2021-05-20T03:42:48.107+0000][10][gc,age      ] GC(13) - age   1:    8073224 bytes,    8073224 total
[2021-05-20T03:42:48.108+0000][10][gc,age      ] GC(13) - age   2:   15347440 bytes,   23420664 total
[2021-05-20T03:42:48.109+0000][10][gc,phases   ] GC(13)   Pre Evacuate Collection Set: 0.3ms
[2021-05-20T03:42:48.110+0000][10][gc,phases   ] GC(13)   Merge Heap Roots: 0.3ms
[2021-05-20T03:42:48.110+0000][10][gc,phases   ] GC(13)   Evacuate Collection Set: 31.8ms
[2021-05-20T03:42:48.111+0000][10][gc,phases   ] GC(13)   Post Evacuate Collection Set: 6.0ms
[2021-05-20T03:42:48.112+0000][10][gc,phases   ] GC(13)   Other: 6.2ms
[2021-05-20T03:42:48.113+0000][10][gc,heap     ] GC(13) Eden regions: 71->0(70)
[2021-05-20T03:42:48.114+0000][10][gc,heap     ] GC(13) Survivor regions: 5->6(10)
[2021-05-20T03:42:48.114+0000][10][gc,heap     ] GC(13) Old regions: 11->11
[2021-05-20T03:42:48.115+0000][10][gc,heap     ] GC(13) Archive regions: 2->2
[2021-05-20T03:42:48.116+0000][10][gc,heap     ] GC(13) Humongous regions: 0->0
[2021-05-20T03:42:48.117+0000][10][gc,metaspace] GC(13) Metaspace: 54431K(55616K)->54431K(55616K) NonClass: 47127K(47808K)->47127K(47808K) Class: 7304K(7808K)->7304K(7808K)
[2021-05-20T03:42:48.118+0000][10][gc          ] GC(13) Pause Young (Concurrent Start) (G1 Evacuation Pause) 346M->68M(512M) 53.277ms
[2021-05-20T03:42:48.118+0000][10][gc,cpu      ] GC(13) User=0.08s Sys=0.02s Real=0.06s
[2021-05-20T03:42:48.119+0000][10][safepoint   ] Safepoint "G1CollectForAllocation", Time since last: 137005100 ns, Reaching safepoint: 94400 ns, At safepoint: 54883200 ns, Total: 54977600 ns
[2021-05-20T03:42:48.119+0000][10][gc          ] GC(14) Concurrent Mark Cycle
[2021-05-20T03:42:48.121+0000][10][gc,marking  ] GC(14) Concurrent Clear Claimed Marks
[2021-05-20T03:42:48.122+0000][10][gc,marking  ] GC(14) Concurrent Clear Claimed Marks 1.446ms
[2021-05-20T03:42:48.123+0000][10][gc,marking  ] GC(14) Concurrent Scan Root Regions
[2021-05-20T03:42:48.148+0000][10][gc,marking  ] GC(14) Concurrent Scan Root Regions 24.668ms
[2021-05-20T03:42:48.149+0000][10][gc,marking  ] GC(14) Concurrent Mark
[2021-05-20T03:42:48.150+0000][10][gc,marking  ] GC(14) Concurrent Mark From Roots
[2021-05-20T03:42:48.151+0000][10][gc,task     ] GC(14) Using 1 workers of 1 for marking
[2021-05-20T03:42:48.226+0000][10][gc,marking  ] GC(14) Concurrent Mark From Roots 76.097ms
[2021-05-20T03:42:48.227+0000][10][gc,marking  ] GC(14) Concurrent Preclean
[2021-05-20T03:42:48.228+0000][10][gc,marking  ] GC(14) Concurrent Preclean 1.017ms
[2021-05-20T03:42:48.229+0000][10][gc,start    ] GC(14) Pause Remark
[2021-05-20T03:42:48.238+0000][10][gc          ] GC(14) Pause Remark 74M->74M(512M) 9.332ms
[2021-05-20T03:42:48.240+0000][10][gc,cpu      ] GC(14) User=0.01s Sys=0.00s Real=0.01s
[2021-05-20T03:42:48.241+0000][10][safepoint   ] Safepoint "G1Concurrent", Time since last: 109545400 ns, Reaching safepoint: 457200 ns, At safepoint: 12252600 ns, Total: 12709800 ns
[2021-05-20T03:42:48.242+0000][10][gc,marking  ] GC(14) Concurrent Mark 93.601ms
[2021-05-20T03:42:48.243+0000][10][gc,marking  ] GC(14) Concurrent Rebuild Remembered Sets
[2021-05-20T03:42:48.293+0000][10][gc,marking  ] GC(14) Concurrent Rebuild Remembered Sets 49.932ms
[2021-05-20T03:42:48.294+0000][10][gc,start    ] GC(14) Pause Cleanup
[2021-05-20T03:42:48.295+0000][10][gc          ] GC(14) Pause Cleanup 76M->76M(512M) 1.152ms
[2021-05-20T03:42:48.296+0000][10][gc,cpu      ] GC(14) User=0.00s Sys=0.00s Real=0.00s
[2021-05-20T03:42:48.297+0000][10][safepoint   ] Safepoint "G1Concurrent", Time since last: 52454900 ns, Reaching safepoint: 458600 ns, At safepoint: 3066400 ns, Total: 3525000 ns
[2021-05-20T03:42:48.298+0000][10][gc,marking  ] GC(14) Concurrent Cleanup for Next Mark
[2021-05-20T03:42:48.303+0000][10][gc,marking  ] GC(14) Concurrent Cleanup for Next Mark 4.122ms
[2021-05-20T03:42:48.303+0000][10][gc          ] GC(14) Concurrent Mark Cycle 184.181ms
[2021-05-20T03:42:48.983+0000][10][safepoint   ] Safepoint "ICBufferFull", Time since last: 685661600 ns, Reaching safepoint: 161800 ns, At safepoint: 41800 ns, Total: 203600 ns
[2021-05-20T03:42:50.129+0000][10][safepoint   ] Safepoint "Cleanup", Time since last: 1143743200 ns, Reaching safepoint: 1900200 ns, At safepoint: 54200 ns, Total: 1954400 ns
[2021-05-20T03:42:51.519+0000][10][safepoint   ] Safepoint "Cleanup", Time since last: 1389926600 ns, Reaching safepoint: 197600 ns, At safepoint: 22200 ns, Total: 219800 ns
[2021-05-20T03:42:52.448+0000][10][safepoint   ] Safepoint "ICBufferFull", Time since last: 929203500 ns, Reaching safepoint: 140400 ns, At safepoint: 20600 ns, Total: 161000 ns
[2021-05-20T03:42:52.743+0000][10][gc,start    ] GC(15) Pause Young (Normal) (G1 Evacuation Pause)
[2021-05-20T03:42:52.744+0000][10][gc,task     ] GC(15) Using 4 workers of 4 for evacuation
[2021-05-20T03:42:52.745+0000][10][gc,age      ] GC(15) Desired survivor size 20971520 bytes, new threshold 2 (max threshold 15)
[2021-05-20T03:42:52.775+0000][10][gc,age      ] GC(15) Age table with threshold 2 (max threshold 15)
[2021-05-20T03:42:52.776+0000][10][gc,age      ] GC(15) - age   1:   12620632 bytes,   12620632 total
[2021-05-20T03:42:52.777+0000][10][gc,age      ] GC(15) - age   2:    7721128 bytes,   20341760 total
[2021-05-20T03:42:52.778+0000][10][gc,phases   ] GC(15)   Pre Evacuate Collection Set: 0.2ms
[2021-05-20T03:42:52.779+0000][10][gc,phases   ] GC(15)   Merge Heap Roots: 0.3ms
[2021-05-20T03:42:52.779+0000][10][gc,phases   ] GC(15)   Evacuate Collection Set: 26.2ms
[2021-05-20T03:42:52.780+0000][10][gc,phases   ] GC(15)   Post Evacuate Collection Set: 2.9ms
[2021-05-20T03:42:52.781+0000][10][gc,phases   ] GC(15)   Other: 5.9ms
[2021-05-20T03:42:52.781+0000][10][gc,heap     ] GC(15) Eden regions: 70->0(70)
[2021-05-20T03:42:52.782+0000][10][gc,heap     ] GC(15) Survivor regions: 6->6(10)
[2021-05-20T03:42:52.783+0000][10][gc,heap     ] GC(15) Old regions: 11->14
[2021-05-20T03:42:52.783+0000][10][gc,heap     ] GC(15) Archive regions: 2->2
[2021-05-20T03:42:52.784+0000][10][gc,heap     ] GC(15) Humongous regions: 0->0
[2021-05-20T03:42:52.785+0000][10][gc,metaspace] GC(15) Metaspace: 83782K(85120K)->83782K(85120K) NonClass: 72331K(73152K)->72331K(73152K) Class: 11450K(11968K)->11450K(11968K)
[2021-05-20T03:42:52.786+0000][10][gc          ] GC(15) Pause Young (Normal) (G1 Evacuation Pause) 348M->81M(512M) 42.890ms
[2021-05-20T03:42:52.786+0000][10][gc,cpu      ] GC(15) User=0.07s Sys=0.01s Real=0.04s
[2021-05-20T03:42:52.787+0000][10][safepoint   ] Safepoint "G1CollectForAllocation", Time since last: 294135600 ns, Reaching safepoint: 118500 ns, At safepoint: 44237700 ns, Total: 44356200 ns
[2021-05-20T03:42:52.808+0000][10][gc,heap,exit] Heap
[2021-05-20T03:42:52.809+0000][10][gc,heap,exit]  garbage-first heap   total 524288K, used 94125K [0x00000000e0000000, 0x0000000100000000)
[2021-05-20T03:42:52.809+0000][10][gc,heap,exit]   region size 4096K, 9 young (36864K), 6 survivors (24576K)
[2021-05-20T03:42:52.810+0000][10][gc,heap,exit]  Metaspace       used 83822K, committed 85120K, reserved 1122304K
[2021-05-20T03:42:52.811+0000][10][gc,heap,exit]   class space    used 11455K, committed 11968K, reserved 1048576K
